[0.387s] DEBUG:colcon:Command line arguments: ['/usr/bin/colcon', 'build']
[0.387s] DEBUG:colcon:Parsed command line arguments: Namespace(log_base=None, log_level=None, verb_name='build', build_base='build', install_base='install', merge_install=False, symlink_install=False, test_result_base=None, continue_on_error=False, executor='parallel', parallel_workers=8, event_handlers=None, ignore_user_meta=False, metas=['./colcon.meta'], base_paths=['.'], packages_ignore=None, packages_ignore_regex=None, paths=None, packages_up_to=None, packages_up_to_regex=None, packages_above=None, packages_above_and_dependencies=None, packages_above_depth=None, packages_select_by_dep=None, packages_skip_by_dep=None, packages_skip_up_to=None, packages_select_build_failed=False, packages_skip_build_finished=False, packages_select_test_failures=False, packages_skip_test_passed=False, packages_select=None, packages_skip=None, packages_select_regex=None, packages_skip_regex=None, packages_start=None, packages_end=None, allow_overriding=[], cmake_args=None, cmake_target=None, cmake_target_skip_unavailable=False, cmake_clean_cache=False, cmake_clean_first=False, cmake_force_configure=False, ament_cmake_args=None, catkin_cmake_args=None, catkin_skip_building_tests=False, verb_parser=<colcon_defaults.argument_parser.defaults.DefaultArgumentsDecorator object at 0x7d8f97323650>, verb_extension=<colcon_core.verb.build.BuildVerb object at 0x7d8f97528890>, main=<bound method BuildVerb.main of <colcon_core.verb.build.BuildVerb object at 0x7d8f97528890>>)
[0.457s] Level 1:colcon.colcon_core.package_discovery:discover_packages(colcon_meta) check parameters
[0.457s] Level 1:colcon.colcon_core.package_discovery:discover_packages(recursive) check parameters
[0.458s] Level 1:colcon.colcon_core.package_discovery:discover_packages(ignore) check parameters
[0.458s] Level 1:colcon.colcon_core.package_discovery:discover_packages(path) check parameters
[0.458s] Level 1:colcon.colcon_core.package_discovery:discover_packages(colcon_meta) discover
[0.458s] Level 1:colcon.colcon_core.package_discovery:discover_packages(recursive) discover
[0.458s] INFO:colcon.colcon_core.package_discovery:Crawling recursively for packages in '/home/usernamerahul/agv_ws'
[0.458s] Level 1:colcon.colcon_core.package_identification:_identify(.) by extensions ['ignore', 'ignore_ament_install']
[0.458s] Level 1:colcon.colcon_core.package_identification:_identify(.) by extension 'ignore'
[0.458s] Level 1:colcon.colcon_core.package_identification:_identify(.) by extension 'ignore_ament_install'
[0.458s] Level 1:colcon.colcon_core.package_identification:_identify(.) by extensions ['colcon_pkg']
[0.458s] Level 1:colcon.colcon_core.package_identification:_identify(.) by extension 'colcon_pkg'
[0.458s] Level 1:colcon.colcon_core.package_identification:_identify(.) by extensions ['colcon_meta']
[0.458s] Level 1:colcon.colcon_core.package_identification:_identify(.) by extension 'colcon_meta'
[0.458s] Level 1:colcon.colcon_core.package_identification:_identify(.) by extensions ['ros']
[0.458s] Level 1:colcon.colcon_core.package_identification:_identify(.) by extension 'ros'
[0.497s] Level 1:colcon.colcon_core.package_identification:_identify(.) by extensions ['cmake', 'python']
[0.497s] Level 1:colcon.colcon_core.package_identification:_identify(.) by extension 'cmake'
[0.497s] Level 1:colcon.colcon_core.package_identification:_identify(.) by extension 'python'
[0.497s] Level 1:colcon.colcon_core.package_identification:_identify(.) by extensions ['python_setup_py']
[0.497s] Level 1:colcon.colcon_core.package_identification:_identify(.) by extension 'python_setup_py'
[0.498s] Level 1:colcon.colcon_core.package_identification:_identify(build) by extensions ['ignore', 'ignore_ament_install']
[0.498s] Level 1:colcon.colcon_core.package_identification:_identify(build) by extension 'ignore'
[0.498s] Level 1:colcon.colcon_core.package_identification:_identify(build) ignored
[0.499s] Level 1:colcon.colcon_core.package_identification:_identify(install) by extensions ['ignore', 'ignore_ament_install']
[0.499s] Level 1:colcon.colcon_core.package_identification:_identify(install) by extension 'ignore'
[0.499s] Level 1:colcon.colcon_core.package_identification:_identify(install) ignored
[0.499s] Level 1:colcon.colcon_core.package_identification:_identify(log) by extensions ['ignore', 'ignore_ament_install']
[0.499s] Level 1:colcon.colcon_core.package_identification:_identify(log) by extension 'ignore'
[0.499s] Level 1:colcon.colcon_core.package_identification:_identify(log) ignored
[0.499s] Level 1:colcon.colcon_core.package_identification:_identify(src) by extensions ['ignore', 'ignore_ament_install']
[0.499s] Level 1:colcon.colcon_core.package_identification:_identify(src) by extension 'ignore'
[0.499s] Level 1:colcon.colcon_core.package_identification:_identify(src) by extension 'ignore_ament_install'
[0.499s] Level 1:colcon.colcon_core.package_identification:_identify(src) by extensions ['colcon_pkg']
[0.500s] Level 1:colcon.colcon_core.package_identification:_identify(src) by extension 'colcon_pkg'
[0.500s] Level 1:colcon.colcon_core.package_identification:_identify(src) by extensions ['colcon_meta']
[0.500s] Level 1:colcon.colcon_core.package_identification:_identify(src) by extension 'colcon_meta'
[0.500s] Level 1:colcon.colcon_core.package_identification:_identify(src) by extensions ['ros']
[0.500s] Level 1:colcon.colcon_core.package_identification:_identify(src) by extension 'ros'
[0.500s] Level 1:colcon.colcon_core.package_identification:_identify(src) by extensions ['cmake', 'python']
[0.500s] Level 1:colcon.colcon_core.package_identification:_identify(src) by extension 'cmake'
[0.500s] Level 1:colcon.colcon_core.package_identification:_identify(src) by extension 'python'
[0.500s] Level 1:colcon.colcon_core.package_identification:_identify(src) by extensions ['python_setup_py']
[0.500s] Level 1:colcon.colcon_core.package_identification:_identify(src) by extension 'python_setup_py'
[0.500s] Level 1:colcon.colcon_core.package_identification:_identify(src/agv_description) by extensions ['ignore', 'ignore_ament_install']
[0.500s] Level 1:colcon.colcon_core.package_identification:_identify(src/agv_description) by extension 'ignore'
[0.500s] Level 1:colcon.colcon_core.package_identification:_identify(src/agv_description) by extension 'ignore_ament_install'
[0.500s] Level 1:colcon.colcon_core.package_identification:_identify(src/agv_description) by extensions ['colcon_pkg']
[0.500s] Level 1:colcon.colcon_core.package_identification:_identify(src/agv_description) by extension 'colcon_pkg'
[0.500s] Level 1:colcon.colcon_core.package_identification:_identify(src/agv_description) by extensions ['colcon_meta']
[0.500s] Level 1:colcon.colcon_core.package_identification:_identify(src/agv_description) by extension 'colcon_meta'
[0.500s] Level 1:colcon.colcon_core.package_identification:_identify(src/agv_description) by extensions ['ros']
[0.500s] Level 1:colcon.colcon_core.package_identification:_identify(src/agv_description) by extension 'ros'
[0.505s] DEBUG:colcon.colcon_core.package_identification:Package 'src/agv_description' with type 'ros.ament_cmake' and name 'agv_description'
[0.506s] Level 1:colcon.colcon_core.package_identification:_identify(src/agv_navigation) by extensions ['ignore', 'ignore_ament_install']
[0.506s] Level 1:colcon.colcon_core.package_identification:_identify(src/agv_navigation) by extension 'ignore'
[0.506s] Level 1:colcon.colcon_core.package_identification:_identify(src/agv_navigation) by extension 'ignore_ament_install'
[0.506s] Level 1:colcon.colcon_core.package_identification:_identify(src/agv_navigation) by extensions ['colcon_pkg']
[0.506s] Level 1:colcon.colcon_core.package_identification:_identify(src/agv_navigation) by extension 'colcon_pkg'
[0.506s] Level 1:colcon.colcon_core.package_identification:_identify(src/agv_navigation) by extensions ['colcon_meta']
[0.506s] Level 1:colcon.colcon_core.package_identification:_identify(src/agv_navigation) by extension 'colcon_meta'
[0.506s] Level 1:colcon.colcon_core.package_identification:_identify(src/agv_navigation) by extensions ['ros']
[0.506s] Level 1:colcon.colcon_core.package_identification:_identify(src/agv_navigation) by extension 'ros'
[0.507s] DEBUG:colcon.colcon_core.package_identification:Package 'src/agv_navigation' with type 'ros.ament_python' and name 'agv_navigation'
[0.508s] Level 1:colcon.colcon_core.package_identification:_identify(src/agv_vision) by extensions ['ignore', 'ignore_ament_install']
[0.508s] Level 1:colcon.colcon_core.package_identification:_identify(src/agv_vision) by extension 'ignore'
[0.508s] Level 1:colcon.colcon_core.package_identification:_identify(src/agv_vision) by extension 'ignore_ament_install'
[0.508s] Level 1:colcon.colcon_core.package_identification:_identify(src/agv_vision) by extensions ['colcon_pkg']
[0.508s] Level 1:colcon.colcon_core.package_identification:_identify(src/agv_vision) by extension 'colcon_pkg'
[0.508s] Level 1:colcon.colcon_core.package_identification:_identify(src/agv_vision) by extensions ['colcon_meta']
[0.508s] Level 1:colcon.colcon_core.package_identification:_identify(src/agv_vision) by extension 'colcon_meta'
[0.508s] Level 1:colcon.colcon_core.package_identification:_identify(src/agv_vision) by extensions ['ros']
[0.508s] Level 1:colcon.colcon_core.package_identification:_identify(src/agv_vision) by extension 'ros'
[0.509s] DEBUG:colcon.colcon_core.package_identification:Package 'src/agv_vision' with type 'ros.ament_python' and name 'agv_vision'
[0.509s] Level 1:colcon.colcon_core.package_discovery:discover_packages(recursive) using defaults
[0.509s] Level 1:colcon.colcon_core.package_discovery:discover_packages(ignore) discover
[0.509s] Level 1:colcon.colcon_core.package_discovery:discover_packages(ignore) using defaults
[0.509s] Level 1:colcon.colcon_core.package_discovery:discover_packages(path) discover
[0.509s] Level 1:colcon.colcon_core.package_discovery:discover_packages(path) using defaults
[0.542s] Level 1:colcon.colcon_core.package_discovery:discover_packages(prefix_path) check parameters
[0.542s] Level 1:colcon.colcon_core.package_discovery:discover_packages(prefix_path) discover
[0.548s] DEBUG:colcon.colcon_installed_package_information.package_discovery:Found 3 installed packages in /home/usernamerahul/agv_ws/install
[0.548s] DEBUG:colcon.colcon_installed_package_information.package_discovery:Found 1 installed packages in /home/usernamerahul/ros2_ws/install
[0.551s] DEBUG:colcon.colcon_installed_package_information.package_discovery:Found 396 installed packages in /opt/ros/jazzy
[0.552s] Level 1:colcon.colcon_core.package_discovery:discover_packages(prefix_path) using defaults
[0.653s] Level 5:colcon.colcon_core.verb:set package 'agv_description' build argument 'cmake_args' from command line to 'None'
[0.653s] Level 5:colcon.colcon_core.verb:set package 'agv_description' build argument 'cmake_target' from command line to 'None'
[0.654s] Level 5:colcon.colcon_core.verb:set package 'agv_description' build argument 'cmake_target_skip_unavailable' from command line to 'False'
[0.654s] Level 5:colcon.colcon_core.verb:set package 'agv_description' build argument 'cmake_clean_cache' from command line to 'False'
[0.654s] Level 5:colcon.colcon_core.verb:set package 'agv_description' build argument 'cmake_clean_first' from command line to 'False'
[0.654s] Level 5:colcon.colcon_core.verb:set package 'agv_description' build argument 'cmake_force_configure' from command line to 'False'
[0.654s] Level 5:colcon.colcon_core.verb:set package 'agv_description' build argument 'ament_cmake_args' from command line to 'None'
[0.654s] Level 5:colcon.colcon_core.verb:set package 'agv_description' build argument 'catkin_cmake_args' from command line to 'None'
[0.654s] Level 5:colcon.colcon_core.verb:set package 'agv_description' build argument 'catkin_skip_building_tests' from command line to 'False'
[0.654s] DEBUG:colcon.colcon_core.verb:Building package 'agv_description' with the following arguments: {'ament_cmake_args': None, 'build_base': '/home/usernamerahul/agv_ws/build/agv_description', 'catkin_cmake_args': None, 'catkin_skip_building_tests': False, 'cmake_args': None, 'cmake_clean_cache': False, 'cmake_clean_first': False, 'cmake_force_configure': False, 'cmake_target': None, 'cmake_target_skip_unavailable': False, 'install_base': '/home/usernamerahul/agv_ws/install/agv_description', 'merge_install': False, 'path': '/home/usernamerahul/agv_ws/src/agv_description', 'symlink_install': False, 'test_result_base': None}
[0.654s] Level 5:colcon.colcon_core.verb:set package 'agv_navigation' build argument 'cmake_args' from command line to 'None'
[0.654s] Level 5:colcon.colcon_core.verb:set package 'agv_navigation' build argument 'cmake_target' from command line to 'None'
[0.654s] Level 5:colcon.colcon_core.verb:set package 'agv_navigation' build argument 'cmake_target_skip_unavailable' from command line to 'False'
[0.654s] Level 5:colcon.colcon_core.verb:set package 'agv_navigation' build argument 'cmake_clean_cache' from command line to 'False'
[0.654s] Level 5:colcon.colcon_core.verb:set package 'agv_navigation' build argument 'cmake_clean_first' from command line to 'False'
[0.654s] Level 5:colcon.colcon_core.verb:set package 'agv_navigation' build argument 'cmake_force_configure' from command line to 'False'
[0.654s] Level 5:colcon.colcon_core.verb:set package 'agv_navigation' build argument 'ament_cmake_args' from command line to 'None'
[0.654s] Level 5:colcon.colcon_core.verb:set package 'agv_navigation' build argument 'catkin_cmake_args' from command line to 'None'
[0.654s] Level 5:colcon.colcon_core.verb:set package 'agv_navigation' build argument 'catkin_skip_building_tests' from command line to 'False'
[0.654s] DEBUG:colcon.colcon_core.verb:Building package 'agv_navigation' with the following arguments: {'ament_cmake_args': None, 'build_base': '/home/usernamerahul/agv_ws/build/agv_navigation', 'catkin_cmake_args': None, 'catkin_skip_building_tests': False, 'cmake_args': None, 'cmake_clean_cache': False, 'cmake_clean_first': False, 'cmake_force_configure': False, 'cmake_target': None, 'cmake_target_skip_unavailable': False, 'install_base': '/home/usernamerahul/agv_ws/install/agv_navigation', 'merge_install': False, 'path': '/home/usernamerahul/agv_ws/src/agv_navigation', 'symlink_install': False, 'test_result_base': None}
[0.654s] Level 5:colcon.colcon_core.verb:set package 'agv_vision' build argument 'cmake_args' from command line to 'None'
[0.655s] Level 5:colcon.colcon_core.verb:set package 'agv_vision' build argument 'cmake_target' from command line to 'None'
[0.655s] Level 5:colcon.colcon_core.verb:set package 'agv_vision' build argument 'cmake_target_skip_unavailable' from command line to 'False'
[0.655s] Level 5:colcon.colcon_core.verb:set package 'agv_vision' build argument 'cmake_clean_cache' from command line to 'False'
[0.655s] Level 5:colcon.colcon_core.verb:set package 'agv_vision' build argument 'cmake_clean_first' from command line to 'False'
[0.655s] Level 5:colcon.colcon_core.verb:set package 'agv_vision' build argument 'cmake_force_configure' from command line to 'False'
[0.655s] Level 5:colcon.colcon_core.verb:set package 'agv_vision' build argument 'ament_cmake_args' from command line to 'None'
[0.655s] Level 5:colcon.colcon_core.verb:set package 'agv_vision' build argument 'catkin_cmake_args' from command line to 'None'
[0.655s] Level 5:colcon.colcon_core.verb:set package 'agv_vision' build argument 'catkin_skip_building_tests' from command line to 'False'
[0.655s] DEBUG:colcon.colcon_core.verb:Building package 'agv_vision' with the following arguments: {'ament_cmake_args': None, 'build_base': '/home/usernamerahul/agv_ws/build/agv_vision', 'catkin_cmake_args': None, 'catkin_skip_building_tests': False, 'cmake_args': None, 'cmake_clean_cache': False, 'cmake_clean_first': False, 'cmake_force_configure': False, 'cmake_target': None, 'cmake_target_skip_unavailable': False, 'install_base': '/home/usernamerahul/agv_ws/install/agv_vision', 'merge_install': False, 'path': '/home/usernamerahul/agv_ws/src/agv_vision', 'symlink_install': False, 'test_result_base': None}
[0.655s] INFO:colcon.colcon_core.executor:Executing jobs using 'parallel' executor
[0.656s] DEBUG:colcon.colcon_parallel_executor.executor.parallel:run_until_complete
[0.657s] INFO:colcon.colcon_ros.task.ament_cmake.build:Building ROS package in '/home/usernamerahul/agv_ws/src/agv_description' with build type 'ament_cmake'
[0.657s] INFO:colcon.colcon_cmake.task.cmake.build:Building CMake package in '/home/usernamerahul/agv_ws/src/agv_description'
[0.664s] INFO:colcon.colcon_core.plugin_system:Skipping extension 'colcon_core.shell.bat': Not used on non-Windows systems
[0.664s] INFO:colcon.colcon_core.shell:Skip shell extension 'powershell' for command environment: Not usable outside of PowerShell
[0.664s] DEBUG:colcon.colcon_core.shell:Skip shell extension 'dsv' for command environment
[0.669s] INFO:colcon.colcon_ros.task.ament_python.build:Building ROS package in '/home/usernamerahul/agv_ws/src/agv_navigation' with build type 'ament_python'
[0.669s] Level 1:colcon.colcon_core.shell:create_environment_hook('agv_navigation', 'ament_prefix_path')
[0.670s] INFO:colcon.colcon_core.shell:Creating environment hook '/home/usernamerahul/agv_ws/install/agv_navigation/share/agv_navigation/hook/ament_prefix_path.ps1'
[0.672s] INFO:colcon.colcon_core.shell:Creating environment descriptor '/home/usernamerahul/agv_ws/install/agv_navigation/share/agv_navigation/hook/ament_prefix_path.dsv'
[0.673s] INFO:colcon.colcon_core.shell:Creating environment hook '/home/usernamerahul/agv_ws/install/agv_navigation/share/agv_navigation/hook/ament_prefix_path.sh'
[0.675s] INFO:colcon.colcon_core.shell:Skip shell extension 'powershell' for command environment: Not usable outside of PowerShell
[0.675s] DEBUG:colcon.colcon_core.shell:Skip shell extension 'dsv' for command environment
[0.682s] INFO:colcon.colcon_ros.task.ament_python.build:Building ROS package in '/home/usernamerahul/agv_ws/src/agv_vision' with build type 'ament_python'
[0.682s] Level 1:colcon.colcon_core.shell:create_environment_hook('agv_vision', 'ament_prefix_path')
[0.682s] INFO:colcon.colcon_core.shell:Creating environment hook '/home/usernamerahul/agv_ws/install/agv_vision/share/agv_vision/hook/ament_prefix_path.ps1'
[0.684s] INFO:colcon.colcon_core.shell:Creating environment descriptor '/home/usernamerahul/agv_ws/install/agv_vision/share/agv_vision/hook/ament_prefix_path.dsv'
[0.685s] INFO:colcon.colcon_core.shell:Creating environment hook '/home/usernamerahul/agv_ws/install/agv_vision/share/agv_vision/hook/ament_prefix_path.sh'
[0.685s] INFO:colcon.colcon_core.shell:Skip shell extension 'powershell' for command environment: Not usable outside of PowerShell
[0.685s] DEBUG:colcon.colcon_core.shell:Skip shell extension 'dsv' for command environment
[0.696s] DEBUG:colcon.colcon_core.event_handler.log_command:Invoking command in '/home/usernamerahul/agv_ws/build/agv_description': CMAKE_PREFIX_PATH=${CMAKE_PREFIX_PATH}:/home/usernamerahul/agv_ws/install/agv_vision:/home/usernamerahul/agv_ws/install/agv_navigation:/home/usernamerahul/ros2_ws/install/my_robot_controller:/opt/ros/jazzy /usr/bin/cmake --build /home/usernamerahul/agv_ws/build/agv_description -- -j8 -l8
[0.950s] INFO:colcon.colcon_core.task.python.build:Building Python package in '/home/usernamerahul/agv_ws/src/agv_navigation'
[0.950s] INFO:colcon.colcon_core.shell:Skip shell extension 'powershell' for command environment: Not usable outside of PowerShell
[0.950s] DEBUG:colcon.colcon_core.shell:Skip shell extension 'dsv' for command environment
[1.255s] INFO:colcon.colcon_core.task.python.build:Building Python package in '/home/usernamerahul/agv_ws/src/agv_vision'
[1.255s] INFO:colcon.colcon_core.shell:Skip shell extension 'powershell' for command environment: Not usable outside of PowerShell
[1.256s] DEBUG:colcon.colcon_core.shell:Skip shell extension 'dsv' for command environment
[1.263s] DEBUG:colcon.colcon_core.event_handler.log_command:Invoked command in '/home/usernamerahul/agv_ws/build/agv_description' returned '0': CMAKE_PREFIX_PATH=${CMAKE_PREFIX_PATH}:/home/usernamerahul/agv_ws/install/agv_vision:/home/usernamerahul/agv_ws/install/agv_navigation:/home/usernamerahul/ros2_ws/install/my_robot_controller:/opt/ros/jazzy /usr/bin/cmake --build /home/usernamerahul/agv_ws/build/agv_description -- -j8 -l8
[1.278s] DEBUG:colcon.colcon_core.event_handler.log_command:Invoking command in '/home/usernamerahul/agv_ws/build/agv_description': CMAKE_PREFIX_PATH=${CMAKE_PREFIX_PATH}:/home/usernamerahul/agv_ws/install/agv_vision:/home/usernamerahul/agv_ws/install/agv_navigation:/home/usernamerahul/ros2_ws/install/my_robot_controller:/opt/ros/jazzy /usr/bin/cmake --install /home/usernamerahul/agv_ws/build/agv_description
[1.296s] Level 1:colcon.colcon_core.environment:create_environment_scripts_only(agv_description)
[1.296s] DEBUG:colcon.colcon_core.event_handler.log_command:Invoked command in '/home/usernamerahul/agv_ws/build/agv_description' returned '0': CMAKE_PREFIX_PATH=${CMAKE_PREFIX_PATH}:/home/usernamerahul/agv_ws/install/agv_vision:/home/usernamerahul/agv_ws/install/agv_navigation:/home/usernamerahul/ros2_ws/install/my_robot_controller:/opt/ros/jazzy /usr/bin/cmake --install /home/usernamerahul/agv_ws/build/agv_description
[1.305s] Level 1:colcon.colcon_core.environment:checking '/home/usernamerahul/agv_ws/install/agv_description' for CMake module files
[1.306s] Level 1:colcon.colcon_core.environment:checking '/home/usernamerahul/agv_ws/install/agv_description' for CMake config files
[1.309s] Level 1:colcon.colcon_core.shell:create_environment_hook('agv_description', 'cmake_prefix_path')
[1.309s] INFO:colcon.colcon_core.shell:Creating environment hook '/home/usernamerahul/agv_ws/install/agv_description/share/agv_description/hook/cmake_prefix_path.ps1'
[1.310s] INFO:colcon.colcon_core.shell:Creating environment descriptor '/home/usernamerahul/agv_ws/install/agv_description/share/agv_description/hook/cmake_prefix_path.dsv'
[1.310s] INFO:colcon.colcon_core.shell:Creating environment hook '/home/usernamerahul/agv_ws/install/agv_description/share/agv_description/hook/cmake_prefix_path.sh'
[1.311s] Level 1:colcon.colcon_core.environment:checking '/home/usernamerahul/agv_ws/install/agv_description/bin'
[1.311s] Level 1:colcon.colcon_core.environment:checking '/home/usernamerahul/agv_ws/install/agv_description/lib/pkgconfig/agv_description.pc'
[1.311s] Level 1:colcon.colcon_core.environment:checking '/home/usernamerahul/agv_ws/install/agv_description/lib/python3.12/site-packages'
[1.312s] Level 1:colcon.colcon_core.environment:checking '/home/usernamerahul/agv_ws/install/agv_description/bin'
[1.312s] INFO:colcon.colcon_core.shell:Creating package script '/home/usernamerahul/agv_ws/install/agv_description/share/agv_description/package.ps1'
[1.313s] INFO:colcon.colcon_core.shell:Creating package descriptor '/home/usernamerahul/agv_ws/install/agv_description/share/agv_description/package.dsv'
[1.314s] INFO:colcon.colcon_core.shell:Creating package script '/home/usernamerahul/agv_ws/install/agv_description/share/agv_description/package.sh'
[1.315s] INFO:colcon.colcon_core.shell:Creating package script '/home/usernamerahul/agv_ws/install/agv_description/share/agv_description/package.bash'
[1.316s] INFO:colcon.colcon_core.shell:Creating package script '/home/usernamerahul/agv_ws/install/agv_description/share/agv_description/package.zsh'
[1.317s] Level 1:colcon.colcon_core.environment:create_file_with_runtime_dependencies(/home/usernamerahul/agv_ws/install/agv_description/share/colcon-core/packages/agv_description)
[1.318s] Level 1:colcon.colcon_core.environment:create_environment_scripts_only(agv_description)
[1.318s] Level 1:colcon.colcon_core.environment:checking '/home/usernamerahul/agv_ws/install/agv_description' for CMake module files
[1.319s] Level 1:colcon.colcon_core.environment:checking '/home/usernamerahul/agv_ws/install/agv_description' for CMake config files
[1.319s] Level 1:colcon.colcon_core.shell:create_environment_hook('agv_description', 'cmake_prefix_path')
[1.319s] INFO:colcon.colcon_core.shell:Creating environment hook '/home/usernamerahul/agv_ws/install/agv_description/share/agv_description/hook/cmake_prefix_path.ps1'
[1.320s] INFO:colcon.colcon_core.shell:Creating environment descriptor '/home/usernamerahul/agv_ws/install/agv_description/share/agv_description/hook/cmake_prefix_path.dsv'
[1.320s] INFO:colcon.colcon_core.shell:Creating environment hook '/home/usernamerahul/agv_ws/install/agv_description/share/agv_description/hook/cmake_prefix_path.sh'
[1.321s] Level 1:colcon.colcon_core.environment:checking '/home/usernamerahul/agv_ws/install/agv_description/bin'
[1.321s] Level 1:colcon.colcon_core.environment:checking '/home/usernamerahul/agv_ws/install/agv_description/lib/pkgconfig/agv_description.pc'
[1.322s] Level 1:colcon.colcon_core.environment:checking '/home/usernamerahul/agv_ws/install/agv_description/lib/python3.12/site-packages'
[1.322s] Level 1:colcon.colcon_core.environment:checking '/home/usernamerahul/agv_ws/install/agv_description/bin'
[1.322s] INFO:colcon.colcon_core.shell:Creating package script '/home/usernamerahul/agv_ws/install/agv_description/share/agv_description/package.ps1'
[1.323s] INFO:colcon.colcon_core.shell:Creating package descriptor '/home/usernamerahul/agv_ws/install/agv_description/share/agv_description/package.dsv'
[1.324s] INFO:colcon.colcon_core.shell:Creating package script '/home/usernamerahul/agv_ws/install/agv_description/share/agv_description/package.sh'
[1.324s] INFO:colcon.colcon_core.shell:Creating package script '/home/usernamerahul/agv_ws/install/agv_description/share/agv_description/package.bash'
[1.325s] INFO:colcon.colcon_core.shell:Creating package script '/home/usernamerahul/agv_ws/install/agv_description/share/agv_description/package.zsh'
[1.325s] Level 1:colcon.colcon_core.environment:create_file_with_runtime_dependencies(/home/usernamerahul/agv_ws/install/agv_description/share/colcon-core/packages/agv_description)
[2.414s] DEBUG:colcon.colcon_core.event_handler.log_command:Invoking command in '/home/usernamerahul/agv_ws/src/agv_navigation': PYTHONPATH=/home/usernamerahul/agv_ws/build/agv_navigation/prefix_override:/usr/lib/python3/dist-packages/colcon_core/task/python/colcon_distutils_commands:/home/usernamerahul/agv_ws/install/agv_navigation/lib/python3.12/site-packages:${PYTHONPATH} /usr/bin/python3 -W ignore:setup.py install is deprecated -W ignore:easy_install command is deprecated setup.py egg_info --egg-base ../../build/agv_navigation build --build-base /home/usernamerahul/agv_ws/build/agv_navigation/build install --record /home/usernamerahul/agv_ws/build/agv_navigation/install.log --single-version-externally-managed install_data
[2.416s] DEBUG:colcon.colcon_core.event_handler.log_command:Invoking command in '/home/usernamerahul/agv_ws/src/agv_vision': PYTHONPATH=/home/usernamerahul/agv_ws/build/agv_vision/prefix_override:/usr/lib/python3/dist-packages/colcon_core/task/python/colcon_distutils_commands:/home/usernamerahul/agv_ws/install/agv_vision/lib/python3.12/site-packages:${PYTHONPATH} /usr/bin/python3 -W ignore:setup.py install is deprecated -W ignore:easy_install command is deprecated setup.py egg_info --egg-base ../../build/agv_vision build --build-base /home/usernamerahul/agv_ws/build/agv_vision/build install --record /home/usernamerahul/agv_ws/build/agv_vision/install.log --single-version-externally-managed install_data
[2.951s] Level 1:colcon.colcon_core.environment:checking '/home/usernamerahul/agv_ws/install/agv_vision' for CMake module files
[2.951s] DEBUG:colcon.colcon_core.event_handler.log_command:Invoked command in '/home/usernamerahul/agv_ws/src/agv_vision' returned '0': PYTHONPATH=/home/usernamerahul/agv_ws/build/agv_vision/prefix_override:/usr/lib/python3/dist-packages/colcon_core/task/python/colcon_distutils_commands:/home/usernamerahul/agv_ws/install/agv_vision/lib/python3.12/site-packages:${PYTHONPATH} /usr/bin/python3 -W ignore:setup.py install is deprecated -W ignore:easy_install command is deprecated setup.py egg_info --egg-base ../../build/agv_vision build --build-base /home/usernamerahul/agv_ws/build/agv_vision/build install --record /home/usernamerahul/agv_ws/build/agv_vision/install.log --single-version-externally-managed install_data
[2.953s] Level 1:colcon.colcon_core.environment:checking '/home/usernamerahul/agv_ws/install/agv_vision' for CMake config files
[2.955s] Level 1:colcon.colcon_core.environment:checking '/home/usernamerahul/agv_ws/install/agv_vision/lib'
[2.955s] Level 1:colcon.colcon_core.environment:checking '/home/usernamerahul/agv_ws/install/agv_vision/bin'
[2.955s] Level 1:colcon.colcon_core.environment:checking '/home/usernamerahul/agv_ws/install/agv_vision/lib/pkgconfig/agv_vision.pc'
[2.956s] Level 1:colcon.colcon_core.environment:checking '/home/usernamerahul/agv_ws/install/agv_vision/lib/python3.12/site-packages'
[2.956s] Level 1:colcon.colcon_core.shell:create_environment_hook('agv_vision', 'pythonpath')
[2.956s] INFO:colcon.colcon_core.shell:Creating environment hook '/home/usernamerahul/agv_ws/install/agv_vision/share/agv_vision/hook/pythonpath.ps1'
[2.958s] INFO:colcon.colcon_core.shell:Creating environment descriptor '/home/usernamerahul/agv_ws/install/agv_vision/share/agv_vision/hook/pythonpath.dsv'
[2.959s] INFO:colcon.colcon_core.shell:Creating environment hook '/home/usernamerahul/agv_ws/install/agv_vision/share/agv_vision/hook/pythonpath.sh'
[2.960s] Level 1:colcon.colcon_core.environment:checking '/home/usernamerahul/agv_ws/install/agv_vision/bin'
[2.960s] Level 1:colcon.colcon_core.environment:create_environment_scripts_only(agv_vision)
[2.960s] INFO:colcon.colcon_core.shell:Creating package script '/home/usernamerahul/agv_ws/install/agv_vision/share/agv_vision/package.ps1'
[2.961s] INFO:colcon.colcon_core.shell:Creating package descriptor '/home/usernamerahul/agv_ws/install/agv_vision/share/agv_vision/package.dsv'
[2.961s] INFO:colcon.colcon_core.shell:Creating package script '/home/usernamerahul/agv_ws/install/agv_vision/share/agv_vision/package.sh'
[2.962s] INFO:colcon.colcon_core.shell:Creating package script '/home/usernamerahul/agv_ws/install/agv_vision/share/agv_vision/package.bash'
[2.962s] INFO:colcon.colcon_core.shell:Creating package script '/home/usernamerahul/agv_ws/install/agv_vision/share/agv_vision/package.zsh'
[2.963s] Level 1:colcon.colcon_core.environment:create_file_with_runtime_dependencies(/home/usernamerahul/agv_ws/install/agv_vision/share/colcon-core/packages/agv_vision)
[2.964s] Level 1:colcon.colcon_core.environment:checking '/home/usernamerahul/agv_ws/install/agv_navigation' for CMake module files
[2.966s] DEBUG:colcon.colcon_core.event_handler.log_command:Invoked command in '/home/usernamerahul/agv_ws/src/agv_navigation' returned '0': PYTHONPATH=/home/usernamerahul/agv_ws/build/agv_navigation/prefix_override:/usr/lib/python3/dist-packages/colcon_core/task/python/colcon_distutils_commands:/home/usernamerahul/agv_ws/install/agv_navigation/lib/python3.12/site-packages:${PYTHONPATH} /usr/bin/python3 -W ignore:setup.py install is deprecated -W ignore:easy_install command is deprecated setup.py egg_info --egg-base ../../build/agv_navigation build --build-base /home/usernamerahul/agv_ws/build/agv_navigation/build install --record /home/usernamerahul/agv_ws/build/agv_navigation/install.log --single-version-externally-managed install_data
[2.966s] Level 1:colcon.colcon_core.environment:checking '/home/usernamerahul/agv_ws/install/agv_navigation' for CMake config files
[2.968s] Level 1:colcon.colcon_core.environment:checking '/home/usernamerahul/agv_ws/install/agv_navigation/lib'
[2.968s] Level 1:colcon.colcon_core.environment:checking '/home/usernamerahul/agv_ws/install/agv_navigation/bin'
[2.968s] Level 1:colcon.colcon_core.environment:checking '/home/usernamerahul/agv_ws/install/agv_navigation/lib/pkgconfig/agv_navigation.pc'
[2.968s] Level 1:colcon.colcon_core.environment:checking '/home/usernamerahul/agv_ws/install/agv_navigation/lib/python3.12/site-packages'
[2.968s] Level 1:colcon.colcon_core.shell:create_environment_hook('agv_navigation', 'pythonpath')
[2.969s] INFO:colcon.colcon_core.shell:Creating environment hook '/home/usernamerahul/agv_ws/install/agv_navigation/share/agv_navigation/hook/pythonpath.ps1'
[2.969s] INFO:colcon.colcon_core.shell:Creating environment descriptor '/home/usernamerahul/agv_ws/install/agv_navigation/share/agv_navigation/hook/pythonpath.dsv'
[2.969s] INFO:colcon.colcon_core.shell:Creating environment hook '/home/usernamerahul/agv_ws/install/agv_navigation/share/agv_navigation/hook/pythonpath.sh'
[2.970s] Level 1:colcon.colcon_core.environment:checking '/home/usernamerahul/agv_ws/install/agv_navigation/bin'
[2.970s] Level 1:colcon.colcon_core.environment:create_environment_scripts_only(agv_navigation)
[2.971s] INFO:colcon.colcon_core.shell:Creating package script '/home/usernamerahul/agv_ws/install/agv_navigation/share/agv_navigation/package.ps1'
[2.971s] INFO:colcon.colcon_core.shell:Creating package descriptor '/home/usernamerahul/agv_ws/install/agv_navigation/share/agv_navigation/package.dsv'
[2.972s] INFO:colcon.colcon_core.shell:Creating package script '/home/usernamerahul/agv_ws/install/agv_navigation/share/agv_navigation/package.sh'
[2.973s] INFO:colcon.colcon_core.shell:Creating package script '/home/usernamerahul/agv_ws/install/agv_navigation/share/agv_navigation/package.bash'
[2.973s] INFO:colcon.colcon_core.shell:Creating package script '/home/usernamerahul/agv_ws/install/agv_navigation/share/agv_navigation/package.zsh'
[2.973s] Level 1:colcon.colcon_core.environment:create_file_with_runtime_dependencies(/home/usernamerahul/agv_ws/install/agv_navigation/share/colcon-core/packages/agv_navigation)
[2.974s] DEBUG:colcon.colcon_parallel_executor.executor.parallel:closing loop
[2.975s] DEBUG:colcon.colcon_parallel_executor.executor.parallel:loop closed
[2.975s] DEBUG:colcon.colcon_parallel_executor.executor.parallel:run_until_complete finished with '0'
[2.975s] DEBUG:colcon.colcon_core.event_reactor:joining thread
[3.046s] INFO:colcon.colcon_core.plugin_system:Skipping extension 'colcon_notification.desktop_notification.notify_send': Could not find 'notify-send'
[3.047s] INFO:colcon.colcon_core.plugin_system:Skipping extension 'colcon_notification.desktop_notification.terminal_notifier': Not used on non-Darwin systems
[3.047s] INFO:colcon.colcon_core.plugin_system:Skipping extension 'colcon_notification.desktop_notification.win32': Not used on non-Windows systems
[3.047s] INFO:colcon.colcon_notification.desktop_notification:Sending desktop notification using 'notify2'
[3.051s] DEBUG:colcon.colcon_notification.desktop_notification.notify2:Failed to initialize notify2: org.freedesktop.DBus.Error.ServiceUnknown: The name org.freedesktop.Notifications was not provided by any .service files
[3.052s] DEBUG:colcon.colcon_core.event_reactor:joined thread
[3.052s] INFO:colcon.colcon_core.shell:Creating prefix script '/home/usernamerahul/agv_ws/install/local_setup.ps1'
[3.053s] INFO:colcon.colcon_core.shell:Creating prefix util module '/home/usernamerahul/agv_ws/install/_local_setup_util_ps1.py'
[3.055s] INFO:colcon.colcon_core.shell:Creating prefix chain script '/home/usernamerahul/agv_ws/install/setup.ps1'
[3.056s] INFO:colcon.colcon_core.shell:Creating prefix script '/home/usernamerahul/agv_ws/install/local_setup.sh'
[3.057s] INFO:colcon.colcon_core.shell:Creating prefix util module '/home/usernamerahul/agv_ws/install/_local_setup_util_sh.py'
[3.057s] INFO:colcon.colcon_core.shell:Creating prefix chain script '/home/usernamerahul/agv_ws/install/setup.sh'
[3.059s] INFO:colcon.colcon_core.shell:Creating prefix script '/home/usernamerahul/agv_ws/install/local_setup.bash'
[3.060s] INFO:colcon.colcon_core.shell:Creating prefix chain script '/home/usernamerahul/agv_ws/install/setup.bash'
[3.061s] INFO:colcon.colcon_core.shell:Creating prefix script '/home/usernamerahul/agv_ws/install/local_setup.zsh'
[3.062s] INFO:colcon.colcon_core.shell:Creating prefix chain script '/home/usernamerahul/agv_ws/install/setup.zsh'
