[1.639s] Invoking command in '/home/usernamerahul/agv_ws/src/agv_navigation': PYTHONPATH=/home/usernamerahul/agv_ws/build/agv_navigation/prefix_override:/usr/lib/python3/dist-packages/colcon_core/task/python/colcon_distutils_commands:/home/usernamerahul/agv_ws/install/agv_navigation/lib/python3.12/site-packages:${PYTHONPATH} /usr/bin/python3 -W ignore:setup.py install is deprecated -W ignore:easy_install command is deprecated setup.py egg_info --egg-base ../../build/agv_navigation build --build-base /home/usernamerahul/agv_ws/build/agv_navigation/build install --record /home/usernamerahul/agv_ws/build/agv_navigation/install.log --single-version-externally-managed install_data
[2.034s] running egg_info
[2.059s] writing ../../build/agv_navigation/agv_navigation.egg-info/PKG-INFO
[2.059s] writing dependency_links to ../../build/agv_navigation/agv_navigation.egg-info/dependency_links.txt
[2.060s] writing entry points to ../../build/agv_navigation/agv_navigation.egg-info/entry_points.txt
[2.061s] writing requirements to ../../build/agv_navigation/agv_navigation.egg-info/requires.txt
[2.061s] writing top-level names to ../../build/agv_navigation/agv_navigation.egg-info/top_level.txt
[2.115s] reading manifest file '../../build/agv_navigation/agv_navigation.egg-info/SOURCES.txt'
[2.116s] writing manifest file '../../build/agv_navigation/agv_navigation.egg-info/SOURCES.txt'
[2.117s] running build
[2.117s] running build_py
[2.117s] running install
[2.126s] running install_lib
[2.151s] running install_data
[2.151s] running install_egg_info
[2.179s] removing '/home/usernamerahul/agv_ws/install/agv_navigation/lib/python3.12/site-packages/agv_navigation-0.0.0-py3.12.egg-info' (and everything under it)
[2.181s] Copying ../../build/agv_navigation/agv_navigation.egg-info to /home/usernamerahul/agv_ws/install/agv_navigation/lib/python3.12/site-packages/agv_navigation-0.0.0-py3.12.egg-info
[2.183s] running install_scripts
[2.384s] Installing graph_visualizer script to /home/usernamerahul/agv_ws/install/agv_navigation/lib/agv_navigation
[2.385s] Installing map_builder script to /home/usernamerahul/agv_ws/install/agv_navigation/lib/agv_navigation
[2.385s] Installing route_runner script to /home/usernamerahul/agv_ws/install/agv_navigation/lib/agv_navigation
[2.386s] Installing tracer script to /home/usernamerahul/agv_ws/install/agv_navigation/lib/agv_navigation
[2.387s] writing list of installed files to '/home/usernamerahul/agv_ws/build/agv_navigation/install.log'
[2.449s] Invoked command in '/home/usernamerahul/agv_ws/src/agv_navigation' returned '0': PYTHONPATH=/home/usernamerahul/agv_ws/build/agv_navigation/prefix_override:/usr/lib/python3/dist-packages/colcon_core/task/python/colcon_distutils_commands:/home/usernamerahul/agv_ws/install/agv_navigation/lib/python3.12/site-packages:${PYTHONPATH} /usr/bin/python3 -W ignore:setup.py install is deprecated -W ignore:easy_install command is deprecated setup.py egg_info --egg-base ../../build/agv_navigation build --build-base /home/usernamerahul/agv_ws/build/agv_navigation/build install --record /home/usernamerahul/agv_ws/build/agv_navigation/install.log --single-version-externally-managed install_data
