[2.488s] Invoking command in '/home/usernamerahul/agv_ws/src/agv_vision': PYTHONPATH=/home/usernamerahul/agv_ws/build/agv_vision/prefix_override:/usr/lib/python3/dist-packages/colcon_core/task/python/colcon_distutils_commands:/home/usernamerahul/agv_ws/install/agv_vision/lib/python3.12/site-packages:${PYTHONPATH} /usr/bin/python3 -W ignore:setup.py install is deprecated -W ignore:easy_install command is deprecated setup.py egg_info --egg-base ../../build/agv_vision build --build-base /home/usernamerahul/agv_ws/build/agv_vision/build install --record /home/usernamerahul/agv_ws/build/agv_vision/install.log --single-version-externally-managed install_data
[3.043s] running egg_info
[3.081s] writing ../../build/agv_vision/agv_vision.egg-info/PKG-INFO
[3.082s] writing dependency_links to ../../build/agv_vision/agv_vision.egg-info/dependency_links.txt
[3.082s] writing entry points to ../../build/agv_vision/agv_vision.egg-info/entry_points.txt
[3.083s] writing requirements to ../../build/agv_vision/agv_vision.egg-info/requires.txt
[3.084s] writing top-level names to ../../build/agv_vision/agv_vision.egg-info/top_level.txt
[3.169s] reading manifest file '../../build/agv_vision/agv_vision.egg-info/SOURCES.txt'
[3.170s] writing manifest file '../../build/agv_vision/agv_vision.egg-info/SOURCES.txt'
[3.171s] running build
[3.171s] running build_py
[3.171s] running install
[3.185s] running install_lib
[3.231s] running install_data
[3.231s] running install_egg_info
[3.275s] removing '/home/usernamerahul/agv_ws/install/agv_vision/lib/python3.12/site-packages/agv_vision-0.0.0-py3.12.egg-info' (and everything under it)
[3.276s] Copying ../../build/agv_vision/agv_vision.egg-info to /home/usernamerahul/agv_ws/install/agv_vision/lib/python3.12/site-packages/agv_vision-0.0.0-py3.12.egg-info
[3.281s] running install_scripts
[3.624s] Installing detector script to /home/usernamerahul/agv_ws/install/agv_vision/lib/agv_vision
[3.627s] writing list of installed files to '/home/usernamerahul/agv_ws/build/agv_vision/install.log'
[3.686s] Invoked command in '/home/usernamerahul/agv_ws/src/agv_vision' returned '0': PYTHONPATH=/home/usernamerahul/agv_ws/build/agv_vision/prefix_override:/usr/lib/python3/dist-packages/colcon_core/task/python/colcon_distutils_commands:/home/usernamerahul/agv_ws/install/agv_vision/lib/python3.12/site-packages:${PYTHONPATH} /usr/bin/python3 -W ignore:setup.py install is deprecated -W ignore:easy_install command is deprecated setup.py egg_info --egg-base ../../build/agv_vision build --build-base /home/usernamerahul/agv_ws/build/agv_vision/build install --record /home/usernamerahul/agv_ws/build/agv_vision/install.log --single-version-externally-managed install_data
