[1.614s] Invoking command in '/home/usernamerahul/agv_ws/src/agv_navigation': PYTHONPATH=/home/usernamerahul/agv_ws/build/agv_navigation/prefix_override:/usr/lib/python3/dist-packages/colcon_core/task/python/colcon_distutils_commands:/home/usernamerahul/agv_ws/install/agv_navigation/lib/python3.12/site-packages:${PYTHONPATH} /usr/bin/python3 -W ignore:setup.py install is deprecated -W ignore:easy_install command is deprecated setup.py egg_info --egg-base ../../build/agv_navigation build --build-base /home/usernamerahul/agv_ws/build/agv_navigation/build install --record /home/usernamerahul/agv_ws/build/agv_navigation/install.log --single-version-externally-managed install_data
[1.934s] running egg_info
[1.956s] writing ../../build/agv_navigation/agv_navigation.egg-info/PKG-INFO
[1.956s] writing dependency_links to ../../build/agv_navigation/agv_navigation.egg-info/dependency_links.txt
[1.957s] writing entry points to ../../build/agv_navigation/agv_navigation.egg-info/entry_points.txt
[1.957s] writing requirements to ../../build/agv_navigation/agv_navigation.egg-info/requires.txt
[1.958s] writing top-level names to ../../build/agv_navigation/agv_navigation.egg-info/top_level.txt
[2.014s] reading manifest file '../../build/agv_navigation/agv_navigation.egg-info/SOURCES.txt'
[2.016s] writing manifest file '../../build/agv_navigation/agv_navigation.egg-info/SOURCES.txt'
[2.016s] running build
[2.017s] running build_py
[2.017s] copying agv_navigation/map_builder.py -> /home/usernamerahul/agv_ws/build/agv_navigation/build/lib/agv_navigation
[2.017s] copying agv_navigation/route_runner.py -> /home/usernamerahul/agv_ws/build/agv_navigation/build/lib/agv_navigation
[2.017s] running install
[2.024s] running install_lib
[2.049s] copying /home/usernamerahul/agv_ws/build/agv_navigation/build/lib/agv_navigation/map_builder.py -> /home/usernamerahul/agv_ws/install/agv_navigation/lib/python3.12/site-packages/agv_navigation
[2.049s] copying /home/usernamerahul/agv_ws/build/agv_navigation/build/lib/agv_navigation/route_runner.py -> /home/usernamerahul/agv_ws/install/agv_navigation/lib/python3.12/site-packages/agv_navigation
[2.051s] byte-compiling /home/usernamerahul/agv_ws/install/agv_navigation/lib/python3.12/site-packages/agv_navigation/map_builder.py to map_builder.cpython-312.pyc
[2.054s] byte-compiling /home/usernamerahul/agv_ws/install/agv_navigation/lib/python3.12/site-packages/agv_navigation/route_runner.py to route_runner.cpython-312.pyc
[2.057s] running install_data
[2.057s] running install_egg_info
[2.106s] removing '/home/usernamerahul/agv_ws/install/agv_navigation/lib/python3.12/site-packages/agv_navigation-0.0.0-py3.12.egg-info' (and everything under it)
[2.108s] Copying ../../build/agv_navigation/agv_navigation.egg-info to /home/usernamerahul/agv_ws/install/agv_navigation/lib/python3.12/site-packages/agv_navigation-0.0.0-py3.12.egg-info
[2.113s] running install_scripts
[2.403s] Installing map_builder script to /home/usernamerahul/agv_ws/install/agv_navigation/lib/agv_navigation
[2.403s] Installing route_runner script to /home/usernamerahul/agv_ws/install/agv_navigation/lib/agv_navigation
[2.404s] Installing tracer script to /home/usernamerahul/agv_ws/install/agv_navigation/lib/agv_navigation
[2.404s] writing list of installed files to '/home/usernamerahul/agv_ws/build/agv_navigation/install.log'
[2.440s] Invoked command in '/home/usernamerahul/agv_ws/src/agv_navigation' returned '0': PYTHONPATH=/home/usernamerahul/agv_ws/build/agv_navigation/prefix_override:/usr/lib/python3/dist-packages/colcon_core/task/python/colcon_distutils_commands:/home/usernamerahul/agv_ws/install/agv_navigation/lib/python3.12/site-packages:${PYTHONPATH} /usr/bin/python3 -W ignore:setup.py install is deprecated -W ignore:easy_install command is deprecated setup.py egg_info --egg-base ../../build/agv_navigation build --build-base /home/usernamerahul/agv_ws/build/agv_navigation/build install --record /home/usernamerahul/agv_ws/build/agv_navigation/install.log --single-version-externally-managed install_data
