[1.462s] DEBUG:colcon:Command line arguments: ['/usr/bin/colcon', 'build']
[1.463s] DEBUG:colcon:Parsed command line arguments: Namespace(log_base=None, log_level=None, verb_name='build', build_base='build', install_base='install', merge_install=False, symlink_install=False, test_result_base=None, continue_on_error=False, executor='parallel', parallel_workers=8, event_handlers=None, ignore_user_meta=False, metas=['./colcon.meta'], base_paths=['.'], packages_ignore=None, packages_ignore_regex=None, paths=None, packages_up_to=None, packages_up_to_regex=None, packages_above=None, packages_above_and_dependencies=None, packages_above_depth=None, packages_select_by_dep=None, packages_skip_by_dep=None, packages_skip_up_to=None, packages_select_build_failed=False, packages_skip_build_finished=False, packages_select_test_failures=False, packages_skip_test_passed=False, packages_select=None, packages_skip=None, packages_select_regex=None, packages_skip_regex=None, packages_start=None, packages_end=None, allow_overriding=[], cmake_args=None, cmake_target=None, cmake_target_skip_unavailable=False, cmake_clean_cache=False, cmake_clean_first=False, cmake_force_configure=False, ament_cmake_args=None, catkin_cmake_args=None, catkin_skip_building_tests=False, verb_parser=<colcon_defaults.argument_parser.defaults.DefaultArgumentsDecorator object at 0x707f8484f440>, verb_extension=<colcon_core.verb.build.BuildVerb object at 0x707f8484eae0>, main=<bound method BuildVerb.main of <colcon_core.verb.build.BuildVerb object at 0x707f8484eae0>>)
[1.663s] Level 1:colcon.colcon_core.package_discovery:discover_packages(colcon_meta) check parameters
[1.664s] Level 1:colcon.colcon_core.package_discovery:discover_packages(recursive) check parameters
[1.664s] Level 1:colcon.colcon_core.package_discovery:discover_packages(ignore) check parameters
[1.664s] Level 1:colcon.colcon_core.package_discovery:discover_packages(path) check parameters
[1.664s] Level 1:colcon.colcon_core.package_discovery:discover_packages(colcon_meta) discover
[1.664s] Level 1:colcon.colcon_core.package_discovery:discover_packages(recursive) discover
[1.664s] INFO:colcon.colcon_core.package_discovery:Crawling recursively for packages in '/home/usernamerahul/agv_ws'
[1.664s] Level 1:colcon.colcon_core.package_identification:_identify(.) by extensions ['ignore', 'ignore_ament_install']
[1.664s] Level 1:colcon.colcon_core.package_identification:_identify(.) by extension 'ignore'
[1.664s] Level 1:colcon.colcon_core.package_identification:_identify(.) by extension 'ignore_ament_install'
[1.665s] Level 1:colcon.colcon_core.package_identification:_identify(.) by extensions ['colcon_pkg']
[1.665s] Level 1:colcon.colcon_core.package_identification:_identify(.) by extension 'colcon_pkg'
[1.665s] Level 1:colcon.colcon_core.package_identification:_identify(.) by extensions ['colcon_meta']
[1.665s] Level 1:colcon.colcon_core.package_identification:_identify(.) by extension 'colcon_meta'
[1.665s] Level 1:colcon.colcon_core.package_identification:_identify(.) by extensions ['ros']
[1.665s] Level 1:colcon.colcon_core.package_identification:_identify(.) by extension 'ros'
[1.789s] Level 1:colcon.colcon_core.package_identification:_identify(.) by extensions ['cmake', 'python']
[1.789s] Level 1:colcon.colcon_core.package_identification:_identify(.) by extension 'cmake'
[1.789s] Level 1:colcon.colcon_core.package_identification:_identify(.) by extension 'python'
[1.789s] Level 1:colcon.colcon_core.package_identification:_identify(.) by extensions ['python_setup_py']
[1.789s] Level 1:colcon.colcon_core.package_identification:_identify(.) by extension 'python_setup_py'
[1.789s] Level 1:colcon.colcon_core.package_identification:_identify(build) by extensions ['ignore', 'ignore_ament_install']
[1.790s] Level 1:colcon.colcon_core.package_identification:_identify(build) by extension 'ignore'
[1.790s] Level 1:colcon.colcon_core.package_identification:_identify(build) ignored
[1.790s] Level 1:colcon.colcon_core.package_identification:_identify(install) by extensions ['ignore', 'ignore_ament_install']
[1.790s] Level 1:colcon.colcon_core.package_identification:_identify(install) by extension 'ignore'
[1.790s] Level 1:colcon.colcon_core.package_identification:_identify(install) ignored
[1.790s] Level 1:colcon.colcon_core.package_identification:_identify(log) by extensions ['ignore', 'ignore_ament_install']
[1.791s] Level 1:colcon.colcon_core.package_identification:_identify(log) by extension 'ignore'
[1.791s] Level 1:colcon.colcon_core.package_identification:_identify(log) ignored
[1.791s] Level 1:colcon.colcon_core.package_identification:_identify(src) by extensions ['ignore', 'ignore_ament_install']
[1.791s] Level 1:colcon.colcon_core.package_identification:_identify(src) by extension 'ignore'
[1.791s] Level 1:colcon.colcon_core.package_identification:_identify(src) by extension 'ignore_ament_install'
[1.791s] Level 1:colcon.colcon_core.package_identification:_identify(src) by extensions ['colcon_pkg']
[1.791s] Level 1:colcon.colcon_core.package_identification:_identify(src) by extension 'colcon_pkg'
[1.791s] Level 1:colcon.colcon_core.package_identification:_identify(src) by extensions ['colcon_meta']
[1.791s] Level 1:colcon.colcon_core.package_identification:_identify(src) by extension 'colcon_meta'
[1.791s] Level 1:colcon.colcon_core.package_identification:_identify(src) by extensions ['ros']
[1.791s] Level 1:colcon.colcon_core.package_identification:_identify(src) by extension 'ros'
[1.792s] Level 1:colcon.colcon_core.package_identification:_identify(src) by extensions ['cmake', 'python']
[1.792s] Level 1:colcon.colcon_core.package_identification:_identify(src) by extension 'cmake'
[1.792s] Level 1:colcon.colcon_core.package_identification:_identify(src) by extension 'python'
[1.792s] Level 1:colcon.colcon_core.package_identification:_identify(src) by extensions ['python_setup_py']
[1.792s] Level 1:colcon.colcon_core.package_identification:_identify(src) by extension 'python_setup_py'
[1.792s] Level 1:colcon.colcon_core.package_identification:_identify(src/agv_description) by extensions ['ignore', 'ignore_ament_install']
[1.792s] Level 1:colcon.colcon_core.package_identification:_identify(src/agv_description) by extension 'ignore'
[1.793s] Level 1:colcon.colcon_core.package_identification:_identify(src/agv_description) by extension 'ignore_ament_install'
[1.793s] Level 1:colcon.colcon_core.package_identification:_identify(src/agv_description) by extensions ['colcon_pkg']
[1.793s] Level 1:colcon.colcon_core.package_identification:_identify(src/agv_description) by extension 'colcon_pkg'
[1.793s] Level 1:colcon.colcon_core.package_identification:_identify(src/agv_description) by extensions ['colcon_meta']
[1.793s] Level 1:colcon.colcon_core.package_identification:_identify(src/agv_description) by extension 'colcon_meta'
[1.793s] Level 1:colcon.colcon_core.package_identification:_identify(src/agv_description) by extensions ['ros']
[1.793s] Level 1:colcon.colcon_core.package_identification:_identify(src/agv_description) by extension 'ros'
[1.829s] DEBUG:colcon.colcon_core.package_identification:Package 'src/agv_description' with type 'ros.ament_cmake' and name 'agv_description'
[1.832s] Level 1:colcon.colcon_core.package_identification:_identify(src/agv_navigation) by extensions ['ignore', 'ignore_ament_install']
[1.832s] Level 1:colcon.colcon_core.package_identification:_identify(src/agv_navigation) by extension 'ignore'
[1.833s] Level 1:colcon.colcon_core.package_identification:_identify(src/agv_navigation) by extension 'ignore_ament_install'
[1.833s] Level 1:colcon.colcon_core.package_identification:_identify(src/agv_navigation) by extensions ['colcon_pkg']
[1.833s] Level 1:colcon.colcon_core.package_identification:_identify(src/agv_navigation) by extension 'colcon_pkg'
[1.833s] Level 1:colcon.colcon_core.package_identification:_identify(src/agv_navigation) by extensions ['colcon_meta']
[1.833s] Level 1:colcon.colcon_core.package_identification:_identify(src/agv_navigation) by extension 'colcon_meta'
[1.833s] Level 1:colcon.colcon_core.package_identification:_identify(src/agv_navigation) by extensions ['ros']
[1.833s] Level 1:colcon.colcon_core.package_identification:_identify(src/agv_navigation) by extension 'ros'
[1.835s] DEBUG:colcon.colcon_core.package_identification:Package 'src/agv_navigation' with type 'ros.ament_python' and name 'agv_navigation'
[1.836s] Level 1:colcon.colcon_core.package_identification:_identify(src/agv_vision) by extensions ['ignore', 'ignore_ament_install']
[1.836s] Level 1:colcon.colcon_core.package_identification:_identify(src/agv_vision) by extension 'ignore'
[1.836s] Level 1:colcon.colcon_core.package_identification:_identify(src/agv_vision) by extension 'ignore_ament_install'
[1.836s] Level 1:colcon.colcon_core.package_identification:_identify(src/agv_vision) by extensions ['colcon_pkg']
[1.836s] Level 1:colcon.colcon_core.package_identification:_identify(src/agv_vision) by extension 'colcon_pkg'
[1.836s] Level 1:colcon.colcon_core.package_identification:_identify(src/agv_vision) by extensions ['colcon_meta']
[1.836s] Level 1:colcon.colcon_core.package_identification:_identify(src/agv_vision) by extension 'colcon_meta'
[1.836s] Level 1:colcon.colcon_core.package_identification:_identify(src/agv_vision) by extensions ['ros']
[1.837s] Level 1:colcon.colcon_core.package_identification:_identify(src/agv_vision) by extension 'ros'
[1.842s] DEBUG:colcon.colcon_core.package_identification:Package 'src/agv_vision' with type 'ros.ament_python' and name 'agv_vision'
[1.842s] Level 1:colcon.colcon_core.package_discovery:discover_packages(recursive) using defaults
[1.843s] Level 1:colcon.colcon_core.package_discovery:discover_packages(ignore) discover
[1.843s] Level 1:colcon.colcon_core.package_discovery:discover_packages(ignore) using defaults
[1.843s] Level 1:colcon.colcon_core.package_discovery:discover_packages(path) discover
[1.843s] Level 1:colcon.colcon_core.package_discovery:discover_packages(path) using defaults
[1.936s] Level 1:colcon.colcon_core.package_discovery:discover_packages(prefix_path) check parameters
[1.936s] Level 1:colcon.colcon_core.package_discovery:discover_packages(prefix_path) discover
[1.950s] DEBUG:colcon.colcon_installed_package_information.package_discovery:Found 1 installed packages in /home/usernamerahul/ros2_ws/install
[1.954s] DEBUG:colcon.colcon_installed_package_information.package_discovery:Found 388 installed packages in /opt/ros/jazzy
[1.958s] Level 1:colcon.colcon_core.package_discovery:discover_packages(prefix_path) using defaults
[2.096s] Level 5:colcon.colcon_core.verb:set package 'agv_description' build argument 'cmake_args' from command line to 'None'
[2.096s] Level 5:colcon.colcon_core.verb:set package 'agv_description' build argument 'cmake_target' from command line to 'None'
[2.096s] Level 5:colcon.colcon_core.verb:set package 'agv_description' build argument 'cmake_target_skip_unavailable' from command line to 'False'
[2.096s] Level 5:colcon.colcon_core.verb:set package 'agv_description' build argument 'cmake_clean_cache' from command line to 'False'
[2.096s] Level 5:colcon.colcon_core.verb:set package 'agv_description' build argument 'cmake_clean_first' from command line to 'False'
[2.096s] Level 5:colcon.colcon_core.verb:set package 'agv_description' build argument 'cmake_force_configure' from command line to 'False'
[2.096s] Level 5:colcon.colcon_core.verb:set package 'agv_description' build argument 'ament_cmake_args' from command line to 'None'
[2.096s] Level 5:colcon.colcon_core.verb:set package 'agv_description' build argument 'catkin_cmake_args' from command line to 'None'
[2.096s] Level 5:colcon.colcon_core.verb:set package 'agv_description' build argument 'catkin_skip_building_tests' from command line to 'False'
[2.096s] DEBUG:colcon.colcon_core.verb:Building package 'agv_description' with the following arguments: {'ament_cmake_args': None, 'build_base': '/home/usernamerahul/agv_ws/build/agv_description', 'catkin_cmake_args': None, 'catkin_skip_building_tests': False, 'cmake_args': None, 'cmake_clean_cache': False, 'cmake_clean_first': False, 'cmake_force_configure': False, 'cmake_target': None, 'cmake_target_skip_unavailable': False, 'install_base': '/home/usernamerahul/agv_ws/install/agv_description', 'merge_install': False, 'path': '/home/usernamerahul/agv_ws/src/agv_description', 'symlink_install': False, 'test_result_base': None}
[2.098s] Level 5:colcon.colcon_core.verb:set package 'agv_navigation' build argument 'cmake_args' from command line to 'None'
[2.098s] Level 5:colcon.colcon_core.verb:set package 'agv_navigation' build argument 'cmake_target' from command line to 'None'
[2.098s] Level 5:colcon.colcon_core.verb:set package 'agv_navigation' build argument 'cmake_target_skip_unavailable' from command line to 'False'
[2.098s] Level 5:colcon.colcon_core.verb:set package 'agv_navigation' build argument 'cmake_clean_cache' from command line to 'False'
[2.098s] Level 5:colcon.colcon_core.verb:set package 'agv_navigation' build argument 'cmake_clean_first' from command line to 'False'
[2.098s] Level 5:colcon.colcon_core.verb:set package 'agv_navigation' build argument 'cmake_force_configure' from command line to 'False'
[2.098s] Level 5:colcon.colcon_core.verb:set package 'agv_navigation' build argument 'ament_cmake_args' from command line to 'None'
[2.099s] Level 5:colcon.colcon_core.verb:set package 'agv_navigation' build argument 'catkin_cmake_args' from command line to 'None'
[2.099s] Level 5:colcon.colcon_core.verb:set package 'agv_navigation' build argument 'catkin_skip_building_tests' from command line to 'False'
[2.099s] DEBUG:colcon.colcon_core.verb:Building package 'agv_navigation' with the following arguments: {'ament_cmake_args': None, 'build_base': '/home/usernamerahul/agv_ws/build/agv_navigation', 'catkin_cmake_args': None, 'catkin_skip_building_tests': False, 'cmake_args': None, 'cmake_clean_cache': False, 'cmake_clean_first': False, 'cmake_force_configure': False, 'cmake_target': None, 'cmake_target_skip_unavailable': False, 'install_base': '/home/usernamerahul/agv_ws/install/agv_navigation', 'merge_install': False, 'path': '/home/usernamerahul/agv_ws/src/agv_navigation', 'symlink_install': False, 'test_result_base': None}
[2.099s] Level 5:colcon.colcon_core.verb:set package 'agv_vision' build argument 'cmake_args' from command line to 'None'
[2.099s] Level 5:colcon.colcon_core.verb:set package 'agv_vision' build argument 'cmake_target' from command line to 'None'
[2.100s] Level 5:colcon.colcon_core.verb:set package 'agv_vision' build argument 'cmake_target_skip_unavailable' from command line to 'False'
[2.100s] Level 5:colcon.colcon_core.verb:set package 'agv_vision' build argument 'cmake_clean_cache' from command line to 'False'
[2.100s] Level 5:colcon.colcon_core.verb:set package 'agv_vision' build argument 'cmake_clean_first' from command line to 'False'
[2.100s] Level 5:colcon.colcon_core.verb:set package 'agv_vision' build argument 'cmake_force_configure' from command line to 'False'
[2.100s] Level 5:colcon.colcon_core.verb:set package 'agv_vision' build argument 'ament_cmake_args' from command line to 'None'
[2.100s] Level 5:colcon.colcon_core.verb:set package 'agv_vision' build argument 'catkin_cmake_args' from command line to 'None'
[2.100s] Level 5:colcon.colcon_core.verb:set package 'agv_vision' build argument 'catkin_skip_building_tests' from command line to 'False'
[2.100s] DEBUG:colcon.colcon_core.verb:Building package 'agv_vision' with the following arguments: {'ament_cmake_args': None, 'build_base': '/home/usernamerahul/agv_ws/build/agv_vision', 'catkin_cmake_args': None, 'catkin_skip_building_tests': False, 'cmake_args': None, 'cmake_clean_cache': False, 'cmake_clean_first': False, 'cmake_force_configure': False, 'cmake_target': None, 'cmake_target_skip_unavailable': False, 'install_base': '/home/usernamerahul/agv_ws/install/agv_vision', 'merge_install': False, 'path': '/home/usernamerahul/agv_ws/src/agv_vision', 'symlink_install': False, 'test_result_base': None}
[2.100s] INFO:colcon.colcon_core.executor:Executing jobs using 'parallel' executor
[2.105s] DEBUG:colcon.colcon_parallel_executor.executor.parallel:run_until_complete
[2.106s] INFO:colcon.colcon_ros.task.ament_cmake.build:Building ROS package in '/home/usernamerahul/agv_ws/src/agv_description' with build type 'ament_cmake'
[2.107s] INFO:colcon.colcon_cmake.task.cmake.build:Building CMake package in '/home/usernamerahul/agv_ws/src/agv_description'
[2.140s] INFO:colcon.colcon_core.plugin_system:Skipping extension 'colcon_core.shell.bat': Not used on non-Windows systems
[2.140s] INFO:colcon.colcon_core.shell:Skip shell extension 'powershell' for command environment: Not usable outside of PowerShell
[2.140s] DEBUG:colcon.colcon_core.shell:Skip shell extension 'dsv' for command environment
[2.150s] INFO:colcon.colcon_ros.task.ament_python.build:Building ROS package in '/home/usernamerahul/agv_ws/src/agv_navigation' with build type 'ament_python'
[2.150s] Level 1:colcon.colcon_core.shell:create_environment_hook('agv_navigation', 'ament_prefix_path')
[2.150s] INFO:colcon.colcon_core.shell:Creating environment hook '/home/usernamerahul/agv_ws/install/agv_navigation/share/agv_navigation/hook/ament_prefix_path.ps1'
[2.157s] INFO:colcon.colcon_core.shell:Creating environment descriptor '/home/usernamerahul/agv_ws/install/agv_navigation/share/agv_navigation/hook/ament_prefix_path.dsv'
[2.158s] INFO:colcon.colcon_core.shell:Creating environment hook '/home/usernamerahul/agv_ws/install/agv_navigation/share/agv_navigation/hook/ament_prefix_path.sh'
[2.160s] INFO:colcon.colcon_core.shell:Skip shell extension 'powershell' for command environment: Not usable outside of PowerShell
[2.161s] DEBUG:colcon.colcon_core.shell:Skip shell extension 'dsv' for command environment
[2.172s] INFO:colcon.colcon_ros.task.ament_python.build:Building ROS package in '/home/usernamerahul/agv_ws/src/agv_vision' with build type 'ament_python'
[2.175s] Level 1:colcon.colcon_core.shell:create_environment_hook('agv_vision', 'ament_prefix_path')
[2.175s] INFO:colcon.colcon_core.shell:Creating environment hook '/home/usernamerahul/agv_ws/install/agv_vision/share/agv_vision/hook/ament_prefix_path.ps1'
[2.177s] INFO:colcon.colcon_core.shell:Creating environment descriptor '/home/usernamerahul/agv_ws/install/agv_vision/share/agv_vision/hook/ament_prefix_path.dsv'
[2.178s] INFO:colcon.colcon_core.shell:Creating environment hook '/home/usernamerahul/agv_ws/install/agv_vision/share/agv_vision/hook/ament_prefix_path.sh'
[2.179s] INFO:colcon.colcon_core.shell:Skip shell extension 'powershell' for command environment: Not usable outside of PowerShell
[2.179s] DEBUG:colcon.colcon_core.shell:Skip shell extension 'dsv' for command environment
[2.215s] DEBUG:colcon.colcon_core.event_handler.log_command:Invoking command in '/home/usernamerahul/agv_ws/build/agv_description': CMAKE_PREFIX_PATH=${CMAKE_PREFIX_PATH}:/home/usernamerahul/ros2_ws/install/my_robot_controller:/opt/ros/jazzy /usr/bin/cmake --build /home/usernamerahul/agv_ws/build/agv_description -- -j8 -l8
[3.017s] INFO:colcon.colcon_core.task.python.build:Building Python package in '/home/usernamerahul/agv_ws/src/agv_navigation'
[3.018s] INFO:colcon.colcon_core.shell:Skip shell extension 'powershell' for command environment: Not usable outside of PowerShell
[3.018s] DEBUG:colcon.colcon_core.shell:Skip shell extension 'dsv' for command environment
[3.615s] INFO:colcon.colcon_core.task.python.build:Building Python package in '/home/usernamerahul/agv_ws/src/agv_vision'
[3.616s] INFO:colcon.colcon_core.shell:Skip shell extension 'powershell' for command environment: Not usable outside of PowerShell
[3.616s] DEBUG:colcon.colcon_core.shell:Skip shell extension 'dsv' for command environment
[3.653s] DEBUG:colcon.colcon_core.event_handler.log_command:Invoked command in '/home/usernamerahul/agv_ws/build/agv_description' returned '0': CMAKE_PREFIX_PATH=${CMAKE_PREFIX_PATH}:/home/usernamerahul/ros2_ws/install/my_robot_controller:/opt/ros/jazzy /usr/bin/cmake --build /home/usernamerahul/agv_ws/build/agv_description -- -j8 -l8
[3.676s] DEBUG:colcon.colcon_core.event_handler.log_command:Invoking command in '/home/usernamerahul/agv_ws/build/agv_description': CMAKE_PREFIX_PATH=${CMAKE_PREFIX_PATH}:/home/usernamerahul/ros2_ws/install/my_robot_controller:/opt/ros/jazzy /usr/bin/cmake --install /home/usernamerahul/agv_ws/build/agv_description
[3.718s] Level 1:colcon.colcon_core.environment:create_environment_scripts_only(agv_description)
[3.719s] DEBUG:colcon.colcon_core.event_handler.log_command:Invoked command in '/home/usernamerahul/agv_ws/build/agv_description' returned '0': CMAKE_PREFIX_PATH=${CMAKE_PREFIX_PATH}:/home/usernamerahul/ros2_ws/install/my_robot_controller:/opt/ros/jazzy /usr/bin/cmake --install /home/usernamerahul/agv_ws/build/agv_description
[3.757s] Level 1:colcon.colcon_core.environment:checking '/home/usernamerahul/agv_ws/install/agv_description' for CMake module files
[3.758s] Level 1:colcon.colcon_core.environment:checking '/home/usernamerahul/agv_ws/install/agv_description' for CMake config files
[3.759s] Level 1:colcon.colcon_core.shell:create_environment_hook('agv_description', 'cmake_prefix_path')
[3.759s] INFO:colcon.colcon_core.shell:Creating environment hook '/home/usernamerahul/agv_ws/install/agv_description/share/agv_description/hook/cmake_prefix_path.ps1'
[3.760s] INFO:colcon.colcon_core.shell:Creating environment descriptor '/home/usernamerahul/agv_ws/install/agv_description/share/agv_description/hook/cmake_prefix_path.dsv'
[3.761s] INFO:colcon.colcon_core.shell:Creating environment hook '/home/usernamerahul/agv_ws/install/agv_description/share/agv_description/hook/cmake_prefix_path.sh'
[3.762s] Level 1:colcon.colcon_core.environment:checking '/home/usernamerahul/agv_ws/install/agv_description/bin'
[3.762s] Level 1:colcon.colcon_core.environment:checking '/home/usernamerahul/agv_ws/install/agv_description/lib/pkgconfig/agv_description.pc'
[3.763s] Level 1:colcon.colcon_core.environment:checking '/home/usernamerahul/agv_ws/install/agv_description/lib/python3.12/site-packages'
[3.764s] Level 1:colcon.colcon_core.environment:checking '/home/usernamerahul/agv_ws/install/agv_description/bin'
[3.764s] INFO:colcon.colcon_core.shell:Creating package script '/home/usernamerahul/agv_ws/install/agv_description/share/agv_description/package.ps1'
[3.767s] INFO:colcon.colcon_core.shell:Creating package descriptor '/home/usernamerahul/agv_ws/install/agv_description/share/agv_description/package.dsv'
[3.769s] INFO:colcon.colcon_core.shell:Creating package script '/home/usernamerahul/agv_ws/install/agv_description/share/agv_description/package.sh'
[3.770s] INFO:colcon.colcon_core.shell:Creating package script '/home/usernamerahul/agv_ws/install/agv_description/share/agv_description/package.bash'
[3.773s] INFO:colcon.colcon_core.shell:Creating package script '/home/usernamerahul/agv_ws/install/agv_description/share/agv_description/package.zsh'
[3.775s] Level 1:colcon.colcon_core.environment:create_file_with_runtime_dependencies(/home/usernamerahul/agv_ws/install/agv_description/share/colcon-core/packages/agv_description)
[3.776s] Level 1:colcon.colcon_core.environment:create_environment_scripts_only(agv_description)
[3.776s] Level 1:colcon.colcon_core.environment:checking '/home/usernamerahul/agv_ws/install/agv_description' for CMake module files
[3.777s] Level 1:colcon.colcon_core.environment:checking '/home/usernamerahul/agv_ws/install/agv_description' for CMake config files
[3.777s] Level 1:colcon.colcon_core.shell:create_environment_hook('agv_description', 'cmake_prefix_path')
[3.778s] INFO:colcon.colcon_core.shell:Creating environment hook '/home/usernamerahul/agv_ws/install/agv_description/share/agv_description/hook/cmake_prefix_path.ps1'
[3.779s] INFO:colcon.colcon_core.shell:Creating environment descriptor '/home/usernamerahul/agv_ws/install/agv_description/share/agv_description/hook/cmake_prefix_path.dsv'
[3.782s] INFO:colcon.colcon_core.shell:Creating environment hook '/home/usernamerahul/agv_ws/install/agv_description/share/agv_description/hook/cmake_prefix_path.sh'
[3.785s] Level 1:colcon.colcon_core.environment:checking '/home/usernamerahul/agv_ws/install/agv_description/bin'
[3.785s] Level 1:colcon.colcon_core.environment:checking '/home/usernamerahul/agv_ws/install/agv_description/lib/pkgconfig/agv_description.pc'
[3.785s] Level 1:colcon.colcon_core.environment:checking '/home/usernamerahul/agv_ws/install/agv_description/lib/python3.12/site-packages'
[3.786s] Level 1:colcon.colcon_core.environment:checking '/home/usernamerahul/agv_ws/install/agv_description/bin'
[3.787s] INFO:colcon.colcon_core.shell:Creating package script '/home/usernamerahul/agv_ws/install/agv_description/share/agv_description/package.ps1'
[3.788s] INFO:colcon.colcon_core.shell:Creating package descriptor '/home/usernamerahul/agv_ws/install/agv_description/share/agv_description/package.dsv'
[3.791s] INFO:colcon.colcon_core.shell:Creating package script '/home/usernamerahul/agv_ws/install/agv_description/share/agv_description/package.sh'
[3.792s] INFO:colcon.colcon_core.shell:Creating package script '/home/usernamerahul/agv_ws/install/agv_description/share/agv_description/package.bash'
[3.793s] INFO:colcon.colcon_core.shell:Creating package script '/home/usernamerahul/agv_ws/install/agv_description/share/agv_description/package.zsh'
[3.793s] Level 1:colcon.colcon_core.environment:create_file_with_runtime_dependencies(/home/usernamerahul/agv_ws/install/agv_description/share/colcon-core/packages/agv_description)
[7.882s] DEBUG:colcon.colcon_core.event_handler.log_command:Invoking command in '/home/usernamerahul/agv_ws/src/agv_vision': PYTHONPATH=/home/usernamerahul/agv_ws/build/agv_vision/prefix_override:/usr/lib/python3/dist-packages/colcon_core/task/python/colcon_distutils_commands:/home/usernamerahul/agv_ws/install/agv_vision/lib/python3.12/site-packages:${PYTHONPATH} /usr/bin/python3 -W ignore:setup.py install is deprecated -W ignore:easy_install command is deprecated setup.py egg_info --egg-base ../../build/agv_vision build --build-base /home/usernamerahul/agv_ws/build/agv_vision/build install --record /home/usernamerahul/agv_ws/build/agv_vision/install.log --single-version-externally-managed install_data
[7.901s] DEBUG:colcon.colcon_core.event_handler.log_command:Invoking command in '/home/usernamerahul/agv_ws/src/agv_navigation': PYTHONPATH=/home/usernamerahul/agv_ws/build/agv_navigation/prefix_override:/usr/lib/python3/dist-packages/colcon_core/task/python/colcon_distutils_commands:/home/usernamerahul/agv_ws/install/agv_navigation/lib/python3.12/site-packages:${PYTHONPATH} /usr/bin/python3 -W ignore:setup.py install is deprecated -W ignore:easy_install command is deprecated setup.py egg_info --egg-base ../../build/agv_navigation build --build-base /home/usernamerahul/agv_ws/build/agv_navigation/build install --record /home/usernamerahul/agv_ws/build/agv_navigation/install.log --single-version-externally-managed install_data
[10.916s] Level 1:colcon.colcon_core.environment:checking '/home/usernamerahul/agv_ws/install/agv_vision' for CMake module files
[10.918s] Level 1:colcon.colcon_core.environment:checking '/home/usernamerahul/agv_ws/install/agv_vision' for CMake config files
[10.920s] Level 1:colcon.colcon_core.environment:checking '/home/usernamerahul/agv_ws/install/agv_vision/lib'
[10.920s] Level 1:colcon.colcon_core.environment:checking '/home/usernamerahul/agv_ws/install/agv_vision/bin'
[10.920s] Level 1:colcon.colcon_core.environment:checking '/home/usernamerahul/agv_ws/install/agv_vision/lib/pkgconfig/agv_vision.pc'
[10.923s] Level 1:colcon.colcon_core.environment:checking '/home/usernamerahul/agv_ws/install/agv_vision/lib/python3.12/site-packages'
[10.924s] DEBUG:colcon.colcon_core.event_handler.log_command:Invoked command in '/home/usernamerahul/agv_ws/src/agv_vision' returned '0': PYTHONPATH=/home/usernamerahul/agv_ws/build/agv_vision/prefix_override:/usr/lib/python3/dist-packages/colcon_core/task/python/colcon_distutils_commands:/home/usernamerahul/agv_ws/install/agv_vision/lib/python3.12/site-packages:${PYTHONPATH} /usr/bin/python3 -W ignore:setup.py install is deprecated -W ignore:easy_install command is deprecated setup.py egg_info --egg-base ../../build/agv_vision build --build-base /home/usernamerahul/agv_ws/build/agv_vision/build install --record /home/usernamerahul/agv_ws/build/agv_vision/install.log --single-version-externally-managed install_data
[10.927s] Level 1:colcon.colcon_core.shell:create_environment_hook('agv_vision', 'pythonpath')
[10.927s] INFO:colcon.colcon_core.shell:Creating environment hook '/home/usernamerahul/agv_ws/install/agv_vision/share/agv_vision/hook/pythonpath.ps1'
[10.939s] INFO:colcon.colcon_core.shell:Creating environment descriptor '/home/usernamerahul/agv_ws/install/agv_vision/share/agv_vision/hook/pythonpath.dsv'
[10.942s] INFO:colcon.colcon_core.shell:Creating environment hook '/home/usernamerahul/agv_ws/install/agv_vision/share/agv_vision/hook/pythonpath.sh'
[10.944s] Level 1:colcon.colcon_core.environment:checking '/home/usernamerahul/agv_ws/install/agv_vision/bin'
[10.945s] Level 1:colcon.colcon_core.environment:create_environment_scripts_only(agv_vision)
[10.946s] INFO:colcon.colcon_core.shell:Creating package script '/home/usernamerahul/agv_ws/install/agv_vision/share/agv_vision/package.ps1'
[10.948s] INFO:colcon.colcon_core.shell:Creating package descriptor '/home/usernamerahul/agv_ws/install/agv_vision/share/agv_vision/package.dsv'
[10.949s] INFO:colcon.colcon_core.shell:Creating package script '/home/usernamerahul/agv_ws/install/agv_vision/share/agv_vision/package.sh'
[10.951s] INFO:colcon.colcon_core.shell:Creating package script '/home/usernamerahul/agv_ws/install/agv_vision/share/agv_vision/package.bash'
[10.952s] INFO:colcon.colcon_core.shell:Creating package script '/home/usernamerahul/agv_ws/install/agv_vision/share/agv_vision/package.zsh'
[10.954s] Level 1:colcon.colcon_core.environment:create_file_with_runtime_dependencies(/home/usernamerahul/agv_ws/install/agv_vision/share/colcon-core/packages/agv_vision)
[11.071s] Level 1:colcon.colcon_core.environment:checking '/home/usernamerahul/agv_ws/install/agv_navigation' for CMake module files
[11.073s] Level 1:colcon.colcon_core.environment:checking '/home/usernamerahul/agv_ws/install/agv_navigation' for CMake config files
[11.076s] DEBUG:colcon.colcon_core.event_handler.log_command:Invoked command in '/home/usernamerahul/agv_ws/src/agv_navigation' returned '0': PYTHONPATH=/home/usernamerahul/agv_ws/build/agv_navigation/prefix_override:/usr/lib/python3/dist-packages/colcon_core/task/python/colcon_distutils_commands:/home/usernamerahul/agv_ws/install/agv_navigation/lib/python3.12/site-packages:${PYTHONPATH} /usr/bin/python3 -W ignore:setup.py install is deprecated -W ignore:easy_install command is deprecated setup.py egg_info --egg-base ../../build/agv_navigation build --build-base /home/usernamerahul/agv_ws/build/agv_navigation/build install --record /home/usernamerahul/agv_ws/build/agv_navigation/install.log --single-version-externally-managed install_data
[11.078s] Level 1:colcon.colcon_core.environment:checking '/home/usernamerahul/agv_ws/install/agv_navigation/lib'
[11.079s] Level 1:colcon.colcon_core.environment:checking '/home/usernamerahul/agv_ws/install/agv_navigation/bin'
[11.079s] Level 1:colcon.colcon_core.environment:checking '/home/usernamerahul/agv_ws/install/agv_navigation/lib/pkgconfig/agv_navigation.pc'
[11.080s] Level 1:colcon.colcon_core.environment:checking '/home/usernamerahul/agv_ws/install/agv_navigation/lib/python3.12/site-packages'
[11.080s] Level 1:colcon.colcon_core.shell:create_environment_hook('agv_navigation', 'pythonpath')
[11.081s] INFO:colcon.colcon_core.shell:Creating environment hook '/home/usernamerahul/agv_ws/install/agv_navigation/share/agv_navigation/hook/pythonpath.ps1'
[11.083s] INFO:colcon.colcon_core.shell:Creating environment descriptor '/home/usernamerahul/agv_ws/install/agv_navigation/share/agv_navigation/hook/pythonpath.dsv'
[11.084s] INFO:colcon.colcon_core.shell:Creating environment hook '/home/usernamerahul/agv_ws/install/agv_navigation/share/agv_navigation/hook/pythonpath.sh'
[11.088s] Level 1:colcon.colcon_core.environment:checking '/home/usernamerahul/agv_ws/install/agv_navigation/bin'
[11.088s] Level 1:colcon.colcon_core.environment:create_environment_scripts_only(agv_navigation)
[11.090s] INFO:colcon.colcon_core.shell:Creating package script '/home/usernamerahul/agv_ws/install/agv_navigation/share/agv_navigation/package.ps1'
[11.093s] INFO:colcon.colcon_core.shell:Creating package descriptor '/home/usernamerahul/agv_ws/install/agv_navigation/share/agv_navigation/package.dsv'
[11.102s] INFO:colcon.colcon_core.shell:Creating package script '/home/usernamerahul/agv_ws/install/agv_navigation/share/agv_navigation/package.sh'
[11.104s] INFO:colcon.colcon_core.shell:Creating package script '/home/usernamerahul/agv_ws/install/agv_navigation/share/agv_navigation/package.bash'
[11.107s] INFO:colcon.colcon_core.shell:Creating package script '/home/usernamerahul/agv_ws/install/agv_navigation/share/agv_navigation/package.zsh'
[11.109s] Level 1:colcon.colcon_core.environment:create_file_with_runtime_dependencies(/home/usernamerahul/agv_ws/install/agv_navigation/share/colcon-core/packages/agv_navigation)
[11.110s] DEBUG:colcon.colcon_parallel_executor.executor.parallel:closing loop
[11.111s] DEBUG:colcon.colcon_parallel_executor.executor.parallel:loop closed
[11.111s] DEBUG:colcon.colcon_parallel_executor.executor.parallel:run_until_complete finished with '0'
[11.111s] DEBUG:colcon.colcon_core.event_reactor:joining thread
[11.460s] INFO:colcon.colcon_core.plugin_system:Skipping extension 'colcon_notification.desktop_notification.notify_send': Could not find 'notify-send'
[11.461s] INFO:colcon.colcon_core.plugin_system:Skipping extension 'colcon_notification.desktop_notification.terminal_notifier': Not used on non-Darwin systems
[11.461s] INFO:colcon.colcon_core.plugin_system:Skipping extension 'colcon_notification.desktop_notification.win32': Not used on non-Windows systems
[11.461s] INFO:colcon.colcon_notification.desktop_notification:Sending desktop notification using 'notify2'
[11.482s] DEBUG:colcon.colcon_notification.desktop_notification.notify2:Failed to initialize notify2: org.freedesktop.DBus.Error.ServiceUnknown: The name org.freedesktop.Notifications was not provided by any .service files
[11.483s] DEBUG:colcon.colcon_core.event_reactor:joined thread
[11.483s] INFO:colcon.colcon_core.shell:Creating prefix script '/home/usernamerahul/agv_ws/install/local_setup.ps1'
[11.487s] INFO:colcon.colcon_core.shell:Creating prefix util module '/home/usernamerahul/agv_ws/install/_local_setup_util_ps1.py'
[11.493s] INFO:colcon.colcon_core.shell:Creating prefix chain script '/home/usernamerahul/agv_ws/install/setup.ps1'
[11.497s] INFO:colcon.colcon_core.shell:Creating prefix script '/home/usernamerahul/agv_ws/install/local_setup.sh'
[11.500s] INFO:colcon.colcon_core.shell:Creating prefix util module '/home/usernamerahul/agv_ws/install/_local_setup_util_sh.py'
[11.502s] INFO:colcon.colcon_core.shell:Creating prefix chain script '/home/usernamerahul/agv_ws/install/setup.sh'
[11.506s] INFO:colcon.colcon_core.shell:Creating prefix script '/home/usernamerahul/agv_ws/install/local_setup.bash'
[11.508s] INFO:colcon.colcon_core.shell:Creating prefix chain script '/home/usernamerahul/agv_ws/install/setup.bash'
[11.512s] INFO:colcon.colcon_core.shell:Creating prefix script '/home/usernamerahul/agv_ws/install/local_setup.zsh'
[11.514s] INFO:colcon.colcon_core.shell:Creating prefix chain script '/home/usernamerahul/agv_ws/install/setup.zsh'
