[1.392s] Invoking command in '/home/usernamerahul/agv_ws/src/agv_navigation': PYTHONPATH=/home/usernamerahul/agv_ws/build/agv_navigation/prefix_override:/usr/lib/python3/dist-packages/colcon_core/task/python/colcon_distutils_commands:/home/usernamerahul/agv_ws/install/agv_navigation/lib/python3.12/site-packages:${PYTHONPATH} /usr/bin/python3 -W ignore:setup.py install is deprecated -W ignore:easy_install command is deprecated setup.py egg_info --egg-base ../../build/agv_navigation build --build-base /home/usernamerahul/agv_ws/build/agv_navigation/build install --record /home/usernamerahul/agv_ws/build/agv_navigation/install.log --single-version-externally-managed install_data
[1.638s] running egg_info
[1.658s] writing ../../build/agv_navigation/agv_navigation.egg-info/PKG-INFO
[1.659s] writing dependency_links to ../../build/agv_navigation/agv_navigation.egg-info/dependency_links.txt
[1.659s] writing entry points to ../../build/agv_navigation/agv_navigation.egg-info/entry_points.txt
[1.660s] writing requirements to ../../build/agv_navigation/agv_navigation.egg-info/requires.txt
[1.660s] writing top-level names to ../../build/agv_navigation/agv_navigation.egg-info/top_level.txt
[1.697s] reading manifest file '../../build/agv_navigation/agv_navigation.egg-info/SOURCES.txt'
[1.699s] writing manifest file '../../build/agv_navigation/agv_navigation.egg-info/SOURCES.txt'
[1.699s] running build
[1.699s] running build_py
[1.699s] running install
[1.705s] running install_lib
[1.722s] running install_data
[1.722s] running install_egg_info
[1.739s] removing '/home/usernamerahul/agv_ws/install/agv_navigation/lib/python3.12/site-packages/agv_navigation-0.0.0-py3.12.egg-info' (and everything under it)
[1.740s] Copying ../../build/agv_navigation/agv_navigation.egg-info to /home/usernamerahul/agv_ws/install/agv_navigation/lib/python3.12/site-packages/agv_navigation-0.0.0-py3.12.egg-info
[1.742s] running install_scripts
[1.861s] Installing graph_visualizer script to /home/usernamerahul/agv_ws/install/agv_navigation/lib/agv_navigation
[1.861s] Installing map_builder script to /home/usernamerahul/agv_ws/install/agv_navigation/lib/agv_navigation
[1.861s] Installing route_runner script to /home/usernamerahul/agv_ws/install/agv_navigation/lib/agv_navigation
[1.862s] Installing tracer script to /home/usernamerahul/agv_ws/install/agv_navigation/lib/agv_navigation
[1.862s] writing list of installed files to '/home/usernamerahul/agv_ws/build/agv_navigation/install.log'
[1.909s] Invoked command in '/home/usernamerahul/agv_ws/src/agv_navigation' returned '0': PYTHONPATH=/home/usernamerahul/agv_ws/build/agv_navigation/prefix_override:/usr/lib/python3/dist-packages/colcon_core/task/python/colcon_distutils_commands:/home/usernamerahul/agv_ws/install/agv_navigation/lib/python3.12/site-packages:${PYTHONPATH} /usr/bin/python3 -W ignore:setup.py install is deprecated -W ignore:easy_install command is deprecated setup.py egg_info --egg-base ../../build/agv_navigation build --build-base /home/usernamerahul/agv_ws/build/agv_navigation/build install --record /home/usernamerahul/agv_ws/build/agv_navigation/install.log --single-version-externally-managed install_data
