[3.686s] Invoking command in '/home/usernamerahul/agv_ws/src/agv_navigation': PYTHONPATH=/home/usernamerahul/agv_ws/build/agv_navigation/prefix_override:/usr/lib/python3/dist-packages/colcon_core/task/python/colcon_distutils_commands:/home/usernamerahul/agv_ws/install/agv_navigation/lib/python3.12/site-packages:${PYTHONPATH} /usr/bin/python3 -W ignore:setup.py install is deprecated -W ignore:easy_install command is deprecated setup.py egg_info --egg-base ../../build/agv_navigation build --build-base /home/usernamerahul/agv_ws/build/agv_navigation/build install --record /home/usernamerahul/agv_ws/build/agv_navigation/install.log --single-version-externally-managed install_data
[4.299s] running egg_info
[4.341s] writing ../../build/agv_navigation/agv_navigation.egg-info/PKG-INFO
[4.342s] writing dependency_links to ../../build/agv_navigation/agv_navigation.egg-info/dependency_links.txt
[4.343s] writing entry points to ../../build/agv_navigation/agv_navigation.egg-info/entry_points.txt
[4.343s] writing requirements to ../../build/agv_navigation/agv_navigation.egg-info/requires.txt
[4.344s] writing top-level names to ../../build/agv_navigation/agv_navigation.egg-info/top_level.txt
[4.424s] reading manifest file '../../build/agv_navigation/agv_navigation.egg-info/SOURCES.txt'
[4.426s] writing manifest file '../../build/agv_navigation/agv_navigation.egg-info/SOURCES.txt'
[4.426s] running build
[4.427s] running build_py
[4.428s] running install
[4.444s] running install_lib
[4.494s] running install_data
[4.495s] running install_egg_info
[4.540s] removing '/home/usernamerahul/agv_ws/install/agv_navigation/lib/python3.12/site-packages/agv_navigation-0.0.0-py3.12.egg-info' (and everything under it)
[4.542s] Copying ../../build/agv_navigation/agv_navigation.egg-info to /home/usernamerahul/agv_ws/install/agv_navigation/lib/python3.12/site-packages/agv_navigation-0.0.0-py3.12.egg-info
[4.545s] running install_scripts
[4.822s] Installing graph_visualizer script to /home/usernamerahul/agv_ws/install/agv_navigation/lib/agv_navigation
[4.824s] Installing map_builder script to /home/usernamerahul/agv_ws/install/agv_navigation/lib/agv_navigation
[4.826s] Installing route_runner script to /home/usernamerahul/agv_ws/install/agv_navigation/lib/agv_navigation
[4.827s] Installing tracer script to /home/usernamerahul/agv_ws/install/agv_navigation/lib/agv_navigation
[4.828s] writing list of installed files to '/home/usernamerahul/agv_ws/build/agv_navigation/install.log'
[4.884s] Invoked command in '/home/usernamerahul/agv_ws/src/agv_navigation' returned '0': PYTHONPATH=/home/usernamerahul/agv_ws/build/agv_navigation/prefix_override:/usr/lib/python3/dist-packages/colcon_core/task/python/colcon_distutils_commands:/home/usernamerahul/agv_ws/install/agv_navigation/lib/python3.12/site-packages:${PYTHONPATH} /usr/bin/python3 -W ignore:setup.py install is deprecated -W ignore:easy_install command is deprecated setup.py egg_info --egg-base ../../build/agv_navigation build --build-base /home/usernamerahul/agv_ws/build/agv_navigation/build install --record /home/usernamerahul/agv_ws/build/agv_navigation/install.log --single-version-externally-managed install_data
