[2.817s] Invoking command in '/home/usernamerahul/agv_ws/src/agv_vision': PYTHONPATH=/home/usernamerahul/agv_ws/build/agv_vision/prefix_override:/usr/lib/python3/dist-packages/colcon_core/task/python/colcon_distutils_commands:/home/usernamerahul/agv_ws/install/agv_vision/lib/python3.12/site-packages:${PYTHONPATH} /usr/bin/python3 -W ignore:setup.py install is deprecated -W ignore:easy_install command is deprecated setup.py egg_info --egg-base ../../build/agv_vision build --build-base /home/usernamerahul/agv_ws/build/agv_vision/build install --record /home/usernamerahul/agv_ws/build/agv_vision/install.log --single-version-externally-managed install_data
[3.339s] running egg_info
[3.371s] writing ../../build/agv_vision/agv_vision.egg-info/PKG-INFO
[3.371s] writing dependency_links to ../../build/agv_vision/agv_vision.egg-info/dependency_links.txt
[3.372s] writing entry points to ../../build/agv_vision/agv_vision.egg-info/entry_points.txt
[3.373s] writing requirements to ../../build/agv_vision/agv_vision.egg-info/requires.txt
[3.374s] writing top-level names to ../../build/agv_vision/agv_vision.egg-info/top_level.txt
[3.450s] reading manifest file '../../build/agv_vision/agv_vision.egg-info/SOURCES.txt'
[3.451s] writing manifest file '../../build/agv_vision/agv_vision.egg-info/SOURCES.txt'
[3.451s] running build
[3.451s] running build_py
[3.452s] running install
[3.463s] running install_lib
[3.501s] running install_data
[3.502s] running install_egg_info
[3.549s] removing '/home/usernamerahul/agv_ws/install/agv_vision/lib/python3.12/site-packages/agv_vision-0.0.0-py3.12.egg-info' (and everything under it)
[3.555s] Copying ../../build/agv_vision/agv_vision.egg-info to /home/usernamerahul/agv_ws/install/agv_vision/lib/python3.12/site-packages/agv_vision-0.0.0-py3.12.egg-info
[3.558s] running install_scripts
[3.930s] Installing detector script to /home/usernamerahul/agv_ws/install/agv_vision/lib/agv_vision
[3.931s] writing list of installed files to '/home/usernamerahul/agv_ws/build/agv_vision/install.log'
[4.026s] Invoked command in '/home/usernamerahul/agv_ws/src/agv_vision' returned '0': PYTHONPATH=/home/usernamerahul/agv_ws/build/agv_vision/prefix_override:/usr/lib/python3/dist-packages/colcon_core/task/python/colcon_distutils_commands:/home/usernamerahul/agv_ws/install/agv_vision/lib/python3.12/site-packages:${PYTHONPATH} /usr/bin/python3 -W ignore:setup.py install is deprecated -W ignore:easy_install command is deprecated setup.py egg_info --egg-base ../../build/agv_vision build --build-base /home/usernamerahul/agv_ws/build/agv_vision/build install --record /home/usernamerahul/agv_ws/build/agv_vision/install.log --single-version-externally-managed install_data
