[3.661s] Invoking command in '/home/usernamerahul/agv_ws/src/agv_navigation': PYTHONPATH=/home/usernamerahul/agv_ws/build/agv_navigation/prefix_override:/usr/lib/python3/dist-packages/colcon_core/task/python/colcon_distutils_commands:/home/usernamerahul/agv_ws/install/agv_navigation/lib/python3.12/site-packages:${PYTHONPATH} /usr/bin/python3 -W ignore:setup.py install is deprecated -W ignore:easy_install command is deprecated setup.py egg_info --egg-base ../../build/agv_navigation build --build-base /home/usernamerahul/agv_ws/build/agv_navigation/build install --record /home/usernamerahul/agv_ws/build/agv_navigation/install.log --single-version-externally-managed install_data
[4.550s] running egg_info
[4.611s] writing ../../build/agv_navigation/agv_navigation.egg-info/PKG-INFO
[4.612s] writing dependency_links to ../../build/agv_navigation/agv_navigation.egg-info/dependency_links.txt
[4.621s] writing entry points to ../../build/agv_navigation/agv_navigation.egg-info/entry_points.txt
[4.621s] writing requirements to ../../build/agv_navigation/agv_navigation.egg-info/requires.txt
[4.621s] writing top-level names to ../../build/agv_navigation/agv_navigation.egg-info/top_level.txt
[4.732s] reading manifest file '../../build/agv_navigation/agv_navigation.egg-info/SOURCES.txt'
[4.733s] writing manifest file '../../build/agv_navigation/agv_navigation.egg-info/SOURCES.txt'
[4.734s] running build
[4.735s] running build_py
[4.738s] running install
[4.759s] running install_lib
[4.830s] running install_data
[4.830s] running install_egg_info
[4.898s] removing '/home/usernamerahul/agv_ws/install/agv_navigation/lib/python3.12/site-packages/agv_navigation-0.0.0-py3.12.egg-info' (and everything under it)
[4.898s] Copying ../../build/agv_navigation/agv_navigation.egg-info to /home/usernamerahul/agv_ws/install/agv_navigation/lib/python3.12/site-packages/agv_navigation-0.0.0-py3.12.egg-info
[4.904s] running install_scripts
[5.429s] Installing graph_visualizer script to /home/usernamerahul/agv_ws/install/agv_navigation/lib/agv_navigation
[5.437s] Installing map_builder script to /home/usernamerahul/agv_ws/install/agv_navigation/lib/agv_navigation
[5.438s] Installing route_runner script to /home/usernamerahul/agv_ws/install/agv_navigation/lib/agv_navigation
[5.438s] Installing tracer script to /home/usernamerahul/agv_ws/install/agv_navigation/lib/agv_navigation
[5.438s] writing list of installed files to '/home/usernamerahul/agv_ws/build/agv_navigation/install.log'
[5.585s] Invoked command in '/home/usernamerahul/agv_ws/src/agv_navigation' returned '0': PYTHONPATH=/home/usernamerahul/agv_ws/build/agv_navigation/prefix_override:/usr/lib/python3/dist-packages/colcon_core/task/python/colcon_distutils_commands:/home/usernamerahul/agv_ws/install/agv_navigation/lib/python3.12/site-packages:${PYTHONPATH} /usr/bin/python3 -W ignore:setup.py install is deprecated -W ignore:easy_install command is deprecated setup.py egg_info --egg-base ../../build/agv_navigation build --build-base /home/usernamerahul/agv_ws/build/agv_navigation/build install --record /home/usernamerahul/agv_ws/build/agv_navigation/install.log --single-version-externally-managed install_data
