[1.021s] DEBUG:colcon:Command line arguments: ['/usr/bin/colcon', 'build', '--packages-select', 'agv_description']
[1.022s] DEBUG:colcon:Parsed command line arguments: Namespace(log_base=None, log_level=None, verb_name='build', build_base='build', install_base='install', merge_install=False, symlink_install=False, test_result_base=None, continue_on_error=False, executor='parallel', parallel_workers=8, event_handlers=None, ignore_user_meta=False, metas=['./colcon.meta'], base_paths=['.'], packages_ignore=None, packages_ignore_regex=None, paths=None, packages_up_to=None, packages_up_to_regex=None, packages_above=None, packages_above_and_dependencies=None, packages_above_depth=None, packages_select_by_dep=None, packages_skip_by_dep=None, packages_skip_up_to=None, packages_select_build_failed=False, packages_skip_build_finished=False, packages_select_test_failures=False, packages_skip_test_passed=False, packages_select=['agv_description'], packages_skip=None, packages_select_regex=None, packages_skip_regex=None, packages_start=None, packages_end=None, allow_overriding=[], cmake_args=None, cmake_target=None, cmake_target_skip_unavailable=False, cmake_clean_cache=False, cmake_clean_first=False, cmake_force_configure=False, ament_cmake_args=None, catkin_cmake_args=None, catkin_skip_building_tests=False, verb_parser=<colcon_defaults.argument_parser.defaults.DefaultArgumentsDecorator object at 0x79eaa3363ad0>, verb_extension=<colcon_core.verb.build.BuildVerb object at 0x79eaa3363080>, main=<bound method BuildVerb.main of <colcon_core.verb.build.BuildVerb object at 0x79eaa3363080>>)
[1.095s] Level 1:colcon.colcon_core.package_discovery:discover_packages(colcon_meta) check parameters
[1.095s] Level 1:colcon.colcon_core.package_discovery:discover_packages(recursive) check parameters
[1.095s] Level 1:colcon.colcon_core.package_discovery:discover_packages(ignore) check parameters
[1.095s] Level 1:colcon.colcon_core.package_discovery:discover_packages(path) check parameters
[1.095s] Level 1:colcon.colcon_core.package_discovery:discover_packages(colcon_meta) discover
[1.095s] Level 1:colcon.colcon_core.package_discovery:discover_packages(recursive) discover
[1.095s] INFO:colcon.colcon_core.package_discovery:Crawling recursively for packages in '/home/usernamerahul/agv_ws'
[1.095s] Level 1:colcon.colcon_core.package_identification:_identify(.) by extensions ['ignore', 'ignore_ament_install']
[1.095s] Level 1:colcon.colcon_core.package_identification:_identify(.) by extension 'ignore'
[1.095s] Level 1:colcon.colcon_core.package_identification:_identify(.) by extension 'ignore_ament_install'
[1.095s] Level 1:colcon.colcon_core.package_identification:_identify(.) by extensions ['colcon_pkg']
[1.096s] Level 1:colcon.colcon_core.package_identification:_identify(.) by extension 'colcon_pkg'
[1.096s] Level 1:colcon.colcon_core.package_identification:_identify(.) by extensions ['colcon_meta']
[1.096s] Level 1:colcon.colcon_core.package_identification:_identify(.) by extension 'colcon_meta'
[1.096s] Level 1:colcon.colcon_core.package_identification:_identify(.) by extensions ['ros']
[1.096s] Level 1:colcon.colcon_core.package_identification:_identify(.) by extension 'ros'
[1.141s] Level 1:colcon.colcon_core.package_identification:_identify(.) by extensions ['cmake', 'python']
[1.141s] Level 1:colcon.colcon_core.package_identification:_identify(.) by extension 'cmake'
[1.141s] Level 1:colcon.colcon_core.package_identification:_identify(.) by extension 'python'
[1.141s] Level 1:colcon.colcon_core.package_identification:_identify(.) by extensions ['python_setup_py']
[1.141s] Level 1:colcon.colcon_core.package_identification:_identify(.) by extension 'python_setup_py'
[1.142s] Level 1:colcon.colcon_core.package_identification:_identify(build) by extensions ['ignore', 'ignore_ament_install']
[1.142s] Level 1:colcon.colcon_core.package_identification:_identify(build) by extension 'ignore'
[1.142s] Level 1:colcon.colcon_core.package_identification:_identify(build) ignored
[1.142s] Level 1:colcon.colcon_core.package_identification:_identify(install) by extensions ['ignore', 'ignore_ament_install']
[1.142s] Level 1:colcon.colcon_core.package_identification:_identify(install) by extension 'ignore'
[1.142s] Level 1:colcon.colcon_core.package_identification:_identify(install) ignored
[1.142s] Level 1:colcon.colcon_core.package_identification:_identify(log) by extensions ['ignore', 'ignore_ament_install']
[1.142s] Level 1:colcon.colcon_core.package_identification:_identify(log) by extension 'ignore'
[1.142s] Level 1:colcon.colcon_core.package_identification:_identify(log) ignored
[1.142s] Level 1:colcon.colcon_core.package_identification:_identify(src) by extensions ['ignore', 'ignore_ament_install']
[1.142s] Level 1:colcon.colcon_core.package_identification:_identify(src) by extension 'ignore'
[1.143s] Level 1:colcon.colcon_core.package_identification:_identify(src) by extension 'ignore_ament_install'
[1.143s] Level 1:colcon.colcon_core.package_identification:_identify(src) by extensions ['colcon_pkg']
[1.143s] Level 1:colcon.colcon_core.package_identification:_identify(src) by extension 'colcon_pkg'
[1.143s] Level 1:colcon.colcon_core.package_identification:_identify(src) by extensions ['colcon_meta']
[1.143s] Level 1:colcon.colcon_core.package_identification:_identify(src) by extension 'colcon_meta'
[1.143s] Level 1:colcon.colcon_core.package_identification:_identify(src) by extensions ['ros']
[1.143s] Level 1:colcon.colcon_core.package_identification:_identify(src) by extension 'ros'
[1.143s] Level 1:colcon.colcon_core.package_identification:_identify(src) by extensions ['cmake', 'python']
[1.143s] Level 1:colcon.colcon_core.package_identification:_identify(src) by extension 'cmake'
[1.143s] Level 1:colcon.colcon_core.package_identification:_identify(src) by extension 'python'
[1.143s] Level 1:colcon.colcon_core.package_identification:_identify(src) by extensions ['python_setup_py']
[1.143s] Level 1:colcon.colcon_core.package_identification:_identify(src) by extension 'python_setup_py'
[1.143s] Level 1:colcon.colcon_core.package_identification:_identify(src/agv_description) by extensions ['ignore', 'ignore_ament_install']
[1.143s] Level 1:colcon.colcon_core.package_identification:_identify(src/agv_description) by extension 'ignore'
[1.143s] Level 1:colcon.colcon_core.package_identification:_identify(src/agv_description) by extension 'ignore_ament_install'
[1.143s] Level 1:colcon.colcon_core.package_identification:_identify(src/agv_description) by extensions ['colcon_pkg']
[1.144s] Level 1:colcon.colcon_core.package_identification:_identify(src/agv_description) by extension 'colcon_pkg'
[1.144s] Level 1:colcon.colcon_core.package_identification:_identify(src/agv_description) by extensions ['colcon_meta']
[1.144s] Level 1:colcon.colcon_core.package_identification:_identify(src/agv_description) by extension 'colcon_meta'
[1.144s] Level 1:colcon.colcon_core.package_identification:_identify(src/agv_description) by extensions ['ros']
[1.144s] Level 1:colcon.colcon_core.package_identification:_identify(src/agv_description) by extension 'ros'
[1.150s] DEBUG:colcon.colcon_core.package_identification:Package 'src/agv_description' with type 'ros.ament_cmake' and name 'agv_description'
[1.150s] Level 1:colcon.colcon_core.package_identification:_identify(src/agv_navigation) by extensions ['ignore', 'ignore_ament_install']
[1.150s] Level 1:colcon.colcon_core.package_identification:_identify(src/agv_navigation) by extension 'ignore'
[1.150s] Level 1:colcon.colcon_core.package_identification:_identify(src/agv_navigation) by extension 'ignore_ament_install'
[1.150s] Level 1:colcon.colcon_core.package_identification:_identify(src/agv_navigation) by extensions ['colcon_pkg']
[1.151s] Level 1:colcon.colcon_core.package_identification:_identify(src/agv_navigation) by extension 'colcon_pkg'
[1.151s] Level 1:colcon.colcon_core.package_identification:_identify(src/agv_navigation) by extensions ['colcon_meta']
[1.151s] Level 1:colcon.colcon_core.package_identification:_identify(src/agv_navigation) by extension 'colcon_meta'
[1.151s] Level 1:colcon.colcon_core.package_identification:_identify(src/agv_navigation) by extensions ['ros']
[1.151s] Level 1:colcon.colcon_core.package_identification:_identify(src/agv_navigation) by extension 'ros'
[1.151s] DEBUG:colcon.colcon_core.package_identification:Package 'src/agv_navigation' with type 'ros.ament_python' and name 'agv_navigation'
[1.152s] Level 1:colcon.colcon_core.package_identification:_identify(src/agv_vision) by extensions ['ignore', 'ignore_ament_install']
[1.152s] Level 1:colcon.colcon_core.package_identification:_identify(src/agv_vision) by extension 'ignore'
[1.152s] Level 1:colcon.colcon_core.package_identification:_identify(src/agv_vision) by extension 'ignore_ament_install'
[1.152s] Level 1:colcon.colcon_core.package_identification:_identify(src/agv_vision) by extensions ['colcon_pkg']
[1.152s] Level 1:colcon.colcon_core.package_identification:_identify(src/agv_vision) by extension 'colcon_pkg'
[1.152s] Level 1:colcon.colcon_core.package_identification:_identify(src/agv_vision) by extensions ['colcon_meta']
[1.152s] Level 1:colcon.colcon_core.package_identification:_identify(src/agv_vision) by extension 'colcon_meta'
[1.152s] Level 1:colcon.colcon_core.package_identification:_identify(src/agv_vision) by extensions ['ros']
[1.152s] Level 1:colcon.colcon_core.package_identification:_identify(src/agv_vision) by extension 'ros'
[1.153s] DEBUG:colcon.colcon_core.package_identification:Package 'src/agv_vision' with type 'ros.ament_python' and name 'agv_vision'
[1.153s] Level 1:colcon.colcon_core.package_discovery:discover_packages(recursive) using defaults
[1.153s] Level 1:colcon.colcon_core.package_discovery:discover_packages(ignore) discover
[1.153s] Level 1:colcon.colcon_core.package_discovery:discover_packages(ignore) using defaults
[1.153s] Level 1:colcon.colcon_core.package_discovery:discover_packages(path) discover
[1.153s] Level 1:colcon.colcon_core.package_discovery:discover_packages(path) using defaults
[1.179s] INFO:colcon.colcon_core.package_selection:Skipping not selected package 'agv_navigation' in 'src/agv_navigation'
[1.179s] INFO:colcon.colcon_core.package_selection:Skipping not selected package 'agv_vision' in 'src/agv_vision'
[1.180s] Level 1:colcon.colcon_core.package_discovery:discover_packages(prefix_path) check parameters
[1.180s] Level 1:colcon.colcon_core.package_discovery:discover_packages(prefix_path) discover
[1.186s] DEBUG:colcon.colcon_installed_package_information.package_discovery:Found 3 installed packages in /home/usernamerahul/agv_ws/install
[1.186s] DEBUG:colcon.colcon_installed_package_information.package_discovery:Found 1 installed packages in /home/usernamerahul/ros2_ws/install
[1.188s] DEBUG:colcon.colcon_installed_package_information.package_discovery:Found 387 installed packages in /opt/ros/jazzy
[1.189s] Level 1:colcon.colcon_core.package_discovery:discover_packages(prefix_path) using defaults
[1.259s] Level 5:colcon.colcon_core.verb:set package 'agv_description' build argument 'cmake_args' from command line to 'None'
[1.259s] Level 5:colcon.colcon_core.verb:set package 'agv_description' build argument 'cmake_target' from command line to 'None'
[1.259s] Level 5:colcon.colcon_core.verb:set package 'agv_description' build argument 'cmake_target_skip_unavailable' from command line to 'False'
[1.259s] Level 5:colcon.colcon_core.verb:set package 'agv_description' build argument 'cmake_clean_cache' from command line to 'False'
[1.259s] Level 5:colcon.colcon_core.verb:set package 'agv_description' build argument 'cmake_clean_first' from command line to 'False'
[1.259s] Level 5:colcon.colcon_core.verb:set package 'agv_description' build argument 'cmake_force_configure' from command line to 'False'
[1.259s] Level 5:colcon.colcon_core.verb:set package 'agv_description' build argument 'ament_cmake_args' from command line to 'None'
[1.259s] Level 5:colcon.colcon_core.verb:set package 'agv_description' build argument 'catkin_cmake_args' from command line to 'None'
[1.259s] Level 5:colcon.colcon_core.verb:set package 'agv_description' build argument 'catkin_skip_building_tests' from command line to 'False'
[1.259s] DEBUG:colcon.colcon_core.verb:Building package 'agv_description' with the following arguments: {'ament_cmake_args': None, 'build_base': '/home/usernamerahul/agv_ws/build/agv_description', 'catkin_cmake_args': None, 'catkin_skip_building_tests': False, 'cmake_args': None, 'cmake_clean_cache': False, 'cmake_clean_first': False, 'cmake_force_configure': False, 'cmake_target': None, 'cmake_target_skip_unavailable': False, 'install_base': '/home/usernamerahul/agv_ws/install/agv_description', 'merge_install': False, 'path': '/home/usernamerahul/agv_ws/src/agv_description', 'symlink_install': False, 'test_result_base': None}
[1.260s] INFO:colcon.colcon_core.executor:Executing jobs using 'parallel' executor
[1.261s] DEBUG:colcon.colcon_parallel_executor.executor.parallel:run_until_complete
[1.261s] INFO:colcon.colcon_ros.task.ament_cmake.build:Building ROS package in '/home/usernamerahul/agv_ws/src/agv_description' with build type 'ament_cmake'
[1.261s] INFO:colcon.colcon_cmake.task.cmake.build:Building CMake package in '/home/usernamerahul/agv_ws/src/agv_description'
[1.267s] INFO:colcon.colcon_core.plugin_system:Skipping extension 'colcon_core.shell.bat': Not used on non-Windows systems
[1.268s] INFO:colcon.colcon_core.shell:Skip shell extension 'powershell' for command environment: Not usable outside of PowerShell
[1.268s] DEBUG:colcon.colcon_core.shell:Skip shell extension 'dsv' for command environment
[1.290s] DEBUG:colcon.colcon_core.event_handler.log_command:Invoking command in '/home/usernamerahul/agv_ws/build/agv_description': CMAKE_PREFIX_PATH=${CMAKE_PREFIX_PATH}:/home/usernamerahul/agv_ws/install/agv_vision:/home/usernamerahul/agv_ws/install/agv_navigation:/home/usernamerahul/ros2_ws/install/my_robot_controller:/opt/ros/jazzy /usr/bin/cmake --build /home/usernamerahul/agv_ws/build/agv_description -- -j8 -l8
[1.425s] DEBUG:colcon.colcon_core.event_handler.log_command:Invoked command in '/home/usernamerahul/agv_ws/build/agv_description' returned '0': CMAKE_PREFIX_PATH=${CMAKE_PREFIX_PATH}:/home/usernamerahul/agv_ws/install/agv_vision:/home/usernamerahul/agv_ws/install/agv_navigation:/home/usernamerahul/ros2_ws/install/my_robot_controller:/opt/ros/jazzy /usr/bin/cmake --build /home/usernamerahul/agv_ws/build/agv_description -- -j8 -l8
[1.443s] DEBUG:colcon.colcon_core.event_handler.log_command:Invoking command in '/home/usernamerahul/agv_ws/build/agv_description': CMAKE_PREFIX_PATH=${CMAKE_PREFIX_PATH}:/home/usernamerahul/agv_ws/install/agv_vision:/home/usernamerahul/agv_ws/install/agv_navigation:/home/usernamerahul/ros2_ws/install/my_robot_controller:/opt/ros/jazzy /usr/bin/cmake --install /home/usernamerahul/agv_ws/build/agv_description
[1.459s] Level 1:colcon.colcon_core.environment:create_environment_scripts_only(agv_description)
[1.460s] DEBUG:colcon.colcon_core.event_handler.log_command:Invoked command in '/home/usernamerahul/agv_ws/build/agv_description' returned '0': CMAKE_PREFIX_PATH=${CMAKE_PREFIX_PATH}:/home/usernamerahul/agv_ws/install/agv_vision:/home/usernamerahul/agv_ws/install/agv_navigation:/home/usernamerahul/ros2_ws/install/my_robot_controller:/opt/ros/jazzy /usr/bin/cmake --install /home/usernamerahul/agv_ws/build/agv_description
[1.465s] Level 1:colcon.colcon_core.environment:checking '/home/usernamerahul/agv_ws/install/agv_description' for CMake module files
[1.466s] Level 1:colcon.colcon_core.environment:checking '/home/usernamerahul/agv_ws/install/agv_description' for CMake config files
[1.467s] Level 1:colcon.colcon_core.shell:create_environment_hook('agv_description', 'cmake_prefix_path')
[1.467s] INFO:colcon.colcon_core.shell:Creating environment hook '/home/usernamerahul/agv_ws/install/agv_description/share/agv_description/hook/cmake_prefix_path.ps1'
[1.468s] INFO:colcon.colcon_core.shell:Creating environment descriptor '/home/usernamerahul/agv_ws/install/agv_description/share/agv_description/hook/cmake_prefix_path.dsv'
[1.468s] INFO:colcon.colcon_core.shell:Creating environment hook '/home/usernamerahul/agv_ws/install/agv_description/share/agv_description/hook/cmake_prefix_path.sh'
[1.469s] Level 1:colcon.colcon_core.environment:checking '/home/usernamerahul/agv_ws/install/agv_description/bin'
[1.469s] Level 1:colcon.colcon_core.environment:checking '/home/usernamerahul/agv_ws/install/agv_description/lib/pkgconfig/agv_description.pc'
[1.470s] Level 1:colcon.colcon_core.environment:checking '/home/usernamerahul/agv_ws/install/agv_description/lib/python3.12/site-packages'
[1.470s] Level 1:colcon.colcon_core.environment:checking '/home/usernamerahul/agv_ws/install/agv_description/bin'
[1.470s] INFO:colcon.colcon_core.shell:Creating package script '/home/usernamerahul/agv_ws/install/agv_description/share/agv_description/package.ps1'
[1.471s] INFO:colcon.colcon_core.shell:Creating package descriptor '/home/usernamerahul/agv_ws/install/agv_description/share/agv_description/package.dsv'
[1.472s] INFO:colcon.colcon_core.shell:Creating package script '/home/usernamerahul/agv_ws/install/agv_description/share/agv_description/package.sh'
[1.473s] INFO:colcon.colcon_core.shell:Creating package script '/home/usernamerahul/agv_ws/install/agv_description/share/agv_description/package.bash'
[1.474s] INFO:colcon.colcon_core.shell:Creating package script '/home/usernamerahul/agv_ws/install/agv_description/share/agv_description/package.zsh'
[1.475s] Level 1:colcon.colcon_core.environment:create_file_with_runtime_dependencies(/home/usernamerahul/agv_ws/install/agv_description/share/colcon-core/packages/agv_description)
[1.476s] Level 1:colcon.colcon_core.environment:create_environment_scripts_only(agv_description)
[1.476s] Level 1:colcon.colcon_core.environment:checking '/home/usernamerahul/agv_ws/install/agv_description' for CMake module files
[1.477s] Level 1:colcon.colcon_core.environment:checking '/home/usernamerahul/agv_ws/install/agv_description' for CMake config files
[1.477s] Level 1:colcon.colcon_core.shell:create_environment_hook('agv_description', 'cmake_prefix_path')
[1.477s] INFO:colcon.colcon_core.shell:Creating environment hook '/home/usernamerahul/agv_ws/install/agv_description/share/agv_description/hook/cmake_prefix_path.ps1'
[1.478s] INFO:colcon.colcon_core.shell:Creating environment descriptor '/home/usernamerahul/agv_ws/install/agv_description/share/agv_description/hook/cmake_prefix_path.dsv'
[1.478s] INFO:colcon.colcon_core.shell:Creating environment hook '/home/usernamerahul/agv_ws/install/agv_description/share/agv_description/hook/cmake_prefix_path.sh'
[1.479s] Level 1:colcon.colcon_core.environment:checking '/home/usernamerahul/agv_ws/install/agv_description/bin'
[1.479s] Level 1:colcon.colcon_core.environment:checking '/home/usernamerahul/agv_ws/install/agv_description/lib/pkgconfig/agv_description.pc'
[1.479s] Level 1:colcon.colcon_core.environment:checking '/home/usernamerahul/agv_ws/install/agv_description/lib/python3.12/site-packages'
[1.479s] Level 1:colcon.colcon_core.environment:checking '/home/usernamerahul/agv_ws/install/agv_description/bin'
[1.480s] INFO:colcon.colcon_core.shell:Creating package script '/home/usernamerahul/agv_ws/install/agv_description/share/agv_description/package.ps1'
[1.480s] INFO:colcon.colcon_core.shell:Creating package descriptor '/home/usernamerahul/agv_ws/install/agv_description/share/agv_description/package.dsv'
[1.481s] INFO:colcon.colcon_core.shell:Creating package script '/home/usernamerahul/agv_ws/install/agv_description/share/agv_description/package.sh'
[1.481s] INFO:colcon.colcon_core.shell:Creating package script '/home/usernamerahul/agv_ws/install/agv_description/share/agv_description/package.bash'
[1.481s] INFO:colcon.colcon_core.shell:Creating package script '/home/usernamerahul/agv_ws/install/agv_description/share/agv_description/package.zsh'
[1.482s] Level 1:colcon.colcon_core.environment:create_file_with_runtime_dependencies(/home/usernamerahul/agv_ws/install/agv_description/share/colcon-core/packages/agv_description)
[1.482s] DEBUG:colcon.colcon_parallel_executor.executor.parallel:closing loop
[1.482s] DEBUG:colcon.colcon_parallel_executor.executor.parallel:loop closed
[1.483s] DEBUG:colcon.colcon_parallel_executor.executor.parallel:run_until_complete finished with '0'
[1.483s] DEBUG:colcon.colcon_core.event_reactor:joining thread
[1.571s] INFO:colcon.colcon_core.plugin_system:Skipping extension 'colcon_notification.desktop_notification.notify_send': Could not find 'notify-send'
[1.572s] INFO:colcon.colcon_core.plugin_system:Skipping extension 'colcon_notification.desktop_notification.terminal_notifier': Not used on non-Darwin systems
[1.572s] INFO:colcon.colcon_core.plugin_system:Skipping extension 'colcon_notification.desktop_notification.win32': Not used on non-Windows systems
[1.572s] INFO:colcon.colcon_notification.desktop_notification:Sending desktop notification using 'notify2'
[1.576s] DEBUG:colcon.colcon_notification.desktop_notification.notify2:Failed to initialize notify2: org.freedesktop.DBus.Error.ServiceUnknown: The name org.freedesktop.Notifications was not provided by any .service files
[1.576s] DEBUG:colcon.colcon_core.event_reactor:joined thread
[1.576s] INFO:colcon.colcon_core.shell:Creating prefix script '/home/usernamerahul/agv_ws/install/local_setup.ps1'
[1.578s] INFO:colcon.colcon_core.shell:Creating prefix util module '/home/usernamerahul/agv_ws/install/_local_setup_util_ps1.py'
[1.580s] INFO:colcon.colcon_core.shell:Creating prefix chain script '/home/usernamerahul/agv_ws/install/setup.ps1'
[1.581s] INFO:colcon.colcon_core.shell:Creating prefix script '/home/usernamerahul/agv_ws/install/local_setup.sh'
[1.582s] INFO:colcon.colcon_core.shell:Creating prefix util module '/home/usernamerahul/agv_ws/install/_local_setup_util_sh.py'
[1.582s] INFO:colcon.colcon_core.shell:Creating prefix chain script '/home/usernamerahul/agv_ws/install/setup.sh'
[1.584s] INFO:colcon.colcon_core.shell:Creating prefix script '/home/usernamerahul/agv_ws/install/local_setup.bash'
[1.585s] INFO:colcon.colcon_core.shell:Creating prefix chain script '/home/usernamerahul/agv_ws/install/setup.bash'
[1.586s] INFO:colcon.colcon_core.shell:Creating prefix script '/home/usernamerahul/agv_ws/install/local_setup.zsh'
[1.587s] INFO:colcon.colcon_core.shell:Creating prefix chain script '/home/usernamerahul/agv_ws/install/setup.zsh'
