[0.681s] Invoking command in '/home/usernamerahul/agv_ws/build/multirobot_map_merge': CMAKE_PREFIX_PATH=${CMAKE_PREFIX_PATH}:/home/usernamerahul/agv_ws/install/agv_vision:/home/usernamerahul/agv_ws/install/agv_navigation:/home/usernamerahul/ros2_ws/install/my_robot_controller:/opt/ros/jazzy /usr/bin/cmake --build /home/usernamerahul/agv_ws/build/multirobot_map_merge -- -j8 -l8
[0.891s] [ 16%] Built target gtest_main
[0.892s] [ 33%] Built target gtest
[0.964s] [ 66%] Built target combine_grids
[1.050s] [ 83%] Built target test_merging_pipeline
[1.161s] [100%] Built target map_merge
[1.182s] Invoked command in '/home/usernamerahul/agv_ws/build/multirobot_map_merge' returned '0': CMAKE_PREFIX_PATH=${CMAKE_PREFIX_PATH}:/home/usernamerahul/agv_ws/install/agv_vision:/home/usernamerahul/agv_ws/install/agv_navigation:/home/usernamerahul/ros2_ws/install/my_robot_controller:/opt/ros/jazzy /usr/bin/cmake --build /home/usernamerahul/agv_ws/build/multirobot_map_merge -- -j8 -l8
[1.187s] Invoking command in '/home/usernamerahul/agv_ws/build/multirobot_map_merge': CMAKE_PREFIX_PATH=${CMAKE_PREFIX_PATH}:/home/usernamerahul/agv_ws/install/agv_vision:/home/usernamerahul/agv_ws/install/agv_navigation:/home/usernamerahul/ros2_ws/install/my_robot_controller:/opt/ros/jazzy /usr/bin/cmake --install /home/usernamerahul/agv_ws/build/multirobot_map_merge
[1.201s] -- Install configuration: ""
[1.202s] -- Up-to-date: /home/usernamerahul/agv_ws/install/multirobot_map_merge/include/map_merge/
[1.202s] -- Up-to-date: /home/usernamerahul/agv_ws/install/multirobot_map_merge/include/map_merge//ros1_names.hpp
[1.203s] -- Up-to-date: /home/usernamerahul/agv_ws/install/multirobot_map_merge/include/map_merge//map_merge.h
[1.204s] -- Up-to-date: /home/usernamerahul/agv_ws/install/multirobot_map_merge/share/multirobot_map_merge/launch
[1.204s] -- Up-to-date: /home/usernamerahul/agv_ws/install/multirobot_map_merge/share/multirobot_map_merge/launch/map_merge.rviz
[1.204s] -- Up-to-date: /home/usernamerahul/agv_ws/install/multirobot_map_merge/share/multirobot_map_merge/launch/map_merge.launch.py
[1.204s] -- Up-to-date: /home/usernamerahul/agv_ws/install/multirobot_map_merge/share/multirobot_map_merge/launch/tb3_simulation
[1.205s] -- Up-to-date: /home/usernamerahul/agv_ws/install/multirobot_map_merge/share/multirobot_map_merge/launch/tb3_simulation/tb3_simulation_launch.py
[1.205s] -- Up-to-date: /home/usernamerahul/agv_ws/install/multirobot_map_merge/share/multirobot_map_merge/launch/tb3_simulation/bringup_launch.py
[1.205s] -- Up-to-date: /home/usernamerahul/agv_ws/install/multirobot_map_merge/share/multirobot_map_merge/launch/tb3_simulation/config
[1.205s] -- Up-to-date: /home/usernamerahul/agv_ws/install/multirobot_map_merge/share/multirobot_map_merge/launch/tb3_simulation/config/nav2_multirobot_params_1.yaml
[1.205s] -- Up-to-date: /home/usernamerahul/agv_ws/install/multirobot_map_merge/share/multirobot_map_merge/launch/tb3_simulation/config/nav2_multirobot_params_2.yaml
[1.205s] -- Up-to-date: /home/usernamerahul/agv_ws/install/multirobot_map_merge/share/multirobot_map_merge/launch/tb3_simulation/worlds
[1.206s] -- Up-to-date: /home/usernamerahul/agv_ws/install/multirobot_map_merge/share/multirobot_map_merge/launch/tb3_simulation/worlds/world_only.model
[1.206s] -- Up-to-date: /home/usernamerahul/agv_ws/install/multirobot_map_merge/share/multirobot_map_merge/launch/tb3_simulation/multi_tb3_simulation_launch.py
[1.206s] -- Up-to-date: /home/usernamerahul/agv_ws/install/multirobot_map_merge/share/multirobot_map_merge/launch/tb3_simulation/slam_toolbox.py
[1.207s] -- Up-to-date: /home/usernamerahul/agv_ws/install/multirobot_map_merge/share/multirobot_map_merge/launch/from_map_server.launch.py
[1.207s] -- Up-to-date: /home/usernamerahul/agv_ws/install/multirobot_map_merge/share/multirobot_map_merge/config
[1.207s] -- Up-to-date: /home/usernamerahul/agv_ws/install/multirobot_map_merge/share/multirobot_map_merge/config/params.yaml
[1.207s] -- Up-to-date: /home/usernamerahul/agv_ws/install/multirobot_map_merge/lib/libcombine_grids.a
[1.207s] -- Up-to-date: /home/usernamerahul/agv_ws/install/multirobot_map_merge/lib/multirobot_map_merge/map_merge
[1.207s] -- Up-to-date: /home/usernamerahul/agv_ws/install/multirobot_map_merge/share/multirobot_map_merge/environment/library_path.sh
[1.208s] -- Up-to-date: /home/usernamerahul/agv_ws/install/multirobot_map_merge/share/multirobot_map_merge/environment/library_path.dsv
[1.208s] -- Up-to-date: /home/usernamerahul/agv_ws/install/multirobot_map_merge/share/ament_index/resource_index/package_run_dependencies/multirobot_map_merge
[1.208s] -- Up-to-date: /home/usernamerahul/agv_ws/install/multirobot_map_merge/share/ament_index/resource_index/parent_prefix_path/multirobot_map_merge
[1.209s] -- Up-to-date: /home/usernamerahul/agv_ws/install/multirobot_map_merge/share/multirobot_map_merge/environment/ament_prefix_path.sh
[1.209s] -- Up-to-date: /home/usernamerahul/agv_ws/install/multirobot_map_merge/share/multirobot_map_merge/environment/ament_prefix_path.dsv
[1.209s] -- Up-to-date: /home/usernamerahul/agv_ws/install/multirobot_map_merge/share/multirobot_map_merge/environment/path.sh
[1.210s] -- Up-to-date: /home/usernamerahul/agv_ws/install/multirobot_map_merge/share/multirobot_map_merge/environment/path.dsv
[1.210s] -- Up-to-date: /home/usernamerahul/agv_ws/install/multirobot_map_merge/share/multirobot_map_merge/local_setup.bash
[1.210s] -- Up-to-date: /home/usernamerahul/agv_ws/install/multirobot_map_merge/share/multirobot_map_merge/local_setup.sh
[1.210s] -- Up-to-date: /home/usernamerahul/agv_ws/install/multirobot_map_merge/share/multirobot_map_merge/local_setup.zsh
[1.210s] -- Up-to-date: /home/usernamerahul/agv_ws/install/multirobot_map_merge/share/multirobot_map_merge/local_setup.dsv
[1.210s] -- Installing: /home/usernamerahul/agv_ws/install/multirobot_map_merge/share/multirobot_map_merge/package.dsv
[1.210s] -- Up-to-date: /home/usernamerahul/agv_ws/install/multirobot_map_merge/share/ament_index/resource_index/packages/multirobot_map_merge
[1.211s] -- Up-to-date: /home/usernamerahul/agv_ws/install/multirobot_map_merge/share/multirobot_map_merge/cmake/ament_cmake_export_include_directories-extras.cmake
[1.211s] -- Up-to-date: /home/usernamerahul/agv_ws/install/multirobot_map_merge/share/multirobot_map_merge/cmake/ament_cmake_export_libraries-extras.cmake
[1.211s] -- Up-to-date: /home/usernamerahul/agv_ws/install/multirobot_map_merge/share/multirobot_map_merge/cmake/multirobot_map_mergeConfig.cmake
[1.211s] -- Up-to-date: /home/usernamerahul/agv_ws/install/multirobot_map_merge/share/multirobot_map_merge/cmake/multirobot_map_mergeConfig-version.cmake
[1.211s] -- Up-to-date: /home/usernamerahul/agv_ws/install/multirobot_map_merge/share/multirobot_map_merge/package.xml
[1.216s] Invoked command in '/home/usernamerahul/agv_ws/build/multirobot_map_merge' returned '0': CMAKE_PREFIX_PATH=${CMAKE_PREFIX_PATH}:/home/usernamerahul/agv_ws/install/agv_vision:/home/usernamerahul/agv_ws/install/agv_navigation:/home/usernamerahul/ros2_ws/install/my_robot_controller:/opt/ros/jazzy /usr/bin/cmake --install /home/usernamerahul/agv_ws/build/multirobot_map_merge
