[0.019s] Invoking command in '/home/usernamerahul/agv_ws/build/agv_description': CMAKE_PREFIX_PATH=${CMAKE_PREFIX_PATH}:/home/usernamerahul/ros2_ws/install/my_robot_controller:/opt/ros/jazzy /usr/bin/cmake --build /home/usernamerahul/agv_ws/build/agv_description -- -j8 -l8
[0.105s] -- Found ament_cmake: 2.5.4 (/opt/ros/jazzy/share/ament_cmake/cmake)
[0.375s] -- Found ament_lint_auto: 0.17.3 (/opt/ros/jazzy/share/ament_lint_auto/cmake)
[0.497s] -- Added test 'flake8' to check Python code syntax and style conventions
[0.497s] -- Configured 'flake8' exclude dirs and/or files: 
[0.501s] -- Added test 'lint_cmake' to check CMake code style
[0.502s] -- Added test 'pep257' to check Python code against some of the docstring style conventions in PEP 257
[0.504s] -- Added test 'xmllint' to check XML markup files
[0.506s] -- Configuring done (0.4s)
[0.516s] -- Generating done (0.0s)
[0.519s] -- Build files have been written to: /home/usernamerahul/agv_ws/build/agv_description
[0.548s] Invoked command in '/home/usernamerahul/agv_ws/build/agv_description' returned '0': CMAKE_PREFIX_PATH=${CMAKE_PREFIX_PATH}:/home/usernamerahul/ros2_ws/install/my_robot_controller:/opt/ros/jazzy /usr/bin/cmake --build /home/usernamerahul/agv_ws/build/agv_description -- -j8 -l8
[0.559s] Invoking command in '/home/usernamerahul/agv_ws/build/agv_description': CMAKE_PREFIX_PATH=${CMAKE_PREFIX_PATH}:/home/usernamerahul/ros2_ws/install/my_robot_controller:/opt/ros/jazzy /usr/bin/cmake --install /home/usernamerahul/agv_ws/build/agv_description
[0.568s] -- Install configuration: ""
[0.568s] -- Installing: /home/usernamerahul/agv_ws/install/agv_description/share/agv_description/launch
[0.568s] -- Installing: /home/usernamerahul/agv_ws/install/agv_description/share/agv_description/launch/__pycache__
[0.568s] -- Installing: /home/usernamerahul/agv_ws/install/agv_description/share/agv_description/launch/__pycache__/master_launch.cpython-312.pyc
[0.570s] -- Installing: /home/usernamerahul/agv_ws/install/agv_description/share/agv_description/launch/__pycache__/slam_launch.cpython-312.pyc
[0.570s] -- Installing: /home/usernamerahul/agv_ws/install/agv_description/share/agv_description/launch/slam_launch.py
[0.571s] -- Installing: /home/usernamerahul/agv_ws/install/agv_description/share/agv_description/launch/slam_diagnostics.py
[0.571s] -- Installing: /home/usernamerahul/agv_ws/install/agv_description/share/agv_description/launch/master_launch.py
[0.572s] -- Installing: /home/usernamerahul/agv_ws/install/agv_description/share/agv_description/urdf
[0.572s] -- Installing: /home/usernamerahul/agv_ws/install/agv_description/share/agv_description/urdf/agv.urdf
[0.572s] -- Installing: /home/usernamerahul/agv_ws/install/agv_description/share/agv_description/worlds
[0.573s] -- Installing: /home/usernamerahul/agv_ws/install/agv_description/share/agv_description/worlds/warehouse.sdf
[0.573s] -- Installing: /home/usernamerahul/agv_ws/install/agv_description/share/agv_description/config
[0.574s] -- Installing: /home/usernamerahul/agv_ws/install/agv_description/share/agv_description/config/bridge.yaml
[0.574s] -- Installing: /home/usernamerahul/agv_ws/install/agv_description/share/agv_description/config/ekf.yaml
[0.574s] -- Installing: /home/usernamerahul/agv_ws/install/agv_description/share/agv_description/config/agv.rviz
[0.576s] -- Installing: /home/usernamerahul/agv_ws/install/agv_description/share/agv_description/config/mapper_params.yaml
[0.577s] -- Installing: /home/usernamerahul/agv_ws/install/agv_description/share/ament_index/resource_index/package_run_dependencies/agv_description
[0.577s] -- Up-to-date: /home/usernamerahul/agv_ws/install/agv_description/share/ament_index/resource_index/parent_prefix_path/agv_description
[0.577s] -- Up-to-date: /home/usernamerahul/agv_ws/install/agv_description/share/agv_description/environment/ament_prefix_path.sh
[0.578s] -- Up-to-date: /home/usernamerahul/agv_ws/install/agv_description/share/agv_description/environment/ament_prefix_path.dsv
[0.578s] -- Up-to-date: /home/usernamerahul/agv_ws/install/agv_description/share/agv_description/environment/path.sh
[0.578s] -- Up-to-date: /home/usernamerahul/agv_ws/install/agv_description/share/agv_description/environment/path.dsv
[0.578s] -- Up-to-date: /home/usernamerahul/agv_ws/install/agv_description/share/agv_description/local_setup.bash
[0.578s] -- Up-to-date: /home/usernamerahul/agv_ws/install/agv_description/share/agv_description/local_setup.sh
[0.578s] -- Up-to-date: /home/usernamerahul/agv_ws/install/agv_description/share/agv_description/local_setup.zsh
[0.578s] -- Up-to-date: /home/usernamerahul/agv_ws/install/agv_description/share/agv_description/local_setup.dsv
[0.578s] -- Installing: /home/usernamerahul/agv_ws/install/agv_description/share/agv_description/package.dsv
[0.578s] -- Up-to-date: /home/usernamerahul/agv_ws/install/agv_description/share/ament_index/resource_index/packages/agv_description
[0.578s] -- Up-to-date: /home/usernamerahul/agv_ws/install/agv_description/share/agv_description/cmake/agv_descriptionConfig.cmake
[0.578s] -- Up-to-date: /home/usernamerahul/agv_ws/install/agv_description/share/agv_description/cmake/agv_descriptionConfig-version.cmake
[0.578s] -- Installing: /home/usernamerahul/agv_ws/install/agv_description/share/agv_description/package.xml
[0.581s] Invoked command in '/home/usernamerahul/agv_ws/build/agv_description' returned '0': CMAKE_PREFIX_PATH=${CMAKE_PREFIX_PATH}:/home/usernamerahul/ros2_ws/install/my_robot_controller:/opt/ros/jazzy /usr/bin/cmake --install /home/usernamerahul/agv_ws/build/agv_description
