[1.547s] Invoking command in '/home/usernamerahul/agv_ws/src/agv_vision': PYTHONPATH=/home/usernamerahul/agv_ws/build/agv_vision/prefix_override:/usr/lib/python3/dist-packages/colcon_core/task/python/colcon_distutils_commands:/home/usernamerahul/agv_ws/install/agv_vision/lib/python3.12/site-packages:${PYTHONPATH} /usr/bin/python3 -W ignore:setup.py install is deprecated -W ignore:easy_install command is deprecated setup.py egg_info --egg-base ../../build/agv_vision build --build-base /home/usernamerahul/agv_ws/build/agv_vision/build install --record /home/usernamerahul/agv_ws/build/agv_vision/install.log --single-version-externally-managed install_data
[1.810s] running egg_info
[1.837s] writing ../../build/agv_vision/agv_vision.egg-info/PKG-INFO
[1.838s] writing dependency_links to ../../build/agv_vision/agv_vision.egg-info/dependency_links.txt
[1.838s] writing entry points to ../../build/agv_vision/agv_vision.egg-info/entry_points.txt
[1.838s] writing requirements to ../../build/agv_vision/agv_vision.egg-info/requires.txt
[1.839s] writing top-level names to ../../build/agv_vision/agv_vision.egg-info/top_level.txt
[1.879s] reading manifest file '../../build/agv_vision/agv_vision.egg-info/SOURCES.txt'
[1.880s] writing manifest file '../../build/agv_vision/agv_vision.egg-info/SOURCES.txt'
[1.880s] running build
[1.880s] running build_py
[1.882s] running install
[1.888s] running install_lib
[1.916s] running install_data
[1.916s] running install_egg_info
[1.938s] removing '/home/usernamerahul/agv_ws/install/agv_vision/lib/python3.12/site-packages/agv_vision-0.0.0-py3.12.egg-info' (and everything under it)
[1.939s] Copying ../../build/agv_vision/agv_vision.egg-info to /home/usernamerahul/agv_ws/install/agv_vision/lib/python3.12/site-packages/agv_vision-0.0.0-py3.12.egg-info
[1.940s] running install_scripts
[2.106s] Installing detector script to /home/usernamerahul/agv_ws/install/agv_vision/lib/agv_vision
[2.106s] writing list of installed files to '/home/usernamerahul/agv_ws/build/agv_vision/install.log'
[2.174s] Invoked command in '/home/usernamerahul/agv_ws/src/agv_vision' returned '0': PYTHONPATH=/home/usernamerahul/agv_ws/build/agv_vision/prefix_override:/usr/lib/python3/dist-packages/colcon_core/task/python/colcon_distutils_commands:/home/usernamerahul/agv_ws/install/agv_vision/lib/python3.12/site-packages:${PYTHONPATH} /usr/bin/python3 -W ignore:setup.py install is deprecated -W ignore:easy_install command is deprecated setup.py egg_info --egg-base ../../build/agv_vision build --build-base /home/usernamerahul/agv_ws/build/agv_vision/build install --record /home/usernamerahul/agv_ws/build/agv_vision/install.log --single-version-externally-managed install_data
