-- Install configuration: ""
-- Up-to-date: /home/usernamerahul/agv_ws/install/agv_description/share/agv_description/launch
-- Up-to-date: /home/usernamerahul/agv_ws/install/agv_description/share/agv_description/launch/__pycache__
-- Up-to-date: /home/usernamerahul/agv_ws/install/agv_description/share/agv_description/launch/__pycache__/master_launch.cpython-312.pyc
-- Up-to-date: /home/usernamerahul/agv_ws/install/agv_description/share/agv_description/launch/__pycache__/slam_launch.cpython-312.pyc
-- Up-to-date: /home/usernamerahul/agv_ws/install/agv_description/share/agv_description/launch/gazebo.launch.py
-- Up-to-date: /home/usernamerahul/agv_ws/install/agv_description/share/agv_description/launch/slam_launch.py
-- Up-to-date: /home/usernamerahul/agv_ws/install/agv_description/share/agv_description/launch/display.launch.py
-- Up-to-date: /home/usernamerahul/agv_ws/install/agv_description/share/agv_description/urdf
-- Up-to-date: /home/usernamerahul/agv_ws/install/agv_description/share/agv_description/urdf/warehouse_agv.urdf
-- Up-to-date: /home/usernamerahul/agv_ws/install/agv_description/share/agv_description/worlds
-- Up-to-date: /home/usernamerahul/agv_ws/install/agv_description/share/agv_description/worlds/warehouse.world
-- Up-to-date: /home/usernamerahul/agv_ws/install/agv_description/share/agv_description/config
-- Up-to-date: /home/usernamerahul/agv_ws/install/agv_description/share/agv_description/config/bridge.yaml
-- Up-to-date: /home/usernamerahul/agv_ws/install/agv_description/share/agv_description/config/agv.rviz
-- Up-to-date: /home/usernamerahul/agv_ws/install/agv_description/share/agv_description/config/mapper_params.yaml
-- Up-to-date: /home/usernamerahul/agv_ws/install/agv_description/share/ament_index/resource_index/package_run_dependencies/agv_description
-- Up-to-date: /home/usernamerahul/agv_ws/install/agv_description/share/ament_index/resource_index/parent_prefix_path/agv_description
-- Up-to-date: /home/usernamerahul/agv_ws/install/agv_description/share/agv_description/environment/ament_prefix_path.sh
-- Up-to-date: /home/usernamerahul/agv_ws/install/agv_description/share/agv_description/environment/ament_prefix_path.dsv
-- Up-to-date: /home/usernamerahul/agv_ws/install/agv_description/share/agv_description/environment/path.sh
-- Up-to-date: /home/usernamerahul/agv_ws/install/agv_description/share/agv_description/environment/path.dsv
-- Up-to-date: /home/usernamerahul/agv_ws/install/agv_description/share/agv_description/local_setup.bash
-- Up-to-date: /home/usernamerahul/agv_ws/install/agv_description/share/agv_description/local_setup.sh
-- Up-to-date: /home/usernamerahul/agv_ws/install/agv_description/share/agv_description/local_setup.zsh
-- Up-to-date: /home/usernamerahul/agv_ws/install/agv_description/share/agv_description/local_setup.dsv
-- Installing: /home/usernamerahul/agv_ws/install/agv_description/share/agv_description/package.dsv
-- Up-to-date: /home/usernamerahul/agv_ws/install/agv_description/share/ament_index/resource_index/packages/agv_description
-- Up-to-date: /home/usernamerahul/agv_ws/install/agv_description/share/agv_description/cmake/agv_descriptionConfig.cmake
-- Up-to-date: /home/usernamerahul/agv_ws/install/agv_description/share/agv_description/cmake/agv_descriptionConfig-version.cmake
-- Up-to-date: /home/usernamerahul/agv_ws/install/agv_description/share/agv_description/package.xml
