[4.798s] Invoking command in '/home/usernamerahul/agv_ws/src/agv_navigation': PYTHONPATH=/home/usernamerahul/agv_ws/build/agv_navigation/prefix_override:/usr/lib/python3/dist-packages/colcon_core/task/python/colcon_distutils_commands:/home/usernamerahul/agv_ws/install/agv_navigation/lib/python3.12/site-packages:${PYTHONPATH} /usr/bin/python3 -W ignore:setup.py install is deprecated -W ignore:easy_install command is deprecated setup.py egg_info --egg-base ../../build/agv_navigation build --build-base /home/usernamerahul/agv_ws/build/agv_navigation/build install --record /home/usernamerahul/agv_ws/build/agv_navigation/install.log --single-version-externally-managed install_data
[6.415s] running egg_info
[6.552s] writing ../../build/agv_navigation/agv_navigation.egg-info/PKG-INFO
[6.553s] writing dependency_links to ../../build/agv_navigation/agv_navigation.egg-info/dependency_links.txt
[6.553s] writing entry points to ../../build/agv_navigation/agv_navigation.egg-info/entry_points.txt
[6.554s] writing requirements to ../../build/agv_navigation/agv_navigation.egg-info/requires.txt
[6.565s] writing top-level names to ../../build/agv_navigation/agv_navigation.egg-info/top_level.txt
[6.801s] reading manifest file '../../build/agv_navigation/agv_navigation.egg-info/SOURCES.txt'
[6.804s] writing manifest file '../../build/agv_navigation/agv_navigation.egg-info/SOURCES.txt'
[6.805s] running build
[6.805s] running build_py
[6.812s] copying agv_navigation/route_runner.py -> /home/usernamerahul/agv_ws/build/agv_navigation/build/lib/agv_navigation
[6.817s] running install
[6.841s] running install_lib
[6.943s] copying /home/usernamerahul/agv_ws/build/agv_navigation/build/lib/agv_navigation/route_runner.py -> /home/usernamerahul/agv_ws/install/agv_navigation/lib/python3.12/site-packages/agv_navigation
[6.945s] byte-compiling /home/usernamerahul/agv_ws/install/agv_navigation/lib/python3.12/site-packages/agv_navigation/route_runner.py to route_runner.cpython-312.pyc
[6.951s] running install_data
[6.951s] running install_egg_info
[7.110s] removing '/home/usernamerahul/agv_ws/install/agv_navigation/lib/python3.12/site-packages/agv_navigation-0.0.0-py3.12.egg-info' (and everything under it)
[7.112s] Copying ../../build/agv_navigation/agv_navigation.egg-info to /home/usernamerahul/agv_ws/install/agv_navigation/lib/python3.12/site-packages/agv_navigation-0.0.0-py3.12.egg-info
[7.127s] running install_scripts
[7.973s] Installing graph_visualizer script to /home/usernamerahul/agv_ws/install/agv_navigation/lib/agv_navigation
[7.973s] Installing map_builder script to /home/usernamerahul/agv_ws/install/agv_navigation/lib/agv_navigation
[7.973s] Installing route_runner script to /home/usernamerahul/agv_ws/install/agv_navigation/lib/agv_navigation
[7.974s] Installing tracer script to /home/usernamerahul/agv_ws/install/agv_navigation/lib/agv_navigation
[7.974s] writing list of installed files to '/home/usernamerahul/agv_ws/build/agv_navigation/install.log'
[8.097s] Invoked command in '/home/usernamerahul/agv_ws/src/agv_navigation' returned '0': PYTHONPATH=/home/usernamerahul/agv_ws/build/agv_navigation/prefix_override:/usr/lib/python3/dist-packages/colcon_core/task/python/colcon_distutils_commands:/home/usernamerahul/agv_ws/install/agv_navigation/lib/python3.12/site-packages:${PYTHONPATH} /usr/bin/python3 -W ignore:setup.py install is deprecated -W ignore:easy_install command is deprecated setup.py egg_info --egg-base ../../build/agv_navigation build --build-base /home/usernamerahul/agv_ws/build/agv_navigation/build install --record /home/usernamerahul/agv_ws/build/agv_navigation/install.log --single-version-externally-managed install_data
