/home/usernamerahul/agv_ws/install/agv_navigation/lib/python3.12/site-packages/agv_navigation/path_tracer.py
/home/usernamerahul/agv_ws/install/agv_navigation/lib/python3.12/site-packages/agv_navigation/graph_visualizer.py
/home/usernamerahul/agv_ws/install/agv_navigation/lib/python3.12/site-packages/agv_navigation/__init__.py
/home/usernamerahul/agv_ws/install/agv_navigation/lib/python3.12/site-packages/agv_navigation/map_builder.py
/home/usernamerahul/agv_ws/install/agv_navigation/lib/python3.12/site-packages/agv_navigation/route_runner.py
/home/usernamerahul/agv_ws/install/agv_navigation/lib/python3.12/site-packages/agv_navigation/__pycache__/path_tracer.cpython-312.pyc
/home/usernamerahul/agv_ws/install/agv_navigation/lib/python3.12/site-packages/agv_navigation/__pycache__/graph_visualizer.cpython-312.pyc
/home/usernamerahul/agv_ws/install/agv_navigation/lib/python3.12/site-packages/agv_navigation/__pycache__/__init__.cpython-312.pyc
/home/usernamerahul/agv_ws/install/agv_navigation/lib/python3.12/site-packages/agv_navigation/__pycache__/map_builder.cpython-312.pyc
/home/usernamerahul/agv_ws/install/agv_navigation/lib/python3.12/site-packages/agv_navigation/__pycache__/route_runner.cpython-312.pyc
/home/usernamerahul/agv_ws/install/agv_navigation/share/ament_index/resource_index/packages/agv_navigation
/home/usernamerahul/agv_ws/install/agv_navigation/share/agv_navigation/package.xml
/home/usernamerahul/agv_ws/install/agv_navigation/lib/python3.12/site-packages/agv_navigation-0.0.0-py3.12.egg-info/requires.txt
/home/usernamerahul/agv_ws/install/agv_navigation/lib/python3.12/site-packages/agv_navigation-0.0.0-py3.12.egg-info/entry_points.txt
/home/usernamerahul/agv_ws/install/agv_navigation/lib/python3.12/site-packages/agv_navigation-0.0.0-py3.12.egg-info/dependency_links.txt
/home/usernamerahul/agv_ws/install/agv_navigation/lib/python3.12/site-packages/agv_navigation-0.0.0-py3.12.egg-info/PKG-INFO
/home/usernamerahul/agv_ws/install/agv_navigation/lib/python3.12/site-packages/agv_navigation-0.0.0-py3.12.egg-info/zip-safe
/home/usernamerahul/agv_ws/install/agv_navigation/lib/python3.12/site-packages/agv_navigation-0.0.0-py3.12.egg-info/SOURCES.txt
/home/usernamerahul/agv_ws/install/agv_navigation/lib/python3.12/site-packages/agv_navigation-0.0.0-py3.12.egg-info/top_level.txt
/home/usernamerahul/agv_ws/install/agv_navigation/lib/agv_navigation/graph_visualizer
/home/usernamerahul/agv_ws/install/agv_navigation/lib/agv_navigation/map_builder
/home/usernamerahul/agv_ws/install/agv_navigation/lib/agv_navigation/route_runner
/home/usernamerahul/agv_ws/install/agv_navigation/lib/agv_navigation/tracer
