[2.334s] Invoking command in '/home/usernamerahul/agv_ws/src/agv_navigation': PYTHONPATH=/home/usernamerahul/agv_ws/build/agv_navigation/prefix_override:/usr/lib/python3/dist-packages/colcon_core/task/python/colcon_distutils_commands:/home/usernamerahul/agv_ws/install/agv_navigation/lib/python3.12/site-packages:${PYTHONPATH} /usr/bin/python3 -W ignore:setup.py install is deprecated -W ignore:easy_install command is deprecated setup.py egg_info --egg-base ../../build/agv_navigation build --build-base /home/usernamerahul/agv_ws/build/agv_navigation/build install --record /home/usernamerahul/agv_ws/build/agv_navigation/install.log --single-version-externally-managed install_data
[2.857s] running egg_info
[2.915s] writing ../../build/agv_navigation/agv_navigation.egg-info/PKG-INFO
[2.918s] writing dependency_links to ../../build/agv_navigation/agv_navigation.egg-info/dependency_links.txt
[2.919s] writing entry points to ../../build/agv_navigation/agv_navigation.egg-info/entry_points.txt
[2.919s] writing requirements to ../../build/agv_navigation/agv_navigation.egg-info/requires.txt
[2.919s] writing top-level names to ../../build/agv_navigation/agv_navigation.egg-info/top_level.txt
[3.008s] reading manifest file '../../build/agv_navigation/agv_navigation.egg-info/SOURCES.txt'
[3.009s] writing manifest file '../../build/agv_navigation/agv_navigation.egg-info/SOURCES.txt'
[3.010s] running build
[3.010s] running build_py
[3.011s] running install
[3.029s] running install_lib
[3.069s] running install_data
[3.070s] running install_egg_info
[3.116s] removing '/home/usernamerahul/agv_ws/install/agv_navigation/lib/python3.12/site-packages/agv_navigation-0.0.0-py3.12.egg-info' (and everything under it)
[3.127s] Copying ../../build/agv_navigation/agv_navigation.egg-info to /home/usernamerahul/agv_ws/install/agv_navigation/lib/python3.12/site-packages/agv_navigation-0.0.0-py3.12.egg-info
[3.135s] running install_scripts
[3.471s] Installing graph_visualizer script to /home/usernamerahul/agv_ws/install/agv_navigation/lib/agv_navigation
[3.471s] Installing map_builder script to /home/usernamerahul/agv_ws/install/agv_navigation/lib/agv_navigation
[3.472s] Installing route_runner script to /home/usernamerahul/agv_ws/install/agv_navigation/lib/agv_navigation
[3.472s] Installing tracer script to /home/usernamerahul/agv_ws/install/agv_navigation/lib/agv_navigation
[3.473s] writing list of installed files to '/home/usernamerahul/agv_ws/build/agv_navigation/install.log'
[3.558s] Invoked command in '/home/usernamerahul/agv_ws/src/agv_navigation' returned '0': PYTHONPATH=/home/usernamerahul/agv_ws/build/agv_navigation/prefix_override:/usr/lib/python3/dist-packages/colcon_core/task/python/colcon_distutils_commands:/home/usernamerahul/agv_ws/install/agv_navigation/lib/python3.12/site-packages:${PYTHONPATH} /usr/bin/python3 -W ignore:setup.py install is deprecated -W ignore:easy_install command is deprecated setup.py egg_info --egg-base ../../build/agv_navigation build --build-base /home/usernamerahul/agv_ws/build/agv_navigation/build install --record /home/usernamerahul/agv_ws/build/agv_navigation/install.log --single-version-externally-managed install_data
