[0.114s] Invoking command in '/home/usernamerahul/agv_ws/build/agv_description': CMAKE_PREFIX_PATH=${CMAKE_PREFIX_PATH}:/home/usernamerahul/ros2_ws/install/my_robot_controller:/opt/ros/jazzy /usr/bin/cmake --build /home/usernamerahul/agv_ws/build/agv_description -- -j8 -l8
[2.418s] Invoked command in '/home/usernamerahul/agv_ws/build/agv_description' returned '0': CMAKE_PREFIX_PATH=${CMAKE_PREFIX_PATH}:/home/usernamerahul/ros2_ws/install/my_robot_controller:/opt/ros/jazzy /usr/bin/cmake --build /home/usernamerahul/agv_ws/build/agv_description -- -j8 -l8
[2.544s] Invoking command in '/home/usernamerahul/agv_ws/build/agv_description': CMAKE_PREFIX_PATH=${CMAKE_PREFIX_PATH}:/home/usernamerahul/ros2_ws/install/my_robot_controller:/opt/ros/jazzy /usr/bin/cmake --install /home/usernamerahul/agv_ws/build/agv_description
[2.589s] -- Install configuration: ""
[2.607s] -- Up-to-date: /home/usernamerahul/agv_ws/install/agv_description/share/ament_index/resource_index/package_run_dependencies/agv_description
[2.608s] -- Up-to-date: /home/usernamerahul/agv_ws/install/agv_description/share/ament_index/resource_index/parent_prefix_path/agv_description
[2.609s] -- Up-to-date: /home/usernamerahul/agv_ws/install/agv_description/share/agv_description/environment/ament_prefix_path.sh
[2.610s] -- Up-to-date: /home/usernamerahul/agv_ws/install/agv_description/share/agv_description/environment/ament_prefix_path.dsv
[2.611s] -- Up-to-date: /home/usernamerahul/agv_ws/install/agv_description/share/agv_description/environment/path.sh
[2.611s] -- Up-to-date: /home/usernamerahul/agv_ws/install/agv_description/share/agv_description/environment/path.dsv
[2.616s] -- Up-to-date: /home/usernamerahul/agv_ws/install/agv_description/share/agv_description/local_setup.bash
[2.619s] -- Up-to-date: /home/usernamerahul/agv_ws/install/agv_description/share/agv_description/local_setup.sh
[2.619s] -- Up-to-date: /home/usernamerahul/agv_ws/install/agv_description/share/agv_description/local_setup.zsh
[2.620s] -- Up-to-date: /home/usernamerahul/agv_ws/install/agv_description/share/agv_description/local_setup.dsv
[2.625s] -- Installing: /home/usernamerahul/agv_ws/install/agv_description/share/agv_description/package.dsv
[2.625s] -- Up-to-date: /home/usernamerahul/agv_ws/install/agv_description/share/ament_index/resource_index/packages/agv_description
[2.625s] -- Up-to-date: /home/usernamerahul/agv_ws/install/agv_description/share/agv_description/cmake/agv_descriptionConfig.cmake
[2.626s] -- Up-to-date: /home/usernamerahul/agv_ws/install/agv_description/share/agv_description/cmake/agv_descriptionConfig-version.cmake
[2.626s] -- Up-to-date: /home/usernamerahul/agv_ws/install/agv_description/share/agv_description/package.xml
[2.626s] Invoked command in '/home/usernamerahul/agv_ws/build/agv_description' returned '0': CMAKE_PREFIX_PATH=${CMAKE_PREFIX_PATH}:/home/usernamerahul/ros2_ws/install/my_robot_controller:/opt/ros/jazzy /usr/bin/cmake --install /home/usernamerahul/agv_ws/build/agv_description
