[2.452s] Invoking command in '/home/usernamerahul/agv_ws/src/agv_vision': PYTHONPATH=/home/usernamerahul/agv_ws/build/agv_vision/prefix_override:/usr/lib/python3/dist-packages/colcon_core/task/python/colcon_distutils_commands:/home/usernamerahul/agv_ws/install/agv_vision/lib/python3.12/site-packages:${PYTHONPATH} /usr/bin/python3 -W ignore:setup.py install is deprecated -W ignore:easy_install command is deprecated setup.py egg_info --egg-base ../../build/agv_vision build --build-base /home/usernamerahul/agv_ws/build/agv_vision/build install --record /home/usernamerahul/agv_ws/build/agv_vision/install.log --single-version-externally-managed install_data
[2.954s] running egg_info
[2.954s] creating ../../build/agv_vision/agv_vision.egg-info
[2.988s] writing ../../build/agv_vision/agv_vision.egg-info/PKG-INFO
[2.989s] writing dependency_links to ../../build/agv_vision/agv_vision.egg-info/dependency_links.txt
[2.990s] writing entry points to ../../build/agv_vision/agv_vision.egg-info/entry_points.txt
[2.990s] writing requirements to ../../build/agv_vision/agv_vision.egg-info/requires.txt
[2.990s] writing top-level names to ../../build/agv_vision/agv_vision.egg-info/top_level.txt
[2.991s] writing manifest file '../../build/agv_vision/agv_vision.egg-info/SOURCES.txt'
[3.047s] reading manifest file '../../build/agv_vision/agv_vision.egg-info/SOURCES.txt'
[3.047s] writing manifest file '../../build/agv_vision/agv_vision.egg-info/SOURCES.txt'
[3.048s] running build
[3.048s] running build_py
[3.048s] creating /home/usernamerahul/agv_ws/build/agv_vision/build
[3.049s] creating /home/usernamerahul/agv_ws/build/agv_vision/build/lib
[3.049s] creating /home/usernamerahul/agv_ws/build/agv_vision/build/lib/agv_vision
[3.049s] copying agv_vision/__init__.py -> /home/usernamerahul/agv_ws/build/agv_vision/build/lib/agv_vision
[3.050s] running install
[3.057s] running install_lib
[3.085s] creating /home/usernamerahul/agv_ws/install/agv_vision/lib/python3.12/site-packages/agv_vision
[3.086s] copying /home/usernamerahul/agv_ws/build/agv_vision/build/lib/agv_vision/__init__.py -> /home/usernamerahul/agv_ws/install/agv_vision/lib/python3.12/site-packages/agv_vision
[3.087s] byte-compiling /home/usernamerahul/agv_ws/install/agv_vision/lib/python3.12/site-packages/agv_vision/__init__.py to __init__.cpython-312.pyc
[3.088s] running install_data
[3.088s] creating /home/usernamerahul/agv_ws/install/agv_vision/share/ament_index
[3.089s] creating /home/usernamerahul/agv_ws/install/agv_vision/share/ament_index/resource_index
[3.089s] creating /home/usernamerahul/agv_ws/install/agv_vision/share/ament_index/resource_index/packages
[3.089s] copying resource/agv_vision -> /home/usernamerahul/agv_ws/install/agv_vision/share/ament_index/resource_index/packages
[3.089s] copying package.xml -> /home/usernamerahul/agv_ws/install/agv_vision/share/agv_vision
[3.090s] running install_egg_info
[3.114s] Copying ../../build/agv_vision/agv_vision.egg-info to /home/usernamerahul/agv_ws/install/agv_vision/lib/python3.12/site-packages/agv_vision-0.0.0-py3.12.egg-info
[3.116s] running install_scripts
[3.311s] Installing detector script to /home/usernamerahul/agv_ws/install/agv_vision/lib/agv_vision
[3.312s] writing list of installed files to '/home/usernamerahul/agv_ws/build/agv_vision/install.log'
[3.383s] Invoked command in '/home/usernamerahul/agv_ws/src/agv_vision' returned '0': PYTHONPATH=/home/usernamerahul/agv_ws/build/agv_vision/prefix_override:/usr/lib/python3/dist-packages/colcon_core/task/python/colcon_distutils_commands:/home/usernamerahul/agv_ws/install/agv_vision/lib/python3.12/site-packages:${PYTHONPATH} /usr/bin/python3 -W ignore:setup.py install is deprecated -W ignore:easy_install command is deprecated setup.py egg_info --egg-base ../../build/agv_vision build --build-base /home/usernamerahul/agv_ws/build/agv_vision/build install --record /home/usernamerahul/agv_ws/build/agv_vision/install.log --single-version-externally-managed install_data
