[1.374s] Invoking command in '/home/usernamerahul/agv_ws/src/agv_navigation': PYTHONPATH=/home/usernamerahul/agv_ws/build/agv_navigation/prefix_override:/usr/lib/python3/dist-packages/colcon_core/task/python/colcon_distutils_commands:/home/usernamerahul/agv_ws/install/agv_navigation/lib/python3.12/site-packages:${PYTHONPATH} /usr/bin/python3 -W ignore:setup.py install is deprecated -W ignore:easy_install command is deprecated setup.py egg_info --egg-base ../../build/agv_navigation build --build-base /home/usernamerahul/agv_ws/build/agv_navigation/build install --record /home/usernamerahul/agv_ws/build/agv_navigation/install.log --single-version-externally-managed install_data
[1.653s] running egg_info
[1.673s] writing ../../build/agv_navigation/agv_navigation.egg-info/PKG-INFO
[1.673s] writing dependency_links to ../../build/agv_navigation/agv_navigation.egg-info/dependency_links.txt
[1.674s] writing entry points to ../../build/agv_navigation/agv_navigation.egg-info/entry_points.txt
[1.674s] writing requirements to ../../build/agv_navigation/agv_navigation.egg-info/requires.txt
[1.674s] writing top-level names to ../../build/agv_navigation/agv_navigation.egg-info/top_level.txt
[1.722s] reading manifest file '../../build/agv_navigation/agv_navigation.egg-info/SOURCES.txt'
[1.724s] writing manifest file '../../build/agv_navigation/agv_navigation.egg-info/SOURCES.txt'
[1.724s] running build
[1.724s] running build_py
[1.725s] copying agv_navigation/graph_visualizer.py -> /home/usernamerahul/agv_ws/build/agv_navigation/build/lib/agv_navigation
[1.725s] copying agv_navigation/route_runner.py -> /home/usernamerahul/agv_ws/build/agv_navigation/build/lib/agv_navigation
[1.725s] running install
[1.736s] running install_lib
[1.757s] copying /home/usernamerahul/agv_ws/build/agv_navigation/build/lib/agv_navigation/graph_visualizer.py -> /home/usernamerahul/agv_ws/install/agv_navigation/lib/python3.12/site-packages/agv_navigation
[1.758s] copying /home/usernamerahul/agv_ws/build/agv_navigation/build/lib/agv_navigation/route_runner.py -> /home/usernamerahul/agv_ws/install/agv_navigation/lib/python3.12/site-packages/agv_navigation
[1.759s] byte-compiling /home/usernamerahul/agv_ws/install/agv_navigation/lib/python3.12/site-packages/agv_navigation/graph_visualizer.py to graph_visualizer.cpython-312.pyc
[1.760s] byte-compiling /home/usernamerahul/agv_ws/install/agv_navigation/lib/python3.12/site-packages/agv_navigation/route_runner.py to route_runner.cpython-312.pyc
[1.762s] running install_data
[1.762s] running install_egg_info
[1.796s] removing '/home/usernamerahul/agv_ws/install/agv_navigation/lib/python3.12/site-packages/agv_navigation-0.0.0-py3.12.egg-info' (and everything under it)
[1.796s] Copying ../../build/agv_navigation/agv_navigation.egg-info to /home/usernamerahul/agv_ws/install/agv_navigation/lib/python3.12/site-packages/agv_navigation-0.0.0-py3.12.egg-info
[1.799s] running install_scripts
[1.987s] Installing graph_visualizer script to /home/usernamerahul/agv_ws/install/agv_navigation/lib/agv_navigation
[1.987s] Installing map_builder script to /home/usernamerahul/agv_ws/install/agv_navigation/lib/agv_navigation
[1.988s] Installing route_runner script to /home/usernamerahul/agv_ws/install/agv_navigation/lib/agv_navigation
[1.988s] Installing tracer script to /home/usernamerahul/agv_ws/install/agv_navigation/lib/agv_navigation
[1.988s] writing list of installed files to '/home/usernamerahul/agv_ws/build/agv_navigation/install.log'
[2.024s] Invoked command in '/home/usernamerahul/agv_ws/src/agv_navigation' returned '0': PYTHONPATH=/home/usernamerahul/agv_ws/build/agv_navigation/prefix_override:/usr/lib/python3/dist-packages/colcon_core/task/python/colcon_distutils_commands:/home/usernamerahul/agv_ws/install/agv_navigation/lib/python3.12/site-packages:${PYTHONPATH} /usr/bin/python3 -W ignore:setup.py install is deprecated -W ignore:easy_install command is deprecated setup.py egg_info --egg-base ../../build/agv_navigation build --build-base /home/usernamerahul/agv_ws/build/agv_navigation/build install --record /home/usernamerahul/agv_ws/build/agv_navigation/install.log --single-version-externally-managed install_data
