[0.014s] Invoking command in '/home/usernamerahul/agv_ws/build/explore_lite_msgs': CMAKE_PREFIX_PATH=${CMAKE_PREFIX_PATH}:/home/usernamerahul/ros2_ws/install/my_robot_controller:/opt/ros/jazzy /usr/bin/cmake /home/usernamerahul/agv_ws/src/m-explore-ros2/explore_lite_msgs -DCMAKE_INSTALL_PREFIX=/home/usernamerahul/agv_ws/install/explore_lite_msgs
[0.598s] -- The C compiler identification is GNU 13.3.0
[1.874s] -- The CXX compiler identification is GNU 13.3.0
[2.842s] -- Detecting C compiler ABI info
[3.462s] -- Detecting C compiler ABI info - done
[3.479s] -- Check for working C compiler: /usr/bin/cc - skipped
[3.480s] -- Detecting C compile features
[3.482s] -- Detecting C compile features - done
[3.837s] -- Detecting CXX compiler ABI info
[4.368s] -- Detecting CXX compiler ABI info - done
[4.379s] -- Check for working CXX compiler: /usr/bin/c++ - skipped
[4.379s] -- Detecting CXX compile features
[4.380s] -- Detecting CXX compile features - done
[4.426s] -- Found ament_cmake: 2.5.6 (/opt/ros/jazzy/share/ament_cmake/cmake)
[4.706s] -- Found Python3: /usr/bin/python3 (found version "3.12.3") found components: Interpreter 
[5.219s] -- Found rosidl_default_generators: 1.6.0 (/opt/ros/jazzy/share/rosidl_default_generators/cmake)
[5.265s] -- Using all available rosidl_typesupport_c: rosidl_typesupport_fastrtps_c;rosidl_typesupport_introspection_c
[5.900s] -- Using all available rosidl_typesupport_cpp: rosidl_typesupport_fastrtps_cpp;rosidl_typesupport_introspection_cpp
[6.147s] -- Found rosidl_adapter: 4.6.7 (/opt/ros/jazzy/share/rosidl_adapter/cmake)
[7.490s] -- Found ament_cmake_ros: 0.12.0 (/opt/ros/jazzy/share/ament_cmake_ros/cmake)
[8.335s] -- Using all available rosidl_typesupport_c: rosidl_typesupport_fastrtps_c;rosidl_typesupport_introspection_c
[9.318s] -- Using all available rosidl_typesupport_cpp: rosidl_typesupport_fastrtps_cpp;rosidl_typesupport_introspection_cpp
[9.333s] -- Found python_cmake_module: 0.11.1 (/opt/ros/jazzy/share/python_cmake_module/cmake)
[9.575s] -- Found PythonExtra: /usr/bin/python3  
[10.487s] -- Found Python3: /usr/bin/python3 (found version "3.12.3") found components: Interpreter Development NumPy Development.Module Development.Embed 
[10.666s] -- Found Python3: /usr/bin/python3 (found version "3.12.3") found components: Interpreter 
[10.699s] -- Configuring done (10.6s)
[10.813s] -- Generating done (0.1s)
[10.839s] -- Build files have been written to: /home/usernamerahul/agv_ws/build/explore_lite_msgs
[10.861s] Invoked command in '/home/usernamerahul/agv_ws/build/explore_lite_msgs' returned '0': CMAKE_PREFIX_PATH=${CMAKE_PREFIX_PATH}:/home/usernamerahul/ros2_ws/install/my_robot_controller:/opt/ros/jazzy /usr/bin/cmake /home/usernamerahul/agv_ws/src/m-explore-ros2/explore_lite_msgs -DCMAKE_INSTALL_PREFIX=/home/usernamerahul/agv_ws/install/explore_lite_msgs
[10.865s] Invoking command in '/home/usernamerahul/agv_ws/build/explore_lite_msgs': CMAKE_PREFIX_PATH=${CMAKE_PREFIX_PATH}:/home/usernamerahul/ros2_ws/install/my_robot_controller:/opt/ros/jazzy /usr/bin/cmake --build /home/usernamerahul/agv_ws/build/explore_lite_msgs -- -j8 -l8
[10.948s] [  2%] [34m[1mGenerating type hashes for ROS interfaces[0m
[10.952s] [  5%] [34m[1mGenerating Rust code for ROS interfaces[0m
[10.970s] [  5%] Built target ament_cmake_python_copy_explore_lite_msgs
[11.543s] [  5%] Built target explore_lite_msgs__rosidl_generator_type_description
[11.553s] running egg_info
[11.555s] creating explore_lite_msgs.egg-info
[11.569s] [  8%] [34m[1mGenerating C code for ROS interfaces[0m
[11.596s] [ 11%] [34m[1mGenerating C++ code for ROS interfaces[0m
[11.606s] [ 11%] Built target explore_lite_msgs__rs
[11.607s] writing explore_lite_msgs.egg-info/PKG-INFO
[11.608s] writing dependency_links to explore_lite_msgs.egg-info/dependency_links.txt
[11.608s] writing top-level names to explore_lite_msgs.egg-info/top_level.txt
[11.609s] writing manifest file 'explore_lite_msgs.egg-info/SOURCES.txt'
[11.733s] reading manifest file 'explore_lite_msgs.egg-info/SOURCES.txt'
[11.735s] writing manifest file 'explore_lite_msgs.egg-info/SOURCES.txt'
[11.811s] [ 11%] Built target ament_cmake_python_build_explore_lite_msgs_egg
[12.229s] [ 11%] Built target explore_lite_msgs__cpp
[12.273s] [ 14%] [32mBuilding C object CMakeFiles/explore_lite_msgs__rosidl_generator_c.dir/rosidl_generator_c/explore_lite_msgs/msg/detail/explore_status__description.c.o[0m
[12.274s] [ 20%] [32mBuilding C object CMakeFiles/explore_lite_msgs__rosidl_generator_c.dir/rosidl_generator_c/explore_lite_msgs/msg/detail/explore_status__type_support.c.o[0m
[12.275s] [ 20%] [32mBuilding C object CMakeFiles/explore_lite_msgs__rosidl_generator_c.dir/rosidl_generator_c/explore_lite_msgs/msg/detail/explore_status__functions.c.o[0m
[12.417s] [ 22%] [32m[1mLinking C shared library libexplore_lite_msgs__rosidl_generator_c.so[0m
[12.846s] [ 22%] Built target explore_lite_msgs__rosidl_generator_c
[12.869s] [ 25%] [34m[1mGenerating C++ introspection for ROS interfaces[0m
[12.869s] [ 31%] [34m[1mGenerating C++ type support dispatch for ROS interfaces[0m
[12.869s] [ 31%] [34m[1mGenerating C type support dispatch for ROS interfaces[0m
[12.869s] [ 34%] [34m[1mGenerating C introspection for ROS interfaces[0m
[13.495s] [ 37%] [32mBuilding CXX object CMakeFiles/explore_lite_msgs__rosidl_typesupport_c.dir/rosidl_typesupport_c/explore_lite_msgs/msg/explore_status__type_support.cpp.o[0m
[13.513s] [ 40%] [32mBuilding CXX object CMakeFiles/explore_lite_msgs__rosidl_typesupport_cpp.dir/rosidl_typesupport_cpp/explore_lite_msgs/msg/explore_status__type_support.cpp.o[0m
[13.522s] [ 42%] [32mBuilding CXX object CMakeFiles/explore_lite_msgs__rosidl_typesupport_introspection_cpp.dir/rosidl_typesupport_introspection_cpp/explore_lite_msgs/msg/detail/explore_status__type_support.cpp.o[0m
[13.555s] [ 45%] [32mBuilding C object CMakeFiles/explore_lite_msgs__rosidl_typesupport_introspection_c.dir/rosidl_typesupport_introspection_c/explore_lite_msgs/msg/detail/explore_status__type_support.c.o[0m
[13.615s] [ 48%] [32m[1mLinking CXX shared library libexplore_lite_msgs__rosidl_typesupport_c.so[0m
[13.634s] [ 51%] [32m[1mLinking C shared library libexplore_lite_msgs__rosidl_typesupport_introspection_c.so[0m
[14.036s] [ 51%] Built target explore_lite_msgs__rosidl_typesupport_introspection_c
[14.052s] [ 51%] Built target explore_lite_msgs__rosidl_typesupport_c
[14.062s] [ 57%] [34m[1mGenerating C++ type support for eProsima Fast-RTPS[0m
[14.062s] [ 57%] [34m[1mGenerating C type support for eProsima Fast-RTPS[0m
[14.446s] [ 60%] [32m[1mLinking CXX shared library libexplore_lite_msgs__rosidl_typesupport_cpp.so[0m
[14.493s] [ 62%] [32m[1mLinking CXX shared library libexplore_lite_msgs__rosidl_typesupport_introspection_cpp.so[0m
[14.871s] [ 65%] [32mBuilding CXX object CMakeFiles/explore_lite_msgs__rosidl_typesupport_fastrtps_c.dir/rosidl_typesupport_fastrtps_c/explore_lite_msgs/msg/detail/explore_status__type_support_c.cpp.o[0m
[14.886s] [ 68%] [32mBuilding CXX object CMakeFiles/explore_lite_msgs__rosidl_typesupport_fastrtps_cpp.dir/rosidl_typesupport_fastrtps_cpp/explore_lite_msgs/msg/detail/dds_fastrtps/explore_status__type_support.cpp.o[0m
[14.908s] [ 68%] Built target explore_lite_msgs__rosidl_typesupport_cpp
[14.995s] [ 68%] Built target explore_lite_msgs__rosidl_typesupport_introspection_cpp
[15.903s] [ 71%] [32m[1mLinking CXX shared library libexplore_lite_msgs__rosidl_typesupport_fastrtps_c.so[0m
[15.939s] [ 74%] [32m[1mLinking CXX shared library libexplore_lite_msgs__rosidl_typesupport_fastrtps_cpp.so[0m
[16.296s] [ 74%] Built target explore_lite_msgs__rosidl_typesupport_fastrtps_c
[16.329s] [ 74%] Built target explore_lite_msgs__rosidl_typesupport_fastrtps_cpp
[16.362s] [ 74%] Built target explore_lite_msgs
[16.395s] [ 77%] [34m[1mGenerating Python code for ROS interfaces[0m
[16.979s] [ 77%] Built target explore_lite_msgs__py
[17.025s] [ 80%] [32mBuilding C object CMakeFiles/explore_lite_msgs__rosidl_generator_py.dir/rosidl_generator_py/explore_lite_msgs/msg/_explore_status_s.c.o[0m
[17.315s] [ 82%] [32m[1mLinking C shared library libexplore_lite_msgs__rosidl_generator_py.so[0m
[17.628s] [ 82%] Built target explore_lite_msgs__rosidl_generator_py
[17.669s] [ 85%] [32mBuilding C object CMakeFiles/explore_lite_msgs_s__rosidl_typesupport_introspection_c.dir/rosidl_generator_py/explore_lite_msgs/_explore_lite_msgs_s.ep.rosidl_typesupport_introspection_c.c.o[0m
[17.681s] [ 88%] [32mBuilding C object CMakeFiles/explore_lite_msgs_s__rosidl_typesupport_fastrtps_c.dir/rosidl_generator_py/explore_lite_msgs/_explore_lite_msgs_s.ep.rosidl_typesupport_fastrtps_c.c.o[0m
[17.686s] [ 91%] [32mBuilding C object CMakeFiles/explore_lite_msgs_s__rosidl_typesupport_c.dir/rosidl_generator_py/explore_lite_msgs/_explore_lite_msgs_s.ep.rosidl_typesupport_c.c.o[0m
[17.856s] [ 94%] [32m[1mLinking C shared module rosidl_generator_py/explore_lite_msgs/explore_lite_msgs_s__rosidl_typesupport_introspection_c.so[0m
[17.875s] [ 97%] [32m[1mLinking C shared module rosidl_generator_py/explore_lite_msgs/explore_lite_msgs_s__rosidl_typesupport_fastrtps_c.so[0m
[17.880s] [100%] [32m[1mLinking C shared module rosidl_generator_py/explore_lite_msgs/explore_lite_msgs_s__rosidl_typesupport_c.so[0m
[18.117s] [100%] Built target explore_lite_msgs_s__rosidl_typesupport_fastrtps_c
[18.120s] [100%] Built target explore_lite_msgs_s__rosidl_typesupport_introspection_c
[18.239s] [100%] Built target explore_lite_msgs_s__rosidl_typesupport_c
[18.262s] Invoked command in '/home/usernamerahul/agv_ws/build/explore_lite_msgs' returned '0': CMAKE_PREFIX_PATH=${CMAKE_PREFIX_PATH}:/home/usernamerahul/ros2_ws/install/my_robot_controller:/opt/ros/jazzy /usr/bin/cmake --build /home/usernamerahul/agv_ws/build/explore_lite_msgs -- -j8 -l8
[18.285s] Invoking command in '/home/usernamerahul/agv_ws/build/explore_lite_msgs': CMAKE_PREFIX_PATH=${CMAKE_PREFIX_PATH}:/home/usernamerahul/ros2_ws/install/my_robot_controller:/opt/ros/jazzy /usr/bin/cmake --install /home/usernamerahul/agv_ws/build/explore_lite_msgs
[18.298s] -- Install configuration: ""
[18.302s] -- Installing: /home/usernamerahul/agv_ws/install/explore_lite_msgs/share/ament_index/resource_index/rosidl_interfaces/explore_lite_msgs
[18.303s] -- Installing: /home/usernamerahul/agv_ws/install/explore_lite_msgs/share/explore_lite_msgs/msg/ExploreStatus.json
[18.304s] -- Installing: /home/usernamerahul/agv_ws/install/explore_lite_msgs/include/explore_lite_msgs/explore_lite_msgs
[18.305s] -- Installing: /home/usernamerahul/agv_ws/install/explore_lite_msgs/include/explore_lite_msgs/explore_lite_msgs/msg
[18.305s] -- Installing: /home/usernamerahul/agv_ws/install/explore_lite_msgs/include/explore_lite_msgs/explore_lite_msgs/msg/rosidl_generator_c__visibility_control.h
[18.305s] -- Installing: /home/usernamerahul/agv_ws/install/explore_lite_msgs/include/explore_lite_msgs/explore_lite_msgs/msg/explore_status.h
[18.306s] -- Installing: /home/usernamerahul/agv_ws/install/explore_lite_msgs/include/explore_lite_msgs/explore_lite_msgs/msg/detail
[18.306s] -- Installing: /home/usernamerahul/agv_ws/install/explore_lite_msgs/include/explore_lite_msgs/explore_lite_msgs/msg/detail/explore_status__description.c
[18.307s] -- Installing: /home/usernamerahul/agv_ws/install/explore_lite_msgs/include/explore_lite_msgs/explore_lite_msgs/msg/detail/explore_status__type_support.h
[18.307s] -- Installing: /home/usernamerahul/agv_ws/install/explore_lite_msgs/include/explore_lite_msgs/explore_lite_msgs/msg/detail/explore_status__functions.c
[18.308s] -- Installing: /home/usernamerahul/agv_ws/install/explore_lite_msgs/include/explore_lite_msgs/explore_lite_msgs/msg/detail/explore_status__functions.h
[18.308s] -- Installing: /home/usernamerahul/agv_ws/install/explore_lite_msgs/include/explore_lite_msgs/explore_lite_msgs/msg/detail/explore_status__struct.h
[18.308s] -- Installing: /home/usernamerahul/agv_ws/install/explore_lite_msgs/include/explore_lite_msgs/explore_lite_msgs/msg/detail/explore_status__type_support.c
[18.309s] -- Installing: /home/usernamerahul/agv_ws/install/explore_lite_msgs/share/explore_lite_msgs/environment/library_path.sh
[18.309s] -- Installing: /home/usernamerahul/agv_ws/install/explore_lite_msgs/share/explore_lite_msgs/environment/library_path.dsv
[18.310s] -- Installing: /home/usernamerahul/agv_ws/install/explore_lite_msgs/lib/libexplore_lite_msgs__rosidl_generator_c.so
[18.311s] -- Set non-toolchain portion of runtime path of "/home/usernamerahul/agv_ws/install/explore_lite_msgs/lib/libexplore_lite_msgs__rosidl_generator_c.so" to ""
[18.312s] -- Up-to-date: /home/usernamerahul/agv_ws/install/explore_lite_msgs/include/explore_lite_msgs/explore_lite_msgs
[18.312s] -- Up-to-date: /home/usernamerahul/agv_ws/install/explore_lite_msgs/include/explore_lite_msgs/explore_lite_msgs/msg
[18.312s] -- Installing: /home/usernamerahul/agv_ws/install/explore_lite_msgs/include/explore_lite_msgs/explore_lite_msgs/msg/rosidl_typesupport_fastrtps_c__visibility_control.h
[18.312s] -- Up-to-date: /home/usernamerahul/agv_ws/install/explore_lite_msgs/include/explore_lite_msgs/explore_lite_msgs/msg/detail
[18.313s] -- Installing: /home/usernamerahul/agv_ws/install/explore_lite_msgs/include/explore_lite_msgs/explore_lite_msgs/msg/detail/explore_status__rosidl_typesupport_fastrtps_c.h
[18.313s] -- Installing: /home/usernamerahul/agv_ws/install/explore_lite_msgs/lib/libexplore_lite_msgs__rosidl_typesupport_fastrtps_c.so
[18.313s] -- Set non-toolchain portion of runtime path of "/home/usernamerahul/agv_ws/install/explore_lite_msgs/lib/libexplore_lite_msgs__rosidl_typesupport_fastrtps_c.so" to ""
[18.313s] -- Up-to-date: /home/usernamerahul/agv_ws/install/explore_lite_msgs/include/explore_lite_msgs/explore_lite_msgs
[18.313s] -- Up-to-date: /home/usernamerahul/agv_ws/install/explore_lite_msgs/include/explore_lite_msgs/explore_lite_msgs/msg
[18.314s] -- Up-to-date: /home/usernamerahul/agv_ws/install/explore_lite_msgs/include/explore_lite_msgs/explore_lite_msgs/msg/detail
[18.314s] -- Installing: /home/usernamerahul/agv_ws/install/explore_lite_msgs/include/explore_lite_msgs/explore_lite_msgs/msg/detail/explore_status__rosidl_typesupport_introspection_c.h
[18.314s] -- Installing: /home/usernamerahul/agv_ws/install/explore_lite_msgs/include/explore_lite_msgs/explore_lite_msgs/msg/detail/explore_status__type_support.c
[18.314s] -- Installing: /home/usernamerahul/agv_ws/install/explore_lite_msgs/include/explore_lite_msgs/explore_lite_msgs/msg/rosidl_typesupport_introspection_c__visibility_control.h
[18.314s] -- Installing: /home/usernamerahul/agv_ws/install/explore_lite_msgs/lib/libexplore_lite_msgs__rosidl_typesupport_introspection_c.so
[18.315s] -- Set non-toolchain portion of runtime path of "/home/usernamerahul/agv_ws/install/explore_lite_msgs/lib/libexplore_lite_msgs__rosidl_typesupport_introspection_c.so" to ""
[18.315s] -- Installing: /home/usernamerahul/agv_ws/install/explore_lite_msgs/lib/libexplore_lite_msgs__rosidl_typesupport_c.so
[18.315s] -- Set non-toolchain portion of runtime path of "/home/usernamerahul/agv_ws/install/explore_lite_msgs/lib/libexplore_lite_msgs__rosidl_typesupport_c.so" to ""
[18.316s] -- Up-to-date: /home/usernamerahul/agv_ws/install/explore_lite_msgs/include/explore_lite_msgs/explore_lite_msgs
[18.316s] -- Up-to-date: /home/usernamerahul/agv_ws/install/explore_lite_msgs/include/explore_lite_msgs/explore_lite_msgs/msg
[18.317s] -- Installing: /home/usernamerahul/agv_ws/install/explore_lite_msgs/include/explore_lite_msgs/explore_lite_msgs/msg/rosidl_generator_cpp__visibility_control.hpp
[18.317s] -- Up-to-date: /home/usernamerahul/agv_ws/install/explore_lite_msgs/include/explore_lite_msgs/explore_lite_msgs/msg/detail
[18.317s] -- Installing: /home/usernamerahul/agv_ws/install/explore_lite_msgs/include/explore_lite_msgs/explore_lite_msgs/msg/detail/explore_status__builder.hpp
[18.318s] -- Installing: /home/usernamerahul/agv_ws/install/explore_lite_msgs/include/explore_lite_msgs/explore_lite_msgs/msg/detail/explore_status__type_support.hpp
[18.318s] -- Installing: /home/usernamerahul/agv_ws/install/explore_lite_msgs/include/explore_lite_msgs/explore_lite_msgs/msg/detail/explore_status__struct.hpp
[18.318s] -- Installing: /home/usernamerahul/agv_ws/install/explore_lite_msgs/include/explore_lite_msgs/explore_lite_msgs/msg/detail/explore_status__traits.hpp
[18.319s] -- Installing: /home/usernamerahul/agv_ws/install/explore_lite_msgs/include/explore_lite_msgs/explore_lite_msgs/msg/explore_status.hpp
[18.319s] -- Up-to-date: /home/usernamerahul/agv_ws/install/explore_lite_msgs/include/explore_lite_msgs/explore_lite_msgs
[18.320s] -- Up-to-date: /home/usernamerahul/agv_ws/install/explore_lite_msgs/include/explore_lite_msgs/explore_lite_msgs/msg
[18.320s] -- Up-to-date: /home/usernamerahul/agv_ws/install/explore_lite_msgs/include/explore_lite_msgs/explore_lite_msgs/msg/detail
[18.320s] -- Installing: /home/usernamerahul/agv_ws/install/explore_lite_msgs/include/explore_lite_msgs/explore_lite_msgs/msg/detail/explore_status__rosidl_typesupport_fastrtps_cpp.hpp
[18.321s] -- Installing: /home/usernamerahul/agv_ws/install/explore_lite_msgs/include/explore_lite_msgs/explore_lite_msgs/msg/detail/dds_fastrtps
[18.321s] -- Installing: /home/usernamerahul/agv_ws/install/explore_lite_msgs/include/explore_lite_msgs/explore_lite_msgs/msg/rosidl_typesupport_fastrtps_cpp__visibility_control.h
[18.322s] -- Installing: /home/usernamerahul/agv_ws/install/explore_lite_msgs/lib/libexplore_lite_msgs__rosidl_typesupport_fastrtps_cpp.so
[18.322s] -- Set non-toolchain portion of runtime path of "/home/usernamerahul/agv_ws/install/explore_lite_msgs/lib/libexplore_lite_msgs__rosidl_typesupport_fastrtps_cpp.so" to ""
[18.322s] -- Up-to-date: /home/usernamerahul/agv_ws/install/explore_lite_msgs/include/explore_lite_msgs/explore_lite_msgs
[18.322s] -- Up-to-date: /home/usernamerahul/agv_ws/install/explore_lite_msgs/include/explore_lite_msgs/explore_lite_msgs/msg
[18.323s] -- Up-to-date: /home/usernamerahul/agv_ws/install/explore_lite_msgs/include/explore_lite_msgs/explore_lite_msgs/msg/detail
[18.323s] -- Installing: /home/usernamerahul/agv_ws/install/explore_lite_msgs/include/explore_lite_msgs/explore_lite_msgs/msg/detail/explore_status__type_support.cpp
[18.323s] -- Installing: /home/usernamerahul/agv_ws/install/explore_lite_msgs/include/explore_lite_msgs/explore_lite_msgs/msg/detail/explore_status__rosidl_typesupport_introspection_cpp.hpp
[18.324s] -- Installing: /home/usernamerahul/agv_ws/install/explore_lite_msgs/lib/libexplore_lite_msgs__rosidl_typesupport_introspection_cpp.so
[18.324s] -- Set non-toolchain portion of runtime path of "/home/usernamerahul/agv_ws/install/explore_lite_msgs/lib/libexplore_lite_msgs__rosidl_typesupport_introspection_cpp.so" to ""
[18.325s] -- Installing: /home/usernamerahul/agv_ws/install/explore_lite_msgs/lib/libexplore_lite_msgs__rosidl_typesupport_cpp.so
[18.325s] -- Set non-toolchain portion of runtime path of "/home/usernamerahul/agv_ws/install/explore_lite_msgs/lib/libexplore_lite_msgs__rosidl_typesupport_cpp.so" to ""
[18.325s] -- Installing: /home/usernamerahul/agv_ws/install/explore_lite_msgs/share/explore_lite_msgs/environment/pythonpath.sh
[18.326s] -- Installing: /home/usernamerahul/agv_ws/install/explore_lite_msgs/share/explore_lite_msgs/environment/pythonpath.dsv
[18.326s] -- Installing: /home/usernamerahul/agv_ws/install/explore_lite_msgs/lib/python3.12/site-packages/explore_lite_msgs-1.0.0-py3.12.egg-info
[18.326s] -- Installing: /home/usernamerahul/agv_ws/install/explore_lite_msgs/lib/python3.12/site-packages/explore_lite_msgs-1.0.0-py3.12.egg-info/dependency_links.txt
[18.326s] -- Installing: /home/usernamerahul/agv_ws/install/explore_lite_msgs/lib/python3.12/site-packages/explore_lite_msgs-1.0.0-py3.12.egg-info/PKG-INFO
[18.327s] -- Installing: /home/usernamerahul/agv_ws/install/explore_lite_msgs/lib/python3.12/site-packages/explore_lite_msgs-1.0.0-py3.12.egg-info/SOURCES.txt
[18.327s] -- Installing: /home/usernamerahul/agv_ws/install/explore_lite_msgs/lib/python3.12/site-packages/explore_lite_msgs-1.0.0-py3.12.egg-info/top_level.txt
[18.327s] -- Installing: /home/usernamerahul/agv_ws/install/explore_lite_msgs/lib/python3.12/site-packages/explore_lite_msgs
[18.328s] -- Installing: /home/usernamerahul/agv_ws/install/explore_lite_msgs/lib/python3.12/site-packages/explore_lite_msgs/_explore_lite_msgs_s.ep.rosidl_typesupport_introspection_c.c
[18.328s] -- Installing: /home/usernamerahul/agv_ws/install/explore_lite_msgs/lib/python3.12/site-packages/explore_lite_msgs/explore_lite_msgs_s__rosidl_typesupport_fastrtps_c.so
[18.328s] -- Installing: /home/usernamerahul/agv_ws/install/explore_lite_msgs/lib/python3.12/site-packages/explore_lite_msgs/msg
[18.329s] -- Installing: /home/usernamerahul/agv_ws/install/explore_lite_msgs/lib/python3.12/site-packages/explore_lite_msgs/msg/_explore_status.py
[18.329s] -- Installing: /home/usernamerahul/agv_ws/install/explore_lite_msgs/lib/python3.12/site-packages/explore_lite_msgs/msg/__init__.py
[18.329s] -- Installing: /home/usernamerahul/agv_ws/install/explore_lite_msgs/lib/python3.12/site-packages/explore_lite_msgs/msg/_explore_status_s.c
[18.329s] -- Installing: /home/usernamerahul/agv_ws/install/explore_lite_msgs/lib/python3.12/site-packages/explore_lite_msgs/_explore_lite_msgs_s.ep.rosidl_typesupport_fastrtps_c.c
[18.329s] -- Installing: /home/usernamerahul/agv_ws/install/explore_lite_msgs/lib/python3.12/site-packages/explore_lite_msgs/__init__.py
[18.329s] -- Installing: /home/usernamerahul/agv_ws/install/explore_lite_msgs/lib/python3.12/site-packages/explore_lite_msgs/_explore_lite_msgs_s.ep.rosidl_typesupport_c.c
[18.330s] -- Installing: /home/usernamerahul/agv_ws/install/explore_lite_msgs/lib/python3.12/site-packages/explore_lite_msgs/explore_lite_msgs_s__rosidl_typesupport_c.so
[18.330s] -- Installing: /home/usernamerahul/agv_ws/install/explore_lite_msgs/lib/python3.12/site-packages/explore_lite_msgs/explore_lite_msgs_s__rosidl_typesupport_introspection_c.so
[18.434s] Listing '/home/usernamerahul/agv_ws/install/explore_lite_msgs/lib/python3.12/site-packages/explore_lite_msgs'...
[18.435s] Compiling '/home/usernamerahul/agv_ws/install/explore_lite_msgs/lib/python3.12/site-packages/explore_lite_msgs/__init__.py'...
[18.435s] Listing '/home/usernamerahul/agv_ws/install/explore_lite_msgs/lib/python3.12/site-packages/explore_lite_msgs/msg'...
[18.435s] Compiling '/home/usernamerahul/agv_ws/install/explore_lite_msgs/lib/python3.12/site-packages/explore_lite_msgs/msg/__init__.py'...
[18.435s] Compiling '/home/usernamerahul/agv_ws/install/explore_lite_msgs/lib/python3.12/site-packages/explore_lite_msgs/msg/_explore_status.py'...
[18.445s] -- Installing: /home/usernamerahul/agv_ws/install/explore_lite_msgs/lib/python3.12/site-packages/explore_lite_msgs/explore_lite_msgs_s__rosidl_typesupport_fastrtps_c.so
[18.446s] -- Set non-toolchain portion of runtime path of "/home/usernamerahul/agv_ws/install/explore_lite_msgs/lib/python3.12/site-packages/explore_lite_msgs/explore_lite_msgs_s__rosidl_typesupport_fastrtps_c.so" to ""
[18.446s] -- Installing: /home/usernamerahul/agv_ws/install/explore_lite_msgs/lib/python3.12/site-packages/explore_lite_msgs/explore_lite_msgs_s__rosidl_typesupport_introspection_c.so
[18.446s] -- Set non-toolchain portion of runtime path of "/home/usernamerahul/agv_ws/install/explore_lite_msgs/lib/python3.12/site-packages/explore_lite_msgs/explore_lite_msgs_s__rosidl_typesupport_introspection_c.so" to ""
[18.447s] -- Installing: /home/usernamerahul/agv_ws/install/explore_lite_msgs/lib/python3.12/site-packages/explore_lite_msgs/explore_lite_msgs_s__rosidl_typesupport_c.so
[18.448s] -- Set non-toolchain portion of runtime path of "/home/usernamerahul/agv_ws/install/explore_lite_msgs/lib/python3.12/site-packages/explore_lite_msgs/explore_lite_msgs_s__rosidl_typesupport_c.so" to ""
[18.448s] -- Installing: /home/usernamerahul/agv_ws/install/explore_lite_msgs/lib/libexplore_lite_msgs__rosidl_generator_py.so
[18.448s] -- Set non-toolchain portion of runtime path of "/home/usernamerahul/agv_ws/install/explore_lite_msgs/lib/libexplore_lite_msgs__rosidl_generator_py.so" to ""
[18.449s] -- Installing: /home/usernamerahul/agv_ws/install/explore_lite_msgs/share/ament_index/resource_index/rust_packages/explore_lite_msgs
[18.449s] -- Installing: /home/usernamerahul/agv_ws/install/explore_lite_msgs/share/explore_lite_msgs/rust
[18.450s] -- Installing: /home/usernamerahul/agv_ws/install/explore_lite_msgs/share/explore_lite_msgs/rust/build.rs
[18.450s] -- Installing: /home/usernamerahul/agv_ws/install/explore_lite_msgs/share/explore_lite_msgs/rust/Cargo.toml
[18.450s] -- Installing: /home/usernamerahul/agv_ws/install/explore_lite_msgs/share/explore_lite_msgs/rust/src
[18.451s] -- Installing: /home/usernamerahul/agv_ws/install/explore_lite_msgs/share/explore_lite_msgs/rust/src/msg
[18.451s] -- Installing: /home/usernamerahul/agv_ws/install/explore_lite_msgs/share/explore_lite_msgs/rust/src/msg/rmw.rs
[18.451s] -- Installing: /home/usernamerahul/agv_ws/install/explore_lite_msgs/share/explore_lite_msgs/rust/src/msg.rs
[18.451s] -- Installing: /home/usernamerahul/agv_ws/install/explore_lite_msgs/share/explore_lite_msgs/rust/src/lib.rs
[18.452s] -- Installing: /home/usernamerahul/agv_ws/install/explore_lite_msgs/share/explore_lite_msgs/msg/ExploreStatus.idl
[18.452s] -- Installing: /home/usernamerahul/agv_ws/install/explore_lite_msgs/share/explore_lite_msgs/msg/ExploreStatus.msg
[18.453s] -- Installing: /home/usernamerahul/agv_ws/install/explore_lite_msgs/share/ament_index/resource_index/package_run_dependencies/explore_lite_msgs
[18.453s] -- Installing: /home/usernamerahul/agv_ws/install/explore_lite_msgs/share/ament_index/resource_index/parent_prefix_path/explore_lite_msgs
[18.454s] -- Installing: /home/usernamerahul/agv_ws/install/explore_lite_msgs/share/explore_lite_msgs/environment/ament_prefix_path.sh
[18.454s] -- Installing: /home/usernamerahul/agv_ws/install/explore_lite_msgs/share/explore_lite_msgs/environment/ament_prefix_path.dsv
[18.455s] -- Installing: /home/usernamerahul/agv_ws/install/explore_lite_msgs/share/explore_lite_msgs/environment/path.sh
[18.455s] -- Installing: /home/usernamerahul/agv_ws/install/explore_lite_msgs/share/explore_lite_msgs/environment/path.dsv
[18.455s] -- Installing: /home/usernamerahul/agv_ws/install/explore_lite_msgs/share/explore_lite_msgs/local_setup.bash
[18.456s] -- Installing: /home/usernamerahul/agv_ws/install/explore_lite_msgs/share/explore_lite_msgs/local_setup.sh
[18.456s] -- Installing: /home/usernamerahul/agv_ws/install/explore_lite_msgs/share/explore_lite_msgs/local_setup.zsh
[18.457s] -- Installing: /home/usernamerahul/agv_ws/install/explore_lite_msgs/share/explore_lite_msgs/local_setup.dsv
[18.457s] -- Installing: /home/usernamerahul/agv_ws/install/explore_lite_msgs/share/explore_lite_msgs/package.dsv
[18.458s] -- Installing: /home/usernamerahul/agv_ws/install/explore_lite_msgs/share/ament_index/resource_index/packages/explore_lite_msgs
[18.459s] -- Installing: /home/usernamerahul/agv_ws/install/explore_lite_msgs/share/explore_lite_msgs/cmake/export_explore_lite_msgs__rosidl_generator_cExport.cmake
[18.459s] -- Installing: /home/usernamerahul/agv_ws/install/explore_lite_msgs/share/explore_lite_msgs/cmake/export_explore_lite_msgs__rosidl_generator_cExport-noconfig.cmake
[18.460s] -- Installing: /home/usernamerahul/agv_ws/install/explore_lite_msgs/share/explore_lite_msgs/cmake/export_explore_lite_msgs__rosidl_typesupport_fastrtps_cExport.cmake
[18.460s] -- Installing: /home/usernamerahul/agv_ws/install/explore_lite_msgs/share/explore_lite_msgs/cmake/export_explore_lite_msgs__rosidl_typesupport_fastrtps_cExport-noconfig.cmake
[18.460s] -- Installing: /home/usernamerahul/agv_ws/install/explore_lite_msgs/share/explore_lite_msgs/cmake/explore_lite_msgs__rosidl_typesupport_introspection_cExport.cmake
[18.461s] -- Installing: /home/usernamerahul/agv_ws/install/explore_lite_msgs/share/explore_lite_msgs/cmake/explore_lite_msgs__rosidl_typesupport_introspection_cExport-noconfig.cmake
[18.461s] -- Installing: /home/usernamerahul/agv_ws/install/explore_lite_msgs/share/explore_lite_msgs/cmake/explore_lite_msgs__rosidl_typesupport_cExport.cmake
[18.461s] -- Installing: /home/usernamerahul/agv_ws/install/explore_lite_msgs/share/explore_lite_msgs/cmake/explore_lite_msgs__rosidl_typesupport_cExport-noconfig.cmake
[18.462s] -- Installing: /home/usernamerahul/agv_ws/install/explore_lite_msgs/share/explore_lite_msgs/cmake/export_explore_lite_msgs__rosidl_generator_cppExport.cmake
[18.462s] -- Installing: /home/usernamerahul/agv_ws/install/explore_lite_msgs/share/explore_lite_msgs/cmake/export_explore_lite_msgs__rosidl_typesupport_fastrtps_cppExport.cmake
[18.463s] -- Installing: /home/usernamerahul/agv_ws/install/explore_lite_msgs/share/explore_lite_msgs/cmake/export_explore_lite_msgs__rosidl_typesupport_fastrtps_cppExport-noconfig.cmake
[18.463s] -- Installing: /home/usernamerahul/agv_ws/install/explore_lite_msgs/share/explore_lite_msgs/cmake/explore_lite_msgs__rosidl_typesupport_introspection_cppExport.cmake
[18.463s] -- Installing: /home/usernamerahul/agv_ws/install/explore_lite_msgs/share/explore_lite_msgs/cmake/explore_lite_msgs__rosidl_typesupport_introspection_cppExport-noconfig.cmake
[18.464s] -- Installing: /home/usernamerahul/agv_ws/install/explore_lite_msgs/share/explore_lite_msgs/cmake/explore_lite_msgs__rosidl_typesupport_cppExport.cmake
[18.464s] -- Installing: /home/usernamerahul/agv_ws/install/explore_lite_msgs/share/explore_lite_msgs/cmake/explore_lite_msgs__rosidl_typesupport_cppExport-noconfig.cmake
[18.464s] -- Installing: /home/usernamerahul/agv_ws/install/explore_lite_msgs/share/explore_lite_msgs/cmake/export_explore_lite_msgs__rosidl_generator_pyExport.cmake
[18.465s] -- Installing: /home/usernamerahul/agv_ws/install/explore_lite_msgs/share/explore_lite_msgs/cmake/export_explore_lite_msgs__rosidl_generator_pyExport-noconfig.cmake
[18.465s] -- Installing: /home/usernamerahul/agv_ws/install/explore_lite_msgs/share/explore_lite_msgs/cmake/rosidl_cmake-extras.cmake
[18.465s] -- Installing: /home/usernamerahul/agv_ws/install/explore_lite_msgs/share/explore_lite_msgs/cmake/ament_cmake_export_include_directories-extras.cmake
[18.465s] -- Installing: /home/usernamerahul/agv_ws/install/explore_lite_msgs/share/explore_lite_msgs/cmake/ament_cmake_export_libraries-extras.cmake
[18.466s] -- Installing: /home/usernamerahul/agv_ws/install/explore_lite_msgs/share/explore_lite_msgs/cmake/ament_cmake_export_targets-extras.cmake
[18.466s] -- Installing: /home/usernamerahul/agv_ws/install/explore_lite_msgs/share/explore_lite_msgs/cmake/rosidl_cmake_export_typesupport_targets-extras.cmake
[18.466s] -- Installing: /home/usernamerahul/agv_ws/install/explore_lite_msgs/share/explore_lite_msgs/cmake/ament_cmake_export_dependencies-extras.cmake
[18.467s] -- Installing: /home/usernamerahul/agv_ws/install/explore_lite_msgs/share/explore_lite_msgs/cmake/rosidl_cmake_export_typesupport_libraries-extras.cmake
[18.467s] -- Installing: /home/usernamerahul/agv_ws/install/explore_lite_msgs/share/explore_lite_msgs/cmake/explore_lite_msgsConfig.cmake
[18.467s] -- Installing: /home/usernamerahul/agv_ws/install/explore_lite_msgs/share/explore_lite_msgs/cmake/explore_lite_msgsConfig-version.cmake
[18.468s] -- Installing: /home/usernamerahul/agv_ws/install/explore_lite_msgs/share/explore_lite_msgs/package.xml
[18.471s] Invoked command in '/home/usernamerahul/agv_ws/build/explore_lite_msgs' returned '0': CMAKE_PREFIX_PATH=${CMAKE_PREFIX_PATH}:/home/usernamerahul/ros2_ws/install/my_robot_controller:/opt/ros/jazzy /usr/bin/cmake --install /home/usernamerahul/agv_ws/build/explore_lite_msgs
