[0.537s] Invoking command in '/home/usernamerahul/agv_ws/build/explore_lite': AMENT_PREFIX_PATH=/home/usernamerahul/agv_ws/install/explore_lite_msgs:${AMENT_PREFIX_PATH} CMAKE_PREFIX_PATH=/home/usernamerahul/agv_ws/install/explore_lite_msgs:/opt/ros/jazzy/opt/gz_sim_vendor:/opt/ros/jazzy/opt/gz_sensors_vendor:/opt/ros/jazzy/opt/gz_physics_vendor:/opt/ros/jazzy/opt/sdformat_vendor:/opt/ros/jazzy/opt/gz_gui_vendor:/opt/ros/jazzy/opt/gz_transport_vendor:/opt/ros/jazzy/opt/gz_rendering_vendor:/opt/ros/jazzy/opt/gz_plugin_vendor:/opt/ros/jazzy/opt/gz_fuel_tools_vendor:/opt/ros/jazzy/opt/gz_msgs_vendor:/opt/ros/jazzy/opt/gz_common_vendor:/opt/ros/jazzy/opt/gz_math_vendor:/opt/ros/jazzy/opt/gz_utils_vendor:/opt/ros/jazzy/opt/gz_tools_vendor:/opt/ros/jazzy/opt/gz_ogre_next_vendor:/opt/ros/jazzy/opt/gz_dartsim_vendor:/opt/ros/jazzy/opt/gz_cmake_vendor:/home/usernamerahul/ros2_ws/install/my_robot_controller:/opt/ros/jazzy LD_LIBRARY_PATH=/home/usernamerahul/agv_ws/install/explore_lite_msgs/lib:${LD_LIBRARY_PATH} PYTHONPATH=/home/usernamerahul/agv_ws/install/explore_lite_msgs/lib/python3.12/site-packages:${PYTHONPATH} /usr/bin/cmake /home/usernamerahul/agv_ws/src/m-explore-ros2/explore -DCMAKE_INSTALL_PREFIX=/home/usernamerahul/agv_ws/install/explore_lite
[0.891s] -- The C compiler identification is GNU 13.3.0
[2.281s] -- The CXX compiler identification is GNU 13.3.0
[3.662s] -- Detecting C compiler ABI info
[4.328s] -- Detecting C compiler ABI info - done
[4.344s] -- Check for working C compiler: /usr/bin/cc - skipped
[4.344s] -- Detecting C compile features
[4.345s] -- Detecting C compile features - done
[4.639s] -- Detecting CXX compiler ABI info
[5.315s] -- Detecting CXX compiler ABI info - done
[5.327s] -- Check for working CXX compiler: /usr/bin/c++ - skipped
[5.327s] -- Detecting CXX compile features
[5.328s] -- Detecting CXX compile features - done
[5.329s] -- BuilD for ROS2: jazzy
[5.334s] -- Found ament_cmake: 2.5.6 (/opt/ros/jazzy/share/ament_cmake/cmake)
[5.583s] -- Found Python3: /usr/bin/python3 (found version "3.12.3") found components: Interpreter 
[5.776s] -- Found rclcpp: 28.1.18 (/opt/ros/jazzy/share/rclcpp/cmake)
[6.237s] -- Found rosidl_generator_c: 4.6.7 (/opt/ros/jazzy/share/rosidl_generator_c/cmake)
[6.265s] -- Found rosidl_generator_cpp: 4.6.7 (/opt/ros/jazzy/share/rosidl_generator_cpp/cmake)
[6.293s] -- Using all available rosidl_typesupport_c: rosidl_typesupport_fastrtps_c;rosidl_typesupport_introspection_c
[6.326s] -- Using all available rosidl_typesupport_cpp: rosidl_typesupport_fastrtps_cpp;rosidl_typesupport_introspection_cpp
[6.541s] -- Found rmw_implementation_cmake: 7.3.3 (/opt/ros/jazzy/share/rmw_implementation_cmake/cmake)
[6.553s] -- Found rmw_cyclonedds_cpp: 2.2.3 (/opt/ros/jazzy/share/rmw_cyclonedds_cpp/cmake)
[6.939s] -- Using RMW implementation 'rmw_cyclonedds_cpp' as default
[7.137s] -- Found std_msgs: 5.3.7 (/opt/ros/jazzy/share/std_msgs/cmake)
[7.178s] -- Found sensor_msgs: 5.3.7 (/opt/ros/jazzy/share/sensor_msgs/cmake)
[7.297s] -- Found tf2_ros: 0.36.20 (/opt/ros/jazzy/share/tf2_ros/cmake)
[7.654s] -- Found tf2_geometry_msgs: 0.36.20 (/opt/ros/jazzy/share/tf2_geometry_msgs/cmake)
[7.790s] -- Found eigen3_cmake_module: 0.3.0 (/opt/ros/jazzy/share/eigen3_cmake_module/cmake)
[7.793s] -- Found Eigen3: TRUE (found version "3.4.0") 
[7.793s] -- Ensuring Eigen3 include directory is part of orocos-kdl CMake target
[7.803s] -- Found nav2_msgs: 1.3.11 (/opt/ros/jazzy/share/nav2_msgs/cmake)
[8.076s] -- Found map_msgs: 2.4.1 (/opt/ros/jazzy/share/map_msgs/cmake)
[8.151s] -- Found visualization_msgs: 5.3.7 (/opt/ros/jazzy/share/visualization_msgs/cmake)
[8.222s] -- Found nav2_costmap_2d: 1.3.11 (/opt/ros/jazzy/share/nav2_costmap_2d/cmake)
[8.547s] -- Found TinyXML2 via Config file: /usr/lib/x86_64-linux-gnu/cmake/tinyxml2
[8.645s] -- Found explore_lite_msgs: 1.0.0 (/home/usernamerahul/agv_ws/install/explore_lite_msgs/share/explore_lite_msgs/cmake)
[8.670s] -- Found ament_lint_auto: 0.17.5 (/opt/ros/jazzy/share/ament_lint_auto/cmake)
[8.883s] -- Found ament_cmake_gtest: 2.5.6 (/opt/ros/jazzy/share/ament_cmake_gtest/cmake)
[8.897s] -- Found gtest sources under '/opt/ros/jazzy/src/gtest_vendor': C++ tests using 'Google Test' will be built
[8.908s] -- Performing Test CMAKE_HAVE_LIBC_PTHREAD
[9.327s] -- Performing Test CMAKE_HAVE_LIBC_PTHREAD - Success
[9.328s] -- Found Threads: TRUE  
[9.341s] -- Added test 'cppcheck' to perform static code analysis on C / C++ code
[9.342s] -- Configured cppcheck include dirs: /home/usernamerahul/agv_ws/src/m-explore-ros2/explore/include;$<BUILD_INTERFACE:/home/usernamerahul/agv_ws/src/m-explore-ros2/explore/include>
[9.342s] -- Configured cppcheck exclude dirs and/or files: 
[9.346s] -- Added test 'flake8' to check Python code syntax and style conventions
[9.346s] -- Configured 'flake8' exclude dirs and/or files: 
[9.348s] -- Added test 'lint_cmake' to check CMake code style
[9.351s] -- Added test 'pep257' to check Python code against some of the docstring style conventions in PEP 257
[9.358s] -- Added test 'uncrustify' to check C / C++ code style
[9.358s] -- Configured uncrustify additional arguments: 
[9.361s] -- Added test 'xmllint' to check XML markup files
[9.367s] -- Configuring done (8.8s)
[9.412s] -- Generating done (0.0s)
[9.424s] -- Build files have been written to: /home/usernamerahul/agv_ws/build/explore_lite
[9.442s] Invoked command in '/home/usernamerahul/agv_ws/build/explore_lite' returned '0': AMENT_PREFIX_PATH=/home/usernamerahul/agv_ws/install/explore_lite_msgs:${AMENT_PREFIX_PATH} CMAKE_PREFIX_PATH=/home/usernamerahul/agv_ws/install/explore_lite_msgs:/opt/ros/jazzy/opt/gz_sim_vendor:/opt/ros/jazzy/opt/gz_sensors_vendor:/opt/ros/jazzy/opt/gz_physics_vendor:/opt/ros/jazzy/opt/sdformat_vendor:/opt/ros/jazzy/opt/gz_gui_vendor:/opt/ros/jazzy/opt/gz_transport_vendor:/opt/ros/jazzy/opt/gz_rendering_vendor:/opt/ros/jazzy/opt/gz_plugin_vendor:/opt/ros/jazzy/opt/gz_fuel_tools_vendor:/opt/ros/jazzy/opt/gz_msgs_vendor:/opt/ros/jazzy/opt/gz_common_vendor:/opt/ros/jazzy/opt/gz_math_vendor:/opt/ros/jazzy/opt/gz_utils_vendor:/opt/ros/jazzy/opt/gz_tools_vendor:/opt/ros/jazzy/opt/gz_ogre_next_vendor:/opt/ros/jazzy/opt/gz_dartsim_vendor:/opt/ros/jazzy/opt/gz_cmake_vendor:/home/usernamerahul/ros2_ws/install/my_robot_controller:/opt/ros/jazzy LD_LIBRARY_PATH=/home/usernamerahul/agv_ws/install/explore_lite_msgs/lib:${LD_LIBRARY_PATH} PYTHONPATH=/home/usernamerahul/agv_ws/install/explore_lite_msgs/lib/python3.12/site-packages:${PYTHONPATH} /usr/bin/cmake /home/usernamerahul/agv_ws/src/m-explore-ros2/explore -DCMAKE_INSTALL_PREFIX=/home/usernamerahul/agv_ws/install/explore_lite
[9.445s] Invoking command in '/home/usernamerahul/agv_ws/build/explore_lite': AMENT_PREFIX_PATH=/home/usernamerahul/agv_ws/install/explore_lite_msgs:${AMENT_PREFIX_PATH} CMAKE_PREFIX_PATH=/home/usernamerahul/agv_ws/install/explore_lite_msgs:/opt/ros/jazzy/opt/gz_sim_vendor:/opt/ros/jazzy/opt/gz_sensors_vendor:/opt/ros/jazzy/opt/gz_physics_vendor:/opt/ros/jazzy/opt/sdformat_vendor:/opt/ros/jazzy/opt/gz_gui_vendor:/opt/ros/jazzy/opt/gz_transport_vendor:/opt/ros/jazzy/opt/gz_rendering_vendor:/opt/ros/jazzy/opt/gz_plugin_vendor:/opt/ros/jazzy/opt/gz_fuel_tools_vendor:/opt/ros/jazzy/opt/gz_msgs_vendor:/opt/ros/jazzy/opt/gz_common_vendor:/opt/ros/jazzy/opt/gz_math_vendor:/opt/ros/jazzy/opt/gz_utils_vendor:/opt/ros/jazzy/opt/gz_tools_vendor:/opt/ros/jazzy/opt/gz_ogre_next_vendor:/opt/ros/jazzy/opt/gz_dartsim_vendor:/opt/ros/jazzy/opt/gz_cmake_vendor:/home/usernamerahul/ros2_ws/install/my_robot_controller:/opt/ros/jazzy LD_LIBRARY_PATH=/home/usernamerahul/agv_ws/install/explore_lite_msgs/lib:${LD_LIBRARY_PATH} PYTHONPATH=/home/usernamerahul/agv_ws/install/explore_lite_msgs/lib/python3.12/site-packages:${PYTHONPATH} /usr/bin/cmake --build /home/usernamerahul/agv_ws/build/explore_lite -- -j8 -l8
[9.527s] [ 10%] [32mBuilding CXX object gtest/CMakeFiles/gtest.dir/src/gtest-all.cc.o[0m
[9.527s] [ 30%] [32mBuilding CXX object CMakeFiles/explore.dir/src/explore.cpp.o[0m
[9.527s] [ 30%] [32mBuilding CXX object gtest/CMakeFiles/gtest_main.dir/src/gtest_main.cc.o[0m
[9.528s] [ 40%] [32mBuilding CXX object CMakeFiles/explore.dir/src/costmap_client.cpp.o[0m
[9.530s] [ 50%] [32mBuilding CXX object CMakeFiles/explore.dir/src/frontier_search.cpp.o[0m
[11.687s] [ 60%] [32m[1mLinking CXX static library libgtest_main.a[0m
[11.799s] [ 60%] Built target gtest_main
[20.995s] [ 70%] [32m[1mLinking CXX static library libgtest.a[0m
[21.312s] [ 70%] Built target gtest
[21.372s] [ 80%] [32mBuilding CXX object CMakeFiles/test_explore.dir/test/test_explore.cpp.o[0m
[25.019s] [ 90%] [32m[1mLinking CXX executable test_explore[0m
[25.855s] [ 90%] Built target test_explore
[48.111s] [100%] [32m[1mLinking CXX executable explore[0m
[50.420s] [100%] Built target explore
[50.478s] Invoked command in '/home/usernamerahul/agv_ws/build/explore_lite' returned '0': AMENT_PREFIX_PATH=/home/usernamerahul/agv_ws/install/explore_lite_msgs:${AMENT_PREFIX_PATH} CMAKE_PREFIX_PATH=/home/usernamerahul/agv_ws/install/explore_lite_msgs:/opt/ros/jazzy/opt/gz_sim_vendor:/opt/ros/jazzy/opt/gz_sensors_vendor:/opt/ros/jazzy/opt/gz_physics_vendor:/opt/ros/jazzy/opt/sdformat_vendor:/opt/ros/jazzy/opt/gz_gui_vendor:/opt/ros/jazzy/opt/gz_transport_vendor:/opt/ros/jazzy/opt/gz_rendering_vendor:/opt/ros/jazzy/opt/gz_plugin_vendor:/opt/ros/jazzy/opt/gz_fuel_tools_vendor:/opt/ros/jazzy/opt/gz_msgs_vendor:/opt/ros/jazzy/opt/gz_common_vendor:/opt/ros/jazzy/opt/gz_math_vendor:/opt/ros/jazzy/opt/gz_utils_vendor:/opt/ros/jazzy/opt/gz_tools_vendor:/opt/ros/jazzy/opt/gz_ogre_next_vendor:/opt/ros/jazzy/opt/gz_dartsim_vendor:/opt/ros/jazzy/opt/gz_cmake_vendor:/home/usernamerahul/ros2_ws/install/my_robot_controller:/opt/ros/jazzy LD_LIBRARY_PATH=/home/usernamerahul/agv_ws/install/explore_lite_msgs/lib:${LD_LIBRARY_PATH} PYTHONPATH=/home/usernamerahul/agv_ws/install/explore_lite_msgs/lib/python3.12/site-packages:${PYTHONPATH} /usr/bin/cmake --build /home/usernamerahul/agv_ws/build/explore_lite -- -j8 -l8
[50.515s] Invoking command in '/home/usernamerahul/agv_ws/build/explore_lite': AMENT_PREFIX_PATH=/home/usernamerahul/agv_ws/install/explore_lite_msgs:${AMENT_PREFIX_PATH} CMAKE_PREFIX_PATH=/home/usernamerahul/agv_ws/install/explore_lite_msgs:/opt/ros/jazzy/opt/gz_sim_vendor:/opt/ros/jazzy/opt/gz_sensors_vendor:/opt/ros/jazzy/opt/gz_physics_vendor:/opt/ros/jazzy/opt/sdformat_vendor:/opt/ros/jazzy/opt/gz_gui_vendor:/opt/ros/jazzy/opt/gz_transport_vendor:/opt/ros/jazzy/opt/gz_rendering_vendor:/opt/ros/jazzy/opt/gz_plugin_vendor:/opt/ros/jazzy/opt/gz_fuel_tools_vendor:/opt/ros/jazzy/opt/gz_msgs_vendor:/opt/ros/jazzy/opt/gz_common_vendor:/opt/ros/jazzy/opt/gz_math_vendor:/opt/ros/jazzy/opt/gz_utils_vendor:/opt/ros/jazzy/opt/gz_tools_vendor:/opt/ros/jazzy/opt/gz_ogre_next_vendor:/opt/ros/jazzy/opt/gz_dartsim_vendor:/opt/ros/jazzy/opt/gz_cmake_vendor:/home/usernamerahul/ros2_ws/install/my_robot_controller:/opt/ros/jazzy LD_LIBRARY_PATH=/home/usernamerahul/agv_ws/install/explore_lite_msgs/lib:${LD_LIBRARY_PATH} PYTHONPATH=/home/usernamerahul/agv_ws/install/explore_lite_msgs/lib/python3.12/site-packages:${PYTHONPATH} /usr/bin/cmake --install /home/usernamerahul/agv_ws/build/explore_lite
[50.530s] -- Install configuration: ""
[50.530s] -- Installing: /home/usernamerahul/agv_ws/install/explore_lite/include/explore/
[50.532s] -- Installing: /home/usernamerahul/agv_ws/install/explore_lite/include/explore//costmap_tools.h
[50.533s] -- Installing: /home/usernamerahul/agv_ws/install/explore_lite/include/explore//explore.h
[50.533s] -- Installing: /home/usernamerahul/agv_ws/install/explore_lite/include/explore//costmap_client.h
[50.534s] -- Installing: /home/usernamerahul/agv_ws/install/explore_lite/include/explore//frontier_search.h
[50.534s] -- Installing: /home/usernamerahul/agv_ws/install/explore_lite/share/explore_lite/config
[50.534s] -- Installing: /home/usernamerahul/agv_ws/install/explore_lite/share/explore_lite/config/params.yaml
[50.535s] -- Installing: /home/usernamerahul/agv_ws/install/explore_lite/share/explore_lite/config/params_costmap.yaml
[50.535s] -- Installing: /home/usernamerahul/agv_ws/install/explore_lite/share/explore_lite/launch
[50.536s] -- Installing: /home/usernamerahul/agv_ws/install/explore_lite/share/explore_lite/launch/explore.launch.py
[50.538s] -- Installing: /home/usernamerahul/agv_ws/install/explore_lite/lib/explore_lite/explore
[50.557s] -- Set non-toolchain portion of runtime path of "/home/usernamerahul/agv_ws/install/explore_lite/lib/explore_lite/explore" to ""
[50.559s] -- Installing: /home/usernamerahul/agv_ws/install/explore_lite/share/ament_index/resource_index/package_run_dependencies/explore_lite
[50.560s] -- Installing: /home/usernamerahul/agv_ws/install/explore_lite/share/ament_index/resource_index/parent_prefix_path/explore_lite
[50.561s] -- Installing: /home/usernamerahul/agv_ws/install/explore_lite/share/explore_lite/environment/ament_prefix_path.sh
[50.561s] -- Installing: /home/usernamerahul/agv_ws/install/explore_lite/share/explore_lite/environment/ament_prefix_path.dsv
[50.562s] -- Installing: /home/usernamerahul/agv_ws/install/explore_lite/share/explore_lite/environment/path.sh
[50.562s] -- Installing: /home/usernamerahul/agv_ws/install/explore_lite/share/explore_lite/environment/path.dsv
[50.563s] -- Installing: /home/usernamerahul/agv_ws/install/explore_lite/share/explore_lite/local_setup.bash
[50.563s] -- Installing: /home/usernamerahul/agv_ws/install/explore_lite/share/explore_lite/local_setup.sh
[50.563s] -- Installing: /home/usernamerahul/agv_ws/install/explore_lite/share/explore_lite/local_setup.zsh
[50.564s] -- Installing: /home/usernamerahul/agv_ws/install/explore_lite/share/explore_lite/local_setup.dsv
[50.564s] -- Installing: /home/usernamerahul/agv_ws/install/explore_lite/share/explore_lite/package.dsv
[50.565s] -- Installing: /home/usernamerahul/agv_ws/install/explore_lite/share/ament_index/resource_index/packages/explore_lite
[50.565s] -- Installing: /home/usernamerahul/agv_ws/install/explore_lite/share/explore_lite/cmake/ament_cmake_export_dependencies-extras.cmake
[50.566s] -- Installing: /home/usernamerahul/agv_ws/install/explore_lite/share/explore_lite/cmake/ament_cmake_export_include_directories-extras.cmake
[50.567s] -- Installing: /home/usernamerahul/agv_ws/install/explore_lite/share/explore_lite/cmake/explore_liteConfig.cmake
[50.567s] -- Installing: /home/usernamerahul/agv_ws/install/explore_lite/share/explore_lite/cmake/explore_liteConfig-version.cmake
[50.567s] -- Installing: /home/usernamerahul/agv_ws/install/explore_lite/share/explore_lite/package.xml
[50.584s] Invoked command in '/home/usernamerahul/agv_ws/build/explore_lite' returned '0': AMENT_PREFIX_PATH=/home/usernamerahul/agv_ws/install/explore_lite_msgs:${AMENT_PREFIX_PATH} CMAKE_PREFIX_PATH=/home/usernamerahul/agv_ws/install/explore_lite_msgs:/opt/ros/jazzy/opt/gz_sim_vendor:/opt/ros/jazzy/opt/gz_sensors_vendor:/opt/ros/jazzy/opt/gz_physics_vendor:/opt/ros/jazzy/opt/sdformat_vendor:/opt/ros/jazzy/opt/gz_gui_vendor:/opt/ros/jazzy/opt/gz_transport_vendor:/opt/ros/jazzy/opt/gz_rendering_vendor:/opt/ros/jazzy/opt/gz_plugin_vendor:/opt/ros/jazzy/opt/gz_fuel_tools_vendor:/opt/ros/jazzy/opt/gz_msgs_vendor:/opt/ros/jazzy/opt/gz_common_vendor:/opt/ros/jazzy/opt/gz_math_vendor:/opt/ros/jazzy/opt/gz_utils_vendor:/opt/ros/jazzy/opt/gz_tools_vendor:/opt/ros/jazzy/opt/gz_ogre_next_vendor:/opt/ros/jazzy/opt/gz_dartsim_vendor:/opt/ros/jazzy/opt/gz_cmake_vendor:/home/usernamerahul/ros2_ws/install/my_robot_controller:/opt/ros/jazzy LD_LIBRARY_PATH=/home/usernamerahul/agv_ws/install/explore_lite_msgs/lib:${LD_LIBRARY_PATH} PYTHONPATH=/home/usernamerahul/agv_ws/install/explore_lite_msgs/lib/python3.12/site-packages:${PYTHONPATH} /usr/bin/cmake --install /home/usernamerahul/agv_ws/build/explore_lite
