[3.638s] Invoking command in '/home/usernamerahul/agv_ws/src/agv_vision': PYTHONPATH=/home/usernamerahul/agv_ws/build/agv_vision/prefix_override:/usr/lib/python3/dist-packages/colcon_core/task/python/colcon_distutils_commands:/home/usernamerahul/agv_ws/install/agv_vision/lib/python3.12/site-packages:${PYTHONPATH} /usr/bin/python3 -W ignore:setup.py install is deprecated -W ignore:easy_install command is deprecated setup.py egg_info --egg-base ../../build/agv_vision build --build-base /home/usernamerahul/agv_ws/build/agv_vision/build install --record /home/usernamerahul/agv_ws/build/agv_vision/install.log --single-version-externally-managed install_data
[4.570s] running egg_info
[4.628s] writing ../../build/agv_vision/agv_vision.egg-info/PKG-INFO
[4.629s] writing dependency_links to ../../build/agv_vision/agv_vision.egg-info/dependency_links.txt
[4.630s] writing entry points to ../../build/agv_vision/agv_vision.egg-info/entry_points.txt
[4.630s] writing requirements to ../../build/agv_vision/agv_vision.egg-info/requires.txt
[4.631s] writing top-level names to ../../build/agv_vision/agv_vision.egg-info/top_level.txt
[4.735s] reading manifest file '../../build/agv_vision/agv_vision.egg-info/SOURCES.txt'
[4.739s] writing manifest file '../../build/agv_vision/agv_vision.egg-info/SOURCES.txt'
[4.739s] running build
[4.740s] running build_py
[4.740s] running install
[4.758s] running install_lib
[4.814s] running install_data
[4.814s] running install_egg_info
[4.875s] removing '/home/usernamerahul/agv_ws/install/agv_vision/lib/python3.12/site-packages/agv_vision-0.0.0-py3.12.egg-info' (and everything under it)
[4.875s] Copying ../../build/agv_vision/agv_vision.egg-info to /home/usernamerahul/agv_ws/install/agv_vision/lib/python3.12/site-packages/agv_vision-0.0.0-py3.12.egg-info
[4.875s] running install_scripts
[5.424s] Installing detector script to /home/usernamerahul/agv_ws/install/agv_vision/lib/agv_vision
[5.427s] writing list of installed files to '/home/usernamerahul/agv_ws/build/agv_vision/install.log'
[5.531s] Invoked command in '/home/usernamerahul/agv_ws/src/agv_vision' returned '0': PYTHONPATH=/home/usernamerahul/agv_ws/build/agv_vision/prefix_override:/usr/lib/python3/dist-packages/colcon_core/task/python/colcon_distutils_commands:/home/usernamerahul/agv_ws/install/agv_vision/lib/python3.12/site-packages:${PYTHONPATH} /usr/bin/python3 -W ignore:setup.py install is deprecated -W ignore:easy_install command is deprecated setup.py egg_info --egg-base ../../build/agv_vision build --build-base /home/usernamerahul/agv_ws/build/agv_vision/build install --record /home/usernamerahul/agv_ws/build/agv_vision/install.log --single-version-externally-managed install_data
