running egg_info
creating ../../build/agv_vision/agv_vision.egg-info
writing ../../build/agv_vision/agv_vision.egg-info/PKG-INFO
writing dependency_links to ../../build/agv_vision/agv_vision.egg-info/dependency_links.txt
writing entry points to ../../build/agv_vision/agv_vision.egg-info/entry_points.txt
writing requirements to ../../build/agv_vision/agv_vision.egg-info/requires.txt
writing top-level names to ../../build/agv_vision/agv_vision.egg-info/top_level.txt
writing manifest file '../../build/agv_vision/agv_vision.egg-info/SOURCES.txt'
reading manifest file '../../build/agv_vision/agv_vision.egg-info/SOURCES.txt'
writing manifest file '../../build/agv_vision/agv_vision.egg-info/SOURCES.txt'
running build
running build_py
creating /home/usernamerahul/agv_ws/build/agv_vision/build
creating /home/usernamerahul/agv_ws/build/agv_vision/build/lib
creating /home/usernamerahul/agv_ws/build/agv_vision/build/lib/agv_vision
copying agv_vision/__init__.py -> /home/usernamerahul/agv_ws/build/agv_vision/build/lib/agv_vision
running install
running install_lib
creating /home/usernamerahul/agv_ws/install/agv_vision/lib/python3.12/site-packages/agv_vision
copying /home/usernamerahul/agv_ws/build/agv_vision/build/lib/agv_vision/__init__.py -> /home/usernamerahul/agv_ws/install/agv_vision/lib/python3.12/site-packages/agv_vision
byte-compiling /home/usernamerahul/agv_ws/install/agv_vision/lib/python3.12/site-packages/agv_vision/__init__.py to __init__.cpython-312.pyc
running install_data
creating /home/usernamerahul/agv_ws/install/agv_vision/share/ament_index
creating /home/usernamerahul/agv_ws/install/agv_vision/share/ament_index/resource_index
creating /home/usernamerahul/agv_ws/install/agv_vision/share/ament_index/resource_index/packages
copying resource/agv_vision -> /home/usernamerahul/agv_ws/install/agv_vision/share/ament_index/resource_index/packages
copying package.xml -> /home/usernamerahul/agv_ws/install/agv_vision/share/agv_vision
running install_egg_info
Copying ../../build/agv_vision/agv_vision.egg-info to /home/usernamerahul/agv_ws/install/agv_vision/lib/python3.12/site-packages/agv_vision-0.0.0-py3.12.egg-info
running install_scripts
Installing detector script to /home/usernamerahul/agv_ws/install/agv_vision/lib/agv_vision
writing list of installed files to '/home/usernamerahul/agv_ws/build/agv_vision/install.log'
