[1.617s] Invoking command in '/home/usernamerahul/agv_ws/src/agv_vision': PYTHONPATH=/home/usernamerahul/agv_ws/build/agv_vision/prefix_override:/usr/lib/python3/dist-packages/colcon_core/task/python/colcon_distutils_commands:/home/usernamerahul/agv_ws/install/agv_vision/lib/python3.12/site-packages:${PYTHONPATH} /usr/bin/python3 -W ignore:setup.py install is deprecated -W ignore:easy_install command is deprecated setup.py egg_info --egg-base ../../build/agv_vision build --build-base /home/usernamerahul/agv_ws/build/agv_vision/build install --record /home/usernamerahul/agv_ws/build/agv_vision/install.log --single-version-externally-managed install_data
[2.160s] running egg_info
[2.160s] creating ../../build/agv_vision/agv_vision.egg-info
[2.189s] writing ../../build/agv_vision/agv_vision.egg-info/PKG-INFO
[2.190s] writing dependency_links to ../../build/agv_vision/agv_vision.egg-info/dependency_links.txt
[2.190s] writing entry points to ../../build/agv_vision/agv_vision.egg-info/entry_points.txt
[2.191s] writing requirements to ../../build/agv_vision/agv_vision.egg-info/requires.txt
[2.191s] writing top-level names to ../../build/agv_vision/agv_vision.egg-info/top_level.txt
[2.191s] writing manifest file '../../build/agv_vision/agv_vision.egg-info/SOURCES.txt'
[2.254s] reading manifest file '../../build/agv_vision/agv_vision.egg-info/SOURCES.txt'
[2.255s] writing manifest file '../../build/agv_vision/agv_vision.egg-info/SOURCES.txt'
[2.255s] running build
[2.256s] running build_py
[2.256s] creating /home/usernamerahul/agv_ws/build/agv_vision/build
[2.257s] creating /home/usernamerahul/agv_ws/build/agv_vision/build/lib
[2.258s] creating /home/usernamerahul/agv_ws/build/agv_vision/build/lib/agv_vision
[2.258s] copying agv_vision/__init__.py -> /home/usernamerahul/agv_ws/build/agv_vision/build/lib/agv_vision
[2.259s] running install
[2.269s] running install_lib
[2.308s] creating /home/usernamerahul/agv_ws/install/agv_vision/lib/python3.12/site-packages/agv_vision
[2.308s] copying /home/usernamerahul/agv_ws/build/agv_vision/build/lib/agv_vision/__init__.py -> /home/usernamerahul/agv_ws/install/agv_vision/lib/python3.12/site-packages/agv_vision
[2.310s] byte-compiling /home/usernamerahul/agv_ws/install/agv_vision/lib/python3.12/site-packages/agv_vision/__init__.py to __init__.cpython-312.pyc
[2.312s] running install_data
[2.312s] creating /home/usernamerahul/agv_ws/install/agv_vision/share/ament_index
[2.313s] creating /home/usernamerahul/agv_ws/install/agv_vision/share/ament_index/resource_index
[2.313s] creating /home/usernamerahul/agv_ws/install/agv_vision/share/ament_index/resource_index/packages
[2.314s] copying resource/agv_vision -> /home/usernamerahul/agv_ws/install/agv_vision/share/ament_index/resource_index/packages
[2.314s] copying package.xml -> /home/usernamerahul/agv_ws/install/agv_vision/share/agv_vision
[2.314s] running install_egg_info
[2.344s] Copying ../../build/agv_vision/agv_vision.egg-info to /home/usernamerahul/agv_ws/install/agv_vision/lib/python3.12/site-packages/agv_vision-0.0.0-py3.12.egg-info
[2.348s] running install_scripts
[2.629s] Installing detector script to /home/usernamerahul/agv_ws/install/agv_vision/lib/agv_vision
[2.632s] writing list of installed files to '/home/usernamerahul/agv_ws/build/agv_vision/install.log'
[2.699s] Invoked command in '/home/usernamerahul/agv_ws/src/agv_vision' returned '0': PYTHONPATH=/home/usernamerahul/agv_ws/build/agv_vision/prefix_override:/usr/lib/python3/dist-packages/colcon_core/task/python/colcon_distutils_commands:/home/usernamerahul/agv_ws/install/agv_vision/lib/python3.12/site-packages:${PYTHONPATH} /usr/bin/python3 -W ignore:setup.py install is deprecated -W ignore:easy_install command is deprecated setup.py egg_info --egg-base ../../build/agv_vision build --build-base /home/usernamerahul/agv_ws/build/agv_vision/build install --record /home/usernamerahul/agv_ws/build/agv_vision/install.log --single-version-externally-managed install_data
