[0.036s] Invoking command in '/home/usernamerahul/agv_ws/build/explore_lite_msgs': CMAKE_PREFIX_PATH=${CMAKE_PREFIX_PATH}:/home/usernamerahul/ros2_ws/install/my_robot_controller:/opt/ros/jazzy /usr/bin/cmake --build /home/usernamerahul/agv_ws/build/explore_lite_msgs -- -j8 -l8
[0.825s] [  2%] Built target explore_lite_msgs__rosidl_generator_type_description
[0.826s] [  2%] Built target ament_cmake_python_copy_explore_lite_msgs
[0.826s] [  5%] Built target explore_lite_msgs__rs
[0.826s] [  8%] Built target explore_lite_msgs__cpp
[0.826s] [ 22%] Built target explore_lite_msgs__rosidl_generator_c
[0.826s] [ 31%] Built target explore_lite_msgs__rosidl_typesupport_c
[0.826s] [ 40%] Built target explore_lite_msgs__rosidl_typesupport_introspection_cpp
[0.826s] [ 60%] Built target explore_lite_msgs__rosidl_typesupport_introspection_c
[0.826s] [ 62%] Built target explore_lite_msgs__rosidl_typesupport_cpp
[0.826s] [ 65%] Built target explore_lite_msgs__rosidl_typesupport_fastrtps_c
[0.827s] [ 74%] Built target explore_lite_msgs__rosidl_typesupport_fastrtps_cpp
[0.827s] [ 74%] Built target explore_lite_msgs
[0.827s] [ 77%] Built target explore_lite_msgs__py
[0.827s] [ 82%] Built target explore_lite_msgs__rosidl_generator_py
[0.827s] [ 88%] Built target explore_lite_msgs_s__rosidl_typesupport_introspection_c
[0.827s] [ 94%] Built target explore_lite_msgs_s__rosidl_typesupport_fastrtps_c
[0.827s] [100%] Built target explore_lite_msgs_s__rosidl_typesupport_c
[0.827s] running egg_info
[0.827s] writing explore_lite_msgs.egg-info/PKG-INFO
[0.827s] writing dependency_links to explore_lite_msgs.egg-info/dependency_links.txt
[0.827s] writing top-level names to explore_lite_msgs.egg-info/top_level.txt
[0.828s] reading manifest file 'explore_lite_msgs.egg-info/SOURCES.txt'
[0.828s] writing manifest file 'explore_lite_msgs.egg-info/SOURCES.txt'
[0.828s] [100%] Built target ament_cmake_python_build_explore_lite_msgs_egg
[0.828s] Invoked command in '/home/usernamerahul/agv_ws/build/explore_lite_msgs' returned '0': CMAKE_PREFIX_PATH=${CMAKE_PREFIX_PATH}:/home/usernamerahul/ros2_ws/install/my_robot_controller:/opt/ros/jazzy /usr/bin/cmake --build /home/usernamerahul/agv_ws/build/explore_lite_msgs -- -j8 -l8
[0.839s] Invoking command in '/home/usernamerahul/agv_ws/build/explore_lite_msgs': CMAKE_PREFIX_PATH=${CMAKE_PREFIX_PATH}:/home/usernamerahul/ros2_ws/install/my_robot_controller:/opt/ros/jazzy /usr/bin/cmake --install /home/usernamerahul/agv_ws/build/explore_lite_msgs
[0.849s] -- Install configuration: ""
[0.850s] -- Up-to-date: /home/usernamerahul/agv_ws/install/explore_lite_msgs/share/ament_index/resource_index/rosidl_interfaces/explore_lite_msgs
[0.850s] -- Up-to-date: /home/usernamerahul/agv_ws/install/explore_lite_msgs/share/explore_lite_msgs/msg/ExploreStatus.json
[0.850s] -- Up-to-date: /home/usernamerahul/agv_ws/install/explore_lite_msgs/include/explore_lite_msgs/explore_lite_msgs
[0.851s] -- Up-to-date: /home/usernamerahul/agv_ws/install/explore_lite_msgs/include/explore_lite_msgs/explore_lite_msgs/msg
[0.851s] -- Up-to-date: /home/usernamerahul/agv_ws/install/explore_lite_msgs/include/explore_lite_msgs/explore_lite_msgs/msg/rosidl_generator_c__visibility_control.h
[0.851s] -- Up-to-date: /home/usernamerahul/agv_ws/install/explore_lite_msgs/include/explore_lite_msgs/explore_lite_msgs/msg/explore_status.h
[0.851s] -- Up-to-date: /home/usernamerahul/agv_ws/install/explore_lite_msgs/include/explore_lite_msgs/explore_lite_msgs/msg/detail
[0.851s] -- Up-to-date: /home/usernamerahul/agv_ws/install/explore_lite_msgs/include/explore_lite_msgs/explore_lite_msgs/msg/detail/explore_status__description.c
[0.851s] -- Up-to-date: /home/usernamerahul/agv_ws/install/explore_lite_msgs/include/explore_lite_msgs/explore_lite_msgs/msg/detail/explore_status__type_support.h
[0.851s] -- Up-to-date: /home/usernamerahul/agv_ws/install/explore_lite_msgs/include/explore_lite_msgs/explore_lite_msgs/msg/detail/explore_status__functions.c
[0.852s] -- Up-to-date: /home/usernamerahul/agv_ws/install/explore_lite_msgs/include/explore_lite_msgs/explore_lite_msgs/msg/detail/explore_status__functions.h
[0.852s] -- Up-to-date: /home/usernamerahul/agv_ws/install/explore_lite_msgs/include/explore_lite_msgs/explore_lite_msgs/msg/detail/explore_status__struct.h
[0.852s] -- Installing: /home/usernamerahul/agv_ws/install/explore_lite_msgs/include/explore_lite_msgs/explore_lite_msgs/msg/detail/explore_status__type_support.c
[0.852s] -- Up-to-date: /home/usernamerahul/agv_ws/install/explore_lite_msgs/share/explore_lite_msgs/environment/library_path.sh
[0.852s] -- Up-to-date: /home/usernamerahul/agv_ws/install/explore_lite_msgs/share/explore_lite_msgs/environment/library_path.dsv
[0.852s] -- Up-to-date: /home/usernamerahul/agv_ws/install/explore_lite_msgs/lib/libexplore_lite_msgs__rosidl_generator_c.so
[0.853s] -- Up-to-date: /home/usernamerahul/agv_ws/install/explore_lite_msgs/include/explore_lite_msgs/explore_lite_msgs
[0.853s] -- Up-to-date: /home/usernamerahul/agv_ws/install/explore_lite_msgs/include/explore_lite_msgs/explore_lite_msgs/msg
[0.853s] -- Up-to-date: /home/usernamerahul/agv_ws/install/explore_lite_msgs/include/explore_lite_msgs/explore_lite_msgs/msg/rosidl_typesupport_fastrtps_c__visibility_control.h
[0.853s] -- Up-to-date: /home/usernamerahul/agv_ws/install/explore_lite_msgs/include/explore_lite_msgs/explore_lite_msgs/msg/detail
[0.853s] -- Up-to-date: /home/usernamerahul/agv_ws/install/explore_lite_msgs/include/explore_lite_msgs/explore_lite_msgs/msg/detail/explore_status__rosidl_typesupport_fastrtps_c.h
[0.854s] -- Up-to-date: /home/usernamerahul/agv_ws/install/explore_lite_msgs/lib/libexplore_lite_msgs__rosidl_typesupport_fastrtps_c.so
[0.854s] -- Up-to-date: /home/usernamerahul/agv_ws/install/explore_lite_msgs/include/explore_lite_msgs/explore_lite_msgs
[0.854s] -- Up-to-date: /home/usernamerahul/agv_ws/install/explore_lite_msgs/include/explore_lite_msgs/explore_lite_msgs/msg
[0.854s] -- Up-to-date: /home/usernamerahul/agv_ws/install/explore_lite_msgs/include/explore_lite_msgs/explore_lite_msgs/msg/detail
[0.854s] -- Up-to-date: /home/usernamerahul/agv_ws/install/explore_lite_msgs/include/explore_lite_msgs/explore_lite_msgs/msg/detail/explore_status__rosidl_typesupport_introspection_c.h
[0.854s] -- Installing: /home/usernamerahul/agv_ws/install/explore_lite_msgs/include/explore_lite_msgs/explore_lite_msgs/msg/detail/explore_status__type_support.c
[0.855s] -- Up-to-date: /home/usernamerahul/agv_ws/install/explore_lite_msgs/include/explore_lite_msgs/explore_lite_msgs/msg/rosidl_typesupport_introspection_c__visibility_control.h
[0.855s] -- Up-to-date: /home/usernamerahul/agv_ws/install/explore_lite_msgs/lib/libexplore_lite_msgs__rosidl_typesupport_introspection_c.so
[0.856s] -- Up-to-date: /home/usernamerahul/agv_ws/install/explore_lite_msgs/lib/libexplore_lite_msgs__rosidl_typesupport_c.so
[0.857s] -- Up-to-date: /home/usernamerahul/agv_ws/install/explore_lite_msgs/include/explore_lite_msgs/explore_lite_msgs
[0.857s] -- Up-to-date: /home/usernamerahul/agv_ws/install/explore_lite_msgs/include/explore_lite_msgs/explore_lite_msgs/msg
[0.857s] -- Up-to-date: /home/usernamerahul/agv_ws/install/explore_lite_msgs/include/explore_lite_msgs/explore_lite_msgs/msg/rosidl_generator_cpp__visibility_control.hpp
[0.858s] -- Up-to-date: /home/usernamerahul/agv_ws/install/explore_lite_msgs/include/explore_lite_msgs/explore_lite_msgs/msg/detail
[0.858s] -- Up-to-date: /home/usernamerahul/agv_ws/install/explore_lite_msgs/include/explore_lite_msgs/explore_lite_msgs/msg/detail/explore_status__builder.hpp
[0.858s] -- Up-to-date: /home/usernamerahul/agv_ws/install/explore_lite_msgs/include/explore_lite_msgs/explore_lite_msgs/msg/detail/explore_status__type_support.hpp
[0.858s] -- Up-to-date: /home/usernamerahul/agv_ws/install/explore_lite_msgs/include/explore_lite_msgs/explore_lite_msgs/msg/detail/explore_status__struct.hpp
[0.858s] -- Up-to-date: /home/usernamerahul/agv_ws/install/explore_lite_msgs/include/explore_lite_msgs/explore_lite_msgs/msg/detail/explore_status__traits.hpp
[0.858s] -- Up-to-date: /home/usernamerahul/agv_ws/install/explore_lite_msgs/include/explore_lite_msgs/explore_lite_msgs/msg/explore_status.hpp
[0.858s] -- Up-to-date: /home/usernamerahul/agv_ws/install/explore_lite_msgs/include/explore_lite_msgs/explore_lite_msgs
[0.858s] -- Up-to-date: /home/usernamerahul/agv_ws/install/explore_lite_msgs/include/explore_lite_msgs/explore_lite_msgs/msg
[0.858s] -- Up-to-date: /home/usernamerahul/agv_ws/install/explore_lite_msgs/include/explore_lite_msgs/explore_lite_msgs/msg/detail
[0.859s] -- Up-to-date: /home/usernamerahul/agv_ws/install/explore_lite_msgs/include/explore_lite_msgs/explore_lite_msgs/msg/detail/explore_status__rosidl_typesupport_fastrtps_cpp.hpp
[0.859s] -- Up-to-date: /home/usernamerahul/agv_ws/install/explore_lite_msgs/include/explore_lite_msgs/explore_lite_msgs/msg/detail/dds_fastrtps
[0.859s] -- Up-to-date: /home/usernamerahul/agv_ws/install/explore_lite_msgs/include/explore_lite_msgs/explore_lite_msgs/msg/rosidl_typesupport_fastrtps_cpp__visibility_control.h
[0.860s] -- Up-to-date: /home/usernamerahul/agv_ws/install/explore_lite_msgs/lib/libexplore_lite_msgs__rosidl_typesupport_fastrtps_cpp.so
[0.860s] -- Up-to-date: /home/usernamerahul/agv_ws/install/explore_lite_msgs/include/explore_lite_msgs/explore_lite_msgs
[0.860s] -- Up-to-date: /home/usernamerahul/agv_ws/install/explore_lite_msgs/include/explore_lite_msgs/explore_lite_msgs/msg
[0.860s] -- Up-to-date: /home/usernamerahul/agv_ws/install/explore_lite_msgs/include/explore_lite_msgs/explore_lite_msgs/msg/detail
[0.860s] -- Up-to-date: /home/usernamerahul/agv_ws/install/explore_lite_msgs/include/explore_lite_msgs/explore_lite_msgs/msg/detail/explore_status__type_support.cpp
[0.860s] -- Up-to-date: /home/usernamerahul/agv_ws/install/explore_lite_msgs/include/explore_lite_msgs/explore_lite_msgs/msg/detail/explore_status__rosidl_typesupport_introspection_cpp.hpp
[0.860s] -- Up-to-date: /home/usernamerahul/agv_ws/install/explore_lite_msgs/lib/libexplore_lite_msgs__rosidl_typesupport_introspection_cpp.so
[0.860s] -- Up-to-date: /home/usernamerahul/agv_ws/install/explore_lite_msgs/lib/libexplore_lite_msgs__rosidl_typesupport_cpp.so
[0.860s] -- Up-to-date: /home/usernamerahul/agv_ws/install/explore_lite_msgs/share/explore_lite_msgs/environment/pythonpath.sh
[0.861s] -- Up-to-date: /home/usernamerahul/agv_ws/install/explore_lite_msgs/share/explore_lite_msgs/environment/pythonpath.dsv
[0.861s] -- Up-to-date: /home/usernamerahul/agv_ws/install/explore_lite_msgs/lib/python3.12/site-packages/explore_lite_msgs-1.0.0-py3.12.egg-info
[0.861s] -- Installing: /home/usernamerahul/agv_ws/install/explore_lite_msgs/lib/python3.12/site-packages/explore_lite_msgs-1.0.0-py3.12.egg-info/dependency_links.txt
[0.861s] -- Installing: /home/usernamerahul/agv_ws/install/explore_lite_msgs/lib/python3.12/site-packages/explore_lite_msgs-1.0.0-py3.12.egg-info/PKG-INFO
[0.861s] -- Installing: /home/usernamerahul/agv_ws/install/explore_lite_msgs/lib/python3.12/site-packages/explore_lite_msgs-1.0.0-py3.12.egg-info/SOURCES.txt
[0.862s] -- Installing: /home/usernamerahul/agv_ws/install/explore_lite_msgs/lib/python3.12/site-packages/explore_lite_msgs-1.0.0-py3.12.egg-info/top_level.txt
[0.862s] -- Up-to-date: /home/usernamerahul/agv_ws/install/explore_lite_msgs/lib/python3.12/site-packages/explore_lite_msgs
[0.862s] -- Up-to-date: /home/usernamerahul/agv_ws/install/explore_lite_msgs/lib/python3.12/site-packages/explore_lite_msgs/_explore_lite_msgs_s.ep.rosidl_typesupport_introspection_c.c
[0.863s] -- Up-to-date: /home/usernamerahul/agv_ws/install/explore_lite_msgs/lib/python3.12/site-packages/explore_lite_msgs/explore_lite_msgs_s__rosidl_typesupport_fastrtps_c.so
[0.863s] -- Up-to-date: /home/usernamerahul/agv_ws/install/explore_lite_msgs/lib/python3.12/site-packages/explore_lite_msgs/msg
[0.863s] -- Up-to-date: /home/usernamerahul/agv_ws/install/explore_lite_msgs/lib/python3.12/site-packages/explore_lite_msgs/msg/_explore_status.py
[0.863s] -- Up-to-date: /home/usernamerahul/agv_ws/install/explore_lite_msgs/lib/python3.12/site-packages/explore_lite_msgs/msg/__init__.py
[0.863s] -- Up-to-date: /home/usernamerahul/agv_ws/install/explore_lite_msgs/lib/python3.12/site-packages/explore_lite_msgs/msg/_explore_status_s.c
[0.864s] -- Up-to-date: /home/usernamerahul/agv_ws/install/explore_lite_msgs/lib/python3.12/site-packages/explore_lite_msgs/_explore_lite_msgs_s.ep.rosidl_typesupport_fastrtps_c.c
[0.864s] -- Up-to-date: /home/usernamerahul/agv_ws/install/explore_lite_msgs/lib/python3.12/site-packages/explore_lite_msgs/__init__.py
[0.864s] -- Up-to-date: /home/usernamerahul/agv_ws/install/explore_lite_msgs/lib/python3.12/site-packages/explore_lite_msgs/_explore_lite_msgs_s.ep.rosidl_typesupport_c.c
[0.864s] -- Up-to-date: /home/usernamerahul/agv_ws/install/explore_lite_msgs/lib/python3.12/site-packages/explore_lite_msgs/explore_lite_msgs_s__rosidl_typesupport_c.so
[0.864s] -- Up-to-date: /home/usernamerahul/agv_ws/install/explore_lite_msgs/lib/python3.12/site-packages/explore_lite_msgs/explore_lite_msgs_s__rosidl_typesupport_introspection_c.so
[0.915s] Listing '/home/usernamerahul/agv_ws/install/explore_lite_msgs/lib/python3.12/site-packages/explore_lite_msgs'...
[0.915s] Listing '/home/usernamerahul/agv_ws/install/explore_lite_msgs/lib/python3.12/site-packages/explore_lite_msgs/msg'...
[0.923s] -- Up-to-date: /home/usernamerahul/agv_ws/install/explore_lite_msgs/lib/python3.12/site-packages/explore_lite_msgs/explore_lite_msgs_s__rosidl_typesupport_fastrtps_c.so
[0.924s] -- Up-to-date: /home/usernamerahul/agv_ws/install/explore_lite_msgs/lib/python3.12/site-packages/explore_lite_msgs/explore_lite_msgs_s__rosidl_typesupport_introspection_c.so
[0.925s] -- Up-to-date: /home/usernamerahul/agv_ws/install/explore_lite_msgs/lib/python3.12/site-packages/explore_lite_msgs/explore_lite_msgs_s__rosidl_typesupport_c.so
[0.926s] -- Up-to-date: /home/usernamerahul/agv_ws/install/explore_lite_msgs/lib/libexplore_lite_msgs__rosidl_generator_py.so
[0.927s] -- Up-to-date: /home/usernamerahul/agv_ws/install/explore_lite_msgs/share/ament_index/resource_index/rust_packages/explore_lite_msgs
[0.927s] -- Up-to-date: /home/usernamerahul/agv_ws/install/explore_lite_msgs/share/explore_lite_msgs/rust
[0.927s] -- Up-to-date: /home/usernamerahul/agv_ws/install/explore_lite_msgs/share/explore_lite_msgs/rust/build.rs
[0.927s] -- Up-to-date: /home/usernamerahul/agv_ws/install/explore_lite_msgs/share/explore_lite_msgs/rust/Cargo.toml
[0.927s] -- Up-to-date: /home/usernamerahul/agv_ws/install/explore_lite_msgs/share/explore_lite_msgs/rust/src
[0.928s] -- Up-to-date: /home/usernamerahul/agv_ws/install/explore_lite_msgs/share/explore_lite_msgs/rust/src/msg
[0.928s] -- Up-to-date: /home/usernamerahul/agv_ws/install/explore_lite_msgs/share/explore_lite_msgs/rust/src/msg/rmw.rs
[0.928s] -- Up-to-date: /home/usernamerahul/agv_ws/install/explore_lite_msgs/share/explore_lite_msgs/rust/src/msg.rs
[0.928s] -- Up-to-date: /home/usernamerahul/agv_ws/install/explore_lite_msgs/share/explore_lite_msgs/rust/src/lib.rs
[0.928s] -- Up-to-date: /home/usernamerahul/agv_ws/install/explore_lite_msgs/share/explore_lite_msgs/msg/ExploreStatus.idl
[0.929s] -- Up-to-date: /home/usernamerahul/agv_ws/install/explore_lite_msgs/share/explore_lite_msgs/msg/ExploreStatus.msg
[0.929s] -- Up-to-date: /home/usernamerahul/agv_ws/install/explore_lite_msgs/share/ament_index/resource_index/package_run_dependencies/explore_lite_msgs
[0.929s] -- Up-to-date: /home/usernamerahul/agv_ws/install/explore_lite_msgs/share/ament_index/resource_index/parent_prefix_path/explore_lite_msgs
[0.929s] -- Up-to-date: /home/usernamerahul/agv_ws/install/explore_lite_msgs/share/explore_lite_msgs/environment/ament_prefix_path.sh
[0.929s] -- Up-to-date: /home/usernamerahul/agv_ws/install/explore_lite_msgs/share/explore_lite_msgs/environment/ament_prefix_path.dsv
[0.930s] -- Up-to-date: /home/usernamerahul/agv_ws/install/explore_lite_msgs/share/explore_lite_msgs/environment/path.sh
[0.930s] -- Up-to-date: /home/usernamerahul/agv_ws/install/explore_lite_msgs/share/explore_lite_msgs/environment/path.dsv
[0.930s] -- Up-to-date: /home/usernamerahul/agv_ws/install/explore_lite_msgs/share/explore_lite_msgs/local_setup.bash
[0.930s] -- Up-to-date: /home/usernamerahul/agv_ws/install/explore_lite_msgs/share/explore_lite_msgs/local_setup.sh
[0.930s] -- Up-to-date: /home/usernamerahul/agv_ws/install/explore_lite_msgs/share/explore_lite_msgs/local_setup.zsh
[0.930s] -- Up-to-date: /home/usernamerahul/agv_ws/install/explore_lite_msgs/share/explore_lite_msgs/local_setup.dsv
[0.930s] -- Installing: /home/usernamerahul/agv_ws/install/explore_lite_msgs/share/explore_lite_msgs/package.dsv
[0.930s] -- Up-to-date: /home/usernamerahul/agv_ws/install/explore_lite_msgs/share/ament_index/resource_index/packages/explore_lite_msgs
[0.930s] -- Up-to-date: /home/usernamerahul/agv_ws/install/explore_lite_msgs/share/explore_lite_msgs/cmake/export_explore_lite_msgs__rosidl_generator_cExport.cmake
[0.931s] -- Up-to-date: /home/usernamerahul/agv_ws/install/explore_lite_msgs/share/explore_lite_msgs/cmake/export_explore_lite_msgs__rosidl_generator_cExport-noconfig.cmake
[0.931s] -- Up-to-date: /home/usernamerahul/agv_ws/install/explore_lite_msgs/share/explore_lite_msgs/cmake/export_explore_lite_msgs__rosidl_typesupport_fastrtps_cExport.cmake
[0.932s] -- Up-to-date: /home/usernamerahul/agv_ws/install/explore_lite_msgs/share/explore_lite_msgs/cmake/export_explore_lite_msgs__rosidl_typesupport_fastrtps_cExport-noconfig.cmake
[0.932s] -- Up-to-date: /home/usernamerahul/agv_ws/install/explore_lite_msgs/share/explore_lite_msgs/cmake/explore_lite_msgs__rosidl_typesupport_introspection_cExport.cmake
[0.932s] -- Up-to-date: /home/usernamerahul/agv_ws/install/explore_lite_msgs/share/explore_lite_msgs/cmake/explore_lite_msgs__rosidl_typesupport_introspection_cExport-noconfig.cmake
[0.932s] -- Up-to-date: /home/usernamerahul/agv_ws/install/explore_lite_msgs/share/explore_lite_msgs/cmake/explore_lite_msgs__rosidl_typesupport_cExport.cmake
[0.933s] -- Up-to-date: /home/usernamerahul/agv_ws/install/explore_lite_msgs/share/explore_lite_msgs/cmake/explore_lite_msgs__rosidl_typesupport_cExport-noconfig.cmake
[0.933s] -- Up-to-date: /home/usernamerahul/agv_ws/install/explore_lite_msgs/share/explore_lite_msgs/cmake/export_explore_lite_msgs__rosidl_generator_cppExport.cmake
[0.934s] -- Up-to-date: /home/usernamerahul/agv_ws/install/explore_lite_msgs/share/explore_lite_msgs/cmake/export_explore_lite_msgs__rosidl_typesupport_fastrtps_cppExport.cmake
[0.934s] -- Up-to-date: /home/usernamerahul/agv_ws/install/explore_lite_msgs/share/explore_lite_msgs/cmake/export_explore_lite_msgs__rosidl_typesupport_fastrtps_cppExport-noconfig.cmake
[0.934s] -- Up-to-date: /home/usernamerahul/agv_ws/install/explore_lite_msgs/share/explore_lite_msgs/cmake/explore_lite_msgs__rosidl_typesupport_introspection_cppExport.cmake
[0.935s] -- Up-to-date: /home/usernamerahul/agv_ws/install/explore_lite_msgs/share/explore_lite_msgs/cmake/explore_lite_msgs__rosidl_typesupport_introspection_cppExport-noconfig.cmake
[0.935s] -- Up-to-date: /home/usernamerahul/agv_ws/install/explore_lite_msgs/share/explore_lite_msgs/cmake/explore_lite_msgs__rosidl_typesupport_cppExport.cmake
[0.935s] -- Up-to-date: /home/usernamerahul/agv_ws/install/explore_lite_msgs/share/explore_lite_msgs/cmake/explore_lite_msgs__rosidl_typesupport_cppExport-noconfig.cmake
[0.936s] -- Up-to-date: /home/usernamerahul/agv_ws/install/explore_lite_msgs/share/explore_lite_msgs/cmake/export_explore_lite_msgs__rosidl_generator_pyExport.cmake
[0.936s] -- Up-to-date: /home/usernamerahul/agv_ws/install/explore_lite_msgs/share/explore_lite_msgs/cmake/export_explore_lite_msgs__rosidl_generator_pyExport-noconfig.cmake
[0.936s] -- Up-to-date: /home/usernamerahul/agv_ws/install/explore_lite_msgs/share/explore_lite_msgs/cmake/rosidl_cmake-extras.cmake
[0.936s] -- Up-to-date: /home/usernamerahul/agv_ws/install/explore_lite_msgs/share/explore_lite_msgs/cmake/ament_cmake_export_include_directories-extras.cmake
[0.936s] -- Up-to-date: /home/usernamerahul/agv_ws/install/explore_lite_msgs/share/explore_lite_msgs/cmake/ament_cmake_export_libraries-extras.cmake
[0.937s] -- Up-to-date: /home/usernamerahul/agv_ws/install/explore_lite_msgs/share/explore_lite_msgs/cmake/ament_cmake_export_targets-extras.cmake
[0.937s] -- Up-to-date: /home/usernamerahul/agv_ws/install/explore_lite_msgs/share/explore_lite_msgs/cmake/rosidl_cmake_export_typesupport_targets-extras.cmake
[0.937s] -- Up-to-date: /home/usernamerahul/agv_ws/install/explore_lite_msgs/share/explore_lite_msgs/cmake/ament_cmake_export_dependencies-extras.cmake
[0.937s] -- Up-to-date: /home/usernamerahul/agv_ws/install/explore_lite_msgs/share/explore_lite_msgs/cmake/rosidl_cmake_export_typesupport_libraries-extras.cmake
[0.938s] -- Up-to-date: /home/usernamerahul/agv_ws/install/explore_lite_msgs/share/explore_lite_msgs/cmake/explore_lite_msgsConfig.cmake
[0.938s] -- Up-to-date: /home/usernamerahul/agv_ws/install/explore_lite_msgs/share/explore_lite_msgs/cmake/explore_lite_msgsConfig-version.cmake
[0.938s] -- Up-to-date: /home/usernamerahul/agv_ws/install/explore_lite_msgs/share/explore_lite_msgs/package.xml
[0.941s] Invoked command in '/home/usernamerahul/agv_ws/build/explore_lite_msgs' returned '0': CMAKE_PREFIX_PATH=${CMAKE_PREFIX_PATH}:/home/usernamerahul/ros2_ws/install/my_robot_controller:/opt/ros/jazzy /usr/bin/cmake --install /home/usernamerahul/agv_ws/build/explore_lite_msgs
