running egg_info
writing ../../build/agv_vision/agv_vision.egg-info/PKG-INFO
writing dependency_links to ../../build/agv_vision/agv_vision.egg-info/dependency_links.txt
writing entry points to ../../build/agv_vision/agv_vision.egg-info/entry_points.txt
writing requirements to ../../build/agv_vision/agv_vision.egg-info/requires.txt
writing top-level names to ../../build/agv_vision/agv_vision.egg-info/top_level.txt
reading manifest file '../../build/agv_vision/agv_vision.egg-info/SOURCES.txt'
writing manifest file '../../build/agv_vision/agv_vision.egg-info/SOURCES.txt'
running build
running build_py
copying agv_vision/obstacle_detector.py -> /home/usernamerahul/agv_ws/build/agv_vision/build/lib/agv_vision
running install
running install_lib
copying /home/usernamerahul/agv_ws/build/agv_vision/build/lib/agv_vision/obstacle_detector.py -> /home/usernamerahul/agv_ws/install/agv_vision/lib/python3.12/site-packages/agv_vision
byte-compiling /home/usernamerahul/agv_ws/install/agv_vision/lib/python3.12/site-packages/agv_vision/obstacle_detector.py to obstacle_detector.cpython-312.pyc
running install_data
running install_egg_info
removing '/home/usernamerahul/agv_ws/install/agv_vision/lib/python3.12/site-packages/agv_vision-0.0.0-py3.12.egg-info' (and everything under it)
Copying ../../build/agv_vision/agv_vision.egg-info to /home/usernamerahul/agv_ws/install/agv_vision/lib/python3.12/site-packages/agv_vision-0.0.0-py3.12.egg-info
running install_scripts
Installing detector script to /home/usernamerahul/agv_ws/install/agv_vision/lib/agv_vision
writing list of installed files to '/home/usernamerahul/agv_ws/build/agv_vision/install.log'
