[1.138s] Invoking command in '/home/usernamerahul/agv_ws/src/agv_vision': PYTHONPATH=/home/usernamerahul/agv_ws/build/agv_vision/prefix_override:/usr/lib/python3/dist-packages/colcon_core/task/python/colcon_distutils_commands:/home/usernamerahul/agv_ws/install/agv_vision/lib/python3.12/site-packages:${PYTHONPATH} /usr/bin/python3 -W ignore:setup.py install is deprecated -W ignore:easy_install command is deprecated setup.py egg_info --egg-base ../../build/agv_vision build --build-base /home/usernamerahul/agv_ws/build/agv_vision/build install --record /home/usernamerahul/agv_ws/build/agv_vision/install.log --single-version-externally-managed install_data
[1.385s] running egg_info
[1.404s] writing ../../build/agv_vision/agv_vision.egg-info/PKG-INFO
[1.405s] writing dependency_links to ../../build/agv_vision/agv_vision.egg-info/dependency_links.txt
[1.405s] writing entry points to ../../build/agv_vision/agv_vision.egg-info/entry_points.txt
[1.405s] writing requirements to ../../build/agv_vision/agv_vision.egg-info/requires.txt
[1.405s] writing top-level names to ../../build/agv_vision/agv_vision.egg-info/top_level.txt
[1.457s] reading manifest file '../../build/agv_vision/agv_vision.egg-info/SOURCES.txt'
[1.458s] writing manifest file '../../build/agv_vision/agv_vision.egg-info/SOURCES.txt'
[1.458s] running build
[1.458s] running build_py
[1.458s] running install
[1.465s] running install_lib
[1.485s] running install_data
[1.485s] running install_egg_info
[1.505s] removing '/home/usernamerahul/agv_ws/install/agv_vision/lib/python3.12/site-packages/agv_vision-0.0.0-py3.12.egg-info' (and everything under it)
[1.505s] Copying ../../build/agv_vision/agv_vision.egg-info to /home/usernamerahul/agv_ws/install/agv_vision/lib/python3.12/site-packages/agv_vision-0.0.0-py3.12.egg-info
[1.507s] running install_scripts
[1.626s] Installing detector script to /home/usernamerahul/agv_ws/install/agv_vision/lib/agv_vision
[1.626s] writing list of installed files to '/home/usernamerahul/agv_ws/build/agv_vision/install.log'
[1.675s] Invoked command in '/home/usernamerahul/agv_ws/src/agv_vision' returned '0': PYTHONPATH=/home/usernamerahul/agv_ws/build/agv_vision/prefix_override:/usr/lib/python3/dist-packages/colcon_core/task/python/colcon_distutils_commands:/home/usernamerahul/agv_ws/install/agv_vision/lib/python3.12/site-packages:${PYTHONPATH} /usr/bin/python3 -W ignore:setup.py install is deprecated -W ignore:easy_install command is deprecated setup.py egg_info --egg-base ../../build/agv_vision build --build-base /home/usernamerahul/agv_ws/build/agv_vision/build install --record /home/usernamerahul/agv_ws/build/agv_vision/install.log --single-version-externally-managed install_data
