--2026-05-18 14:15:46--  https://raw.githubusercontent.com/hrnr/m-explore-extra/master/map_merge/hector_maps/map00.pgm
Resolving raw.githubusercontent.com (raw.githubusercontent.com)... 185.199.108.133, 185.199.109.133, 185.199.110.133, ...
Connecting to raw.githubusercontent.com (raw.githubusercontent.com)|185.199.108.133|:443... connected.
HTTP request sent, awaiting response... 200 OK
Length: 4194362 (4.0M) [application/octet-stream]
Saving to: ‘/home/usernamerahul/agv_ws/build/multirobot_map_merge/map00.pgm’

     0K .......... .......... .......... .......... ..........  1%  338K 12s
    50K .......... .......... .......... .......... ..........  2% 1.43M 7s
   100K .......... .......... .......... .......... ..........  3% 3.62M 5s
   150K .......... .......... .......... .......... ..........  4% 1.10M 5s
   200K .......... .......... .......... .......... ..........  6% 6.90M 4s
   250K .......... .......... .......... .......... ..........  7% 1.27M 4s
   300K .......... .......... .......... .......... ..........  8% 2.04M 3s
   350K .......... .......... .......... .......... ..........  9% 1.19M 3s
   400K .......... .......... .......... .......... .......... 10% 1.95M 3s
   450K .......... .......... .......... .......... .......... 12%  852K 3s
   500K .......... .......... .......... .......... .......... 13%  937K 3s
   550K .......... .......... .......... .......... .......... 14% 2.78M 3s
   600K .......... .......... .......... .......... .......... 15%  724K 3s
   650K .......... .......... .......... .......... .......... 17% 2.30M 3s
   700K .......... .......... .......... .......... .......... 18% 3.67M 3s
   750K .......... .......... .......... .......... .......... 19% 3.62M 3s
   800K .......... .......... .......... .......... .......... 20% 1.01M 3s
   850K .......... .......... .......... .......... .......... 21% 8.99M 2s
   900K .......... .......... .......... .......... .......... 23% 7.26M 2s
   950K .......... .......... .......... .......... .......... 24% 1007K 2s
  1000K .......... .......... .......... .......... .......... 25% 2.96M 2s
  1050K .......... .......... .......... .......... .......... 26% 3.58M 2s
  1100K .......... .......... .......... .......... .......... 28% 6.12M 2s
  1150K .......... .......... .......... .......... .......... 29% 1022K 2s
  1200K .......... .......... .......... .......... .......... 30% 1.66M 2s
  1250K .......... .......... .......... .......... .......... 31% 1.36M 2s
  1300K .......... .......... .......... .......... .......... 32%  657K 2s
  1350K .......... .......... .......... .......... .......... 34% 8.70M 2s
  1400K .......... .......... .......... .......... .......... 35% 7.33M 2s
  1450K .......... .......... .......... .......... .......... 36% 2.42M 2s
  1500K .......... .......... .......... .......... .......... 37% 1.33M 2s
  1550K .......... .......... .......... .......... .......... 39% 1.69M 2s
  1600K .......... .......... .......... .......... .......... 40%  893K 2s
  1650K .......... .......... .......... .......... .......... 41% 4.21M 2s
  1700K .......... .......... .......... .......... .......... 42%  967K 2s
  1750K .......... .......... .......... .......... .......... 43% 1.91M 2s
  1800K .......... .......... .......... .......... .......... 45% 1.31M 2s
  1850K .......... .......... .......... .......... .......... 46% 1.32M 1s
  1900K .......... .......... .......... .......... .......... 47% 1.52M 1s
  1950K .......... .......... .......... .......... .......... 48% 3.43M 1s
  2000K .......... .......... .......... .......... .......... 50% 1.46M 1s
  2050K .......... .......... .......... .......... .......... 51% 1.33M 1s
  2100K .......... .......... .......... .......... .......... 52% 2.06M 1s
  2150K .......... .......... .......... .......... .......... 53%  980K 1s
  2200K .......... .......... .......... .......... .......... 54% 1.16M 1s
  2250K .......... .......... .......... .......... .......... 56% 2.09M 1s
  2300K .......... .......... .......... .......... .......... 57% 1.65M 1s
  2350K .......... .......... .......... .......... .......... 58%  931K 1s
  2400K .......... .......... .......... .......... .......... 59%  486K 1s
  2450K .......... .......... .......... .......... .......... 61% 1009K 1s
  2500K .......... .......... .......... .......... .......... 62%  884K 1s
  2550K .......... .......... .......... .......... .......... 63%  844K 1s
  2600K .......... .......... .......... .......... .......... 64% 1.64M 1s
  2650K .......... .......... .......... .......... .......... 65%  925K 1s
  2700K .......... .......... .......... .......... .......... 67% 1.29M 1s
  2750K .......... .......... .......... .......... .......... 68% 1.67M 1s
  2800K .......... .......... .......... .......... .......... 69% 1.20M 1s
  2850K .......... .......... .......... .......... .......... 70%  978K 1s
  2900K .......... .......... .......... .......... .......... 72% 2.15M 1s
  2950K .......... .......... .......... .......... .......... 73% 1.88M 1s
  3000K .......... .......... .......... .......... .......... 74% 1.32M 1s
  3050K .......... .......... .......... .......... .......... 75%  359K 1s
  3100K .......... .......... .......... .......... .......... 76% 4.64M 1s
  3150K .......... .......... .......... .......... .......... 78% 4.26M 1s
  3200K .......... .......... .......... .......... .......... 79%  854K 1s
  3250K .......... .......... .......... .......... .......... 80% 3.66M 1s
  3300K .......... .......... .......... .......... .......... 81%  414K 1s
  3350K .......... .......... .......... .......... .......... 83% 2.22M 1s
  3400K .......... .......... .......... .......... .......... 84% 2.31M 0s
  3450K .......... .......... .......... .......... .......... 85% 2.98M 0s
  3500K .......... .......... .......... .......... .......... 86% 1.36M 0s
  3550K .......... .......... .......... .......... .......... 87%  581K 0s
  3600K .......... .......... .......... .......... .......... 89% 2.07M 0s
  3650K .......... .......... .......... .......... .......... 90%  631K 0s
  3700K .......... .......... .......... .......... .......... 91%  866K 0s
  3750K .......... .......... .......... .......... .......... 92%  627K 0s
  3800K .......... .......... .......... .......... .......... 93%  688K 0s
  3850K .......... .......... .......... .......... .......... 95% 1.11M 0s
  3900K .......... .......... .......... .......... .......... 96% 1.13M 0s
  3950K .......... .......... .......... .......... .......... 97% 1.57M 0s
  4000K .......... .......... .......... .......... .......... 98%  666K 0s
  4050K .......... .......... .......... .......... ......    100% 3.50M=3.3s

2026-05-18 14:15:52 (1.22 MB/s) - ‘/home/usernamerahul/agv_ws/build/multirobot_map_merge/map00.pgm’ saved [4194362/4194362]

--2026-05-18 14:15:52--  https://raw.githubusercontent.com/hrnr/m-explore-extra/master/map_merge/hector_maps/map05.pgm
Resolving raw.githubusercontent.com (raw.githubusercontent.com)... 185.199.111.133, 185.199.110.133, 185.199.109.133, ...
Connecting to raw.githubusercontent.com (raw.githubusercontent.com)|185.199.111.133|:443... connected.
HTTP request sent, awaiting response... 200 OK
Length: 4194362 (4.0M) [application/octet-stream]
Saving to: ‘/home/usernamerahul/agv_ws/build/multirobot_map_merge/map05.pgm’

     0K .......... .......... .......... .......... ..........  1%  570K 7s
    50K .......... .......... .......... .......... ..........  2%  938K 6s
   100K .......... .......... .......... .......... ..........  3% 3.60M 4s
   150K .......... .......... .......... .......... ..........  4%  848K 4s
   200K .......... .......... .......... .......... ..........  6% 1.25M 4s
   250K .......... .......... .......... .......... ..........  7% 3.18M 3s
   300K .......... .......... .......... .......... ..........  8%  997K 3s
   350K .......... .......... .......... .......... ..........  9% 3.20M 3s
   400K .......... .......... .......... .......... .......... 10% 5.80M 3s
   450K .......... .......... .......... .......... .......... 12% 1.73M 3s
   500K .......... .......... .......... .......... .......... 13%  921K 3s
   550K .......... .......... .......... .......... .......... 14% 1.53M 3s
   600K .......... .......... .......... .......... .......... 15%  763K 3s
   650K .......... .......... .......... .......... .......... 17% 8.38M 3s
   700K .......... .......... .......... .......... .......... 18% 7.42M 2s
   750K .......... .......... .......... .......... .......... 19% 3.68M 2s
   800K .......... .......... .......... .......... .......... 20%  998K 2s
   850K .......... .......... .......... .......... .......... 21% 1.71M 2s
   900K .......... .......... .......... .......... .......... 23% 2.37M 2s
   950K .......... .......... .......... .......... .......... 24% 1.61M 2s
  1000K .......... .......... .......... .......... .......... 25% 1.87M 2s
  1050K .......... .......... .......... .......... .......... 26% 1.85M 2s
  1100K .......... .......... .......... .......... .......... 28% 1.55M 2s
  1150K .......... .......... .......... .......... .......... 29% 1.11M 2s
  1200K .......... .......... .......... .......... .......... 30%  823K 2s
  1250K .......... .......... .......... .......... .......... 31% 2.95M 2s
  1300K .......... .......... .......... .......... .......... 32% 2.84M 2s
  1350K .......... .......... .......... .......... .......... 34% 9.08M 2s
  1400K .......... .......... .......... .......... .......... 35% 1.64M 2s
  1450K .......... .......... .......... .......... .......... 36% 5.97M 2s
  1500K .......... .......... .......... .......... .......... 37% 1.01M 2s
  1550K .......... .......... .......... .......... .......... 39% 4.61M 2s
  1600K .......... .......... .......... .......... .......... 40% 3.49M 2s
  1650K .......... .......... .......... .......... .......... 41% 1.60M 1s
  1700K .......... .......... .......... .......... .......... 42% 1.32M 1s
  1750K .......... .......... .......... .......... .......... 43%  468K 2s
  1800K .......... .......... .......... .......... .......... 45% 2.17M 1s
  1850K .......... .......... .......... .......... .......... 46% 1.76M 1s
  1900K .......... .......... .......... .......... .......... 47% 3.11M 1s
  1950K .......... .......... .......... .......... .......... 48% 1.51M 1s
  2000K .......... .......... .......... .......... .......... 50% 2.13M 1s
  2050K .......... .......... .......... .......... .......... 51% 2.32M 1s
  2100K .......... .......... .......... .......... .......... 52% 1.86M 1s
  2150K .......... .......... .......... .......... .......... 53% 1.47M 1s
  2200K .......... .......... .......... .......... .......... 54% 6.32M 1s
  2250K .......... .......... .......... .......... .......... 56% 5.92M 1s
  2300K .......... .......... .......... .......... .......... 57% 3.53M 1s
  2350K .......... .......... .......... .......... .......... 58% 3.57M 1s
  2400K .......... .......... .......... .......... .......... 59% 1.74M 1s
  2450K .......... .......... .......... .......... .......... 61% 5.41M 1s
  2500K .......... .......... .......... .......... .......... 62%  836K 1s
  2550K .......... .......... .......... .......... .......... 63% 3.24M 1s
  2600K .......... .......... .......... .......... .......... 64%  979K 1s
  2650K .......... .......... .......... .......... .......... 65%  951K 1s
  2700K .......... .......... .......... .......... .......... 67% 2.38M 1s
  2750K .......... .......... .......... .......... .......... 68%  825K 1s
  2800K .......... .......... .......... .......... .......... 69% 2.15M 1s
  2850K .......... .......... .......... .......... .......... 70% 2.36M 1s
  2900K .......... .......... .......... .......... .......... 72% 2.86M 1s
  2950K .......... .......... .......... .......... .......... 73% 1.61M 1s
  3000K .......... .......... .......... .......... .......... 74% 2.05M 1s
  3050K .......... .......... .......... .......... .......... 75%  814K 1s
  3100K .......... .......... .......... .......... .......... 76% 3.32M 1s
  3150K .......... .......... .......... .......... .......... 78% 4.73M 1s
  3200K .......... .......... .......... .......... .......... 79% 1.48M 1s
  3250K .......... .......... .......... .......... .......... 80% 1.51M 0s
  3300K .......... .......... .......... .......... .......... 81% 1.02M 0s
  3350K .......... .......... .......... .......... .......... 83% 3.77M 0s
  3400K .......... .......... .......... .......... .......... 84% 1.21M 0s
  3450K .......... .......... .......... .......... .......... 85% 3.26M 0s
  3500K .......... .......... .......... .......... .......... 86% 2.32M 0s
  3550K .......... .......... .......... .......... .......... 87% 2.23M 0s
  3600K .......... .......... .......... .......... .......... 89%  524K 0s
  3650K .......... .......... .......... .......... .......... 90% 1.20M 0s
  3700K .......... .......... .......... .......... .......... 91% 1.99M 0s
  3750K .......... .......... .......... .......... .......... 92%  672K 0s
  3800K .......... .......... .......... .......... .......... 93% 1.53M 0s
  3850K .......... .......... .......... .......... .......... 95%  881K 0s
  3900K .......... .......... .......... .......... .......... 96% 1.33M 0s
  3950K .......... .......... .......... .......... .......... 97%  795K 0s
  4000K .......... .......... .......... .......... .......... 98% 1.90M 0s
  4050K .......... .......... .......... .......... ......    100% 2.80M=2.6s

2026-05-18 14:15:57 (1.53 MB/s) - ‘/home/usernamerahul/agv_ws/build/multirobot_map_merge/map05.pgm’ saved [4194362/4194362]

--2026-05-18 14:15:57--  https://raw.githubusercontent.com/hrnr/m-explore-extra/master/map_merge/gmapping_maps/2011-08-09-12-22-52.pgm
Resolving raw.githubusercontent.com (raw.githubusercontent.com)... 185.199.108.133, 185.199.111.133, 185.199.110.133, ...
Connecting to raw.githubusercontent.com (raw.githubusercontent.com)|185.199.108.133|:443... connected.
HTTP request sent, awaiting response... 200 OK
Length: 16000058 (15M) [application/octet-stream]
Saving to: ‘/home/usernamerahul/agv_ws/build/multirobot_map_merge/2011-08-09-12-22-52.pgm’

     0K .......... .......... .......... .......... ..........  0%  490K 32s
    50K .......... .......... .......... .......... ..........  0% 5.02M 17s
   100K .......... .......... .......... .......... ..........  0%  783K 18s
   150K .......... .......... .......... .......... ..........  1% 2.87M 15s
   200K .......... .......... .......... .......... ..........  1%  878K 15s
   250K .......... .......... .......... .......... ..........  1% 1.62M 14s
   300K .......... .......... .......... .......... ..........  2% 1.78M 13s
   350K .......... .......... .......... .......... ..........  2%  705K 14s
   400K .......... .......... .......... .......... ..........  2% 1.41M 14s
   450K .......... .......... .......... .......... ..........  3%  906K 14s
   500K .......... .......... .......... .......... ..........  3% 3.70M 13s
   550K .......... .......... .......... .......... ..........  3% 1001K 13s
   600K .......... .......... .......... .......... ..........  4% 5.62M 12s
   650K .......... .......... .......... .......... ..........  4% 3.16M 12s
   700K .......... .......... .......... .......... ..........  4% 1.37M 12s
   750K .......... .......... .......... .......... ..........  5% 3.97M 11s
   800K .......... .......... .......... .......... ..........  5%  290K 13s
   850K .......... .......... .......... .......... ..........  5% 8.24M 13s
   900K .......... .......... .......... .......... ..........  6% 3.98M 12s
   950K .......... .......... .......... .......... ..........  6%  920K 12s
  1000K .......... .......... .......... .......... ..........  6% 1.64M 12s
  1050K .......... .......... .......... .......... ..........  7% 1.09M 12s
  1100K .......... .......... .......... .......... ..........  7% 3.19M 12s
  1150K .......... .......... .......... .......... ..........  7% 5.05M 11s
  1200K .......... .......... .......... .......... ..........  7% 1.19M 11s
  1250K .......... .......... .......... .......... ..........  8%  632K 12s
  1300K .......... .......... .......... .......... ..........  8% 1.13M 12s
  1350K .......... .......... .......... .......... ..........  8% 3.78M 11s
  1400K .......... .......... .......... .......... ..........  9% 2.82M 11s
  1450K .......... .......... .......... .......... ..........  9%  399K 12s
  1500K .......... .......... .......... .......... ..........  9% 1.09M 12s
  1550K .......... .......... .......... .......... .......... 10%  754K 12s
  1600K .......... .......... .......... .......... .......... 10% 2.23M 12s
  1650K .......... .......... .......... .......... .......... 10%  901K 12s
  1700K .......... .......... .......... .......... .......... 11% 6.56M 12s
  1750K .......... .......... .......... .......... .......... 11% 1.70M 11s
  1800K .......... .......... .......... .......... .......... 11% 3.16M 11s
  1850K .......... .......... .......... .......... .......... 12%  737K 11s
  1900K .......... .......... .......... .......... .......... 12% 3.59M 11s
  1950K .......... .......... .......... .......... .......... 12% 3.93M 11s
  2000K .......... .......... .......... .......... .......... 13% 1.77M 11s
  2050K .......... .......... .......... .......... .......... 13%  408K 11s
  2100K .......... .......... .......... .......... .......... 13% 3.14M 11s
  2150K .......... .......... .......... .......... .......... 14% 2.14M 11s
  2200K .......... .......... .......... .......... .......... 14% 1.34M 11s
  2250K .......... .......... .......... .......... .......... 14% 1.02M 11s
  2300K .......... .......... .......... .......... .......... 15% 5.85M 11s
  2350K .......... .......... .......... .......... .......... 15% 8.28M 10s
  2400K .......... .......... .......... .......... .......... 15%  395K 11s
  2450K .......... .......... .......... .......... .......... 15% 1013K 11s
  2500K .......... .......... .......... .......... .......... 16% 1.02M 11s
  2550K .......... .......... .......... .......... .......... 16% 1.06M 11s
  2600K .......... .......... .......... .......... .......... 16% 1.17M 11s
  2650K .......... .......... .......... .......... .......... 17% 1.53M 11s
  2700K .......... .......... .......... .......... .......... 17% 1.02M 11s
  2750K .......... .......... .......... .......... .......... 17%  531K 11s
  2800K .......... .......... .......... .......... .......... 18% 1.49M 11s
  2850K .......... .......... .......... .......... .......... 18% 1.03M 11s
  2900K .......... .......... .......... .......... .......... 18% 1.21M 11s
  2950K .......... .......... .......... .......... .......... 19%  759K 11s
  3000K .......... .......... .......... .......... .......... 19%  658K 11s
  3050K .......... .......... .......... .......... .......... 19%  677K 11s
  3100K .......... .......... .......... .......... .......... 20%  759K 11s
  3150K .......... .......... .......... .......... .......... 20% 1.78M 11s
  3200K .......... .......... .......... .......... .......... 20% 1.22M 11s
  3250K .......... .......... .......... .......... .......... 21% 1.25M 11s
  3300K .......... .......... .......... .......... .......... 21%  236K 11s
  3350K .......... .......... .......... .......... .......... 21% 1.14M 11s
  3400K .......... .......... .......... .......... .......... 22% 1.50M 11s
  3450K .......... .......... .......... .......... .......... 22% 1.58M 11s
  3500K .......... .......... .......... .......... .......... 22% 8.13M 11s
  3550K .......... .......... .......... .......... .......... 23% 7.29M 11s
  3600K .......... .......... .......... .......... .......... 23% 1.82M 11s
  3650K .......... .......... .......... .......... .......... 23% 1.17M 11s
  3700K .......... .......... .......... .......... .......... 23% 3.85M 10s
  3750K .......... .......... .......... .......... .......... 24% 2.54M 10s
  3800K .......... .......... .......... .......... .......... 24% 1.20M 10s
  3850K .......... .......... .......... .......... .......... 24% 1.22M 10s
  3900K .......... .......... .......... .......... .......... 25%  372K 10s
  3950K .......... .......... .......... .......... .......... 25% 8.15M 10s
  4000K .......... .......... .......... .......... .......... 25%  753K 10s
  4050K .......... .......... .......... .......... .......... 26% 4.07M 10s
  4100K .......... .......... .......... .......... .......... 26%  959K 10s
  4150K .......... .......... .......... .......... .......... 26% 2.92M 10s
  4200K .......... .......... .......... .......... .......... 27%  623K 10s
  4250K .......... .......... .......... .......... .......... 27% 1.38M 10s
  4300K .......... .......... .......... .......... .......... 27% 2.54M 10s
  4350K .......... .......... .......... .......... .......... 28% 1.26M 10s
  4400K .......... .......... .......... .......... .......... 28%  552K 10s
  4450K .......... .......... .......... .......... .......... 28% 1.20M 10s
  4500K .......... .......... .......... .......... .......... 29% 3.79M 10s
  4550K .......... .......... .......... .......... .......... 29%  894K 10s
  4600K .......... .......... .......... .......... .......... 29% 1.25M 10s
  4650K .......... .......... .......... .......... .......... 30% 1.51M 10s
  4700K .......... .......... .......... .......... .......... 30%  627K 10s
  4750K .......... .......... .......... .......... .......... 30%  838K 10s
  4800K .......... .......... .......... .......... .......... 31%  359K 10s
  4850K .......... .......... .......... .......... .......... 31%  823K 10s
  4900K .......... .......... .......... .......... .......... 31%  864K 10s
  4950K .......... .......... .......... .......... .......... 31%  904K 10s
  5000K .......... .......... .......... .......... .......... 32%  541K 10s
  5050K .......... .......... .......... .......... .......... 32% 1.64M 10s
  5100K .......... .......... .......... .......... .......... 32%  651K 10s
  5150K .......... .......... .......... .......... .......... 33% 1.07M 10s
  5200K .......... .......... .......... .......... .......... 33%  713K 10s
  5250K .......... .......... .......... .......... .......... 33%  462K 10s
  5300K .......... .......... .......... .......... .......... 34%  566K 10s
  5350K .......... .......... .......... .......... .......... 34% 1.10M 10s
  5400K .......... .......... .......... .......... .......... 34% 1.56M 10s
  5450K .......... .......... .......... .......... .......... 35%  951K 10s
  5500K .......... .......... .......... .......... .......... 35%  214K 10s
  5550K .......... .......... .......... .......... .......... 35%  806K 10s
  5600K .......... .......... .......... .......... .......... 36%  615K 10s
  5650K .......... .......... .......... .......... .......... 36%  901K 10s
  5700K .......... .......... .......... .......... .......... 36%  840K 10s
  5750K .......... .......... .......... .......... .......... 37% 1.62M 10s
  5800K .......... .......... .......... .......... .......... 37% 1.45M 10s
  5850K .......... .......... .......... .......... .......... 37%  903K 10s
  5900K .......... .......... .......... .......... .......... 38% 3.60M 10s
  5950K .......... .......... .......... .......... .......... 38%  574K 10s
  6000K .......... .......... .......... .......... .......... 38%  717K 9s
  6050K .......... .......... .......... .......... .......... 39% 4.80M 9s
  6100K .......... .......... .......... .......... .......... 39% 11.1M 9s
  6150K .......... .......... .......... .......... .......... 39% 3.21M 9s
  6200K .......... .......... .......... .......... .......... 39% 1.26M 9s
  6250K .......... .......... .......... .......... .......... 40% 1.38M 9s
  6300K .......... .......... .......... .......... .......... 40% 6.63M 9s
  6350K .......... .......... .......... .......... .......... 40% 2.18M 9s
  6400K .......... .......... .......... .......... .......... 41% 3.46M 9s
  6450K .......... .......... .......... .......... .......... 41% 2.87M 9s
  6500K .......... .......... .......... .......... .......... 41% 1.42M 9s
  6550K .......... .......... .......... .......... .......... 42% 4.36M 8s
  6600K .......... .......... .......... .......... .......... 42%  782K 8s
  6650K .......... .......... .......... .......... .......... 42%  726K 8s
  6700K .......... .......... .......... .......... .......... 43% 1.18M 8s
  6750K .......... .......... .......... .......... .......... 43%  541K 8s
  6800K .......... .......... .......... .......... .......... 43%  670K 8s
  6850K .......... .......... .......... .......... .......... 44%  498K 8s
  6900K .......... .......... .......... .......... .......... 44%  936K 8s
  6950K .......... .......... .......... .......... .......... 44%  579K 8s
  7000K .......... .......... .......... .......... .......... 45% 1.46M 8s
  7050K .......... .......... .......... .......... .......... 45%  820K 8s
  7100K .......... .......... .......... .......... .......... 45%  944K 8s
  7150K .......... .......... .......... .......... .......... 46%  969K 8s
  7200K .......... .......... .......... .......... .......... 46%  837K 8s
  7250K .......... .......... .......... .......... .......... 46% 1.83M 8s
  7300K .......... .......... .......... .......... .......... 47% 1.07M 8s
  7350K .......... .......... .......... .......... .......... 47% 1.20M 8s
  7400K .......... .......... .......... .......... .......... 47% 6.18M 8s
  7450K .......... .......... .......... .......... .......... 47% 6.45M 8s
  7500K .......... .......... .......... .......... .......... 48% 5.11M 8s
  7550K .......... .......... .......... .......... .......... 48% 1.07M 8s
  7600K .......... .......... .......... .......... .......... 48% 2.55M 8s
  7650K .......... .......... .......... .......... .......... 49%  803K 8s
  7700K .......... .......... .......... .......... .......... 49% 3.86M 7s
  7750K .......... .......... .......... .......... .......... 49% 1.24M 7s
  7800K .......... .......... .......... .......... .......... 50% 3.40M 7s
  7850K .......... .......... .......... .......... .......... 50%  825K 7s
  7900K .......... .......... .......... .......... .......... 50% 7.41M 7s
  7950K .......... .......... .......... .......... .......... 51%  394K 7s
  8000K .......... .......... .......... .......... .......... 51% 3.16M 7s
  8050K .......... .......... .......... .......... .......... 51% 1.36M 7s
  8100K .......... .......... .......... .......... .......... 52% 1.31M 7s
  8150K .......... .......... .......... .......... .......... 52% 1.27M 7s
  8200K .......... .......... .......... .......... .......... 52% 1.34M 7s
  8250K .......... .......... .......... .......... .......... 53% 4.65M 7s
  8300K .......... .......... .......... .......... .......... 53% 6.40M 7s
  8350K .......... .......... .......... .......... .......... 53% 1.33M 7s
  8400K .......... .......... .......... .......... .......... 54% 4.89M 7s
  8450K .......... .......... .......... .......... .......... 54% 5.97M 7s
  8500K .......... .......... .......... .......... .......... 54% 6.05M 6s
  8550K .......... .......... .......... .......... .......... 55% 6.73M 6s
  8600K .......... .......... .......... .......... .......... 55% 6.50M 6s
  8650K .......... .......... .......... .......... .......... 55% 1.62M 6s
  8700K .......... .......... .......... .......... .......... 55% 5.30M 6s
  8750K .......... .......... .......... .......... .......... 56% 4.25M 6s
  8800K .......... .......... .......... .......... .......... 56% 1.73M 6s
  8850K .......... .......... .......... .......... .......... 56% 8.72M 6s
  8900K .......... .......... .......... .......... .......... 57% 6.07M 6s
  8950K .......... .......... .......... .......... .......... 57% 8.66M 6s
  9000K .......... .......... .......... .......... .......... 57% 4.48M 6s
  9050K .......... .......... .......... .......... .......... 58% 4.29M 6s
  9100K .......... .......... .......... .......... .......... 58% 7.72M 6s
  9150K .......... .......... .......... .......... .......... 58% 1.75M 6s
  9200K .......... .......... .......... .......... .......... 59% 4.95M 6s
  9250K .......... .......... .......... .......... .......... 59% 6.24M 5s
  9300K .......... .......... .......... .......... .......... 59% 6.68M 5s
  9350K .......... .......... .......... .......... .......... 60% 6.03M 5s
  9400K .......... .......... .......... .......... .......... 60% 1.91M 5s
  9450K .......... .......... .......... .......... .......... 60% 3.04M 5s
  9500K .......... .......... .......... .......... .......... 61% 4.83M 5s
  9550K .......... .......... .......... .......... .......... 61% 7.08M 5s
  9600K .......... .......... .......... .......... .......... 61% 5.12M 5s
  9650K .......... .......... .......... .......... .......... 62% 1.68M 5s
  9700K .......... .......... .......... .......... .......... 62% 3.36M 5s
  9750K .......... .......... .......... .......... .......... 62% 2.85M 5s
  9800K .......... .......... .......... .......... .......... 63% 2.81M 5s
  9850K .......... .......... .......... .......... .......... 63% 3.95M 5s
  9900K .......... .......... .......... .......... .......... 63% 6.21M 5s
  9950K .......... .......... .......... .......... .......... 63% 7.23M 5s
 10000K .......... .......... .......... .......... .......... 64% 4.48M 5s
 10050K .......... .......... .......... .......... .......... 64% 7.07M 4s
 10100K .......... .......... .......... .......... .......... 64% 1.04M 4s
 10150K .......... .......... .......... .......... .......... 65% 6.85M 4s
 10200K .......... .......... .......... .......... .......... 65% 7.15M 4s
 10250K .......... .......... .......... .......... .......... 65% 3.51M 4s
 10300K .......... .......... .......... .......... .......... 66% 23.5M 4s
 10350K .......... .......... .......... .......... .......... 66% 7.31M 4s
 10400K .......... .......... .......... .......... .......... 66% 1.13M 4s
 10450K .......... .......... .......... .......... .......... 67% 2.65M 4s
 10500K .......... .......... .......... .......... .......... 67% 1.96M 4s
 10550K .......... .......... .......... .......... .......... 67% 2.26M 4s
 10600K .......... .......... .......... .......... .......... 68% 5.96M 4s
 10650K .......... .......... .......... .......... .......... 68% 4.96M 4s
 10700K .......... .......... .......... .......... .......... 68% 5.56M 4s
 10750K .......... .......... .......... .......... .......... 69% 1.12M 4s
 10800K .......... .......... .......... .......... .......... 69% 4.75M 4s
 10850K .......... .......... .......... .......... .......... 69% 5.29M 4s
 10900K .......... .......... .......... .......... .......... 70% 4.33M 4s
 10950K .......... .......... .......... .......... .......... 70% 1.91M 4s
 11000K .......... .......... .......... .......... .......... 70% 10.1M 4s
 11050K .......... .......... .......... .......... .......... 71% 9.25M 3s
 11100K .......... .......... .......... .......... .......... 71% 5.95M 3s
 11150K .......... .......... .......... .......... .......... 71% 1.95M 3s
 11200K .......... .......... .......... .......... .......... 71% 6.38M 3s
 11250K .......... .......... .......... .......... .......... 72% 7.80M 3s
 11300K .......... .......... .......... .......... .......... 72% 3.73M 3s
 11350K .......... .......... .......... .......... .......... 72% 4.88M 3s
 11400K .......... .......... .......... .......... .......... 73% 1.90M 3s
 11450K .......... .......... .......... .......... .......... 73% 5.70M 3s
 11500K .......... .......... .......... .......... .......... 73% 10.3M 3s
 11550K .......... .......... .......... .......... .......... 74% 4.52M 3s
 11600K .......... .......... .......... .......... .......... 74% 6.02M 3s
 11650K .......... .......... .......... .......... .......... 74% 1.26M 3s
 11700K .......... .......... .......... .......... .......... 75% 8.42M 3s
 11750K .......... .......... .......... .......... .......... 75% 8.18M 3s
 11800K .......... .......... .......... .......... .......... 75%  894K 3s
 11850K .......... .......... .......... .......... .......... 76% 5.25M 3s
 11900K .......... .......... .......... .......... .......... 76% 9.06M 3s
 11950K .......... .......... .......... .......... .......... 76% 5.63M 3s
 12000K .......... .......... .......... .......... .......... 77% 1.78M 3s
 12050K .......... .......... .......... .......... .......... 77% 7.19M 3s
 12100K .......... .......... .......... .......... .......... 77% 6.12M 3s
 12150K .......... .......... .......... .......... .......... 78% 6.63M 2s
 12200K .......... .......... .......... .......... .......... 78% 6.10M 2s
 12250K .......... .......... .......... .......... .......... 78% 6.40M 2s
 12300K .......... .......... .......... .......... .......... 79% 9.01M 2s
 12350K .......... .......... .......... .......... .......... 79% 1.35M 2s
 12400K .......... .......... .......... .......... .......... 79% 4.92M 2s
 12450K .......... .......... .......... .......... .......... 79% 6.82M 2s
 12500K .......... .......... .......... .......... .......... 80% 6.09M 2s
 12550K .......... .......... .......... .......... .......... 80% 5.89M 2s
 12600K .......... .......... .......... .......... .......... 80% 2.04M 2s
 12650K .......... .......... .......... .......... .......... 81% 1.46M 2s
 12700K .......... .......... .......... .......... .......... 81% 2.09M 2s
 12750K .......... .......... .......... .......... .......... 81% 7.52M 2s
 12800K .......... .......... .......... .......... .......... 82% 5.99M 2s
 12850K .......... .......... .......... .......... .......... 82% 7.60M 2s
 12900K .......... .......... .......... .......... .......... 82% 7.75M 2s
 12950K .......... .......... .......... .......... .......... 83% 5.83M 2s
 13000K .......... .......... .......... .......... .......... 83% 1.76M 2s
 13050K .......... .......... .......... .......... .......... 83% 2.38M 2s
 13100K .......... .......... .......... .......... .......... 84% 4.85M 2s
 13150K .......... .......... .......... .......... .......... 84% 4.09M 2s
 13200K .......... .......... .......... .......... .......... 84% 1.72M 2s
 13250K .......... .......... .......... .......... .......... 85% 4.97M 2s
 13300K .......... .......... .......... .......... .......... 85%  617K 2s
 13350K .......... .......... .......... .......... .......... 85% 1.89M 2s
 13400K .......... .......... .......... .......... .......... 86%  901K 2s
 13450K .......... .......... .......... .......... .......... 86% 4.15M 1s
 13500K .......... .......... .......... .......... .......... 86% 4.39M 1s
 13550K .......... .......... .......... .......... .......... 87% 2.87M 1s
 13600K .......... .......... .......... .......... .......... 87%  917K 1s
 13650K .......... .......... .......... .......... .......... 87% 1.97M 1s
 13700K .......... .......... .......... .......... .......... 87% 2.53M 1s
 13750K .......... .......... .......... .......... .......... 88% 2.03M 1s
 13800K .......... .......... .......... .......... .......... 88% 5.95M 1s
 13850K .......... .......... .......... .......... .......... 88% 6.43M 1s
 13900K .......... .......... .......... .......... .......... 89% 5.14M 1s
 13950K .......... .......... .......... .......... .......... 89% 5.94M 1s
 14000K .......... .......... .......... .......... .......... 89% 3.72M 1s
 14050K .......... .......... .......... .......... .......... 90% 1.32M 1s
 14100K .......... .......... .......... .......... .......... 90% 7.03M 1s
 14150K .......... .......... .......... .......... .......... 90% 6.36M 1s
 14200K .......... .......... .......... .......... .......... 91% 6.57M 1s
 14250K .......... .......... .......... .......... .......... 91% 1.97M 1s
 14300K .......... .......... .......... .......... .......... 91% 3.65M 1s
 14350K .......... .......... .......... .......... .......... 92% 4.94M 1s
 14400K .......... .......... .......... .......... .......... 92% 1.15M 1s
 14450K .......... .......... .......... .......... .......... 92% 5.68M 1s
 14500K .......... .......... .......... .......... .......... 93% 3.61M 1s
 14550K .......... .......... .......... .......... .......... 93% 5.78M 1s
 14600K .......... .......... .......... .......... .......... 93% 4.06M 1s
 14650K .......... .......... .......... .......... .......... 94% 1.77M 1s
 14700K .......... .......... .......... .......... .......... 94% 5.38M 1s
 14750K .......... .......... .......... .......... .......... 94% 4.45M 1s
 14800K .......... .......... .......... .......... .......... 95% 2.81M 1s
 14850K .......... .......... .......... .......... .......... 95% 1.90M 0s
 14900K .......... .......... .......... .......... .......... 95%  975K 0s
 14950K .......... .......... .......... .......... .......... 95% 4.77M 0s
 15000K .......... .......... .......... .......... .......... 96% 2.95M 0s
 15050K .......... .......... .......... .......... .......... 96%  989K 0s
 15100K .......... .......... .......... .......... .......... 96% 6.49M 0s
 15150K .......... .......... .......... .......... .......... 97% 6.13M 0s
 15200K .......... .......... .......... .......... .......... 97% 1.15M 0s
 15250K .......... .......... .......... .......... .......... 97% 1.78M 0s
 15300K .......... .......... .......... .......... .......... 98% 1.57M 0s
 15350K .......... .......... .......... .......... .......... 98% 3.54M 0s
 15400K .......... .......... .......... .......... .......... 98%  731K 0s
 15450K .......... .......... .......... .......... .......... 99% 1.21M 0s
 15500K .......... .......... .......... .......... .......... 99% 1.12M 0s
 15550K .......... .......... .......... .......... .......... 99% 2.16M 0s
 15600K .......... .......... .....                           100%  879K=10s

2026-05-18 14:16:08 (1.48 MB/s) - ‘/home/usernamerahul/agv_ws/build/multirobot_map_merge/2011-08-09-12-22-52.pgm’ saved [16000058/16000058]

--2026-05-18 14:16:08--  https://raw.githubusercontent.com/hrnr/m-explore-extra/master/map_merge/gmapping_maps/2012-01-28-11-12-01.pgm
Resolving raw.githubusercontent.com (raw.githubusercontent.com)... 185.199.109.133, 185.199.108.133, 185.199.111.133, ...
Connecting to raw.githubusercontent.com (raw.githubusercontent.com)|185.199.109.133|:443... connected.
HTTP request sent, awaiting response... 200 OK
Length: 16000058 (15M) [application/octet-stream]
Saving to: ‘/home/usernamerahul/agv_ws/build/multirobot_map_merge/2012-01-28-11-12-01.pgm’

     0K .......... .......... .......... .......... ..........  0%  355K 44s
    50K .......... .......... .......... .......... ..........  0%  552K 36s
   100K .......... .......... .......... .......... ..........  0% 3.02M 26s
   150K .......... .......... .......... .......... ..........  1%  413K 28s
   200K .......... .......... .......... .......... ..........  1% 1.02M 26s
   250K .......... .......... .......... .......... ..........  1% 1.36M 23s
   300K .......... .......... .......... .......... ..........  2% 1.20M 22s
   350K .......... .......... .......... .......... ..........  2%  807K 21s
   400K .......... .......... .......... .......... ..........  2% 2.13M 19s
   450K .......... .......... .......... .......... ..........  3% 1.07M 19s
   500K .......... .......... .......... .......... ..........  3% 1.19M 18s
   550K .......... .......... .......... .......... ..........  3%  879K 18s
   600K .......... .......... .......... .......... ..........  4% 1017K 18s
   650K .......... .......... .......... .......... ..........  4%  610K 18s
   700K .......... .......... .......... .......... ..........  4% 6.56M 17s
   750K .......... .......... .......... .......... ..........  5% 1.17M 17s
   800K .......... .......... .......... .......... ..........  5% 1.01M 17s
   850K .......... .......... .......... .......... ..........  5% 4.07M 16s
   900K .......... .......... .......... .......... ..........  6%  458K 17s
   950K .......... .......... .......... .......... ..........  6% 1.28M 16s
  1000K .......... .......... .......... .......... ..........  6% 2.26M 16s
  1050K .......... .......... .......... .......... ..........  7% 2.74M 15s
  1100K .......... .......... .......... .......... ..........  7% 1.32M 15s
  1150K .......... .......... .......... .......... ..........  7% 1.99M 15s
  1200K .......... .......... .......... .......... ..........  7% 1.00M 14s
  1250K .......... .......... .......... .......... ..........  8%  652K 15s
  1300K .......... .......... .......... .......... ..........  8%  731K 15s
  1350K .......... .......... .......... .......... ..........  8% 1.01M 15s
  1400K .......... .......... .......... .......... ..........  9% 3.00M 14s
  1450K .......... .......... .......... .......... ..........  9% 2.80M 14s
  1500K .......... .......... .......... .......... ..........  9% 1.91M 14s
  1550K .......... .......... .......... .......... .......... 10%  636K 14s
  1600K .......... .......... .......... .......... .......... 10% 2.46M 14s
  1650K .......... .......... .......... .......... .......... 10% 2.66M 13s
  1700K .......... .......... .......... .......... .......... 11%  987K 13s
  1750K .......... .......... .......... .......... .......... 11% 1.77M 13s
  1800K .......... .......... .......... .......... .......... 11% 3.70M 13s
  1850K .......... .......... .......... .......... .......... 12% 1.74M 13s
  1900K .......... .......... .......... .......... .......... 12% 1.47M 12s
  1950K .......... .......... .......... .......... .......... 12%  561K 13s
  2000K .......... .......... .......... .......... .......... 13%  563K 13s
  2050K .......... .......... .......... .......... .......... 13% 1.48M 13s
  2100K .......... .......... .......... .......... .......... 13%  938K 13s
  2150K .......... .......... .......... .......... .......... 14% 4.31M 13s
  2200K .......... .......... .......... .......... .......... 14% 5.15M 12s
  2250K .......... .......... .......... .......... .......... 14% 1.07M 12s
  2300K .......... .......... .......... .......... .......... 15%  902K 12s
  2350K .......... .......... .......... .......... .......... 15% 1.35M 12s
  2400K .......... .......... .......... .......... .......... 15% 1.52M 12s
  2450K .......... .......... .......... .......... .......... 15% 5.44M 12s
  2500K .......... .......... .......... .......... .......... 16% 2.07M 12s
  2550K .......... .......... .......... .......... .......... 16%  973K 12s
  2600K .......... .......... .......... .......... .......... 16% 5.92M 11s
  2650K .......... .......... .......... .......... .......... 17% 4.12M 11s
  2700K .......... .......... .......... .......... .......... 17% 2.05M 11s
  2750K .......... .......... .......... .......... .......... 17% 1.39M 11s
  2800K .......... .......... .......... .......... .......... 18% 2.66M 11s
  2850K .......... .......... .......... .......... .......... 18% 1.03M 11s
  2900K .......... .......... .......... .......... .......... 18% 6.49M 11s
  2950K .......... .......... .......... .......... .......... 19% 1.45M 11s
  3000K .......... .......... .......... .......... .......... 19% 2.99M 10s
  3050K .......... .......... .......... .......... .......... 19% 1.56M 10s
  3100K .......... .......... .......... .......... .......... 20% 1.46M 10s
  3150K .......... .......... .......... .......... .......... 20% 1.42M 10s
  3200K .......... .......... .......... .......... .......... 20% 1.77M 10s
  3250K .......... .......... .......... .......... .......... 21% 1.12M 10s
  3300K .......... .......... .......... .......... .......... 21% 1.43M 10s
  3350K .......... .......... .......... .......... .......... 21% 1.83M 10s
  3400K .......... .......... .......... .......... .......... 22% 3.00M 10s
  3450K .......... .......... .......... .......... .......... 22% 2.82M 10s
  3500K .......... .......... .......... .......... .......... 22% 2.43M 10s
  3550K .......... .......... .......... .......... .......... 23% 1.64M 9s
  3600K .......... .......... .......... .......... .......... 23% 1.32M 9s
  3650K .......... .......... .......... .......... .......... 23% 1.00M 9s
  3700K .......... .......... .......... .......... .......... 23% 1.38M 9s
  3750K .......... .......... .......... .......... .......... 24% 1.43M 9s
  3800K .......... .......... .......... .......... .......... 24% 1.50M 9s
  3850K .......... .......... .......... .......... .......... 24% 1.82M 9s
  3900K .......... .......... .......... .......... .......... 25% 4.33M 9s
  3950K .......... .......... .......... .......... .......... 25% 1.54M 9s
  4000K .......... .......... .......... .......... .......... 25% 1.69M 9s
  4050K .......... .......... .......... .......... .......... 26% 1.25M 9s
  4100K .......... .......... .......... .......... .......... 26% 6.29M 9s
  4150K .......... .......... .......... .......... .......... 26%  876K 9s
  4200K .......... .......... .......... .......... .......... 27% 3.64M 9s
  4250K .......... .......... .......... .......... .......... 27% 5.35M 9s
  4300K .......... .......... .......... .......... .......... 27% 8.53M 8s
  4350K .......... .......... .......... .......... .......... 28% 5.41M 8s
  4400K .......... .......... .......... .......... .......... 28%  584K 8s
  4450K .......... .......... .......... .......... .......... 28% 4.38M 8s
  4500K .......... .......... .......... .......... .......... 29% 1.02M 8s
  4550K .......... .......... .......... .......... .......... 29% 8.81M 8s
  4600K .......... .......... .......... .......... .......... 29% 5.29M 8s
  4650K .......... .......... .......... .......... .......... 30% 1.08M 8s
  4700K .......... .......... .......... .......... .......... 30% 5.02M 8s
  4750K .......... .......... .......... .......... .......... 30% 6.46M 8s
  4800K .......... .......... .......... .......... .......... 31%  930K 8s
  4850K .......... .......... .......... .......... .......... 31% 4.20M 8s
  4900K .......... .......... .......... .......... .......... 31%  734K 8s
  4950K .......... .......... .......... .......... .......... 31% 3.00M 8s
  5000K .......... .......... .......... .......... .......... 32% 1.08M 8s
  5050K .......... .......... .......... .......... .......... 32% 4.66M 8s
  5100K .......... .......... .......... .......... .......... 32% 7.17M 8s
  5150K .......... .......... .......... .......... .......... 33% 5.49M 7s
  5200K .......... .......... .......... .......... .......... 33% 1.25M 7s
  5250K .......... .......... .......... .......... .......... 33% 4.42M 7s
  5300K .......... .......... .......... .......... .......... 34% 6.30M 7s
  5350K .......... .......... .......... .......... .......... 34%  648K 7s
  5400K .......... .......... .......... .......... .......... 34%  274K 8s
  5450K .......... .......... .......... .......... .......... 35% 2.39M 7s
  5500K .......... .......... .......... .......... .......... 35% 3.50M 7s
  5550K .......... .......... .......... .......... .......... 35%  474K 7s
  5600K .......... .......... .......... .......... .......... 36%  195M 7s
  5650K .......... .......... .......... .......... .......... 36% 4.47M 7s
  5700K .......... .......... .......... .......... .......... 36%  522M 7s
  5750K .......... .......... .......... .......... .......... 37%  384M 7s
  5800K .......... .......... .......... .......... .......... 37%  761K 7s
  5850K .......... .......... .......... .......... .......... 37% 1.01M 7s
  5900K .......... .......... .......... .......... .......... 38%  189K 7s
  5950K .......... .......... .......... .......... .......... 38%  219M 7s
  6000K .......... .......... .......... .......... .......... 38%  282K 7s
  6050K .......... .......... .......... .......... .......... 39% 1.13M 7s
  6100K .......... .......... .......... .......... .......... 39%  439M 7s
  6150K .......... .......... .......... .......... .......... 39%  512M 7s
  6200K .......... .......... .......... .......... .......... 39%  344M 7s
  6250K .......... .......... .......... .......... .......... 40% 7.86M 7s
  6300K .......... .......... .......... .......... .......... 40%  240K 7s
  6350K .......... .......... .......... .......... .......... 40%  159M 7s
  6400K .......... .......... .......... .......... .......... 41%  500M 7s
  6450K .......... .......... .......... .......... .......... 41%  986K 7s
  6500K .......... .......... .......... .......... .......... 41% 3.38M 7s
  6550K .......... .......... .......... .......... .......... 42% 4.63M 7s
  6600K .......... .......... .......... .......... .......... 42% 1.41M 7s
  6650K .......... .......... .......... .......... .......... 42%  136K 7s
  6700K .......... .......... .......... .......... .......... 43% 6.59M 7s
  6750K .......... .......... .......... .......... .......... 43% 5.14M 7s
  6800K .......... .......... .......... .......... .......... 43%  806K 7s
  6850K .......... .......... .......... .......... .......... 44%  364K 7s
  6900K .......... .......... .......... .......... .......... 44%  611K 7s
  6950K .......... .......... .......... .......... .......... 44%  764K 7s
  7000K .......... .......... .......... .......... .......... 45% 2.28M 7s
  7050K .......... .......... .......... .......... .......... 45% 1.33M 7s
  7100K .......... .......... .......... .......... .......... 45% 1.46M 7s
  7150K .......... .......... .......... .......... .......... 46%  564K 7s
  7200K .......... .......... .......... .......... .......... 46%  341K 7s
  7250K .......... .......... .......... .......... .......... 46%  482K 7s
  7300K .......... .......... .......... .......... .......... 47% 2.66M 7s
  7350K .......... .......... .......... .......... .......... 47% 2.53M 7s
  7400K .......... .......... .......... .......... .......... 47%  284K 7s
  7450K .......... .......... .......... .......... .......... 47%  886K 7s
  7500K .......... .......... .......... .......... .......... 48%  297K 7s
  7550K .......... .......... .......... .......... .......... 48%  359K 7s
  7600K .......... .......... .......... .......... .......... 48%  461K 7s
  7650K .......... .......... .......... .......... .......... 49% 1.48M 7s
  7700K .......... .......... .......... .......... .......... 49%  313K 7s
  7750K .......... .......... .......... .......... .......... 49%  838K 7s
  7800K .......... .......... .......... .......... .......... 50%  867K 7s
  7850K .......... .......... .......... .......... .......... 50% 1.96M 7s
  7900K .......... .......... .......... .......... .......... 50%  914K 7s
  7950K .......... .......... .......... .......... .......... 51%  636K 7s
  8000K .......... .......... .......... .......... .......... 51%  753K 7s
  8050K .......... .......... .......... .......... .......... 51%  617K 7s
  8100K .......... .......... .......... .......... .......... 52%  506K 7s
  8150K .......... .......... .......... .......... .......... 52%  908K 7s
  8200K .......... .......... .......... .......... .......... 52% 1.22M 7s
  8250K .......... .......... .......... .......... .......... 53%  860K 7s
  8300K .......... .......... .......... .......... .......... 53%  836K 7s
  8350K .......... .......... .......... .......... .......... 53% 2.08M 7s
  8400K .......... .......... .......... .......... .......... 54% 1.05M 7s
  8450K .......... .......... .......... .......... .......... 54%  741K 7s
  8500K .......... .......... .......... .......... .......... 54%  575K 7s
  8550K .......... .......... .......... .......... .......... 55%  399K 7s
  8600K .......... .......... .......... .......... .......... 55% 4.99M 7s
  8650K .......... .......... .......... .......... .......... 55%  118K 7s
  8700K .......... .......... .......... .......... .......... 55%  351K 7s
  8750K .......... .......... .......... .......... .......... 56% 1.12M 7s
  8800K .......... .......... .......... .......... .......... 56%  515K 7s
  8850K .......... .......... .......... .......... .......... 56% 2.34M 7s
  8900K .......... .......... .......... .......... .......... 57%  390K 7s
  8950K .......... .......... .......... .......... .......... 57%  640K 7s
  9000K .......... .......... .......... .......... .......... 57%  961K 7s
  9050K .......... .......... .......... .......... .......... 58% 1.14M 7s
  9100K .......... .......... .......... .......... .......... 58%  708K 7s
  9150K .......... .......... .......... .......... .......... 58%  560K 7s
  9200K .......... .......... .......... .......... .......... 59% 1.23M 7s
  9250K .......... .......... .......... .......... .......... 59%  851K 6s
  9300K .......... .......... .......... .......... .......... 59%  406K 6s
  9350K .......... .......... .......... .......... .......... 60% 1.12M 6s
  9400K .......... .......... .......... .......... .......... 60% 1.56M 6s
  9450K .......... .......... .......... .......... .......... 60%  628K 6s
  9500K .......... .......... .......... .......... .......... 61% 1.35M 6s
  9550K .......... .......... .......... .......... .......... 61%  759K 6s
  9600K .......... .......... .......... .......... .......... 61% 1.68M 6s
  9650K .......... .......... .......... .......... .......... 62%  545K 6s
  9700K .......... .......... .......... .......... .......... 62% 8.31M 6s
  9750K .......... .......... .......... .......... .......... 62%  867K 6s
  9800K .......... .......... .......... .......... .......... 63% 1.42M 6s
  9850K .......... .......... .......... .......... .......... 63% 1.17M 6s
  9900K .......... .......... .......... .......... .......... 63%  741K 6s
  9950K .......... .......... .......... .......... .......... 63%  763K 6s
 10000K .......... .......... .......... .......... .......... 64%  793K 6s
 10050K .......... .......... .......... .......... .......... 64% 1.50M 6s
 10100K .......... .......... .......... .......... .......... 64% 1.53M 6s
 10150K .......... .......... .......... .......... .......... 65% 1.05M 6s
 10200K .......... .......... .......... .......... .......... 65% 1.83M 6s
 10250K .......... .......... .......... .......... .......... 65% 1.10M 5s
 10300K .......... .......... .......... .......... .......... 66% 1.40M 5s
 10350K .......... .......... .......... .......... .......... 66%  833K 5s
 10400K .......... .......... .......... .......... .......... 66% 1.10M 5s
 10450K .......... .......... .......... .......... .......... 67% 3.92M 5s
 10500K .......... .......... .......... .......... .......... 67%  913K 5s
 10550K .......... .......... .......... .......... .......... 67% 1.97M 5s
 10600K .......... .......... .......... .......... .......... 68% 1002K 5s
 10650K .......... .......... .......... .......... .......... 68% 1.93M 5s
 10700K .......... .......... .......... .......... .......... 68% 1.43M 5s
 10750K .......... .......... .......... .......... .......... 69%  786K 5s
 10800K .......... .......... .......... .......... .......... 69% 1.70M 5s
 10850K .......... .......... .......... .......... .......... 69%  797K 5s
 10900K .......... .......... .......... .......... .......... 70% 1.73M 5s
 10950K .......... .......... .......... .......... .......... 70% 1.31M 5s
 11000K .......... .......... .......... .......... .......... 70% 1.32M 5s
 11050K .......... .......... .......... .......... .......... 71%  279K 5s
 11100K .......... .......... .......... .......... .......... 71% 4.12M 5s
 11150K .......... .......... .......... .......... .......... 71%  304K 5s
 11200K .......... .......... .......... .......... .......... 71% 2.49M 4s
 11250K .......... .......... .......... .......... .......... 72% 1.03M 4s
 11300K .......... .......... .......... .......... .......... 72%  708K 4s
 11350K .......... .......... .......... .......... .......... 72%  910K 4s
 11400K .......... .......... .......... .......... .......... 73% 1.74M 4s
 11450K .......... .......... .......... .......... .......... 73%  542K 4s
 11500K .......... .......... .......... .......... .......... 73% 1.70M 4s
 11550K .......... .......... .......... .......... .......... 74%  993K 4s
 11600K .......... .......... .......... .......... .......... 74%  466K 4s
 11650K .......... .......... .......... .......... .......... 74% 1.39M 4s
 11700K .......... .......... .......... .......... .......... 75% 3.00M 4s
 11750K .......... .......... .......... .......... .......... 75% 1.10M 4s
 11800K .......... .......... .......... .......... .......... 75%  672K 4s
 11850K .......... .......... .......... .......... .......... 76% 1.30M 4s
 11900K .......... .......... .......... .......... .......... 76%  611K 4s
 11950K .......... .......... .......... .......... .......... 76% 1.01M 4s
 12000K .......... .......... .......... .......... .......... 77% 1.90M 4s
 12050K .......... .......... .......... .......... .......... 77% 1.95M 4s
 12100K .......... .......... .......... .......... .......... 77%  685K 4s
 12150K .......... .......... .......... .......... .......... 78% 5.40M 4s
 12200K .......... .......... .......... .......... .......... 78%  851K 3s
 12250K .......... .......... .......... .......... .......... 78% 1.10M 3s
 12300K .......... .......... .......... .......... .......... 79% 1.01M 3s
 12350K .......... .......... .......... .......... .......... 79% 1.43M 3s
 12400K .......... .......... .......... .......... .......... 79% 1.74M 3s
 12450K .......... .......... .......... .......... .......... 79% 1.08M 3s
 12500K .......... .......... .......... .......... .......... 80% 2.20M 3s
 12550K .......... .......... .......... .......... .......... 80% 1023K 3s
 12600K .......... .......... .......... .......... .......... 80% 2.09M 3s
 12650K .......... .......... .......... .......... .......... 81%  945K 3s
 12700K .......... .......... .......... .......... .......... 81% 2.43M 3s
 12750K .......... .......... .......... .......... .......... 81%  606K 3s
 12800K .......... .......... .......... .......... .......... 82% 6.39M 3s
 12850K .......... .......... .......... .......... .......... 82%  460K 3s
 12900K .......... .......... .......... .......... .......... 82%  692K 3s
 12950K .......... .......... .......... .......... .......... 83%  756K 3s
 13000K .......... .......... .......... .......... .......... 83%  529K 3s
 13050K .......... .......... .......... .......... .......... 83%  825K 3s
 13100K .......... .......... .......... .......... .......... 84% 1.84M 3s
 13150K .......... .......... .......... .......... .......... 84%  847K 2s
 13200K .......... .......... .......... .......... .......... 84% 1.29M 2s
 13250K .......... .......... .......... .......... .......... 85%  740K 2s
 13300K .......... .......... .......... .......... .......... 85%  691K 2s
 13350K .......... .......... .......... .......... .......... 85%  765K 2s
 13400K .......... .......... .......... .......... .......... 86%  632K 2s
 13450K .......... .......... .......... .......... .......... 86% 3.99M 2s
 13500K .......... .......... .......... .......... .......... 86% 1.04M 2s
 13550K .......... .......... .......... .......... .......... 87%  760K 2s
 13600K .......... .......... .......... .......... .......... 87%  769K 2s
 13650K .......... .......... .......... .......... .......... 87%  588K 2s
 13700K .......... .......... .......... .......... .......... 87% 1.32M 2s
 13750K .......... .......... .......... .......... .......... 88% 1.01M 2s
 13800K .......... .......... .......... .......... .......... 88% 5.72M 2s
 13850K .......... .......... .......... .......... .......... 88% 3.59M 2s
 13900K .......... .......... .......... .......... .......... 89% 1.37M 2s
 13950K .......... .......... .......... .......... .......... 89% 1.08M 2s
 14000K .......... .......... .......... .......... .......... 89% 3.66M 2s
 14050K .......... .......... .......... .......... .......... 90% 1.13M 2s
 14100K .......... .......... .......... .......... .......... 90% 1.82M 1s
 14150K .......... .......... .......... .......... .......... 90% 5.83M 1s
 14200K .......... .......... .......... .......... .......... 91% 6.12M 1s
 14250K .......... .......... .......... .......... .......... 91%  820K 1s
 14300K .......... .......... .......... .......... .......... 91% 1.01M 1s
 14350K .......... .......... .......... .......... .......... 92% 1.11M 1s
 14400K .......... .......... .......... .......... .......... 92% 1.81M 1s
 14450K .......... .......... .......... .......... .......... 92%  892K 1s
 14500K .......... .......... .......... .......... .......... 93% 1.19M 1s
 14550K .......... .......... .......... .......... .......... 93% 1.25M 1s
 14600K .......... .......... .......... .......... .......... 93%  938K 1s
 14650K .......... .......... .......... .......... .......... 94% 1.76M 1s
 14700K .......... .......... .......... .......... .......... 94% 1.36M 1s
 14750K .......... .......... .......... .......... .......... 94%  537K 1s
 14800K .......... .......... .......... .......... .......... 95% 8.04M 1s
 14850K .......... .......... .......... .......... .......... 95% 2.21M 1s
 14900K .......... .......... .......... .......... .......... 95% 1.50M 1s
 14950K .......... .......... .......... .......... .......... 95%  865K 1s
 15000K .......... .......... .......... .......... .......... 96% 4.68M 1s
 15050K .......... .......... .......... .......... .......... 96% 1.08M 1s
 15100K .......... .......... .......... .......... .......... 96%  957K 0s
 15150K .......... .......... .......... .......... .......... 97% 4.29M 0s
 15200K .......... .......... .......... .......... .......... 97% 5.39M 0s
 15250K .......... .......... .......... .......... .......... 97%  831K 0s
 15300K .......... .......... .......... .......... .......... 98% 2.30M 0s
 15350K .......... .......... .......... .......... .......... 98%  307K 0s
 15400K .......... .......... .......... .......... .......... 98%  205M 0s
 15450K .......... .......... .......... .......... .......... 99%  331M 0s
 15500K .......... .......... .......... .......... .......... 99%  204M 0s
 15550K .......... .......... .......... .......... .......... 99% 1022K 0s
 15600K .......... .......... .....                           100% 14.6M=15s

2026-05-18 14:16:29 (1013 KB/s) - ‘/home/usernamerahul/agv_ws/build/multirobot_map_merge/2012-01-28-11-12-01.pgm’ saved [16000058/16000058]

