[0.820s] Invoking command in '/home/usernamerahul/agv_ws/build/multirobot_map_merge': CMAKE_PREFIX_PATH=${CMAKE_PREFIX_PATH}:/home/usernamerahul/ros2_ws/install/my_robot_controller:/opt/ros/jazzy /usr/bin/cmake /home/usernamerahul/agv_ws/src/m-explore-ros2/map_merge -DCMAKE_INSTALL_PREFIX=/home/usernamerahul/agv_ws/install/multirobot_map_merge
[1.164s] -- The C compiler identification is GNU 13.3.0
[2.544s] -- The CXX compiler identification is GNU 13.3.0
[3.516s] -- Detecting C compiler ABI info
[3.923s] -- Detecting C compiler ABI info - done
[3.932s] -- Check for working C compiler: /usr/bin/cc - skipped
[3.933s] -- Detecting C compile features
[3.933s] -- Detecting C compile features - done
[4.123s] -- Detecting CXX compiler ABI info
[4.548s] -- Detecting CXX compiler ABI info - done
[4.557s] -- Check for working CXX compiler: /usr/bin/c++ - skipped
[4.558s] -- Detecting CXX compile features
[4.558s] -- Detecting CXX compile features - done
[4.579s] -- Found ament_cmake: 2.5.6 (/opt/ros/jazzy/share/ament_cmake/cmake)
[4.726s] -- Found Python3: /usr/bin/python3 (found version "3.12.3") found components: Interpreter 
[4.851s] -- Found rclcpp: 28.1.18 (/opt/ros/jazzy/share/rclcpp/cmake)
[5.112s] -- Found rosidl_generator_c: 4.6.7 (/opt/ros/jazzy/share/rosidl_generator_c/cmake)
[5.137s] -- Found rosidl_generator_cpp: 4.6.7 (/opt/ros/jazzy/share/rosidl_generator_cpp/cmake)
[5.169s] -- Using all available rosidl_typesupport_c: rosidl_typesupport_fastrtps_c;rosidl_typesupport_introspection_c
[5.200s] -- Using all available rosidl_typesupport_cpp: rosidl_typesupport_fastrtps_cpp;rosidl_typesupport_introspection_cpp
[5.334s] -- Found rmw_implementation_cmake: 7.3.3 (/opt/ros/jazzy/share/rmw_implementation_cmake/cmake)
[5.342s] -- Found rmw_cyclonedds_cpp: 2.2.3 (/opt/ros/jazzy/share/rmw_cyclonedds_cpp/cmake)
[5.547s] -- Using RMW implementation 'rmw_cyclonedds_cpp' as default
[5.649s] -- Found geometry_msgs: 5.3.7 (/opt/ros/jazzy/share/geometry_msgs/cmake)
[5.710s] -- Found image_geometry: 4.1.0 (/opt/ros/jazzy/share/image_geometry/cmake)
[5.785s] -- Found map_msgs: 2.4.1 (/opt/ros/jazzy/share/map_msgs/cmake)
[5.886s] -- Found tf2_geometry_msgs: 0.36.20 (/opt/ros/jazzy/share/tf2_geometry_msgs/cmake)
[5.978s] -- Found eigen3_cmake_module: 0.3.0 (/opt/ros/jazzy/share/eigen3_cmake_module/cmake)
[5.980s] -- Found Eigen3: TRUE (found version "3.4.0") 
[5.980s] -- Ensuring Eigen3 include directory is part of orocos-kdl CMake target
[6.531s] -- Found Boost: /usr/lib/x86_64-linux-gnu/cmake/Boost-1.83.0/BoostConfig.cmake (found version "1.83.0") found components: thread 
[6.540s] -- Found OpenCV: /usr (found version "4.6.0") 
[6.554s] -- Found ament_lint_auto: 0.17.5 (/opt/ros/jazzy/share/ament_lint_auto/cmake)
[6.659s] -- Found ament_cmake_gtest: 2.5.6 (/opt/ros/jazzy/share/ament_cmake_gtest/cmake)
[6.669s] --2026-05-18 14:15:46--  https://raw.githubusercontent.com/hrnr/m-explore-extra/master/map_merge/hector_maps/map00.pgm
[7.290s] Resolving raw.githubusercontent.com (raw.githubusercontent.com)... 185.199.108.133, 185.199.109.133, 185.199.110.133, ...
[7.371s] Connecting to raw.githubusercontent.com (raw.githubusercontent.com)|185.199.108.133|:443... connected.
[9.391s] HTTP request sent, awaiting response... 200 OK
[9.392s] Length: 4194362 (4.0M) [application/octet-stream]
[9.392s] Saving to: ‘/home/usernamerahul/agv_ws/build/multirobot_map_merge/map00.pgm’
[9.393s] 
[9.540s]      0K .......... .......... .......... .......... ..........  1%  338K 12s
[9.574s]     50K .......... .......... .......... .......... ..........  2% 1.43M 7s
[9.587s]    100K .......... .......... .......... .......... ..........  3% 3.62M 5s
[9.632s]    150K .......... .......... .......... .......... ..........  4% 1.10M 5s
[9.639s]    200K .......... .......... .......... .......... ..........  6% 6.90M 4s
[9.678s]    250K .......... .......... .......... .......... ..........  7% 1.27M 4s
[9.701s]    300K .......... .......... .......... .......... ..........  8% 2.04M 3s
[9.750s]    350K .......... .......... .......... .......... ..........  9% 1.19M 3s
[9.771s]    400K .......... .......... .......... .......... .......... 10% 1.95M 3s
[9.826s]    450K .......... .......... .......... .......... .......... 12%  852K 3s
[9.880s]    500K .......... .......... .......... .......... .......... 13%  937K 3s
[9.897s]    550K .......... .......... .......... .......... .......... 14% 2.78M 3s
[9.966s]    600K .......... .......... .......... .......... .......... 15%  724K 3s
[9.987s]    650K .......... .......... .......... .......... .......... 17% 2.30M 3s
[10.001s]    700K .......... .......... .......... .......... .......... 18% 3.67M 3s
[10.030s]    750K .......... .......... .......... .......... .......... 19% 3.62M 3s
[10.062s]    800K .......... .......... .......... .......... .......... 20% 1.01M 3s
[10.068s]    850K .......... .......... .......... .......... .......... 21% 8.99M 2s
[10.074s]    900K .......... .......... .......... .......... .......... 23% 7.26M 2s
[10.124s]    950K .......... .......... .......... .......... .......... 24% 1007K 2s
[10.141s]   1000K .......... .......... .......... .......... .......... 25% 2.96M 2s
[10.154s]   1050K .......... .......... .......... .......... .......... 26% 3.58M 2s
[10.162s]   1100K .......... .......... .......... .......... .......... 28% 6.12M 2s
[10.232s]   1150K .......... .......... .......... .......... .......... 29% 1022K 2s
[10.241s]   1200K .......... .......... .......... .......... .......... 30% 1.66M 2s
[10.277s]   1250K .......... .......... .......... .......... .......... 31% 1.36M 2s
[10.353s]   1300K .......... .......... .......... .......... .......... 32%  657K 2s
[10.358s]   1350K .......... .......... .......... .......... .......... 34% 8.70M 2s
[10.365s]   1400K .......... .......... .......... .......... .......... 35% 7.33M 2s
[10.385s]   1450K .......... .......... .......... .......... .......... 36% 2.42M 2s
[10.423s]   1500K .......... .......... .......... .......... .......... 37% 1.33M 2s
[10.476s]   1550K .......... .......... .......... .......... .......... 39% 1.69M 2s
[10.507s]   1600K .......... .......... .......... .......... .......... 40%  893K 2s
[10.518s]   1650K .......... .......... .......... .......... .......... 41% 4.21M 2s
[10.570s]   1700K .......... .......... .......... .......... .......... 42%  967K 2s
[10.596s]   1750K .......... .......... .......... .......... .......... 43% 1.91M 2s
[10.633s]   1800K .......... .......... .......... .......... .......... 45% 1.31M 2s
[10.670s]   1850K .......... .......... .......... .......... .......... 46% 1.32M 1s
[10.702s]   1900K .......... .......... .......... .......... .......... 47% 1.52M 1s
[10.735s]   1950K .......... .......... .......... .......... .......... 48% 3.43M 1s
[10.749s]   2000K .......... .......... .......... .......... .......... 50% 1.46M 1s
[10.786s]   2050K .......... .......... .......... .......... .......... 51% 1.33M 1s
[10.810s]   2100K .......... .......... .......... .......... .......... 52% 2.06M 1s
[10.861s]   2150K .......... .......... .......... .......... .......... 53%  980K 1s
[10.903s]   2200K .......... .......... .......... .......... .......... 54% 1.16M 1s
[10.926s]   2250K .......... .......... .......... .......... .......... 56% 2.09M 1s
[10.956s]   2300K .......... .......... .......... .......... .......... 57% 1.65M 1s
[11.012s]   2350K .......... .......... .......... .......... .......... 58%  931K 1s
[11.113s]   2400K .......... .......... .......... .......... .......... 59%  486K 1s
[11.162s]   2450K .......... .......... .......... .......... .......... 61% 1009K 1s
[11.219s]   2500K .......... .......... .......... .......... .......... 62%  884K 1s
[11.278s]   2550K .......... .......... .......... .......... .......... 63%  844K 1s
[11.308s]   2600K .......... .......... .......... .......... .......... 64% 1.64M 1s
[11.362s]   2650K .......... .......... .......... .......... .......... 65%  925K 1s
[11.399s]   2700K .......... .......... .......... .......... .......... 67% 1.29M 1s
[11.442s]   2750K .......... .......... .......... .......... .......... 68% 1.67M 1s
[11.469s]   2800K .......... .......... .......... .......... .......... 69% 1.20M 1s
[11.521s]   2850K .......... .......... .......... .......... .......... 70%  978K 1s
[11.543s]   2900K .......... .......... .......... .......... .......... 72% 2.15M 1s
[11.569s]   2950K .......... .......... .......... .......... .......... 73% 1.88M 1s
[11.606s]   3000K .......... .......... .......... .......... .......... 74% 1.32M 1s
[11.746s]   3050K .......... .......... .......... .......... .......... 75%  359K 1s
[11.756s]   3100K .......... .......... .......... .......... .......... 76% 4.64M 1s
[11.796s]   3150K .......... .......... .......... .......... .......... 78% 4.26M 1s
[11.826s]   3200K .......... .......... .......... .......... .......... 79%  854K 1s
[11.840s]   3250K .......... .......... .......... .......... .......... 80% 3.66M 1s
[11.961s]   3300K .......... .......... .......... .......... .......... 81%  414K 1s
[11.982s]   3350K .......... .......... .......... .......... .......... 83% 2.22M 1s
[12.003s]   3400K .......... .......... .......... .......... .......... 84% 2.31M 0s
[12.020s]   3450K .......... .......... .......... .......... .......... 85% 2.98M 0s
[12.056s]   3500K .......... .......... .......... .......... .......... 86% 1.36M 0s
[12.144s]   3550K .......... .......... .......... .......... .......... 87%  581K 0s
[12.165s]   3600K .......... .......... .......... .......... .......... 89% 2.07M 0s
[12.244s]   3650K .......... .......... .......... .......... .......... 90%  631K 0s
[12.302s]   3700K .......... .......... .......... .......... .......... 91%  866K 0s
[12.382s]   3750K .......... .......... .......... .......... .......... 92%  627K 0s
[12.455s]   3800K .......... .......... .......... .......... .......... 93%  688K 0s
[12.499s]   3850K .......... .......... .......... .......... .......... 95% 1.11M 0s
[12.542s]   3900K .......... .......... .......... .......... .......... 96% 1.13M 0s
[12.599s]   3950K .......... .......... .......... .......... .......... 97% 1.57M 0s
[12.648s]   4000K .......... .......... .......... .......... .......... 98%  666K 0s
[12.661s]   4050K .......... .......... .......... .......... ......    100% 3.50M=3.3s
[12.661s] 
[12.661s] 2026-05-18 14:15:52 (1.22 MB/s) - ‘/home/usernamerahul/agv_ws/build/multirobot_map_merge/map00.pgm’ saved [4194362/4194362]
[12.661s] 
[12.668s] Checking MD5 sum of /home/usernamerahul/agv_ws/build/multirobot_map_merge/map00.pgm
[12.677s] /home/usernamerahul/agv_ws/build/multirobot_map_merge/map00.pgm: OK
[12.681s] --2026-05-18 14:15:52--  https://raw.githubusercontent.com/hrnr/m-explore-extra/master/map_merge/hector_maps/map05.pgm
[12.717s] Resolving raw.githubusercontent.com (raw.githubusercontent.com)... 185.199.111.133, 185.199.110.133, 185.199.109.133, ...
[12.867s] Connecting to raw.githubusercontent.com (raw.githubusercontent.com)|185.199.111.133|:443... connected.
[14.322s] HTTP request sent, awaiting response... 200 OK
[14.322s] Length: 4194362 (4.0M) [application/octet-stream]
[14.322s] Saving to: ‘/home/usernamerahul/agv_ws/build/multirobot_map_merge/map05.pgm’
[14.322s] 
[14.409s]      0K .......... .......... .......... .......... ..........  1%  570K 7s
[14.463s]     50K .......... .......... .......... .......... ..........  2%  938K 6s
[14.476s]    100K .......... .......... .......... .......... ..........  3% 3.60M 4s
[14.535s]    150K .......... .......... .......... .......... ..........  4%  848K 4s
[14.574s]    200K .......... .......... .......... .......... ..........  6% 1.25M 4s
[14.590s]    250K .......... .......... .......... .......... ..........  7% 3.18M 3s
[14.640s]    300K .......... .......... .......... .......... ..........  8%  997K 3s
[14.657s]    350K .......... .......... .......... .......... ..........  9% 3.20M 3s
[14.663s]    400K .......... .......... .......... .......... .......... 10% 5.80M 3s
[14.692s]    450K .......... .......... .......... .......... .......... 12% 1.73M 3s
[14.746s]    500K .......... .......... .......... .......... .......... 13%  921K 3s
[14.778s]    550K .......... .......... .......... .......... .......... 14% 1.53M 3s
[14.843s]    600K .......... .......... .......... .......... .......... 15%  763K 3s
[14.849s]    650K .......... .......... .......... .......... .......... 17% 8.38M 3s
[14.856s]    700K .......... .......... .......... .......... .......... 18% 7.42M 2s
[14.886s]    750K .......... .......... .......... .......... .......... 19% 3.68M 2s
[14.919s]    800K .......... .......... .......... .......... .......... 20%  998K 2s
[14.948s]    850K .......... .......... .......... .......... .......... 21% 1.71M 2s
[14.968s]    900K .......... .......... .......... .......... .......... 23% 2.37M 2s
[14.999s]    950K .......... .......... .......... .......... .......... 24% 1.61M 2s
[15.025s]   1000K .......... .......... .......... .......... .......... 25% 1.87M 2s
[15.051s]   1050K .......... .......... .......... .......... .......... 26% 1.85M 2s
[15.082s]   1100K .......... .......... .......... .......... .......... 28% 1.55M 2s
[15.128s]   1150K .......... .......... .......... .......... .......... 29% 1.11M 2s
[15.187s]   1200K .......... .......... .......... .......... .......... 30%  823K 2s
[15.204s]   1250K .......... .......... .......... .......... .......... 31% 2.95M 2s
[15.221s]   1300K .......... .......... .......... .......... .......... 32% 2.84M 2s
[15.226s]   1350K .......... .......... .......... .......... .......... 34% 9.08M 2s
[15.256s]   1400K .......... .......... .......... .......... .......... 35% 1.64M 2s
[15.264s]   1450K .......... .......... .......... .......... .......... 36% 5.97M 2s
[15.313s]   1500K .......... .......... .......... .......... .......... 37% 1.01M 2s
[15.326s]   1550K .......... .......... .......... .......... .......... 39% 4.61M 2s
[15.337s]   1600K .......... .......... .......... .......... .......... 40% 3.49M 2s
[15.367s]   1650K .......... .......... .......... .......... .......... 41% 1.60M 1s
[15.405s]   1700K .......... .......... .......... .......... .......... 42% 1.32M 1s
[15.512s]   1750K .......... .......... .......... .......... .......... 43%  468K 2s
[15.534s]   1800K .......... .......... .......... .......... .......... 45% 2.17M 1s
[15.562s]   1850K .......... .......... .......... .......... .......... 46% 1.76M 1s
[15.577s]   1900K .......... .......... .......... .......... .......... 47% 3.11M 1s
[15.613s]   1950K .......... .......... .......... .......... .......... 48% 1.51M 1s
[15.633s]   2000K .......... .......... .......... .......... .......... 50% 2.13M 1s
[15.654s]   2050K .......... .......... .......... .......... .......... 51% 2.32M 1s
[15.680s]   2100K .......... .......... .......... .......... .......... 52% 1.86M 1s
[15.713s]   2150K .......... .......... .......... .......... .......... 53% 1.47M 1s
[15.721s]   2200K .......... .......... .......... .......... .......... 54% 6.32M 1s
[15.729s]   2250K .......... .......... .......... .......... .......... 56% 5.92M 1s
[15.743s]   2300K .......... .......... .......... .......... .......... 57% 3.53M 1s
[15.759s]   2350K .......... .......... .......... .......... .......... 58% 3.57M 1s
[15.785s]   2400K .......... .......... .......... .......... .......... 59% 1.74M 1s
[15.794s]   2450K .......... .......... .......... .......... .......... 61% 5.41M 1s
[15.854s]   2500K .......... .......... .......... .......... .......... 62%  836K 1s
[15.869s]   2550K .......... .......... .......... .......... .......... 63% 3.24M 1s
[15.920s]   2600K .......... .......... .......... .......... .......... 64%  979K 1s
[15.972s]   2650K .......... .......... .......... .......... .......... 65%  951K 1s
[15.993s]   2700K .......... .......... .......... .......... .......... 67% 2.38M 1s
[16.068s]   2750K .......... .......... .......... .......... .......... 68%  825K 1s
[16.076s]   2800K .......... .......... .......... .......... .......... 69% 2.15M 1s
[16.097s]   2850K .......... .......... .......... .......... .......... 70% 2.36M 1s
[16.114s]   2900K .......... .......... .......... .......... .......... 72% 2.86M 1s
[16.144s]   2950K .......... .......... .......... .......... .......... 73% 1.61M 1s
[16.168s]   3000K .......... .......... .......... .......... .......... 74% 2.05M 1s
[16.230s]   3050K .......... .......... .......... .......... .......... 75%  814K 1s
[16.244s]   3100K .......... .......... .......... .......... .......... 76% 3.32M 1s
[16.270s]   3150K .......... .......... .......... .......... .......... 78% 4.73M 1s
[16.287s]   3200K .......... .......... .......... .......... .......... 79% 1.48M 1s
[16.320s]   3250K .......... .......... .......... .......... .......... 80% 1.51M 0s
[16.368s]   3300K .......... .......... .......... .......... .......... 81% 1.02M 0s
[16.381s]   3350K .......... .......... .......... .......... .......... 83% 3.77M 0s
[16.421s]   3400K .......... .......... .......... .......... .......... 84% 1.21M 0s
[16.436s]   3450K .......... .......... .......... .......... .......... 85% 3.26M 0s
[16.457s]   3500K .......... .......... .......... .......... .......... 86% 2.32M 0s
[16.531s]   3550K .......... .......... .......... .......... .......... 87% 2.23M 0s
[16.574s]   3600K .......... .......... .......... .......... .......... 89%  524K 0s
[16.615s]   3650K .......... .......... .......... .......... .......... 90% 1.20M 0s
[16.640s]   3700K .......... .......... .......... .......... .......... 91% 1.99M 0s
[16.714s]   3750K .......... .......... .......... .......... .......... 92%  672K 0s
[16.746s]   3800K .......... .......... .......... .......... .......... 93% 1.53M 0s
[16.803s]   3850K .......... .......... .......... .......... .......... 95%  881K 0s
[16.839s]   3900K .......... .......... .......... .......... .......... 96% 1.33M 0s
[16.914s]   3950K .......... .......... .......... .......... .......... 97%  795K 0s
[16.928s]   4000K .......... .......... .......... .......... .......... 98% 1.90M 0s
[16.944s]   4050K .......... .......... .......... .......... ......    100% 2.80M=2.6s
[16.944s] 
[16.944s] 2026-05-18 14:15:57 (1.53 MB/s) - ‘/home/usernamerahul/agv_ws/build/multirobot_map_merge/map05.pgm’ saved [4194362/4194362]
[16.944s] 
[16.945s] Checking MD5 sum of /home/usernamerahul/agv_ws/build/multirobot_map_merge/map05.pgm
[16.952s] /home/usernamerahul/agv_ws/build/multirobot_map_merge/map05.pgm: OK
[16.958s] --2026-05-18 14:15:57--  https://raw.githubusercontent.com/hrnr/m-explore-extra/master/map_merge/gmapping_maps/2011-08-09-12-22-52.pgm
[16.990s] Resolving raw.githubusercontent.com (raw.githubusercontent.com)... 185.199.108.133, 185.199.111.133, 185.199.110.133, ...
[17.043s] Connecting to raw.githubusercontent.com (raw.githubusercontent.com)|185.199.108.133|:443... connected.
[18.309s] HTTP request sent, awaiting response... 200 OK
[18.310s] Length: 16000058 (15M) [application/octet-stream]
[18.310s] Saving to: ‘/home/usernamerahul/agv_ws/build/multirobot_map_merge/2011-08-09-12-22-52.pgm’
[18.310s] 
[18.411s]      0K .......... .......... .......... .......... ..........  0%  490K 32s
[18.421s]     50K .......... .......... .......... .......... ..........  0% 5.02M 17s
[18.485s]    100K .......... .......... .......... .......... ..........  0%  783K 18s
[18.502s]    150K .......... .......... .......... .......... ..........  1% 2.87M 15s
[18.559s]    200K .......... .......... .......... .......... ..........  1%  878K 15s
[18.589s]    250K .......... .......... .......... .......... ..........  1% 1.62M 14s
[18.617s]    300K .......... .......... .......... .......... ..........  2% 1.78M 13s
[18.690s]    350K .......... .......... .......... .......... ..........  2%  705K 14s
[18.722s]    400K .......... .......... .......... .......... ..........  2% 1.41M 14s
[18.777s]    450K .......... .......... .......... .......... ..........  3%  906K 14s
[18.791s]    500K .......... .......... .......... .......... ..........  3% 3.70M 13s
[18.841s]    550K .......... .......... .......... .......... ..........  3% 1001K 13s
[18.849s]    600K .......... .......... .......... .......... ..........  4% 5.62M 12s
[18.865s]    650K .......... .......... .......... .......... ..........  4% 3.16M 12s
[18.901s]    700K .......... .......... .......... .......... ..........  4% 1.37M 12s
[18.918s]    750K .......... .......... .......... .......... ..........  5% 3.97M 11s
[19.085s]    800K .......... .......... .......... .......... ..........  5%  290K 13s
[19.091s]    850K .......... .......... .......... .......... ..........  5% 8.24M 13s
[19.103s]    900K .......... .......... .......... .......... ..........  6% 3.98M 12s
[19.158s]    950K .......... .......... .......... .......... ..........  6%  920K 12s
[19.187s]   1000K .......... .......... .......... .......... ..........  6% 1.64M 12s
[19.232s]   1050K .......... .......... .......... .......... ..........  7% 1.09M 12s
[19.247s]   1100K .......... .......... .......... .......... ..........  7% 3.19M 12s
[19.261s]   1150K .......... .......... .......... .......... ..........  7% 5.05M 11s
[19.298s]   1200K .......... .......... .......... .......... ..........  7% 1.19M 11s
[19.377s]   1250K .......... .......... .......... .......... ..........  8%  632K 12s
[19.420s]   1300K .......... .......... .......... .......... ..........  8% 1.13M 12s
[19.433s]   1350K .......... .......... .......... .......... ..........  8% 3.78M 11s
[19.451s]   1400K .......... .......... .......... .......... ..........  9% 2.82M 11s
[19.576s]   1450K .......... .......... .......... .......... ..........  9%  399K 12s
[19.621s]   1500K .......... .......... .......... .......... ..........  9% 1.09M 12s
[19.689s]   1550K .......... .......... .......... .......... .......... 10%  754K 12s
[19.709s]   1600K .......... .......... .......... .......... .......... 10% 2.23M 12s
[19.765s]   1650K .......... .......... .......... .......... .......... 10%  901K 12s
[19.772s]   1700K .......... .......... .......... .......... .......... 11% 6.56M 12s
[19.800s]   1750K .......... .......... .......... .......... .......... 11% 1.70M 11s
[19.816s]   1800K .......... .......... .......... .......... .......... 11% 3.16M 11s
[19.884s]   1850K .......... .......... .......... .......... .......... 12%  737K 11s
[19.897s]   1900K .......... .......... .......... .......... .......... 12% 3.59M 11s
[19.912s]   1950K .......... .......... .......... .......... .......... 12% 3.93M 11s
[19.938s]   2000K .......... .......... .......... .......... .......... 13% 1.77M 11s
[20.060s]   2050K .......... .......... .......... .......... .......... 13%  408K 11s
[20.075s]   2100K .......... .......... .......... .......... .......... 13% 3.14M 11s
[20.098s]   2150K .......... .......... .......... .......... .......... 14% 2.14M 11s
[20.135s]   2200K .......... .......... .......... .......... .......... 14% 1.34M 11s
[20.183s]   2250K .......... .......... .......... .......... .......... 14% 1.02M 11s
[20.191s]   2300K .......... .......... .......... .......... .......... 15% 5.85M 11s
[20.200s]   2350K .......... .......... .......... .......... .......... 15% 8.28M 10s
[20.324s]   2400K .......... .......... .......... .......... .......... 15%  395K 11s
[20.374s]   2450K .......... .......... .......... .......... .......... 15% 1013K 11s
[20.421s]   2500K .......... .......... .......... .......... .......... 16% 1.02M 11s
[20.467s]   2550K .......... .......... .......... .......... .......... 16% 1.06M 11s
[20.508s]   2600K .......... .......... .......... .......... .......... 16% 1.17M 11s
[20.540s]   2650K .......... .......... .......... .......... .......... 17% 1.53M 11s
[20.588s]   2700K .......... .......... .......... .......... .......... 17% 1.02M 11s
[20.696s]   2750K .......... .......... .......... .......... .......... 17%  531K 11s
[20.715s]   2800K .......... .......... .......... .......... .......... 18% 1.49M 11s
[20.762s]   2850K .......... .......... .......... .......... .......... 18% 1.03M 11s
[20.803s]   2900K .......... .......... .......... .......... .......... 18% 1.21M 11s
[20.868s]   2950K .......... .......... .......... .......... .......... 19%  759K 11s
[20.944s]   3000K .......... .......... .......... .......... .......... 19%  658K 11s
[21.018s]   3050K .......... .......... .......... .......... .......... 19%  677K 11s
[21.084s]   3100K .......... .......... .......... .......... .......... 20%  759K 11s
[21.139s]   3150K .......... .......... .......... .......... .......... 20% 1.78M 11s
[21.152s]   3200K .......... .......... .......... .......... .......... 20% 1.22M 11s
[21.191s]   3250K .......... .......... .......... .......... .......... 21% 1.25M 11s
[21.402s]   3300K .......... .......... .......... .......... .......... 21%  236K 11s
[21.445s]   3350K .......... .......... .......... .......... .......... 21% 1.14M 11s
[21.478s]   3400K .......... .......... .......... .......... .......... 22% 1.50M 11s
[21.509s]   3450K .......... .......... .......... .......... .......... 22% 1.58M 11s
[21.515s]   3500K .......... .......... .......... .......... .......... 22% 8.13M 11s
[21.523s]   3550K .......... .......... .......... .......... .......... 23% 7.29M 11s
[21.548s]   3600K .......... .......... .......... .......... .......... 23% 1.82M 11s
[21.590s]   3650K .......... .......... .......... .......... .......... 23% 1.17M 11s
[21.603s]   3700K .......... .......... .......... .......... .......... 23% 3.85M 10s
[21.625s]   3750K .......... .......... .......... .......... .......... 24% 2.54M 10s
[21.663s]   3800K .......... .......... .......... .......... .......... 24% 1.20M 10s
[21.703s]   3850K .......... .......... .......... .......... .......... 24% 1.22M 10s
[21.837s]   3900K .......... .......... .......... .......... .......... 25%  372K 10s
[21.903s]   3950K .......... .......... .......... .......... .......... 25% 8.15M 10s
[21.909s]   4000K .......... .......... .......... .......... .......... 25%  753K 10s
[21.922s]   4050K .......... .......... .......... .......... .......... 26% 4.07M 10s
[21.974s]   4100K .......... .......... .......... .......... .......... 26%  959K 10s
[21.990s]   4150K .......... .......... .......... .......... .......... 26% 2.92M 10s
[22.070s]   4200K .......... .......... .......... .......... .......... 27%  623K 10s
[22.106s]   4250K .......... .......... .......... .......... .......... 27% 1.38M 10s
[22.125s]   4300K .......... .......... .......... .......... .......... 27% 2.54M 10s
[22.209s]   4350K .......... .......... .......... .......... .......... 28% 1.26M 10s
[22.254s]   4400K .......... .......... .......... .......... .......... 28%  552K 10s
[22.295s]   4450K .......... .......... .......... .......... .......... 28% 1.20M 10s
[22.308s]   4500K .......... .......... .......... .......... .......... 29% 3.79M 10s
[22.364s]   4550K .......... .......... .......... .......... .......... 29%  894K 10s
[22.403s]   4600K .......... .......... .......... .......... .......... 29% 1.25M 10s
[22.435s]   4650K .......... .......... .......... .......... .......... 30% 1.51M 10s
[22.515s]   4700K .......... .......... .......... .......... .......... 30%  627K 10s
[22.582s]   4750K .......... .......... .......... .......... .......... 30%  838K 10s
[22.714s]   4800K .......... .......... .......... .......... .......... 31%  359K 10s
[22.775s]   4850K .......... .......... .......... .......... .......... 31%  823K 10s
[22.833s]   4900K .......... .......... .......... .......... .......... 31%  864K 10s
[22.888s]   4950K .......... .......... .......... .......... .......... 31%  904K 10s
[22.981s]   5000K .......... .......... .......... .......... .......... 32%  541K 10s
[23.010s]   5050K .......... .......... .......... .......... .......... 32% 1.64M 10s
[23.088s]   5100K .......... .......... .......... .......... .......... 32%  651K 10s
[23.152s]   5150K .......... .......... .......... .......... .......... 33% 1.07M 10s
[23.203s]   5200K .......... .......... .......... .......... .......... 33%  713K 10s
[23.311s]   5250K .......... .......... .......... .......... .......... 33%  462K 10s
[23.400s]   5300K .......... .......... .......... .......... .......... 34%  566K 10s
[23.444s]   5350K .......... .......... .......... .......... .......... 34% 1.10M 10s
[23.475s]   5400K .......... .......... .......... .......... .......... 34% 1.56M 10s
[23.528s]   5450K .......... .......... .......... .......... .......... 35%  951K 10s
[23.761s]   5500K .......... .......... .......... .......... .......... 35%  214K 10s
[23.860s]   5550K .......... .......... .......... .......... .......... 35%  806K 10s
[23.905s]   5600K .......... .......... .......... .......... .......... 36%  615K 10s
[23.960s]   5650K .......... .......... .......... .......... .......... 36%  901K 10s
[24.020s]   5700K .......... .......... .......... .......... .......... 36%  840K 10s
[24.050s]   5750K .......... .......... .......... .......... .......... 37% 1.62M 10s
[24.083s]   5800K .......... .......... .......... .......... .......... 37% 1.45M 10s
[24.139s]   5850K .......... .......... .......... .......... .......... 37%  903K 10s
[24.152s]   5900K .......... .......... .......... .......... .......... 38% 3.60M 10s
[24.280s]   5950K .......... .......... .......... .......... .......... 38%  574K 10s
[24.309s]   6000K .......... .......... .......... .......... .......... 38%  717K 9s
[24.319s]   6050K .......... .......... .......... .......... .......... 39% 4.80M 9s
[24.324s]   6100K .......... .......... .......... .......... .......... 39% 11.1M 9s
[24.339s]   6150K .......... .......... .......... .......... .......... 39% 3.21M 9s
[24.378s]   6200K .......... .......... .......... .......... .......... 39% 1.26M 9s
[24.414s]   6250K .......... .......... .......... .......... .......... 40% 1.38M 9s
[24.420s]   6300K .......... .......... .......... .......... .......... 40% 6.63M 9s
[24.445s]   6350K .......... .......... .......... .......... .......... 40% 2.18M 9s
[24.457s]   6400K .......... .......... .......... .......... .......... 41% 3.46M 9s
[24.474s]   6450K .......... .......... .......... .......... .......... 41% 2.87M 9s
[24.508s]   6500K .......... .......... .......... .......... .......... 41% 1.42M 9s
[24.520s]   6550K .......... .......... .......... .......... .......... 42% 4.36M 8s
[24.583s]   6600K .......... .......... .......... .......... .......... 42%  782K 8s
[24.652s]   6650K .......... .......... .......... .......... .......... 42%  726K 8s
[24.694s]   6700K .......... .......... .......... .......... .......... 43% 1.18M 8s
[24.799s]   6750K .......... .......... .......... .......... .......... 43%  541K 8s
[24.861s]   6800K .......... .......... .......... .......... .......... 43%  670K 8s
[24.961s]   6850K .......... .......... .......... .......... .......... 44%  498K 8s
[25.015s]   6900K .......... .......... .......... .......... .......... 44%  936K 8s
[25.101s]   6950K .......... .......... .......... .......... .......... 44%  579K 8s
[25.134s]   7000K .......... .......... .......... .......... .......... 45% 1.46M 8s
[25.196s]   7050K .......... .......... .......... .......... .......... 45%  820K 8s
[25.249s]   7100K .......... .......... .......... .......... .......... 45%  944K 8s
[25.310s]   7150K .......... .......... .......... .......... .......... 46%  969K 8s
[25.360s]   7200K .......... .......... .......... .......... .......... 46%  837K 8s
[25.386s]   7250K .......... .......... .......... .......... .......... 46% 1.83M 8s
[25.432s]   7300K .......... .......... .......... .......... .......... 47% 1.07M 8s
[25.472s]   7350K .......... .......... .......... .......... .......... 47% 1.20M 8s
[25.480s]   7400K .......... .......... .......... .......... .......... 47% 6.18M 8s
[25.488s]   7450K .......... .......... .......... .......... .......... 47% 6.45M 8s
[25.497s]   7500K .......... .......... .......... .......... .......... 48% 5.11M 8s
[25.545s]   7550K .......... .......... .......... .......... .......... 48% 1.07M 8s
[25.562s]   7600K .......... .......... .......... .......... .......... 48% 2.55M 8s
[25.624s]   7650K .......... .......... .......... .......... .......... 49%  803K 8s
[25.637s]   7700K .......... .......... .......... .......... .......... 49% 3.86M 7s
[25.676s]   7750K .......... .......... .......... .......... .......... 49% 1.24M 7s
[25.691s]   7800K .......... .......... .......... .......... .......... 50% 3.40M 7s
[25.751s]   7850K .......... .......... .......... .......... .......... 50%  825K 7s
[25.758s]   7900K .......... .......... .......... .......... .......... 50% 7.41M 7s
[25.887s]   7950K .......... .......... .......... .......... .......... 51%  394K 7s
[25.901s]   8000K .......... .......... .......... .......... .......... 51% 3.16M 7s
[25.937s]   8050K .......... .......... .......... .......... .......... 51% 1.36M 7s
[25.974s]   8100K .......... .......... .......... .......... .......... 52% 1.31M 7s
[26.012s]   8150K .......... .......... .......... .......... .......... 52% 1.27M 7s
[26.049s]   8200K .......... .......... .......... .......... .......... 52% 1.34M 7s
[26.059s]   8250K .......... .......... .......... .......... .......... 53% 4.65M 7s
[26.067s]   8300K .......... .......... .......... .......... .......... 53% 6.40M 7s
[26.106s]   8350K .......... .......... .......... .......... .......... 53% 1.33M 7s
[26.114s]   8400K .......... .......... .......... .......... .......... 54% 4.89M 7s
[26.122s]   8450K .......... .......... .......... .......... .......... 54% 5.97M 7s
[26.130s]   8500K .......... .......... .......... .......... .......... 54% 6.05M 6s
[26.137s]   8550K .......... .......... .......... .......... .......... 55% 6.73M 6s
[26.145s]   8600K .......... .......... .......... .......... .......... 55% 6.50M 6s
[26.175s]   8650K .......... .......... .......... .......... .......... 55% 1.62M 6s
[26.184s]   8700K .......... .......... .......... .......... .......... 55% 5.30M 6s
[26.197s]   8750K .......... .......... .......... .......... .......... 56% 4.25M 6s
[26.224s]   8800K .......... .......... .......... .......... .......... 56% 1.73M 6s
[26.230s]   8850K .......... .......... .......... .......... .......... 56% 8.72M 6s
[26.237s]   8900K .......... .......... .......... .......... .......... 57% 6.07M 6s
[26.243s]   8950K .......... .......... .......... .......... .......... 57% 8.66M 6s
[26.254s]   9000K .......... .......... .......... .......... .......... 57% 4.48M 6s
[26.266s]   9050K .......... .......... .......... .......... .......... 58% 4.29M 6s
[26.272s]   9100K .......... .......... .......... .......... .......... 58% 7.72M 6s
[26.303s]   9150K .......... .......... .......... .......... .......... 58% 1.75M 6s
[26.310s]   9200K .......... .......... .......... .......... .......... 59% 4.95M 6s
[26.317s]   9250K .......... .......... .......... .......... .......... 59% 6.24M 5s
[26.325s]   9300K .......... .......... .......... .......... .......... 59% 6.68M 5s
[26.333s]   9350K .......... .......... .......... .......... .......... 60% 6.03M 5s
[26.358s]   9400K .......... .......... .......... .......... .......... 60% 1.91M 5s
[26.374s]   9450K .......... .......... .......... .......... .......... 60% 3.04M 5s
[26.385s]   9500K .......... .......... .......... .......... .......... 61% 4.83M 5s
[26.394s]   9550K .......... .......... .......... .......... .......... 61% 7.08M 5s
[26.401s]   9600K .......... .......... .......... .......... .......... 61% 5.12M 5s
[26.430s]   9650K .......... .......... .......... .......... .......... 62% 1.68M 5s
[26.445s]   9700K .......... .......... .......... .......... .......... 62% 3.36M 5s
[26.462s]   9750K .......... .......... .......... .......... .......... 62% 2.85M 5s
[26.479s]   9800K .......... .......... .......... .......... .......... 63% 2.81M 5s
[26.491s]   9850K .......... .......... .......... .......... .......... 63% 3.95M 5s
[26.499s]   9900K .......... .......... .......... .......... .......... 63% 6.21M 5s
[26.509s]   9950K .......... .......... .......... .......... .......... 63% 7.23M 5s
[26.517s]  10000K .......... .......... .......... .......... .......... 64% 4.48M 5s
[26.524s]  10050K .......... .......... .......... .......... .......... 64% 7.07M 4s
[26.571s]  10100K .......... .......... .......... .......... .......... 64% 1.04M 4s
[26.578s]  10150K .......... .......... .......... .......... .......... 65% 6.85M 4s
[26.585s]  10200K .......... .......... .......... .......... .......... 65% 7.15M 4s
[26.599s]  10250K .......... .......... .......... .......... .......... 65% 3.51M 4s
[26.601s]  10300K .......... .......... .......... .......... .......... 66% 23.5M 4s
[26.611s]  10350K .......... .......... .......... .......... .......... 66% 7.31M 4s
[26.651s]  10400K .......... .......... .......... .......... .......... 66% 1.13M 4s
[26.669s]  10450K .......... .......... .......... .......... .......... 67% 2.65M 4s
[26.694s]  10500K .......... .......... .......... .......... .......... 67% 1.96M 4s
[26.716s]  10550K .......... .......... .......... .......... .......... 67% 2.26M 4s
[26.724s]  10600K .......... .......... .......... .......... .......... 68% 5.96M 4s
[26.734s]  10650K .......... .......... .......... .......... .......... 68% 4.96M 4s
[26.742s]  10700K .......... .......... .......... .......... .......... 68% 5.56M 4s
[26.788s]  10750K .......... .......... .......... .......... .......... 69% 1.12M 4s
[26.796s]  10800K .......... .......... .......... .......... .......... 69% 4.75M 4s
[26.805s]  10850K .......... .......... .......... .......... .......... 69% 5.29M 4s
[26.817s]  10900K .......... .......... .......... .......... .......... 70% 4.33M 4s
[26.842s]  10950K .......... .......... .......... .......... .......... 70% 1.91M 4s
[26.847s]  11000K .......... .......... .......... .......... .......... 70% 10.1M 4s
[26.852s]  11050K .......... .......... .......... .......... .......... 71% 9.25M 3s
[26.860s]  11100K .......... .......... .......... .......... .......... 71% 5.95M 3s
[26.886s]  11150K .......... .......... .......... .......... .......... 71% 1.95M 3s
[26.893s]  11200K .......... .......... .......... .......... .......... 71% 6.38M 3s
[26.899s]  11250K .......... .......... .......... .......... .......... 72% 7.80M 3s
[26.913s]  11300K .......... .......... .......... .......... .......... 72% 3.73M 3s
[26.923s]  11350K .......... .......... .......... .......... .......... 72% 4.88M 3s
[26.948s]  11400K .......... .......... .......... .......... .......... 73% 1.90M 3s
[26.957s]  11450K .......... .......... .......... .......... .......... 73% 5.70M 3s
[26.961s]  11500K .......... .......... .......... .......... .......... 73% 10.3M 3s
[26.975s]  11550K .......... .......... .......... .......... .......... 74% 4.52M 3s
[26.980s]  11600K .......... .......... .......... .......... .......... 74% 6.02M 3s
[27.019s]  11650K .......... .......... .......... .......... .......... 74% 1.26M 3s
[27.025s]  11700K .......... .......... .......... .......... .......... 75% 8.42M 3s
[27.031s]  11750K .......... .......... .......... .......... .......... 75% 8.18M 3s
[27.087s]  11800K .......... .......... .......... .......... .......... 75%  894K 3s
[27.096s]  11850K .......... .......... .......... .......... .......... 76% 5.25M 3s
[27.102s]  11900K .......... .......... .......... .......... .......... 76% 9.06M 3s
[27.111s]  11950K .......... .......... .......... .......... .......... 76% 5.63M 3s
[27.138s]  12000K .......... .......... .......... .......... .......... 77% 1.78M 3s
[27.144s]  12050K .......... .......... .......... .......... .......... 77% 7.19M 3s
[27.152s]  12100K .......... .......... .......... .......... .......... 77% 6.12M 3s
[27.160s]  12150K .......... .......... .......... .......... .......... 78% 6.63M 2s
[27.168s]  12200K .......... .......... .......... .......... .......... 78% 6.10M 2s
[27.175s]  12250K .......... .......... .......... .......... .......... 78% 6.40M 2s
[27.181s]  12300K .......... .......... .......... .......... .......... 79% 9.01M 2s
[27.217s]  12350K .......... .......... .......... .......... .......... 79% 1.35M 2s
[27.227s]  12400K .......... .......... .......... .......... .......... 79% 4.92M 2s
[27.234s]  12450K .......... .......... .......... .......... .......... 79% 6.82M 2s
[27.242s]  12500K .......... .......... .......... .......... .......... 80% 6.09M 2s
[27.250s]  12550K .......... .......... .......... .......... .......... 80% 5.89M 2s
[27.274s]  12600K .......... .......... .......... .......... .......... 80% 2.04M 2s
[27.308s]  12650K .......... .......... .......... .......... .......... 81% 1.46M 2s
[27.331s]  12700K .......... .......... .......... .......... .......... 81% 2.09M 2s
[27.340s]  12750K .......... .......... .......... .......... .......... 81% 7.52M 2s
[27.346s]  12800K .......... .......... .......... .......... .......... 82% 5.99M 2s
[27.352s]  12850K .......... .......... .......... .......... .......... 82% 7.60M 2s
[27.359s]  12900K .......... .......... .......... .......... .......... 82% 7.75M 2s
[27.367s]  12950K .......... .......... .......... .......... .......... 83% 5.83M 2s
[27.395s]  13000K .......... .......... .......... .......... .......... 83% 1.76M 2s
[27.415s]  13050K .......... .......... .......... .......... .......... 83% 2.38M 2s
[27.425s]  13100K .......... .......... .......... .......... .......... 84% 4.85M 2s
[27.441s]  13150K .......... .......... .......... .......... .......... 84% 4.09M 2s
[27.466s]  13200K .......... .......... .......... .......... .......... 84% 1.72M 2s
[27.475s]  13250K .......... .......... .......... .......... .......... 85% 4.97M 2s
[27.557s]  13300K .......... .......... .......... .......... .......... 85%  617K 2s
[27.582s]  13350K .......... .......... .......... .......... .......... 85% 1.89M 2s
[27.638s]  13400K .......... .......... .......... .......... .......... 86%  901K 2s
[27.650s]  13450K .......... .......... .......... .......... .......... 86% 4.15M 1s
[27.661s]  13500K .......... .......... .......... .......... .......... 86% 4.39M 1s
[27.684s]  13550K .......... .......... .......... .......... .......... 87% 2.87M 1s
[27.732s]  13600K .......... .......... .......... .......... .......... 87%  917K 1s
[27.757s]  13650K .......... .......... .......... .......... .......... 87% 1.97M 1s
[27.776s]  13700K .......... .......... .......... .......... .......... 87% 2.53M 1s
[27.801s]  13750K .......... .......... .......... .......... .......... 88% 2.03M 1s
[27.809s]  13800K .......... .......... .......... .......... .......... 88% 5.95M 1s
[27.816s]  13850K .......... .......... .......... .......... .......... 88% 6.43M 1s
[27.826s]  13900K .......... .......... .......... .......... .......... 89% 5.14M 1s
[27.837s]  13950K .......... .......... .......... .......... .......... 89% 5.94M 1s
[27.847s]  14000K .......... .......... .......... .......... .......... 89% 3.72M 1s
[27.884s]  14050K .......... .......... .......... .......... .......... 90% 1.32M 1s
[27.891s]  14100K .......... .......... .......... .......... .......... 90% 7.03M 1s
[27.899s]  14150K .......... .......... .......... .......... .......... 90% 6.36M 1s
[27.906s]  14200K .......... .......... .......... .......... .......... 91% 6.57M 1s
[27.931s]  14250K .......... .......... .......... .......... .......... 91% 1.97M 1s
[27.945s]  14300K .......... .......... .......... .......... .......... 91% 3.65M 1s
[27.955s]  14350K .......... .......... .......... .......... .......... 92% 4.94M 1s
[27.997s]  14400K .......... .......... .......... .......... .......... 92% 1.15M 1s
[28.006s]  14450K .......... .......... .......... .......... .......... 92% 5.68M 1s
[28.019s]  14500K .......... .......... .......... .......... .......... 93% 3.61M 1s
[28.028s]  14550K .......... .......... .......... .......... .......... 93% 5.78M 1s
[28.040s]  14600K .......... .......... .......... .......... .......... 93% 4.06M 1s
[28.067s]  14650K .......... .......... .......... .......... .......... 94% 1.77M 1s
[28.076s]  14700K .......... .......... .......... .......... .......... 94% 5.38M 1s
[28.091s]  14750K .......... .......... .......... .......... .......... 94% 4.45M 1s
[28.105s]  14800K .......... .......... .......... .......... .......... 95% 2.81M 1s
[28.130s]  14850K .......... .......... .......... .......... .......... 95% 1.90M 0s
[28.182s]  14900K .......... .......... .......... .......... .......... 95%  975K 0s
[28.192s]  14950K .......... .......... .......... .......... .......... 95% 4.77M 0s
[28.208s]  15000K .......... .......... .......... .......... .......... 96% 2.95M 0s
[28.259s]  15050K .......... .......... .......... .......... .......... 96%  989K 0s
[28.267s]  15100K .......... .......... .......... .......... .......... 96% 6.49M 0s
[28.277s]  15150K .......... .......... .......... .......... .......... 97% 6.13M 0s
[28.317s]  15200K .......... .......... .......... .......... .......... 97% 1.15M 0s
[28.344s]  15250K .......... .......... .......... .......... .......... 97% 1.78M 0s
[28.375s]  15300K .......... .......... .......... .......... .......... 98% 1.57M 0s
[28.389s]  15350K .......... .......... .......... .......... .......... 98% 3.54M 0s
[28.458s]  15400K .......... .......... .......... .......... .......... 98%  731K 0s
[28.498s]  15450K .......... .......... .......... .......... .......... 99% 1.21M 0s
[28.541s]  15500K .......... .......... .......... .......... .......... 99% 1.12M 0s
[28.591s]  15550K .......... .......... .......... .......... .......... 99% 2.16M 0s
[28.592s]  15600K .......... .......... .....                           100%  879K=10s
[28.592s] 
[28.593s] 2026-05-18 14:16:08 (1.48 MB/s) - ‘/home/usernamerahul/agv_ws/build/multirobot_map_merge/2011-08-09-12-22-52.pgm’ saved [16000058/16000058]
[28.593s] 
[28.593s] Checking MD5 sum of /home/usernamerahul/agv_ws/build/multirobot_map_merge/2011-08-09-12-22-52.pgm
[28.615s] /home/usernamerahul/agv_ws/build/multirobot_map_merge/2011-08-09-12-22-52.pgm: OK
[28.619s] --2026-05-18 14:16:08--  https://raw.githubusercontent.com/hrnr/m-explore-extra/master/map_merge/gmapping_maps/2012-01-28-11-12-01.pgm
[28.648s] Resolving raw.githubusercontent.com (raw.githubusercontent.com)... 185.199.109.133, 185.199.108.133, 185.199.111.133, ...
[28.971s] Connecting to raw.githubusercontent.com (raw.githubusercontent.com)|185.199.109.133|:443... connected.
[31.176s] HTTP request sent, awaiting response... 200 OK
[31.176s] Length: 16000058 (15M) [application/octet-stream]
[31.177s] Saving to: ‘/home/usernamerahul/agv_ws/build/multirobot_map_merge/2012-01-28-11-12-01.pgm’
[31.177s] 
[31.317s]      0K .......... .......... .......... .......... ..........  0%  355K 44s
[31.408s]     50K .......... .......... .......... .......... ..........  0%  552K 36s
[31.424s]    100K .......... .......... .......... .......... ..........  0% 3.02M 26s
[31.545s]    150K .......... .......... .......... .......... ..........  1%  413K 28s
[31.593s]    200K .......... .......... .......... .......... ..........  1% 1.02M 26s
[31.629s]    250K .......... .......... .......... .......... ..........  1% 1.36M 23s
[31.670s]    300K .......... .......... .......... .......... ..........  2% 1.20M 22s
[31.731s]    350K .......... .......... .......... .......... ..........  2%  807K 21s
[31.754s]    400K .......... .......... .......... .......... ..........  2% 2.13M 19s
[31.800s]    450K .......... .......... .......... .......... ..........  3% 1.07M 19s
[31.841s]    500K .......... .......... .......... .......... ..........  3% 1.19M 18s
[31.898s]    550K .......... .......... .......... .......... ..........  3%  879K 18s
[31.947s]    600K .......... .......... .......... .......... ..........  4% 1017K 18s
[32.029s]    650K .......... .......... .......... .......... ..........  4%  610K 18s
[32.037s]    700K .......... .......... .......... .......... ..........  4% 6.56M 17s
[32.078s]    750K .......... .......... .......... .......... ..........  5% 1.17M 17s
[32.127s]    800K .......... .......... .......... .......... ..........  5% 1.01M 17s
[32.139s]    850K .......... .......... .......... .......... ..........  5% 4.07M 16s
[32.248s]    900K .......... .......... .......... .......... ..........  6%  458K 17s
[32.286s]    950K .......... .......... .......... .......... ..........  6% 1.28M 16s
[32.308s]   1000K .......... .......... .......... .......... ..........  6% 2.26M 16s
[32.329s]   1050K .......... .......... .......... .......... ..........  7% 2.74M 15s
[32.362s]   1100K .......... .......... .......... .......... ..........  7% 1.32M 15s
[32.387s]   1150K .......... .......... .......... .......... ..........  7% 1.99M 15s
[32.436s]   1200K .......... .......... .......... .......... ..........  7% 1.00M 14s
[32.513s]   1250K .......... .......... .......... .......... ..........  8%  652K 15s
[32.582s]   1300K .......... .......... .......... .......... ..........  8%  731K 15s
[32.630s]   1350K .......... .......... .......... .......... ..........  8% 1.01M 15s
[32.646s]   1400K .......... .......... .......... .......... ..........  9% 3.00M 14s
[32.663s]   1450K .......... .......... .......... .......... ..........  9% 2.80M 14s
[32.689s]   1500K .......... .......... .......... .......... ..........  9% 1.91M 14s
[32.767s]   1550K .......... .......... .......... .......... .......... 10%  636K 14s
[32.787s]   1600K .......... .......... .......... .......... .......... 10% 2.46M 14s
[32.805s]   1650K .......... .......... .......... .......... .......... 10% 2.66M 13s
[32.856s]   1700K .......... .......... .......... .......... .......... 11%  987K 13s
[32.884s]   1750K .......... .......... .......... .......... .......... 11% 1.77M 13s
[32.897s]   1800K .......... .......... .......... .......... .......... 11% 3.70M 13s
[32.925s]   1850K .......... .......... .......... .......... .......... 12% 1.74M 13s
[32.958s]   1900K .......... .......... .......... .......... .......... 12% 1.47M 12s
[33.047s]   1950K .......... .......... .......... .......... .......... 12%  561K 13s
[33.136s]   2000K .......... .......... .......... .......... .......... 13%  563K 13s
[33.169s]   2050K .......... .......... .......... .......... .......... 13% 1.48M 13s
[33.222s]   2100K .......... .......... .......... .......... .......... 13%  938K 13s
[33.233s]   2150K .......... .......... .......... .......... .......... 14% 4.31M 13s
[33.243s]   2200K .......... .......... .......... .......... .......... 14% 5.15M 12s
[33.289s]   2250K .......... .......... .......... .......... .......... 14% 1.07M 12s
[33.344s]   2300K .......... .......... .......... .......... .......... 15%  902K 12s
[33.380s]   2350K .......... .......... .......... .......... .......... 15% 1.35M 12s
[33.416s]   2400K .......... .......... .......... .......... .......... 15% 1.52M 12s
[33.421s]   2450K .......... .......... .......... .......... .......... 15% 5.44M 12s
[33.445s]   2500K .......... .......... .......... .......... .......... 16% 2.07M 12s
[33.497s]   2550K .......... .......... .......... .......... .......... 16%  973K 12s
[33.505s]   2600K .......... .......... .......... .......... .......... 16% 5.92M 11s
[33.517s]   2650K .......... .......... .......... .......... .......... 17% 4.12M 11s
[33.540s]   2700K .......... .......... .......... .......... .......... 17% 2.05M 11s
[33.575s]   2750K .......... .......... .......... .......... .......... 17% 1.39M 11s
[33.594s]   2800K .......... .......... .......... .......... .......... 18% 2.66M 11s
[33.641s]   2850K .......... .......... .......... .......... .......... 18% 1.03M 11s
[33.649s]   2900K .......... .......... .......... .......... .......... 18% 6.49M 11s
[33.683s]   2950K .......... .......... .......... .......... .......... 19% 1.45M 11s
[33.699s]   3000K .......... .......... .......... .......... .......... 19% 2.99M 10s
[33.730s]   3050K .......... .......... .......... .......... .......... 19% 1.56M 10s
[33.764s]   3100K .......... .......... .......... .......... .......... 20% 1.46M 10s
[33.798s]   3150K .......... .......... .......... .......... .......... 20% 1.42M 10s
[33.826s]   3200K .......... .......... .......... .......... .......... 20% 1.77M 10s
[33.869s]   3250K .......... .......... .......... .......... .......... 21% 1.12M 10s
[33.904s]   3300K .......... .......... .......... .......... .......... 21% 1.43M 10s
[33.930s]   3350K .......... .......... .......... .......... .......... 21% 1.83M 10s
[33.946s]   3400K .......... .......... .......... .......... .......... 22% 3.00M 10s
[33.964s]   3450K .......... .......... .......... .......... .......... 22% 2.82M 10s
[33.984s]   3500K .......... .......... .......... .......... .......... 22% 2.43M 10s
[34.013s]   3550K .......... .......... .......... .......... .......... 23% 1.64M 9s
[34.050s]   3600K .......... .......... .......... .......... .......... 23% 1.32M 9s
[34.099s]   3650K .......... .......... .......... .......... .......... 23% 1.00M 9s
[34.135s]   3700K .......... .......... .......... .......... .......... 23% 1.38M 9s
[34.169s]   3750K .......... .......... .......... .......... .......... 24% 1.43M 9s
[34.201s]   3800K .......... .......... .......... .......... .......... 24% 1.50M 9s
[34.228s]   3850K .......... .......... .......... .......... .......... 24% 1.82M 9s
[34.239s]   3900K .......... .......... .......... .......... .......... 25% 4.33M 9s
[34.271s]   3950K .......... .......... .......... .......... .......... 25% 1.54M 9s
[34.300s]   4000K .......... .......... .......... .......... .......... 25% 1.69M 9s
[34.339s]   4050K .......... .......... .......... .......... .......... 26% 1.25M 9s
[34.347s]   4100K .......... .......... .......... .......... .......... 26% 6.29M 9s
[34.404s]   4150K .......... .......... .......... .......... .......... 26%  876K 9s
[34.418s]   4200K .......... .......... .......... .......... .......... 27% 3.64M 9s
[34.426s]   4250K .......... .......... .......... .......... .......... 27% 5.35M 9s
[34.432s]   4300K .......... .......... .......... .......... .......... 27% 8.53M 8s
[34.441s]   4350K .......... .......... .......... .......... .......... 28% 5.41M 8s
[34.527s]   4400K .......... .......... .......... .......... .......... 28%  584K 8s
[34.538s]   4450K .......... .......... .......... .......... .......... 28% 4.38M 8s
[34.586s]   4500K .......... .......... .......... .......... .......... 29% 1.02M 8s
[34.591s]   4550K .......... .......... .......... .......... .......... 29% 8.81M 8s
[34.601s]   4600K .......... .......... .......... .......... .......... 29% 5.29M 8s
[34.646s]   4650K .......... .......... .......... .......... .......... 30% 1.08M 8s
[34.656s]   4700K .......... .......... .......... .......... .......... 30% 5.02M 8s
[34.663s]   4750K .......... .......... .......... .......... .......... 30% 6.46M 8s
[34.717s]   4800K .......... .......... .......... .......... .......... 31%  930K 8s
[34.729s]   4850K .......... .......... .......... .......... .......... 31% 4.20M 8s
[34.797s]   4900K .......... .......... .......... .......... .......... 31%  734K 8s
[34.813s]   4950K .......... .......... .......... .......... .......... 31% 3.00M 8s
[34.858s]   5000K .......... .......... .......... .......... .......... 32% 1.08M 8s
[34.869s]   5050K .......... .......... .......... .......... .......... 32% 4.66M 8s
[34.875s]   5100K .......... .......... .......... .......... .......... 32% 7.17M 8s
[34.884s]   5150K .......... .......... .......... .......... .......... 33% 5.49M 7s
[34.923s]   5200K .......... .......... .......... .......... .......... 33% 1.25M 7s
[34.934s]   5250K .......... .......... .......... .......... .......... 33% 4.42M 7s
[34.942s]   5300K .......... .......... .......... .......... .......... 34% 6.30M 7s
[35.020s]   5350K .......... .......... .......... .......... .......... 34%  648K 7s
[35.202s]   5400K .......... .......... .......... .......... .......... 34%  274K 8s
[35.235s]   5450K .......... .......... .......... .......... .......... 35% 2.39M 7s
[35.236s]   5500K .......... .......... .......... .......... .......... 35% 3.50M 7s
[35.342s]   5550K .......... .......... .......... .......... .......... 35%  474K 7s
[35.342s]   5600K .......... .......... .......... .......... .......... 36%  195M 7s
[35.353s]   5650K .......... .......... .......... .......... .......... 36% 4.47M 7s
[35.353s]   5700K .......... .......... .......... .......... .......... 36%  522M 7s
[35.353s]   5750K .......... .......... .......... .......... .......... 37%  384M 7s
[35.419s]   5800K .......... .......... .......... .......... .......... 37%  761K 7s
[35.467s]   5850K .......... .......... .......... .......... .......... 37% 1.01M 7s
[35.732s]   5900K .......... .......... .......... .......... .......... 38%  189K 7s
[35.732s]   5950K .......... .......... .......... .......... .......... 38%  219M 7s
[35.909s]   6000K .......... .......... .......... .......... .......... 38%  282K 7s
[35.953s]   6050K .......... .......... .......... .......... .......... 39% 1.13M 7s
[35.953s]   6100K .......... .......... .......... .......... .......... 39%  439M 7s
[35.953s]   6150K .......... .......... .......... .......... .......... 39%  512M 7s
[35.953s]   6200K .......... .......... .......... .......... .......... 39%  344M 7s
[35.959s]   6250K .......... .......... .......... .......... .......... 40% 7.86M 7s
[36.168s]   6300K .......... .......... .......... .......... .......... 40%  240K 7s
[36.168s]   6350K .......... .......... .......... .......... .......... 40%  159M 7s
[36.168s]   6400K .......... .......... .......... .......... .......... 41%  500M 7s
[36.219s]   6450K .......... .......... .......... .......... .......... 41%  986K 7s
[36.233s]   6500K .......... .......... .......... .......... .......... 41% 3.38M 7s
[36.244s]   6550K .......... .......... .......... .......... .......... 42% 4.63M 7s
[36.279s]   6600K .......... .......... .......... .......... .......... 42% 1.41M 7s
[36.648s]   6650K .......... .......... .......... .......... .......... 42%  136K 7s
[36.655s]   6700K .......... .......... .......... .......... .......... 43% 6.59M 7s
[36.664s]   6750K .......... .......... .......... .......... .......... 43% 5.14M 7s
[36.727s]   6800K .......... .......... .......... .......... .......... 43%  806K 7s
[36.864s]   6850K .......... .......... .......... .......... .......... 44%  364K 7s
[36.946s]   6900K .......... .......... .......... .......... .......... 44%  611K 7s
[37.011s]   6950K .......... .......... .......... .......... .......... 44%  764K 7s
[37.033s]   7000K .......... .......... .......... .......... .......... 45% 2.28M 7s
[37.069s]   7050K .......... .......... .......... .......... .......... 45% 1.33M 7s
[37.103s]   7100K .......... .......... .......... .......... .......... 45% 1.46M 7s
[37.192s]   7150K .......... .......... .......... .......... .......... 46%  564K 7s
[37.338s]   7200K .......... .......... .......... .......... .......... 46%  341K 7s
[37.442s]   7250K .......... .......... .......... .......... .......... 46%  482K 7s
[37.460s]   7300K .......... .......... .......... .......... .......... 47% 2.66M 7s
[37.480s]   7350K .......... .......... .......... .......... .......... 47% 2.53M 7s
[37.656s]   7400K .......... .......... .......... .......... .......... 47%  284K 7s
[37.712s]   7450K .......... .......... .......... .......... .......... 47%  886K 7s
[37.881s]   7500K .......... .......... .......... .......... .......... 48%  297K 7s
[38.020s]   7550K .......... .......... .......... .......... .......... 48%  359K 7s
[38.128s]   7600K .......... .......... .......... .......... .......... 48%  461K 7s
[38.161s]   7650K .......... .......... .......... .......... .......... 49% 1.48M 7s
[38.321s]   7700K .......... .......... .......... .......... .......... 49%  313K 7s
[38.380s]   7750K .......... .......... .......... .......... .......... 49%  838K 7s
[38.438s]   7800K .......... .......... .......... .......... .......... 50%  867K 7s
[38.463s]   7850K .......... .......... .......... .......... .......... 50% 1.96M 7s
[38.517s]   7900K .......... .......... .......... .......... .......... 50%  914K 7s
[38.596s]   7950K .......... .......... .......... .......... .......... 51%  636K 7s
[38.663s]   8000K .......... .......... .......... .......... .......... 51%  753K 7s
[38.744s]   8050K .......... .......... .......... .......... .......... 51%  617K 7s
[38.842s]   8100K .......... .......... .......... .......... .......... 52%  506K 7s
[38.897s]   8150K .......... .......... .......... .......... .......... 52%  908K 7s
[38.938s]   8200K .......... .......... .......... .......... .......... 52% 1.22M 7s
[38.996s]   8250K .......... .......... .......... .......... .......... 53%  860K 7s
[39.056s]   8300K .......... .......... .......... .......... .......... 53%  836K 7s
[39.079s]   8350K .......... .......... .......... .......... .......... 53% 2.08M 7s
[39.126s]   8400K .......... .......... .......... .......... .......... 54% 1.05M 7s
[39.193s]   8450K .......... .......... .......... .......... .......... 54%  741K 7s
[39.280s]   8500K .......... .......... .......... .......... .......... 54%  575K 7s
[39.405s]   8550K .......... .......... .......... .......... .......... 55%  399K 7s
[39.415s]   8600K .......... .......... .......... .......... .......... 55% 4.99M 7s
[39.839s]   8650K .......... .......... .......... .......... .......... 55%  118K 7s
[39.981s]   8700K .......... .......... .......... .......... .......... 55%  351K 7s
[40.025s]   8750K .......... .......... .......... .......... .......... 56% 1.12M 7s
[40.122s]   8800K .......... .......... .......... .......... .......... 56%  515K 7s
[40.143s]   8850K .......... .......... .......... .......... .......... 56% 2.34M 7s
[40.271s]   8900K .......... .......... .......... .......... .......... 57%  390K 7s
[40.349s]   8950K .......... .......... .......... .......... .......... 57%  640K 7s
[40.401s]   9000K .......... .......... .......... .......... .......... 57%  961K 7s
[40.444s]   9050K .......... .......... .......... .......... .......... 58% 1.14M 7s
[40.515s]   9100K .......... .......... .......... .......... .......... 58%  708K 7s
[40.604s]   9150K .......... .......... .......... .......... .......... 58%  560K 7s
[40.644s]   9200K .......... .......... .......... .......... .......... 59% 1.23M 7s
[40.704s]   9250K .......... .......... .......... .......... .......... 59%  851K 6s
[40.826s]   9300K .......... .......... .......... .......... .......... 59%  406K 6s
[40.870s]   9350K .......... .......... .......... .......... .......... 60% 1.12M 6s
[40.901s]   9400K .......... .......... .......... .......... .......... 60% 1.56M 6s
[40.981s]   9450K .......... .......... .......... .......... .......... 60%  628K 6s
[41.016s]   9500K .......... .......... .......... .......... .......... 61% 1.35M 6s
[41.082s]   9550K .......... .......... .......... .......... .......... 61%  759K 6s
[41.111s]   9600K .......... .......... .......... .......... .......... 61% 1.68M 6s
[41.203s]   9650K .......... .......... .......... .......... .......... 62%  545K 6s
[41.209s]   9700K .......... .......... .......... .......... .......... 62% 8.31M 6s
[41.267s]   9750K .......... .......... .......... .......... .......... 62%  867K 6s
[41.301s]   9800K .......... .......... .......... .......... .......... 63% 1.42M 6s
[41.343s]   9850K .......... .......... .......... .......... .......... 63% 1.17M 6s
[41.410s]   9900K .......... .......... .......... .......... .......... 63%  741K 6s
[41.476s]   9950K .......... .......... .......... .......... .......... 63%  763K 6s
[41.539s]  10000K .......... .......... .......... .......... .......... 64%  793K 6s
[41.571s]  10050K .......... .......... .......... .......... .......... 64% 1.50M 6s
[41.603s]  10100K .......... .......... .......... .......... .......... 64% 1.53M 6s
[41.650s]  10150K .......... .......... .......... .......... .......... 65% 1.05M 6s
[41.676s]  10200K .......... .......... .......... .......... .......... 65% 1.83M 6s
[41.721s]  10250K .......... .......... .......... .......... .......... 65% 1.10M 5s
[41.756s]  10300K .......... .......... .......... .......... .......... 66% 1.40M 5s
[41.816s]  10350K .......... .......... .......... .......... .......... 66%  833K 5s
[41.860s]  10400K .......... .......... .......... .......... .......... 66% 1.10M 5s
[41.872s]  10450K .......... .......... .......... .......... .......... 67% 3.92M 5s
[41.927s]  10500K .......... .......... .......... .......... .......... 67%  913K 5s
[41.952s]  10550K .......... .......... .......... .......... .......... 67% 1.97M 5s
[42.002s]  10600K .......... .......... .......... .......... .......... 68% 1002K 5s
[42.027s]  10650K .......... .......... .......... .......... .......... 68% 1.93M 5s
[42.061s]  10700K .......... .......... .......... .......... .......... 68% 1.43M 5s
[42.125s]  10750K .......... .......... .......... .......... .......... 69%  786K 5s
[42.153s]  10800K .......... .......... .......... .......... .......... 69% 1.70M 5s
[42.216s]  10850K .......... .......... .......... .......... .......... 69%  797K 5s
[42.244s]  10900K .......... .......... .......... .......... .......... 70% 1.73M 5s
[42.282s]  10950K .......... .......... .......... .......... .......... 70% 1.31M 5s
[42.319s]  11000K .......... .......... .......... .......... .......... 70% 1.32M 5s
[42.498s]  11050K .......... .......... .......... .......... .......... 71%  279K 5s
[42.510s]  11100K .......... .......... .......... .......... .......... 71% 4.12M 5s
[42.674s]  11150K .......... .......... .......... .......... .......... 71%  304K 5s
[42.694s]  11200K .......... .......... .......... .......... .......... 71% 2.49M 4s
[42.741s]  11250K .......... .......... .......... .......... .......... 72% 1.03M 4s
[42.812s]  11300K .......... .......... .......... .......... .......... 72%  708K 4s
[42.867s]  11350K .......... .......... .......... .......... .......... 72%  910K 4s
[42.894s]  11400K .......... .......... .......... .......... .......... 73% 1.74M 4s
[42.987s]  11450K .......... .......... .......... .......... .......... 73%  542K 4s
[43.015s]  11500K .......... .......... .......... .......... .......... 73% 1.70M 4s
[43.066s]  11550K .......... .......... .......... .......... .......... 74%  993K 4s
[43.173s]  11600K .......... .......... .......... .......... .......... 74%  466K 4s
[43.208s]  11650K .......... .......... .......... .......... .......... 74% 1.39M 4s
[43.225s]  11700K .......... .......... .......... .......... .......... 75% 3.00M 4s
[43.269s]  11750K .......... .......... .......... .......... .......... 75% 1.10M 4s
[43.344s]  11800K .......... .......... .......... .......... .......... 75%  672K 4s
[43.381s]  11850K .......... .......... .......... .......... .......... 76% 1.30M 4s
[43.463s]  11900K .......... .......... .......... .......... .......... 76%  611K 4s
[43.511s]  11950K .......... .......... .......... .......... .......... 76% 1.01M 4s
[43.537s]  12000K .......... .......... .......... .......... .......... 77% 1.90M 4s
[43.562s]  12050K .......... .......... .......... .......... .......... 77% 1.95M 4s
[43.635s]  12100K .......... .......... .......... .......... .......... 77%  685K 4s
[43.644s]  12150K .......... .......... .......... .......... .......... 78% 5.40M 4s
[43.703s]  12200K .......... .......... .......... .......... .......... 78%  851K 3s
[43.747s]  12250K .......... .......... .......... .......... .......... 78% 1.10M 3s
[43.795s]  12300K .......... .......... .......... .......... .......... 79% 1.01M 3s
[43.829s]  12350K .......... .......... .......... .......... .......... 79% 1.43M 3s
[43.858s]  12400K .......... .......... .......... .......... .......... 79% 1.74M 3s
[43.903s]  12450K .......... .......... .......... .......... .......... 79% 1.08M 3s
[43.925s]  12500K .......... .......... .......... .......... .......... 80% 2.20M 3s
[43.974s]  12550K .......... .......... .......... .......... .......... 80% 1023K 3s
[43.997s]  12600K .......... .......... .......... .......... .......... 80% 2.09M 3s
[44.050s]  12650K .......... .......... .......... .......... .......... 81%  945K 3s
[44.070s]  12700K .......... .......... .......... .......... .......... 81% 2.43M 3s
[44.153s]  12750K .......... .......... .......... .......... .......... 81%  606K 3s
[44.160s]  12800K .......... .......... .......... .......... .......... 82% 6.39M 3s
[44.269s]  12850K .......... .......... .......... .......... .......... 82%  460K 3s
[44.342s]  12900K .......... .......... .......... .......... .......... 82%  692K 3s
[44.408s]  12950K .......... .......... .......... .......... .......... 83%  756K 3s
[44.502s]  13000K .......... .......... .......... .......... .......... 83%  529K 3s
[44.563s]  13050K .......... .......... .......... .......... .......... 83%  825K 3s
[44.589s]  13100K .......... .......... .......... .......... .......... 84% 1.84M 3s
[44.648s]  13150K .......... .......... .......... .......... .......... 84%  847K 2s
[44.690s]  13200K .......... .......... .......... .......... .......... 84% 1.29M 2s
[44.754s]  13250K .......... .......... .......... .......... .......... 85%  740K 2s
[44.826s]  13300K .......... .......... .......... .......... .......... 85%  691K 2s
[44.891s]  13350K .......... .......... .......... .......... .......... 85%  765K 2s
[44.971s]  13400K .......... .......... .......... .......... .......... 86%  632K 2s
[44.983s]  13450K .......... .......... .......... .......... .......... 86% 3.99M 2s
[45.030s]  13500K .......... .......... .......... .......... .......... 86% 1.04M 2s
[45.096s]  13550K .......... .......... .......... .......... .......... 87%  760K 2s
[45.161s]  13600K .......... .......... .......... .......... .......... 87%  769K 2s
[45.246s]  13650K .......... .......... .......... .......... .......... 87%  588K 2s
[45.283s]  13700K .......... .......... .......... .......... .......... 87% 1.32M 2s
[45.331s]  13750K .......... .......... .......... .......... .......... 88% 1.01M 2s
[45.339s]  13800K .......... .......... .......... .......... .......... 88% 5.72M 2s
[45.353s]  13850K .......... .......... .......... .......... .......... 88% 3.59M 2s
[45.389s]  13900K .......... .......... .......... .......... .......... 89% 1.37M 2s
[45.434s]  13950K .......... .......... .......... .......... .......... 89% 1.08M 2s
[45.447s]  14000K .......... .......... .......... .......... .......... 89% 3.66M 2s
[45.490s]  14050K .......... .......... .......... .......... .......... 90% 1.13M 2s
[45.517s]  14100K .......... .......... .......... .......... .......... 90% 1.82M 1s
[45.526s]  14150K .......... .......... .......... .......... .......... 90% 5.83M 1s
[45.534s]  14200K .......... .......... .......... .......... .......... 91% 6.12M 1s
[45.595s]  14250K .......... .......... .......... .......... .......... 91%  820K 1s
[45.643s]  14300K .......... .......... .......... .......... .......... 91% 1.01M 1s
[45.686s]  14350K .......... .......... .......... .......... .......... 92% 1.11M 1s
[45.713s]  14400K .......... .......... .......... .......... .......... 92% 1.81M 1s
[45.769s]  14450K .......... .......... .......... .......... .......... 92%  892K 1s
[45.810s]  14500K .......... .......... .......... .......... .......... 93% 1.19M 1s
[45.850s]  14550K .......... .......... .......... .......... .......... 93% 1.25M 1s
[45.903s]  14600K .......... .......... .......... .......... .......... 93%  938K 1s
[45.930s]  14650K .......... .......... .......... .......... .......... 94% 1.76M 1s
[45.966s]  14700K .......... .......... .......... .......... .......... 94% 1.36M 1s
[46.060s]  14750K .......... .......... .......... .......... .......... 94%  537K 1s
[46.065s]  14800K .......... .......... .......... .......... .......... 95% 8.04M 1s
[46.088s]  14850K .......... .......... .......... .......... .......... 95% 2.21M 1s
[46.144s]  14900K .......... .......... .......... .......... .......... 95% 1.50M 1s
[46.178s]  14950K .......... .......... .......... .......... .......... 95%  865K 1s
[46.189s]  15000K .......... .......... .......... .......... .......... 96% 4.68M 1s
[46.234s]  15050K .......... .......... .......... .......... .......... 96% 1.08M 1s
[46.286s]  15100K .......... .......... .......... .......... .......... 96%  957K 0s
[46.297s]  15150K .......... .......... .......... .......... .......... 97% 4.29M 0s
[46.306s]  15200K .......... .......... .......... .......... .......... 97% 5.39M 0s
[46.367s]  15250K .......... .......... .......... .......... .......... 97%  831K 0s
[46.388s]  15300K .......... .......... .......... .......... .......... 98% 2.30M 0s
[46.551s]  15350K .......... .......... .......... .......... .......... 98%  307K 0s
[46.551s]  15400K .......... .......... .......... .......... .......... 98%  205M 0s
[46.552s]  15450K .......... .......... .......... .......... .......... 99%  331M 0s
[46.552s]  15500K .......... .......... .......... .......... .......... 99%  204M 0s
[46.600s]  15550K .......... .......... .......... .......... .......... 99% 1022K 0s
[46.602s]  15600K .......... .......... .....                           100% 14.6M=15s
[46.602s] 
[46.602s] 2026-05-18 14:16:29 (1013 KB/s) - ‘/home/usernamerahul/agv_ws/build/multirobot_map_merge/2012-01-28-11-12-01.pgm’ saved [16000058/16000058]
[46.602s] 
[46.603s] Checking MD5 sum of /home/usernamerahul/agv_ws/build/multirobot_map_merge/2012-01-28-11-12-01.pgm
[46.625s] /home/usernamerahul/agv_ws/build/multirobot_map_merge/2012-01-28-11-12-01.pgm: OK
[46.631s] -- Found gtest sources under '/opt/ros/jazzy/src/gtest_vendor': C++ tests using 'Google Test' will be built
[46.637s] -- Found Threads: TRUE  
[46.644s] -- Added test 'cppcheck' to perform static code analysis on C / C++ code
[46.644s] -- Configured cppcheck include dirs: /home/usernamerahul/agv_ws/src/m-explore-ros2/map_merge/include;$<BUILD_INTERFACE:/home/usernamerahul/agv_ws/src/m-explore-ros2/map_merge/include>
[46.644s] -- Configured cppcheck exclude dirs and/or files: 
[46.646s] -- Added test 'flake8' to check Python code syntax and style conventions
[46.646s] -- Configured 'flake8' exclude dirs and/or files: 
[46.648s] -- Added test 'lint_cmake' to check CMake code style
[46.649s] -- Added test 'pep257' to check Python code against some of the docstring style conventions in PEP 257
[46.652s] -- Added test 'uncrustify' to check C / C++ code style
[46.652s] -- Configured uncrustify additional arguments: 
[46.653s] -- Added test 'xmllint' to check XML markup files
[46.659s] -- Configuring done (45.8s)
[46.779s] -- Generating done (0.1s)
[46.791s] -- Build files have been written to: /home/usernamerahul/agv_ws/build/multirobot_map_merge
[46.804s] Invoked command in '/home/usernamerahul/agv_ws/build/multirobot_map_merge' returned '0': CMAKE_PREFIX_PATH=${CMAKE_PREFIX_PATH}:/home/usernamerahul/ros2_ws/install/my_robot_controller:/opt/ros/jazzy /usr/bin/cmake /home/usernamerahul/agv_ws/src/m-explore-ros2/map_merge -DCMAKE_INSTALL_PREFIX=/home/usernamerahul/agv_ws/install/multirobot_map_merge
[46.805s] Invoking command in '/home/usernamerahul/agv_ws/build/multirobot_map_merge': CMAKE_PREFIX_PATH=${CMAKE_PREFIX_PATH}:/home/usernamerahul/ros2_ws/install/my_robot_controller:/opt/ros/jazzy /usr/bin/cmake --build /home/usernamerahul/agv_ws/build/multirobot_map_merge -- -j8 -l8
[46.858s] [ 16%] [32mBuilding CXX object gtest/CMakeFiles/gtest_main.dir/src/gtest_main.cc.o[0m
[46.859s] [ 16%] [32mBuilding CXX object CMakeFiles/combine_grids.dir/src/combine_grids/grid_compositor.cpp.o[0m
[46.859s] [ 33%] [32mBuilding CXX object gtest/CMakeFiles/gtest.dir/src/gtest-all.cc.o[0m
[46.859s] [ 33%] [32mBuilding CXX object CMakeFiles/combine_grids.dir/src/combine_grids/merging_pipeline.cpp.o[0m
[46.859s] [ 41%] [32mBuilding CXX object CMakeFiles/combine_grids.dir/src/combine_grids/grid_warper.cpp.o[0m
[48.734s] [ 50%] [32m[1mLinking CXX static library libgtest_main.a[0m
[48.797s] [ 50%] Built target gtest_main
[52.845s] [ 58%] [32m[1mLinking CXX static library libgtest.a[0m
[52.936s] [ 66%] [32m[1mLinking CXX static library libcombine_grids.a[0m
[52.939s] [ 66%] Built target gtest
[53.004s] [ 66%] Built target combine_grids
[53.040s] [ 75%] [32mBuilding CXX object CMakeFiles/map_merge.dir/src/map_merge.cpp.o[0m
[53.041s] [ 83%] [32mBuilding CXX object CMakeFiles/test_merging_pipeline.dir/test/test_merging_pipeline.cpp.o[0m
[61.493s] [ 91%] [32m[1mLinking CXX executable test_merging_pipeline[0m
[63.352s] [ 91%] Built target test_merging_pipeline
[71.249s] [100%] [32m[1mLinking CXX executable map_merge[0m
[72.511s] [100%] Built target map_merge
[72.535s] Invoked command in '/home/usernamerahul/agv_ws/build/multirobot_map_merge' returned '0': CMAKE_PREFIX_PATH=${CMAKE_PREFIX_PATH}:/home/usernamerahul/ros2_ws/install/my_robot_controller:/opt/ros/jazzy /usr/bin/cmake --build /home/usernamerahul/agv_ws/build/multirobot_map_merge -- -j8 -l8
[72.537s] Invoking command in '/home/usernamerahul/agv_ws/build/multirobot_map_merge': CMAKE_PREFIX_PATH=${CMAKE_PREFIX_PATH}:/home/usernamerahul/ros2_ws/install/my_robot_controller:/opt/ros/jazzy /usr/bin/cmake --install /home/usernamerahul/agv_ws/build/multirobot_map_merge
[72.548s] -- Install configuration: ""
[72.549s] -- Installing: /home/usernamerahul/agv_ws/install/multirobot_map_merge/include/map_merge/
[72.551s] -- Installing: /home/usernamerahul/agv_ws/install/multirobot_map_merge/include/map_merge//ros1_names.hpp
[72.551s] -- Installing: /home/usernamerahul/agv_ws/install/multirobot_map_merge/include/map_merge//map_merge.h
[72.551s] -- Installing: /home/usernamerahul/agv_ws/install/multirobot_map_merge/share/multirobot_map_merge/launch
[72.553s] -- Installing: /home/usernamerahul/agv_ws/install/multirobot_map_merge/share/multirobot_map_merge/launch/map_merge.rviz
[72.554s] -- Installing: /home/usernamerahul/agv_ws/install/multirobot_map_merge/share/multirobot_map_merge/launch/map_merge.launch.py
[72.554s] -- Installing: /home/usernamerahul/agv_ws/install/multirobot_map_merge/share/multirobot_map_merge/launch/tb3_simulation
[72.555s] -- Installing: /home/usernamerahul/agv_ws/install/multirobot_map_merge/share/multirobot_map_merge/launch/tb3_simulation/tb3_simulation_launch.py
[72.555s] -- Installing: /home/usernamerahul/agv_ws/install/multirobot_map_merge/share/multirobot_map_merge/launch/tb3_simulation/bringup_launch.py
[72.556s] -- Installing: /home/usernamerahul/agv_ws/install/multirobot_map_merge/share/multirobot_map_merge/launch/tb3_simulation/config
[72.556s] -- Installing: /home/usernamerahul/agv_ws/install/multirobot_map_merge/share/multirobot_map_merge/launch/tb3_simulation/config/nav2_multirobot_params_1.yaml
[72.557s] -- Installing: /home/usernamerahul/agv_ws/install/multirobot_map_merge/share/multirobot_map_merge/launch/tb3_simulation/config/nav2_multirobot_params_2.yaml
[72.557s] -- Installing: /home/usernamerahul/agv_ws/install/multirobot_map_merge/share/multirobot_map_merge/launch/tb3_simulation/worlds
[72.558s] -- Installing: /home/usernamerahul/agv_ws/install/multirobot_map_merge/share/multirobot_map_merge/launch/tb3_simulation/worlds/world_only.model
[72.558s] -- Installing: /home/usernamerahul/agv_ws/install/multirobot_map_merge/share/multirobot_map_merge/launch/tb3_simulation/multi_tb3_simulation_launch.py
[72.559s] -- Installing: /home/usernamerahul/agv_ws/install/multirobot_map_merge/share/multirobot_map_merge/launch/tb3_simulation/slam_toolbox.py
[72.559s] -- Installing: /home/usernamerahul/agv_ws/install/multirobot_map_merge/share/multirobot_map_merge/launch/from_map_server.launch.py
[72.560s] -- Installing: /home/usernamerahul/agv_ws/install/multirobot_map_merge/share/multirobot_map_merge/config
[72.560s] -- Installing: /home/usernamerahul/agv_ws/install/multirobot_map_merge/share/multirobot_map_merge/config/params.yaml
[72.561s] -- Installing: /home/usernamerahul/agv_ws/install/multirobot_map_merge/lib/libcombine_grids.a
[72.563s] -- Installing: /home/usernamerahul/agv_ws/install/multirobot_map_merge/lib/multirobot_map_merge/map_merge
[72.571s] -- Set non-toolchain portion of runtime path of "/home/usernamerahul/agv_ws/install/multirobot_map_merge/lib/multirobot_map_merge/map_merge" to ""
[72.572s] -- Installing: /home/usernamerahul/agv_ws/install/multirobot_map_merge/share/multirobot_map_merge/environment/library_path.sh
[72.572s] -- Installing: /home/usernamerahul/agv_ws/install/multirobot_map_merge/share/multirobot_map_merge/environment/library_path.dsv
[72.573s] -- Installing: /home/usernamerahul/agv_ws/install/multirobot_map_merge/share/ament_index/resource_index/package_run_dependencies/multirobot_map_merge
[72.574s] -- Installing: /home/usernamerahul/agv_ws/install/multirobot_map_merge/share/ament_index/resource_index/parent_prefix_path/multirobot_map_merge
[72.574s] -- Installing: /home/usernamerahul/agv_ws/install/multirobot_map_merge/share/multirobot_map_merge/environment/ament_prefix_path.sh
[72.574s] -- Installing: /home/usernamerahul/agv_ws/install/multirobot_map_merge/share/multirobot_map_merge/environment/ament_prefix_path.dsv
[72.575s] -- Installing: /home/usernamerahul/agv_ws/install/multirobot_map_merge/share/multirobot_map_merge/environment/path.sh
[72.575s] -- Installing: /home/usernamerahul/agv_ws/install/multirobot_map_merge/share/multirobot_map_merge/environment/path.dsv
[72.575s] -- Installing: /home/usernamerahul/agv_ws/install/multirobot_map_merge/share/multirobot_map_merge/local_setup.bash
[72.576s] -- Installing: /home/usernamerahul/agv_ws/install/multirobot_map_merge/share/multirobot_map_merge/local_setup.sh
[72.576s] -- Installing: /home/usernamerahul/agv_ws/install/multirobot_map_merge/share/multirobot_map_merge/local_setup.zsh
[72.577s] -- Installing: /home/usernamerahul/agv_ws/install/multirobot_map_merge/share/multirobot_map_merge/local_setup.dsv
[72.577s] -- Installing: /home/usernamerahul/agv_ws/install/multirobot_map_merge/share/multirobot_map_merge/package.dsv
[72.578s] -- Installing: /home/usernamerahul/agv_ws/install/multirobot_map_merge/share/ament_index/resource_index/packages/multirobot_map_merge
[72.578s] -- Installing: /home/usernamerahul/agv_ws/install/multirobot_map_merge/share/multirobot_map_merge/cmake/ament_cmake_export_include_directories-extras.cmake
[72.579s] -- Installing: /home/usernamerahul/agv_ws/install/multirobot_map_merge/share/multirobot_map_merge/cmake/ament_cmake_export_libraries-extras.cmake
[72.579s] -- Installing: /home/usernamerahul/agv_ws/install/multirobot_map_merge/share/multirobot_map_merge/cmake/multirobot_map_mergeConfig.cmake
[72.580s] -- Installing: /home/usernamerahul/agv_ws/install/multirobot_map_merge/share/multirobot_map_merge/cmake/multirobot_map_mergeConfig-version.cmake
[72.580s] -- Installing: /home/usernamerahul/agv_ws/install/multirobot_map_merge/share/multirobot_map_merge/package.xml
[72.584s] Invoked command in '/home/usernamerahul/agv_ws/build/multirobot_map_merge' returned '0': CMAKE_PREFIX_PATH=${CMAKE_PREFIX_PATH}:/home/usernamerahul/ros2_ws/install/my_robot_controller:/opt/ros/jazzy /usr/bin/cmake --install /home/usernamerahul/agv_ws/build/multirobot_map_merge
