[2.406s] DEBUG:colcon:Command line arguments: ['/usr/bin/colcon', 'build']
[2.406s] DEBUG:colcon:Parsed command line arguments: Namespace(log_base=None, log_level=None, verb_name='build', build_base='build', install_base='install', merge_install=False, symlink_install=False, test_result_base=None, continue_on_error=False, executor='parallel', parallel_workers=8, event_handlers=None, ignore_user_meta=False, metas=['./colcon.meta'], base_paths=['.'], packages_ignore=None, packages_ignore_regex=None, paths=None, packages_up_to=None, packages_up_to_regex=None, packages_above=None, packages_above_and_dependencies=None, packages_above_depth=None, packages_select_by_dep=None, packages_skip_by_dep=None, packages_skip_up_to=None, packages_select_build_failed=False, packages_skip_build_finished=False, packages_select_test_failures=False, packages_skip_test_passed=False, packages_select=None, packages_skip=None, packages_select_regex=None, packages_skip_regex=None, packages_start=None, packages_end=None, allow_overriding=[], cmake_args=None, cmake_target=None, cmake_target_skip_unavailable=False, cmake_clean_cache=False, cmake_clean_first=False, cmake_force_configure=False, ament_cmake_args=None, catkin_cmake_args=None, catkin_skip_building_tests=False, verb_parser=<colcon_defaults.argument_parser.defaults.DefaultArgumentsDecorator object at 0x76403a563170>, verb_extension=<colcon_core.verb.build.BuildVerb object at 0x76403a562e70>, main=<bound method BuildVerb.main of <colcon_core.verb.build.BuildVerb object at 0x76403a562e70>>)
[2.557s] Level 1:colcon.colcon_core.package_discovery:discover_packages(colcon_meta) check parameters
[2.557s] Level 1:colcon.colcon_core.package_discovery:discover_packages(recursive) check parameters
[2.557s] Level 1:colcon.colcon_core.package_discovery:discover_packages(ignore) check parameters
[2.557s] Level 1:colcon.colcon_core.package_discovery:discover_packages(path) check parameters
[2.558s] Level 1:colcon.colcon_core.package_discovery:discover_packages(colcon_meta) discover
[2.558s] Level 1:colcon.colcon_core.package_discovery:discover_packages(recursive) discover
[2.558s] INFO:colcon.colcon_core.package_discovery:Crawling recursively for packages in '/home/usernamerahul/agv_ws'
[2.558s] Level 1:colcon.colcon_core.package_identification:_identify(.) by extensions ['ignore', 'ignore_ament_install']
[2.559s] Level 1:colcon.colcon_core.package_identification:_identify(.) by extension 'ignore'
[2.559s] Level 1:colcon.colcon_core.package_identification:_identify(.) by extension 'ignore_ament_install'
[2.559s] Level 1:colcon.colcon_core.package_identification:_identify(.) by extensions ['colcon_pkg']
[2.559s] Level 1:colcon.colcon_core.package_identification:_identify(.) by extension 'colcon_pkg'
[2.559s] Level 1:colcon.colcon_core.package_identification:_identify(.) by extensions ['colcon_meta']
[2.559s] Level 1:colcon.colcon_core.package_identification:_identify(.) by extension 'colcon_meta'
[2.559s] Level 1:colcon.colcon_core.package_identification:_identify(.) by extensions ['ros']
[2.559s] Level 1:colcon.colcon_core.package_identification:_identify(.) by extension 'ros'
[2.654s] Level 1:colcon.colcon_core.package_identification:_identify(.) by extensions ['cmake', 'python']
[2.654s] Level 1:colcon.colcon_core.package_identification:_identify(.) by extension 'cmake'
[2.654s] Level 1:colcon.colcon_core.package_identification:_identify(.) by extension 'python'
[2.655s] Level 1:colcon.colcon_core.package_identification:_identify(.) by extensions ['python_setup_py']
[2.655s] Level 1:colcon.colcon_core.package_identification:_identify(.) by extension 'python_setup_py'
[2.655s] Level 1:colcon.colcon_core.package_identification:_identify(build) by extensions ['ignore', 'ignore_ament_install']
[2.655s] Level 1:colcon.colcon_core.package_identification:_identify(build) by extension 'ignore'
[2.656s] Level 1:colcon.colcon_core.package_identification:_identify(build) ignored
[2.656s] Level 1:colcon.colcon_core.package_identification:_identify(install) by extensions ['ignore', 'ignore_ament_install']
[2.656s] Level 1:colcon.colcon_core.package_identification:_identify(install) by extension 'ignore'
[2.656s] Level 1:colcon.colcon_core.package_identification:_identify(install) ignored
[2.657s] Level 1:colcon.colcon_core.package_identification:_identify(log) by extensions ['ignore', 'ignore_ament_install']
[2.657s] Level 1:colcon.colcon_core.package_identification:_identify(log) by extension 'ignore'
[2.657s] Level 1:colcon.colcon_core.package_identification:_identify(log) ignored
[2.657s] Level 1:colcon.colcon_core.package_identification:_identify(src) by extensions ['ignore', 'ignore_ament_install']
[2.657s] Level 1:colcon.colcon_core.package_identification:_identify(src) by extension 'ignore'
[2.658s] Level 1:colcon.colcon_core.package_identification:_identify(src) by extension 'ignore_ament_install'
[2.658s] Level 1:colcon.colcon_core.package_identification:_identify(src) by extensions ['colcon_pkg']
[2.658s] Level 1:colcon.colcon_core.package_identification:_identify(src) by extension 'colcon_pkg'
[2.658s] Level 1:colcon.colcon_core.package_identification:_identify(src) by extensions ['colcon_meta']
[2.658s] Level 1:colcon.colcon_core.package_identification:_identify(src) by extension 'colcon_meta'
[2.658s] Level 1:colcon.colcon_core.package_identification:_identify(src) by extensions ['ros']
[2.659s] Level 1:colcon.colcon_core.package_identification:_identify(src) by extension 'ros'
[2.659s] Level 1:colcon.colcon_core.package_identification:_identify(src) by extensions ['cmake', 'python']
[2.659s] Level 1:colcon.colcon_core.package_identification:_identify(src) by extension 'cmake'
[2.659s] Level 1:colcon.colcon_core.package_identification:_identify(src) by extension 'python'
[2.659s] Level 1:colcon.colcon_core.package_identification:_identify(src) by extensions ['python_setup_py']
[2.659s] Level 1:colcon.colcon_core.package_identification:_identify(src) by extension 'python_setup_py'
[2.660s] Level 1:colcon.colcon_core.package_identification:_identify(src/agv_description) by extensions ['ignore', 'ignore_ament_install']
[2.660s] Level 1:colcon.colcon_core.package_identification:_identify(src/agv_description) by extension 'ignore'
[2.660s] Level 1:colcon.colcon_core.package_identification:_identify(src/agv_description) by extension 'ignore_ament_install'
[2.660s] Level 1:colcon.colcon_core.package_identification:_identify(src/agv_description) by extensions ['colcon_pkg']
[2.660s] Level 1:colcon.colcon_core.package_identification:_identify(src/agv_description) by extension 'colcon_pkg'
[2.660s] Level 1:colcon.colcon_core.package_identification:_identify(src/agv_description) by extensions ['colcon_meta']
[2.660s] Level 1:colcon.colcon_core.package_identification:_identify(src/agv_description) by extension 'colcon_meta'
[2.661s] Level 1:colcon.colcon_core.package_identification:_identify(src/agv_description) by extensions ['ros']
[2.661s] Level 1:colcon.colcon_core.package_identification:_identify(src/agv_description) by extension 'ros'
[2.670s] DEBUG:colcon.colcon_core.package_identification:Package 'src/agv_description' with type 'ros.ament_cmake' and name 'agv_description'
[2.670s] Level 1:colcon.colcon_core.package_identification:_identify(src/agv_navigation) by extensions ['ignore', 'ignore_ament_install']
[2.670s] Level 1:colcon.colcon_core.package_identification:_identify(src/agv_navigation) by extension 'ignore'
[2.670s] Level 1:colcon.colcon_core.package_identification:_identify(src/agv_navigation) by extension 'ignore_ament_install'
[2.670s] Level 1:colcon.colcon_core.package_identification:_identify(src/agv_navigation) by extensions ['colcon_pkg']
[2.670s] Level 1:colcon.colcon_core.package_identification:_identify(src/agv_navigation) by extension 'colcon_pkg'
[2.671s] Level 1:colcon.colcon_core.package_identification:_identify(src/agv_navigation) by extensions ['colcon_meta']
[2.671s] Level 1:colcon.colcon_core.package_identification:_identify(src/agv_navigation) by extension 'colcon_meta'
[2.671s] Level 1:colcon.colcon_core.package_identification:_identify(src/agv_navigation) by extensions ['ros']
[2.671s] Level 1:colcon.colcon_core.package_identification:_identify(src/agv_navigation) by extension 'ros'
[2.673s] DEBUG:colcon.colcon_core.package_identification:Package 'src/agv_navigation' with type 'ros.ament_python' and name 'agv_navigation'
[2.674s] Level 1:colcon.colcon_core.package_identification:_identify(src/agv_vision) by extensions ['ignore', 'ignore_ament_install']
[2.674s] Level 1:colcon.colcon_core.package_identification:_identify(src/agv_vision) by extension 'ignore'
[2.674s] Level 1:colcon.colcon_core.package_identification:_identify(src/agv_vision) by extension 'ignore_ament_install'
[2.674s] Level 1:colcon.colcon_core.package_identification:_identify(src/agv_vision) by extensions ['colcon_pkg']
[2.675s] Level 1:colcon.colcon_core.package_identification:_identify(src/agv_vision) by extension 'colcon_pkg'
[2.675s] Level 1:colcon.colcon_core.package_identification:_identify(src/agv_vision) by extensions ['colcon_meta']
[2.675s] Level 1:colcon.colcon_core.package_identification:_identify(src/agv_vision) by extension 'colcon_meta'
[2.675s] Level 1:colcon.colcon_core.package_identification:_identify(src/agv_vision) by extensions ['ros']
[2.675s] Level 1:colcon.colcon_core.package_identification:_identify(src/agv_vision) by extension 'ros'
[2.677s] DEBUG:colcon.colcon_core.package_identification:Package 'src/agv_vision' with type 'ros.ament_python' and name 'agv_vision'
[2.677s] Level 1:colcon.colcon_core.package_discovery:discover_packages(recursive) using defaults
[2.677s] Level 1:colcon.colcon_core.package_discovery:discover_packages(ignore) discover
[2.677s] Level 1:colcon.colcon_core.package_discovery:discover_packages(ignore) using defaults
[2.677s] Level 1:colcon.colcon_core.package_discovery:discover_packages(path) discover
[2.677s] Level 1:colcon.colcon_core.package_discovery:discover_packages(path) using defaults
[2.745s] Level 1:colcon.colcon_core.package_discovery:discover_packages(prefix_path) check parameters
[2.745s] Level 1:colcon.colcon_core.package_discovery:discover_packages(prefix_path) discover
[2.756s] DEBUG:colcon.colcon_installed_package_information.package_discovery:Found 1 installed packages in /home/usernamerahul/ros2_ws/install
[2.760s] DEBUG:colcon.colcon_installed_package_information.package_discovery:Found 387 installed packages in /opt/ros/jazzy
[2.763s] Level 1:colcon.colcon_core.package_discovery:discover_packages(prefix_path) using defaults
[2.906s] Level 5:colcon.colcon_core.verb:set package 'agv_description' build argument 'cmake_args' from command line to 'None'
[2.906s] Level 5:colcon.colcon_core.verb:set package 'agv_description' build argument 'cmake_target' from command line to 'None'
[2.906s] Level 5:colcon.colcon_core.verb:set package 'agv_description' build argument 'cmake_target_skip_unavailable' from command line to 'False'
[2.907s] Level 5:colcon.colcon_core.verb:set package 'agv_description' build argument 'cmake_clean_cache' from command line to 'False'
[2.907s] Level 5:colcon.colcon_core.verb:set package 'agv_description' build argument 'cmake_clean_first' from command line to 'False'
[2.907s] Level 5:colcon.colcon_core.verb:set package 'agv_description' build argument 'cmake_force_configure' from command line to 'False'
[2.907s] Level 5:colcon.colcon_core.verb:set package 'agv_description' build argument 'ament_cmake_args' from command line to 'None'
[2.907s] Level 5:colcon.colcon_core.verb:set package 'agv_description' build argument 'catkin_cmake_args' from command line to 'None'
[2.907s] Level 5:colcon.colcon_core.verb:set package 'agv_description' build argument 'catkin_skip_building_tests' from command line to 'False'
[2.907s] DEBUG:colcon.colcon_core.verb:Building package 'agv_description' with the following arguments: {'ament_cmake_args': None, 'build_base': '/home/usernamerahul/agv_ws/build/agv_description', 'catkin_cmake_args': None, 'catkin_skip_building_tests': False, 'cmake_args': None, 'cmake_clean_cache': False, 'cmake_clean_first': False, 'cmake_force_configure': False, 'cmake_target': None, 'cmake_target_skip_unavailable': False, 'install_base': '/home/usernamerahul/agv_ws/install/agv_description', 'merge_install': False, 'path': '/home/usernamerahul/agv_ws/src/agv_description', 'symlink_install': False, 'test_result_base': None}
[2.908s] Level 5:colcon.colcon_core.verb:set package 'agv_navigation' build argument 'cmake_args' from command line to 'None'
[2.908s] Level 5:colcon.colcon_core.verb:set package 'agv_navigation' build argument 'cmake_target' from command line to 'None'
[2.908s] Level 5:colcon.colcon_core.verb:set package 'agv_navigation' build argument 'cmake_target_skip_unavailable' from command line to 'False'
[2.909s] Level 5:colcon.colcon_core.verb:set package 'agv_navigation' build argument 'cmake_clean_cache' from command line to 'False'
[2.909s] Level 5:colcon.colcon_core.verb:set package 'agv_navigation' build argument 'cmake_clean_first' from command line to 'False'
[2.909s] Level 5:colcon.colcon_core.verb:set package 'agv_navigation' build argument 'cmake_force_configure' from command line to 'False'
[2.909s] Level 5:colcon.colcon_core.verb:set package 'agv_navigation' build argument 'ament_cmake_args' from command line to 'None'
[2.909s] Level 5:colcon.colcon_core.verb:set package 'agv_navigation' build argument 'catkin_cmake_args' from command line to 'None'
[2.909s] Level 5:colcon.colcon_core.verb:set package 'agv_navigation' build argument 'catkin_skip_building_tests' from command line to 'False'
[2.909s] DEBUG:colcon.colcon_core.verb:Building package 'agv_navigation' with the following arguments: {'ament_cmake_args': None, 'build_base': '/home/usernamerahul/agv_ws/build/agv_navigation', 'catkin_cmake_args': None, 'catkin_skip_building_tests': False, 'cmake_args': None, 'cmake_clean_cache': False, 'cmake_clean_first': False, 'cmake_force_configure': False, 'cmake_target': None, 'cmake_target_skip_unavailable': False, 'install_base': '/home/usernamerahul/agv_ws/install/agv_navigation', 'merge_install': False, 'path': '/home/usernamerahul/agv_ws/src/agv_navigation', 'symlink_install': False, 'test_result_base': None}
[2.910s] Level 5:colcon.colcon_core.verb:set package 'agv_vision' build argument 'cmake_args' from command line to 'None'
[2.910s] Level 5:colcon.colcon_core.verb:set package 'agv_vision' build argument 'cmake_target' from command line to 'None'
[2.910s] Level 5:colcon.colcon_core.verb:set package 'agv_vision' build argument 'cmake_target_skip_unavailable' from command line to 'False'
[2.910s] Level 5:colcon.colcon_core.verb:set package 'agv_vision' build argument 'cmake_clean_cache' from command line to 'False'
[2.910s] Level 5:colcon.colcon_core.verb:set package 'agv_vision' build argument 'cmake_clean_first' from command line to 'False'
[2.911s] Level 5:colcon.colcon_core.verb:set package 'agv_vision' build argument 'cmake_force_configure' from command line to 'False'
[2.911s] Level 5:colcon.colcon_core.verb:set package 'agv_vision' build argument 'ament_cmake_args' from command line to 'None'
[2.911s] Level 5:colcon.colcon_core.verb:set package 'agv_vision' build argument 'catkin_cmake_args' from command line to 'None'
[2.911s] Level 5:colcon.colcon_core.verb:set package 'agv_vision' build argument 'catkin_skip_building_tests' from command line to 'False'
[2.911s] DEBUG:colcon.colcon_core.verb:Building package 'agv_vision' with the following arguments: {'ament_cmake_args': None, 'build_base': '/home/usernamerahul/agv_ws/build/agv_vision', 'catkin_cmake_args': None, 'catkin_skip_building_tests': False, 'cmake_args': None, 'cmake_clean_cache': False, 'cmake_clean_first': False, 'cmake_force_configure': False, 'cmake_target': None, 'cmake_target_skip_unavailable': False, 'install_base': '/home/usernamerahul/agv_ws/install/agv_vision', 'merge_install': False, 'path': '/home/usernamerahul/agv_ws/src/agv_vision', 'symlink_install': False, 'test_result_base': None}
[2.911s] INFO:colcon.colcon_core.executor:Executing jobs using 'parallel' executor
[2.914s] DEBUG:colcon.colcon_parallel_executor.executor.parallel:run_until_complete
[2.915s] INFO:colcon.colcon_ros.task.ament_cmake.build:Building ROS package in '/home/usernamerahul/agv_ws/src/agv_description' with build type 'ament_cmake'
[2.915s] INFO:colcon.colcon_cmake.task.cmake.build:Building CMake package in '/home/usernamerahul/agv_ws/src/agv_description'
[2.938s] INFO:colcon.colcon_core.plugin_system:Skipping extension 'colcon_core.shell.bat': Not used on non-Windows systems
[2.938s] INFO:colcon.colcon_core.shell:Skip shell extension 'powershell' for command environment: Not usable outside of PowerShell
[2.939s] DEBUG:colcon.colcon_core.shell:Skip shell extension 'dsv' for command environment
[2.956s] INFO:colcon.colcon_ros.task.ament_python.build:Building ROS package in '/home/usernamerahul/agv_ws/src/agv_navigation' with build type 'ament_python'
[2.956s] Level 1:colcon.colcon_core.shell:create_environment_hook('agv_navigation', 'ament_prefix_path')
[2.957s] INFO:colcon.colcon_core.shell:Creating environment hook '/home/usernamerahul/agv_ws/install/agv_navigation/share/agv_navigation/hook/ament_prefix_path.ps1'
[2.961s] INFO:colcon.colcon_core.shell:Creating environment descriptor '/home/usernamerahul/agv_ws/install/agv_navigation/share/agv_navigation/hook/ament_prefix_path.dsv'
[2.962s] INFO:colcon.colcon_core.shell:Creating environment hook '/home/usernamerahul/agv_ws/install/agv_navigation/share/agv_navigation/hook/ament_prefix_path.sh'
[2.965s] INFO:colcon.colcon_core.shell:Skip shell extension 'powershell' for command environment: Not usable outside of PowerShell
[2.966s] DEBUG:colcon.colcon_core.shell:Skip shell extension 'dsv' for command environment
[2.976s] INFO:colcon.colcon_ros.task.ament_python.build:Building ROS package in '/home/usernamerahul/agv_ws/src/agv_vision' with build type 'ament_python'
[2.976s] Level 1:colcon.colcon_core.shell:create_environment_hook('agv_vision', 'ament_prefix_path')
[2.977s] INFO:colcon.colcon_core.shell:Creating environment hook '/home/usernamerahul/agv_ws/install/agv_vision/share/agv_vision/hook/ament_prefix_path.ps1'
[2.979s] INFO:colcon.colcon_core.shell:Creating environment descriptor '/home/usernamerahul/agv_ws/install/agv_vision/share/agv_vision/hook/ament_prefix_path.dsv'
[2.980s] INFO:colcon.colcon_core.shell:Creating environment hook '/home/usernamerahul/agv_ws/install/agv_vision/share/agv_vision/hook/ament_prefix_path.sh'
[2.981s] INFO:colcon.colcon_core.shell:Skip shell extension 'powershell' for command environment: Not usable outside of PowerShell
[2.981s] DEBUG:colcon.colcon_core.shell:Skip shell extension 'dsv' for command environment
[3.007s] DEBUG:colcon.colcon_core.event_handler.log_command:Invoking command in '/home/usernamerahul/agv_ws/build/agv_description': CMAKE_PREFIX_PATH=${CMAKE_PREFIX_PATH}:/home/usernamerahul/ros2_ws/install/my_robot_controller:/opt/ros/jazzy /usr/bin/cmake --build /home/usernamerahul/agv_ws/build/agv_description -- -j8 -l8
[3.612s] INFO:colcon.colcon_core.task.python.build:Building Python package in '/home/usernamerahul/agv_ws/src/agv_navigation'
[3.613s] INFO:colcon.colcon_core.shell:Skip shell extension 'powershell' for command environment: Not usable outside of PowerShell
[3.613s] DEBUG:colcon.colcon_core.shell:Skip shell extension 'dsv' for command environment
[3.631s] DEBUG:colcon.colcon_core.event_handler.log_command:Invoked command in '/home/usernamerahul/agv_ws/build/agv_description' returned '0': CMAKE_PREFIX_PATH=${CMAKE_PREFIX_PATH}:/home/usernamerahul/ros2_ws/install/my_robot_controller:/opt/ros/jazzy /usr/bin/cmake --build /home/usernamerahul/agv_ws/build/agv_description -- -j8 -l8
[3.660s] DEBUG:colcon.colcon_core.event_handler.log_command:Invoking command in '/home/usernamerahul/agv_ws/build/agv_description': CMAKE_PREFIX_PATH=${CMAKE_PREFIX_PATH}:/home/usernamerahul/ros2_ws/install/my_robot_controller:/opt/ros/jazzy /usr/bin/cmake --install /home/usernamerahul/agv_ws/build/agv_description
[4.396s] INFO:colcon.colcon_core.task.python.build:Building Python package in '/home/usernamerahul/agv_ws/src/agv_vision'
[4.397s] INFO:colcon.colcon_core.shell:Skip shell extension 'powershell' for command environment: Not usable outside of PowerShell
[4.397s] DEBUG:colcon.colcon_core.shell:Skip shell extension 'dsv' for command environment
[4.438s] Level 1:colcon.colcon_core.environment:create_environment_scripts_only(agv_description)
[4.443s] DEBUG:colcon.colcon_core.event_handler.log_command:Invoked command in '/home/usernamerahul/agv_ws/build/agv_description' returned '0': CMAKE_PREFIX_PATH=${CMAKE_PREFIX_PATH}:/home/usernamerahul/ros2_ws/install/my_robot_controller:/opt/ros/jazzy /usr/bin/cmake --install /home/usernamerahul/agv_ws/build/agv_description
[4.500s] Level 1:colcon.colcon_core.environment:checking '/home/usernamerahul/agv_ws/install/agv_description' for CMake module files
[4.502s] Level 1:colcon.colcon_core.environment:checking '/home/usernamerahul/agv_ws/install/agv_description' for CMake config files
[4.502s] Level 1:colcon.colcon_core.shell:create_environment_hook('agv_description', 'cmake_prefix_path')
[4.503s] INFO:colcon.colcon_core.shell:Creating environment hook '/home/usernamerahul/agv_ws/install/agv_description/share/agv_description/hook/cmake_prefix_path.ps1'
[4.506s] INFO:colcon.colcon_core.shell:Creating environment descriptor '/home/usernamerahul/agv_ws/install/agv_description/share/agv_description/hook/cmake_prefix_path.dsv'
[4.507s] INFO:colcon.colcon_core.shell:Creating environment hook '/home/usernamerahul/agv_ws/install/agv_description/share/agv_description/hook/cmake_prefix_path.sh'
[4.512s] Level 1:colcon.colcon_core.environment:checking '/home/usernamerahul/agv_ws/install/agv_description/bin'
[4.512s] Level 1:colcon.colcon_core.environment:checking '/home/usernamerahul/agv_ws/install/agv_description/lib/pkgconfig/agv_description.pc'
[4.513s] Level 1:colcon.colcon_core.environment:checking '/home/usernamerahul/agv_ws/install/agv_description/lib/python3.12/site-packages'
[4.514s] Level 1:colcon.colcon_core.environment:checking '/home/usernamerahul/agv_ws/install/agv_description/bin'
[4.514s] INFO:colcon.colcon_core.shell:Creating package script '/home/usernamerahul/agv_ws/install/agv_description/share/agv_description/package.ps1'
[4.517s] INFO:colcon.colcon_core.shell:Creating package descriptor '/home/usernamerahul/agv_ws/install/agv_description/share/agv_description/package.dsv'
[4.521s] INFO:colcon.colcon_core.shell:Creating package script '/home/usernamerahul/agv_ws/install/agv_description/share/agv_description/package.sh'
[4.526s] INFO:colcon.colcon_core.shell:Creating package script '/home/usernamerahul/agv_ws/install/agv_description/share/agv_description/package.bash'
[4.535s] INFO:colcon.colcon_core.shell:Creating package script '/home/usernamerahul/agv_ws/install/agv_description/share/agv_description/package.zsh'
[4.546s] Level 1:colcon.colcon_core.environment:create_file_with_runtime_dependencies(/home/usernamerahul/agv_ws/install/agv_description/share/colcon-core/packages/agv_description)
[4.548s] Level 1:colcon.colcon_core.environment:create_environment_scripts_only(agv_description)
[4.548s] Level 1:colcon.colcon_core.environment:checking '/home/usernamerahul/agv_ws/install/agv_description' for CMake module files
[4.550s] Level 1:colcon.colcon_core.environment:checking '/home/usernamerahul/agv_ws/install/agv_description' for CMake config files
[4.550s] Level 1:colcon.colcon_core.shell:create_environment_hook('agv_description', 'cmake_prefix_path')
[4.551s] INFO:colcon.colcon_core.shell:Creating environment hook '/home/usernamerahul/agv_ws/install/agv_description/share/agv_description/hook/cmake_prefix_path.ps1'
[4.552s] INFO:colcon.colcon_core.shell:Creating environment descriptor '/home/usernamerahul/agv_ws/install/agv_description/share/agv_description/hook/cmake_prefix_path.dsv'
[4.554s] INFO:colcon.colcon_core.shell:Creating environment hook '/home/usernamerahul/agv_ws/install/agv_description/share/agv_description/hook/cmake_prefix_path.sh'
[4.559s] Level 1:colcon.colcon_core.environment:checking '/home/usernamerahul/agv_ws/install/agv_description/bin'
[4.559s] Level 1:colcon.colcon_core.environment:checking '/home/usernamerahul/agv_ws/install/agv_description/lib/pkgconfig/agv_description.pc'
[4.560s] Level 1:colcon.colcon_core.environment:checking '/home/usernamerahul/agv_ws/install/agv_description/lib/python3.12/site-packages'
[4.561s] Level 1:colcon.colcon_core.environment:checking '/home/usernamerahul/agv_ws/install/agv_description/bin'
[4.561s] INFO:colcon.colcon_core.shell:Creating package script '/home/usernamerahul/agv_ws/install/agv_description/share/agv_description/package.ps1'
[4.563s] INFO:colcon.colcon_core.shell:Creating package descriptor '/home/usernamerahul/agv_ws/install/agv_description/share/agv_description/package.dsv'
[4.564s] INFO:colcon.colcon_core.shell:Creating package script '/home/usernamerahul/agv_ws/install/agv_description/share/agv_description/package.sh'
[4.565s] INFO:colcon.colcon_core.shell:Creating package script '/home/usernamerahul/agv_ws/install/agv_description/share/agv_description/package.bash'
[4.566s] INFO:colcon.colcon_core.shell:Creating package script '/home/usernamerahul/agv_ws/install/agv_description/share/agv_description/package.zsh'
[4.567s] Level 1:colcon.colcon_core.environment:create_file_with_runtime_dependencies(/home/usernamerahul/agv_ws/install/agv_description/share/colcon-core/packages/agv_description)
[7.667s] DEBUG:colcon.colcon_core.event_handler.log_command:Invoking command in '/home/usernamerahul/agv_ws/src/agv_vision': PYTHONPATH=/home/usernamerahul/agv_ws/build/agv_vision/prefix_override:/usr/lib/python3/dist-packages/colcon_core/task/python/colcon_distutils_commands:/home/usernamerahul/agv_ws/install/agv_vision/lib/python3.12/site-packages:${PYTHONPATH} /usr/bin/python3 -W ignore:setup.py install is deprecated -W ignore:easy_install command is deprecated setup.py egg_info --egg-base ../../build/agv_vision build --build-base /home/usernamerahul/agv_ws/build/agv_vision/build install --record /home/usernamerahul/agv_ws/build/agv_vision/install.log --single-version-externally-managed install_data
[7.755s] DEBUG:colcon.colcon_core.event_handler.log_command:Invoking command in '/home/usernamerahul/agv_ws/src/agv_navigation': PYTHONPATH=/home/usernamerahul/agv_ws/build/agv_navigation/prefix_override:/usr/lib/python3/dist-packages/colcon_core/task/python/colcon_distutils_commands:/home/usernamerahul/agv_ws/install/agv_navigation/lib/python3.12/site-packages:${PYTHONPATH} /usr/bin/python3 -W ignore:setup.py install is deprecated -W ignore:easy_install command is deprecated setup.py egg_info --egg-base ../../build/agv_navigation build --build-base /home/usernamerahul/agv_ws/build/agv_navigation/build install --record /home/usernamerahul/agv_ws/build/agv_navigation/install.log --single-version-externally-managed install_data
[10.856s] Level 1:colcon.colcon_core.environment:checking '/home/usernamerahul/agv_ws/install/agv_vision' for CMake module files
[10.857s] DEBUG:colcon.colcon_core.event_handler.log_command:Invoked command in '/home/usernamerahul/agv_ws/src/agv_vision' returned '0': PYTHONPATH=/home/usernamerahul/agv_ws/build/agv_vision/prefix_override:/usr/lib/python3/dist-packages/colcon_core/task/python/colcon_distutils_commands:/home/usernamerahul/agv_ws/install/agv_vision/lib/python3.12/site-packages:${PYTHONPATH} /usr/bin/python3 -W ignore:setup.py install is deprecated -W ignore:easy_install command is deprecated setup.py egg_info --egg-base ../../build/agv_vision build --build-base /home/usernamerahul/agv_ws/build/agv_vision/build install --record /home/usernamerahul/agv_ws/build/agv_vision/install.log --single-version-externally-managed install_data
[10.860s] Level 1:colcon.colcon_core.environment:checking '/home/usernamerahul/agv_ws/install/agv_vision' for CMake config files
[10.862s] Level 1:colcon.colcon_core.environment:checking '/home/usernamerahul/agv_ws/install/agv_vision/lib'
[10.862s] Level 1:colcon.colcon_core.environment:checking '/home/usernamerahul/agv_ws/install/agv_vision/bin'
[10.863s] Level 1:colcon.colcon_core.environment:checking '/home/usernamerahul/agv_ws/install/agv_vision/lib/pkgconfig/agv_vision.pc'
[10.864s] Level 1:colcon.colcon_core.environment:checking '/home/usernamerahul/agv_ws/install/agv_vision/lib/python3.12/site-packages'
[10.865s] Level 1:colcon.colcon_core.shell:create_environment_hook('agv_vision', 'pythonpath')
[10.865s] INFO:colcon.colcon_core.shell:Creating environment hook '/home/usernamerahul/agv_ws/install/agv_vision/share/agv_vision/hook/pythonpath.ps1'
[10.867s] INFO:colcon.colcon_core.shell:Creating environment descriptor '/home/usernamerahul/agv_ws/install/agv_vision/share/agv_vision/hook/pythonpath.dsv'
[10.869s] INFO:colcon.colcon_core.shell:Creating environment hook '/home/usernamerahul/agv_ws/install/agv_vision/share/agv_vision/hook/pythonpath.sh'
[10.872s] Level 1:colcon.colcon_core.environment:checking '/home/usernamerahul/agv_ws/install/agv_vision/bin'
[10.872s] Level 1:colcon.colcon_core.environment:create_environment_scripts_only(agv_vision)
[10.873s] INFO:colcon.colcon_core.shell:Creating package script '/home/usernamerahul/agv_ws/install/agv_vision/share/agv_vision/package.ps1'
[10.874s] INFO:colcon.colcon_core.shell:Creating package descriptor '/home/usernamerahul/agv_ws/install/agv_vision/share/agv_vision/package.dsv'
[10.876s] INFO:colcon.colcon_core.shell:Creating package script '/home/usernamerahul/agv_ws/install/agv_vision/share/agv_vision/package.sh'
[10.877s] INFO:colcon.colcon_core.shell:Creating package script '/home/usernamerahul/agv_ws/install/agv_vision/share/agv_vision/package.bash'
[10.878s] INFO:colcon.colcon_core.shell:Creating package script '/home/usernamerahul/agv_ws/install/agv_vision/share/agv_vision/package.zsh'
[10.879s] Level 1:colcon.colcon_core.environment:create_file_with_runtime_dependencies(/home/usernamerahul/agv_ws/install/agv_vision/share/colcon-core/packages/agv_vision)
[11.046s] Level 1:colcon.colcon_core.environment:checking '/home/usernamerahul/agv_ws/install/agv_navigation' for CMake module files
[11.048s] Level 1:colcon.colcon_core.environment:checking '/home/usernamerahul/agv_ws/install/agv_navigation' for CMake config files
[11.049s] Level 1:colcon.colcon_core.environment:checking '/home/usernamerahul/agv_ws/install/agv_navigation/lib'
[11.054s] DEBUG:colcon.colcon_core.event_handler.log_command:Invoked command in '/home/usernamerahul/agv_ws/src/agv_navigation' returned '0': PYTHONPATH=/home/usernamerahul/agv_ws/build/agv_navigation/prefix_override:/usr/lib/python3/dist-packages/colcon_core/task/python/colcon_distutils_commands:/home/usernamerahul/agv_ws/install/agv_navigation/lib/python3.12/site-packages:${PYTHONPATH} /usr/bin/python3 -W ignore:setup.py install is deprecated -W ignore:easy_install command is deprecated setup.py egg_info --egg-base ../../build/agv_navigation build --build-base /home/usernamerahul/agv_ws/build/agv_navigation/build install --record /home/usernamerahul/agv_ws/build/agv_navigation/install.log --single-version-externally-managed install_data
[11.058s] Level 1:colcon.colcon_core.environment:checking '/home/usernamerahul/agv_ws/install/agv_navigation/bin'
[11.059s] Level 1:colcon.colcon_core.environment:checking '/home/usernamerahul/agv_ws/install/agv_navigation/lib/pkgconfig/agv_navigation.pc'
[11.059s] Level 1:colcon.colcon_core.environment:checking '/home/usernamerahul/agv_ws/install/agv_navigation/lib/python3.12/site-packages'
[11.060s] Level 1:colcon.colcon_core.shell:create_environment_hook('agv_navigation', 'pythonpath')
[11.060s] INFO:colcon.colcon_core.shell:Creating environment hook '/home/usernamerahul/agv_ws/install/agv_navigation/share/agv_navigation/hook/pythonpath.ps1'
[11.061s] INFO:colcon.colcon_core.shell:Creating environment descriptor '/home/usernamerahul/agv_ws/install/agv_navigation/share/agv_navigation/hook/pythonpath.dsv'
[11.062s] INFO:colcon.colcon_core.shell:Creating environment hook '/home/usernamerahul/agv_ws/install/agv_navigation/share/agv_navigation/hook/pythonpath.sh'
[11.064s] Level 1:colcon.colcon_core.environment:checking '/home/usernamerahul/agv_ws/install/agv_navigation/bin'
[11.064s] Level 1:colcon.colcon_core.environment:create_environment_scripts_only(agv_navigation)
[11.065s] INFO:colcon.colcon_core.shell:Creating package script '/home/usernamerahul/agv_ws/install/agv_navigation/share/agv_navigation/package.ps1'
[11.066s] INFO:colcon.colcon_core.shell:Creating package descriptor '/home/usernamerahul/agv_ws/install/agv_navigation/share/agv_navigation/package.dsv'
[11.068s] INFO:colcon.colcon_core.shell:Creating package script '/home/usernamerahul/agv_ws/install/agv_navigation/share/agv_navigation/package.sh'
[11.070s] INFO:colcon.colcon_core.shell:Creating package script '/home/usernamerahul/agv_ws/install/agv_navigation/share/agv_navigation/package.bash'
[11.074s] INFO:colcon.colcon_core.shell:Creating package script '/home/usernamerahul/agv_ws/install/agv_navigation/share/agv_navigation/package.zsh'
[11.076s] Level 1:colcon.colcon_core.environment:create_file_with_runtime_dependencies(/home/usernamerahul/agv_ws/install/agv_navigation/share/colcon-core/packages/agv_navigation)
[11.079s] DEBUG:colcon.colcon_parallel_executor.executor.parallel:closing loop
[11.080s] DEBUG:colcon.colcon_parallel_executor.executor.parallel:loop closed
[11.080s] DEBUG:colcon.colcon_parallel_executor.executor.parallel:run_until_complete finished with '0'
[11.080s] DEBUG:colcon.colcon_core.event_reactor:joining thread
[11.528s] INFO:colcon.colcon_core.plugin_system:Skipping extension 'colcon_notification.desktop_notification.notify_send': Could not find 'notify-send'
[11.528s] INFO:colcon.colcon_core.plugin_system:Skipping extension 'colcon_notification.desktop_notification.terminal_notifier': Not used on non-Darwin systems
[11.528s] INFO:colcon.colcon_core.plugin_system:Skipping extension 'colcon_notification.desktop_notification.win32': Not used on non-Windows systems
[11.528s] INFO:colcon.colcon_notification.desktop_notification:Sending desktop notification using 'notify2'
[11.673s] DEBUG:colcon.colcon_notification.desktop_notification.notify2:Failed to initialize notify2: org.freedesktop.DBus.Error.ServiceUnknown: The name org.freedesktop.Notifications was not provided by any .service files
[11.674s] DEBUG:colcon.colcon_core.event_reactor:joined thread
[11.675s] INFO:colcon.colcon_core.shell:Creating prefix script '/home/usernamerahul/agv_ws/install/local_setup.ps1'
[11.678s] INFO:colcon.colcon_core.shell:Creating prefix util module '/home/usernamerahul/agv_ws/install/_local_setup_util_ps1.py'
[11.682s] INFO:colcon.colcon_core.shell:Creating prefix chain script '/home/usernamerahul/agv_ws/install/setup.ps1'
[11.686s] INFO:colcon.colcon_core.shell:Creating prefix script '/home/usernamerahul/agv_ws/install/local_setup.sh'
[11.688s] INFO:colcon.colcon_core.shell:Creating prefix util module '/home/usernamerahul/agv_ws/install/_local_setup_util_sh.py'
[11.691s] INFO:colcon.colcon_core.shell:Creating prefix chain script '/home/usernamerahul/agv_ws/install/setup.sh'
[11.694s] INFO:colcon.colcon_core.shell:Creating prefix script '/home/usernamerahul/agv_ws/install/local_setup.bash'
[11.697s] INFO:colcon.colcon_core.shell:Creating prefix chain script '/home/usernamerahul/agv_ws/install/setup.bash'
[11.699s] INFO:colcon.colcon_core.shell:Creating prefix script '/home/usernamerahul/agv_ws/install/local_setup.zsh'
[11.702s] INFO:colcon.colcon_core.shell:Creating prefix chain script '/home/usernamerahul/agv_ws/install/setup.zsh'
