[3.669s] Invoking command in '/home/usernamerahul/agv_ws/src/agv_vision': PYTHONPATH=/home/usernamerahul/agv_ws/build/agv_vision/prefix_override:/usr/lib/python3/dist-packages/colcon_core/task/python/colcon_distutils_commands:/home/usernamerahul/agv_ws/install/agv_vision/lib/python3.12/site-packages:${PYTHONPATH} /usr/bin/python3 -W ignore:setup.py install is deprecated -W ignore:easy_install command is deprecated setup.py egg_info --egg-base ../../build/agv_vision build --build-base /home/usernamerahul/agv_ws/build/agv_vision/build install --record /home/usernamerahul/agv_ws/build/agv_vision/install.log --single-version-externally-managed install_data
[4.276s] running egg_info
[4.329s] writing ../../build/agv_vision/agv_vision.egg-info/PKG-INFO
[4.329s] writing dependency_links to ../../build/agv_vision/agv_vision.egg-info/dependency_links.txt
[4.330s] writing entry points to ../../build/agv_vision/agv_vision.egg-info/entry_points.txt
[4.331s] writing requirements to ../../build/agv_vision/agv_vision.egg-info/requires.txt
[4.332s] writing top-level names to ../../build/agv_vision/agv_vision.egg-info/top_level.txt
[4.412s] reading manifest file '../../build/agv_vision/agv_vision.egg-info/SOURCES.txt'
[4.414s] writing manifest file '../../build/agv_vision/agv_vision.egg-info/SOURCES.txt'
[4.415s] running build
[4.415s] running build_py
[4.415s] running install
[4.430s] running install_lib
[4.472s] running install_data
[4.472s] running install_egg_info
[4.519s] removing '/home/usernamerahul/agv_ws/install/agv_vision/lib/python3.12/site-packages/agv_vision-0.0.0-py3.12.egg-info' (and everything under it)
[4.520s] Copying ../../build/agv_vision/agv_vision.egg-info to /home/usernamerahul/agv_ws/install/agv_vision/lib/python3.12/site-packages/agv_vision-0.0.0-py3.12.egg-info
[4.525s] running install_scripts
[4.806s] Installing detector script to /home/usernamerahul/agv_ws/install/agv_vision/lib/agv_vision
[4.808s] writing list of installed files to '/home/usernamerahul/agv_ws/build/agv_vision/install.log'
[4.884s] Invoked command in '/home/usernamerahul/agv_ws/src/agv_vision' returned '0': PYTHONPATH=/home/usernamerahul/agv_ws/build/agv_vision/prefix_override:/usr/lib/python3/dist-packages/colcon_core/task/python/colcon_distutils_commands:/home/usernamerahul/agv_ws/install/agv_vision/lib/python3.12/site-packages:${PYTHONPATH} /usr/bin/python3 -W ignore:setup.py install is deprecated -W ignore:easy_install command is deprecated setup.py egg_info --egg-base ../../build/agv_vision build --build-base /home/usernamerahul/agv_ws/build/agv_vision/build install --record /home/usernamerahul/agv_ws/build/agv_vision/install.log --single-version-externally-managed install_data
