[2.035s] Invoking command in '/home/usernamerahul/agv_ws/src/agv_navigation': PYTHONPATH=/home/usernamerahul/agv_ws/build/agv_navigation/prefix_override:/usr/lib/python3/dist-packages/colcon_core/task/python/colcon_distutils_commands:/home/usernamerahul/agv_ws/install/agv_navigation/lib/python3.12/site-packages:${PYTHONPATH} /usr/bin/python3 -W ignore:setup.py install is deprecated -W ignore:easy_install command is deprecated setup.py egg_info --egg-base ../../build/agv_navigation build --build-base /home/usernamerahul/agv_ws/build/agv_navigation/build install --record /home/usernamerahul/agv_ws/build/agv_navigation/install.log --single-version-externally-managed install_data
[2.630s] running egg_info
[2.632s] creating ../../build/agv_navigation/agv_navigation.egg-info
[2.665s] writing ../../build/agv_navigation/agv_navigation.egg-info/PKG-INFO
[2.666s] writing dependency_links to ../../build/agv_navigation/agv_navigation.egg-info/dependency_links.txt
[2.667s] writing entry points to ../../build/agv_navigation/agv_navigation.egg-info/entry_points.txt
[2.667s] writing requirements to ../../build/agv_navigation/agv_navigation.egg-info/requires.txt
[2.667s] writing top-level names to ../../build/agv_navigation/agv_navigation.egg-info/top_level.txt
[2.668s] writing manifest file '../../build/agv_navigation/agv_navigation.egg-info/SOURCES.txt'
[2.742s] reading manifest file '../../build/agv_navigation/agv_navigation.egg-info/SOURCES.txt'
[2.743s] writing manifest file '../../build/agv_navigation/agv_navigation.egg-info/SOURCES.txt'
[2.744s] running build
[2.744s] running build_py
[2.744s] creating /home/usernamerahul/agv_ws/build/agv_navigation/build
[2.745s] creating /home/usernamerahul/agv_ws/build/agv_navigation/build/lib
[2.746s] creating /home/usernamerahul/agv_ws/build/agv_navigation/build/lib/agv_navigation
[2.746s] copying agv_navigation/path_tracer.py -> /home/usernamerahul/agv_ws/build/agv_navigation/build/lib/agv_navigation
[2.747s] copying agv_navigation/__init__.py -> /home/usernamerahul/agv_ws/build/agv_navigation/build/lib/agv_navigation
[2.747s] running install
[2.758s] running install_lib
[2.792s] creating /home/usernamerahul/agv_ws/install/agv_navigation/lib/python3.12/site-packages/agv_navigation
[2.793s] copying /home/usernamerahul/agv_ws/build/agv_navigation/build/lib/agv_navigation/path_tracer.py -> /home/usernamerahul/agv_ws/install/agv_navigation/lib/python3.12/site-packages/agv_navigation
[2.793s] copying /home/usernamerahul/agv_ws/build/agv_navigation/build/lib/agv_navigation/__init__.py -> /home/usernamerahul/agv_ws/install/agv_navigation/lib/python3.12/site-packages/agv_navigation
[2.794s] byte-compiling /home/usernamerahul/agv_ws/install/agv_navigation/lib/python3.12/site-packages/agv_navigation/path_tracer.py to path_tracer.cpython-312.pyc
[2.796s] byte-compiling /home/usernamerahul/agv_ws/install/agv_navigation/lib/python3.12/site-packages/agv_navigation/__init__.py to __init__.cpython-312.pyc
[2.797s] running install_data
[2.797s] creating /home/usernamerahul/agv_ws/install/agv_navigation/share/ament_index
[2.798s] creating /home/usernamerahul/agv_ws/install/agv_navigation/share/ament_index/resource_index
[2.799s] creating /home/usernamerahul/agv_ws/install/agv_navigation/share/ament_index/resource_index/packages
[2.799s] copying resource/agv_navigation -> /home/usernamerahul/agv_ws/install/agv_navigation/share/ament_index/resource_index/packages
[2.800s] copying package.xml -> /home/usernamerahul/agv_ws/install/agv_navigation/share/agv_navigation
[2.800s] running install_egg_info
[2.832s] Copying ../../build/agv_navigation/agv_navigation.egg-info to /home/usernamerahul/agv_ws/install/agv_navigation/lib/python3.12/site-packages/agv_navigation-0.0.0-py3.12.egg-info
[2.835s] running install_scripts
[2.957s] Installing tracer script to /home/usernamerahul/agv_ws/install/agv_navigation/lib/agv_navigation
[2.959s] writing list of installed files to '/home/usernamerahul/agv_ws/build/agv_navigation/install.log'
[3.002s] Invoked command in '/home/usernamerahul/agv_ws/src/agv_navigation' returned '0': PYTHONPATH=/home/usernamerahul/agv_ws/build/agv_navigation/prefix_override:/usr/lib/python3/dist-packages/colcon_core/task/python/colcon_distutils_commands:/home/usernamerahul/agv_ws/install/agv_navigation/lib/python3.12/site-packages:${PYTHONPATH} /usr/bin/python3 -W ignore:setup.py install is deprecated -W ignore:easy_install command is deprecated setup.py egg_info --egg-base ../../build/agv_navigation build --build-base /home/usernamerahul/agv_ws/build/agv_navigation/build install --record /home/usernamerahul/agv_ws/build/agv_navigation/install.log --single-version-externally-managed install_data
