[0.033s] Invoking command in '/home/usernamerahul/agv_ws/build/agv_description': CMAKE_PREFIX_PATH=${CMAKE_PREFIX_PATH}:/home/usernamerahul/agv_ws/install/agv_vision:/home/usernamerahul/agv_ws/install/agv_navigation:/home/usernamerahul/ros2_ws/install/my_robot_controller:/opt/ros/jazzy /usr/bin/cmake --build /home/usernamerahul/agv_ws/build/agv_description -- -j8 -l8
[0.159s] Invoked command in '/home/usernamerahul/agv_ws/build/agv_description' returned '0': CMAKE_PREFIX_PATH=${CMAKE_PREFIX_PATH}:/home/usernamerahul/agv_ws/install/agv_vision:/home/usernamerahul/agv_ws/install/agv_navigation:/home/usernamerahul/ros2_ws/install/my_robot_controller:/opt/ros/jazzy /usr/bin/cmake --build /home/usernamerahul/agv_ws/build/agv_description -- -j8 -l8
[0.187s] Invoking command in '/home/usernamerahul/agv_ws/build/agv_description': CMAKE_PREFIX_PATH=${CMAKE_PREFIX_PATH}:/home/usernamerahul/agv_ws/install/agv_vision:/home/usernamerahul/agv_ws/install/agv_navigation:/home/usernamerahul/ros2_ws/install/my_robot_controller:/opt/ros/jazzy /usr/bin/cmake --install /home/usernamerahul/agv_ws/build/agv_description
[0.209s] -- Install configuration: ""
[0.210s] -- Up-to-date: /home/usernamerahul/agv_ws/install/agv_description/share/agv_description/launch
[0.211s] -- Up-to-date: /home/usernamerahul/agv_ws/install/agv_description/share/agv_description/launch/__pycache__
[0.211s] -- Up-to-date: /home/usernamerahul/agv_ws/install/agv_description/share/agv_description/launch/__pycache__/master_launch.cpython-312.pyc
[0.212s] -- Installing: /home/usernamerahul/agv_ws/install/agv_description/share/agv_description/launch/__pycache__/slam_launch.cpython-312.pyc
[0.212s] -- Up-to-date: /home/usernamerahul/agv_ws/install/agv_description/share/agv_description/launch/gazebo.launch.py
[0.212s] -- Up-to-date: /home/usernamerahul/agv_ws/install/agv_description/share/agv_description/launch/slam_launch.py
[0.212s] -- Up-to-date: /home/usernamerahul/agv_ws/install/agv_description/share/agv_description/launch/display.launch.py
[0.213s] -- Up-to-date: /home/usernamerahul/agv_ws/install/agv_description/share/agv_description/urdf
[0.213s] -- Installing: /home/usernamerahul/agv_ws/install/agv_description/share/agv_description/urdf/warehouse_agv.urdf
[0.214s] -- Up-to-date: /home/usernamerahul/agv_ws/install/agv_description/share/agv_description/worlds
[0.214s] -- Up-to-date: /home/usernamerahul/agv_ws/install/agv_description/share/agv_description/worlds/warehouse.world
[0.214s] -- Up-to-date: /home/usernamerahul/agv_ws/install/agv_description/share/agv_description/config
[0.214s] -- Installing: /home/usernamerahul/agv_ws/install/agv_description/share/agv_description/config/bridge.yaml
[0.215s] -- Up-to-date: /home/usernamerahul/agv_ws/install/agv_description/share/agv_description/config/ekf.yaml
[0.215s] -- Installing: /home/usernamerahul/agv_ws/install/agv_description/share/agv_description/config/agv.rviz
[0.217s] -- Up-to-date: /home/usernamerahul/agv_ws/install/agv_description/share/agv_description/config/mapper_params.yaml
[0.217s] -- Up-to-date: /home/usernamerahul/agv_ws/install/agv_description/share/ament_index/resource_index/package_run_dependencies/agv_description
[0.218s] -- Up-to-date: /home/usernamerahul/agv_ws/install/agv_description/share/ament_index/resource_index/parent_prefix_path/agv_description
[0.218s] -- Up-to-date: /home/usernamerahul/agv_ws/install/agv_description/share/agv_description/environment/ament_prefix_path.sh
[0.219s] -- Up-to-date: /home/usernamerahul/agv_ws/install/agv_description/share/agv_description/environment/ament_prefix_path.dsv
[0.220s] -- Up-to-date: /home/usernamerahul/agv_ws/install/agv_description/share/agv_description/environment/path.sh
[0.220s] -- Up-to-date: /home/usernamerahul/agv_ws/install/agv_description/share/agv_description/environment/path.dsv
[0.220s] -- Up-to-date: /home/usernamerahul/agv_ws/install/agv_description/share/agv_description/local_setup.bash
[0.220s] -- Up-to-date: /home/usernamerahul/agv_ws/install/agv_description/share/agv_description/local_setup.sh
[0.220s] -- Up-to-date: /home/usernamerahul/agv_ws/install/agv_description/share/agv_description/local_setup.zsh
[0.220s] -- Up-to-date: /home/usernamerahul/agv_ws/install/agv_description/share/agv_description/local_setup.dsv
[0.220s] -- Installing: /home/usernamerahul/agv_ws/install/agv_description/share/agv_description/package.dsv
[0.221s] -- Up-to-date: /home/usernamerahul/agv_ws/install/agv_description/share/ament_index/resource_index/packages/agv_description
[0.221s] -- Up-to-date: /home/usernamerahul/agv_ws/install/agv_description/share/agv_description/cmake/agv_descriptionConfig.cmake
[0.221s] -- Up-to-date: /home/usernamerahul/agv_ws/install/agv_description/share/agv_description/cmake/agv_descriptionConfig-version.cmake
[0.221s] -- Up-to-date: /home/usernamerahul/agv_ws/install/agv_description/share/agv_description/package.xml
[0.224s] Invoked command in '/home/usernamerahul/agv_ws/build/agv_description' returned '0': CMAKE_PREFIX_PATH=${CMAKE_PREFIX_PATH}:/home/usernamerahul/agv_ws/install/agv_vision:/home/usernamerahul/agv_ws/install/agv_navigation:/home/usernamerahul/ros2_ws/install/my_robot_controller:/opt/ros/jazzy /usr/bin/cmake --install /home/usernamerahul/agv_ws/build/agv_description
