[0.378s] Invoking command in '/home/usernamerahul/agv_ws/build/agv_description': AMENT_PREFIX_PATH=/home/usernamerahul/agv_ws/install/explore_lite:/home/usernamerahul/agv_ws/install/explore_lite_msgs:${AMENT_PREFIX_PATH} CMAKE_PREFIX_PATH=/home/usernamerahul/agv_ws/install/explore_lite:/home/usernamerahul/agv_ws/install/explore_lite_msgs:/opt/ros/jazzy/opt/gz_sim_vendor:/opt/ros/jazzy/opt/gz_sensors_vendor:/opt/ros/jazzy/opt/gz_physics_vendor:/opt/ros/jazzy/opt/sdformat_vendor:/opt/ros/jazzy/opt/gz_gui_vendor:/opt/ros/jazzy/opt/gz_transport_vendor:/opt/ros/jazzy/opt/gz_rendering_vendor:/opt/ros/jazzy/opt/gz_plugin_vendor:/opt/ros/jazzy/opt/gz_fuel_tools_vendor:/opt/ros/jazzy/opt/gz_msgs_vendor:/opt/ros/jazzy/opt/gz_common_vendor:/opt/ros/jazzy/opt/gz_math_vendor:/opt/ros/jazzy/opt/gz_utils_vendor:/opt/ros/jazzy/opt/gz_tools_vendor:/opt/ros/jazzy/opt/gz_ogre_next_vendor:/opt/ros/jazzy/opt/gz_dartsim_vendor:/opt/ros/jazzy/opt/gz_cmake_vendor:/home/usernamerahul/ros2_ws/install/my_robot_controller:/opt/ros/jazzy LD_LIBRARY_PATH=/home/usernamerahul/agv_ws/install/explore_lite_msgs/lib:${LD_LIBRARY_PATH} PYTHONPATH=/home/usernamerahul/agv_ws/install/explore_lite_msgs/lib/python3.12/site-packages:${PYTHONPATH} /usr/bin/cmake --build /home/usernamerahul/agv_ws/build/agv_description -- -j8 -l8
[0.434s] Invoked command in '/home/usernamerahul/agv_ws/build/agv_description' returned '0': AMENT_PREFIX_PATH=/home/usernamerahul/agv_ws/install/explore_lite:/home/usernamerahul/agv_ws/install/explore_lite_msgs:${AMENT_PREFIX_PATH} CMAKE_PREFIX_PATH=/home/usernamerahul/agv_ws/install/explore_lite:/home/usernamerahul/agv_ws/install/explore_lite_msgs:/opt/ros/jazzy/opt/gz_sim_vendor:/opt/ros/jazzy/opt/gz_sensors_vendor:/opt/ros/jazzy/opt/gz_physics_vendor:/opt/ros/jazzy/opt/sdformat_vendor:/opt/ros/jazzy/opt/gz_gui_vendor:/opt/ros/jazzy/opt/gz_transport_vendor:/opt/ros/jazzy/opt/gz_rendering_vendor:/opt/ros/jazzy/opt/gz_plugin_vendor:/opt/ros/jazzy/opt/gz_fuel_tools_vendor:/opt/ros/jazzy/opt/gz_msgs_vendor:/opt/ros/jazzy/opt/gz_common_vendor:/opt/ros/jazzy/opt/gz_math_vendor:/opt/ros/jazzy/opt/gz_utils_vendor:/opt/ros/jazzy/opt/gz_tools_vendor:/opt/ros/jazzy/opt/gz_ogre_next_vendor:/opt/ros/jazzy/opt/gz_dartsim_vendor:/opt/ros/jazzy/opt/gz_cmake_vendor:/home/usernamerahul/ros2_ws/install/my_robot_controller:/opt/ros/jazzy LD_LIBRARY_PATH=/home/usernamerahul/agv_ws/install/explore_lite_msgs/lib:${LD_LIBRARY_PATH} PYTHONPATH=/home/usernamerahul/agv_ws/install/explore_lite_msgs/lib/python3.12/site-packages:${PYTHONPATH} /usr/bin/cmake --build /home/usernamerahul/agv_ws/build/agv_description -- -j8 -l8
[0.449s] Invoking command in '/home/usernamerahul/agv_ws/build/agv_description': AMENT_PREFIX_PATH=/home/usernamerahul/agv_ws/install/explore_lite:/home/usernamerahul/agv_ws/install/explore_lite_msgs:${AMENT_PREFIX_PATH} CMAKE_PREFIX_PATH=/home/usernamerahul/agv_ws/install/explore_lite:/home/usernamerahul/agv_ws/install/explore_lite_msgs:/opt/ros/jazzy/opt/gz_sim_vendor:/opt/ros/jazzy/opt/gz_sensors_vendor:/opt/ros/jazzy/opt/gz_physics_vendor:/opt/ros/jazzy/opt/sdformat_vendor:/opt/ros/jazzy/opt/gz_gui_vendor:/opt/ros/jazzy/opt/gz_transport_vendor:/opt/ros/jazzy/opt/gz_rendering_vendor:/opt/ros/jazzy/opt/gz_plugin_vendor:/opt/ros/jazzy/opt/gz_fuel_tools_vendor:/opt/ros/jazzy/opt/gz_msgs_vendor:/opt/ros/jazzy/opt/gz_common_vendor:/opt/ros/jazzy/opt/gz_math_vendor:/opt/ros/jazzy/opt/gz_utils_vendor:/opt/ros/jazzy/opt/gz_tools_vendor:/opt/ros/jazzy/opt/gz_ogre_next_vendor:/opt/ros/jazzy/opt/gz_dartsim_vendor:/opt/ros/jazzy/opt/gz_cmake_vendor:/home/usernamerahul/ros2_ws/install/my_robot_controller:/opt/ros/jazzy LD_LIBRARY_PATH=/home/usernamerahul/agv_ws/install/explore_lite_msgs/lib:${LD_LIBRARY_PATH} PYTHONPATH=/home/usernamerahul/agv_ws/install/explore_lite_msgs/lib/python3.12/site-packages:${PYTHONPATH} /usr/bin/cmake --install /home/usernamerahul/agv_ws/build/agv_description
[0.460s] -- Install configuration: ""
[0.460s] -- Execute custom install script
[0.464s] -- Up-to-date symlink: /home/usernamerahul/agv_ws/install/agv_description/share/agv_description/launch/__pycache__/master_launch.cpython-312.pyc
[0.464s] -- Up-to-date symlink: /home/usernamerahul/agv_ws/install/agv_description/share/agv_description/launch/__pycache__/slam_launch.cpython-312.pyc
[0.464s] -- Up-to-date symlink: /home/usernamerahul/agv_ws/install/agv_description/share/agv_description/launch/display.launch.py
[0.465s] -- Up-to-date symlink: /home/usernamerahul/agv_ws/install/agv_description/share/agv_description/launch/explore_launch.py
[0.465s] -- Up-to-date symlink: /home/usernamerahul/agv_ws/install/agv_description/share/agv_description/launch/gazebo.launch.py
[0.465s] -- Up-to-date symlink: /home/usernamerahul/agv_ws/install/agv_description/share/agv_description/launch/navigation_launch.py
[0.465s] -- Up-to-date symlink: /home/usernamerahul/agv_ws/install/agv_description/share/agv_description/launch/slam_launch.py
[0.465s] -- Up-to-date symlink: /home/usernamerahul/agv_ws/install/agv_description/share/agv_description/urdf/warehouse_agv.urdf
[0.465s] -- Up-to-date symlink: /home/usernamerahul/agv_ws/install/agv_description/share/agv_description/worlds/warehouse.world
[0.466s] -- Up-to-date symlink: /home/usernamerahul/agv_ws/install/agv_description/share/agv_description/config/agv.rviz
[0.466s] -- Symlinking: /home/usernamerahul/agv_ws/install/agv_description/share/agv_description/config/agv_explore.rviz
[0.478s] -- Symlinking: /home/usernamerahul/agv_ws/install/agv_description/share/agv_description/config/agv_nav.rviz
[0.490s] -- Up-to-date symlink: /home/usernamerahul/agv_ws/install/agv_description/share/agv_description/config/bridge.yaml
[0.491s] -- Up-to-date symlink: /home/usernamerahul/agv_ws/install/agv_description/share/agv_description/config/ekf.yaml
[0.491s] -- Up-to-date symlink: /home/usernamerahul/agv_ws/install/agv_description/share/agv_description/config/mapper_params.yaml
[0.491s] -- Up-to-date symlink: /home/usernamerahul/agv_ws/install/agv_description/share/agv_description/config/nav2_params.yaml
[0.491s] -- Up-to-date symlink: /home/usernamerahul/agv_ws/install/agv_description/share/agv_description/config/nav2_params_explore.yaml
[0.491s] -- Up-to-date symlink: /home/usernamerahul/agv_ws/install/agv_description/share/agv_description/scripts/debug_topics.py
[0.492s] -- Up-to-date symlink: /home/usernamerahul/agv_ws/install/agv_description/share/agv_description/scripts/inspect_topics.py
[0.492s] -- Up-to-date symlink: /home/usernamerahul/agv_ws/install/agv_description/share/agv_description/scripts/save_map.sh
[0.492s] -- Up-to-date symlink: /home/usernamerahul/agv_ws/install/agv_description/share/agv_description/scripts/save_map.sh
[0.492s] -- Up-to-date symlink: /home/usernamerahul/agv_ws/install/agv_description/share/ament_index/resource_index/package_run_dependencies/agv_description
[0.492s] -- Up-to-date symlink: /home/usernamerahul/agv_ws/install/agv_description/share/ament_index/resource_index/parent_prefix_path/agv_description
[0.493s] -- Up-to-date symlink: /home/usernamerahul/agv_ws/install/agv_description/share/agv_description/environment/ament_prefix_path.sh
[0.493s] -- Up-to-date symlink: /home/usernamerahul/agv_ws/install/agv_description/share/agv_description/environment/ament_prefix_path.dsv
[0.493s] -- Up-to-date symlink: /home/usernamerahul/agv_ws/install/agv_description/share/agv_description/environment/path.sh
[0.493s] -- Up-to-date symlink: /home/usernamerahul/agv_ws/install/agv_description/share/agv_description/environment/path.dsv
[0.494s] -- Up-to-date symlink: /home/usernamerahul/agv_ws/install/agv_description/share/agv_description/local_setup.bash
[0.494s] -- Up-to-date symlink: /home/usernamerahul/agv_ws/install/agv_description/share/agv_description/local_setup.sh
[0.494s] -- Up-to-date symlink: /home/usernamerahul/agv_ws/install/agv_description/share/agv_description/local_setup.zsh
[0.495s] -- Up-to-date symlink: /home/usernamerahul/agv_ws/install/agv_description/share/agv_description/local_setup.dsv
[0.495s] -- Symlinking: /home/usernamerahul/agv_ws/install/agv_description/share/agv_description/package.dsv
[0.506s] -- Up-to-date symlink: /home/usernamerahul/agv_ws/install/agv_description/share/ament_index/resource_index/packages/agv_description
[0.507s] -- Up-to-date symlink: /home/usernamerahul/agv_ws/install/agv_description/share/agv_description/cmake/agv_descriptionConfig.cmake
[0.507s] -- Up-to-date symlink: /home/usernamerahul/agv_ws/install/agv_description/share/agv_description/cmake/agv_descriptionConfig-version.cmake
[0.507s] -- Up-to-date symlink: /home/usernamerahul/agv_ws/install/agv_description/share/agv_description/package.xml
[0.510s] Invoked command in '/home/usernamerahul/agv_ws/build/agv_description' returned '0': AMENT_PREFIX_PATH=/home/usernamerahul/agv_ws/install/explore_lite:/home/usernamerahul/agv_ws/install/explore_lite_msgs:${AMENT_PREFIX_PATH} CMAKE_PREFIX_PATH=/home/usernamerahul/agv_ws/install/explore_lite:/home/usernamerahul/agv_ws/install/explore_lite_msgs:/opt/ros/jazzy/opt/gz_sim_vendor:/opt/ros/jazzy/opt/gz_sensors_vendor:/opt/ros/jazzy/opt/gz_physics_vendor:/opt/ros/jazzy/opt/sdformat_vendor:/opt/ros/jazzy/opt/gz_gui_vendor:/opt/ros/jazzy/opt/gz_transport_vendor:/opt/ros/jazzy/opt/gz_rendering_vendor:/opt/ros/jazzy/opt/gz_plugin_vendor:/opt/ros/jazzy/opt/gz_fuel_tools_vendor:/opt/ros/jazzy/opt/gz_msgs_vendor:/opt/ros/jazzy/opt/gz_common_vendor:/opt/ros/jazzy/opt/gz_math_vendor:/opt/ros/jazzy/opt/gz_utils_vendor:/opt/ros/jazzy/opt/gz_tools_vendor:/opt/ros/jazzy/opt/gz_ogre_next_vendor:/opt/ros/jazzy/opt/gz_dartsim_vendor:/opt/ros/jazzy/opt/gz_cmake_vendor:/home/usernamerahul/ros2_ws/install/my_robot_controller:/opt/ros/jazzy LD_LIBRARY_PATH=/home/usernamerahul/agv_ws/install/explore_lite_msgs/lib:${LD_LIBRARY_PATH} PYTHONPATH=/home/usernamerahul/agv_ws/install/explore_lite_msgs/lib/python3.12/site-packages:${PYTHONPATH} /usr/bin/cmake --install /home/usernamerahul/agv_ws/build/agv_description
