[0.624s] Invoking command in '/home/usernamerahul/agv_ws/build/multirobot_map_merge': CMAKE_PREFIX_PATH=${CMAKE_PREFIX_PATH}:/home/usernamerahul/agv_ws/install/agv_vision:/home/usernamerahul/agv_ws/install/agv_navigation:/home/usernamerahul/ros2_ws/install/my_robot_controller:/opt/ros/jazzy /usr/bin/cmake --build /home/usernamerahul/agv_ws/build/multirobot_map_merge -- -j8 -l8
[0.718s] [ 16%] Built target gtest_main
[0.718s] [ 33%] Built target gtest
[0.730s] [ 66%] Built target combine_grids
[0.794s] [ 83%] Built target test_merging_pipeline
[0.804s] [100%] Built target map_merge
[0.825s] Invoked command in '/home/usernamerahul/agv_ws/build/multirobot_map_merge' returned '0': CMAKE_PREFIX_PATH=${CMAKE_PREFIX_PATH}:/home/usernamerahul/agv_ws/install/agv_vision:/home/usernamerahul/agv_ws/install/agv_navigation:/home/usernamerahul/ros2_ws/install/my_robot_controller:/opt/ros/jazzy /usr/bin/cmake --build /home/usernamerahul/agv_ws/build/multirobot_map_merge -- -j8 -l8
[0.827s] Invoking command in '/home/usernamerahul/agv_ws/build/multirobot_map_merge': CMAKE_PREFIX_PATH=${CMAKE_PREFIX_PATH}:/home/usernamerahul/agv_ws/install/agv_vision:/home/usernamerahul/agv_ws/install/agv_navigation:/home/usernamerahul/ros2_ws/install/my_robot_controller:/opt/ros/jazzy /usr/bin/cmake --install /home/usernamerahul/agv_ws/build/multirobot_map_merge
[0.840s] -- Install configuration: ""
[0.840s] -- Up-to-date: /home/usernamerahul/agv_ws/install/multirobot_map_merge/include/map_merge/
[0.840s] -- Up-to-date: /home/usernamerahul/agv_ws/install/multirobot_map_merge/include/map_merge//ros1_names.hpp
[0.840s] -- Up-to-date: /home/usernamerahul/agv_ws/install/multirobot_map_merge/include/map_merge//map_merge.h
[0.841s] -- Up-to-date: /home/usernamerahul/agv_ws/install/multirobot_map_merge/share/multirobot_map_merge/launch
[0.841s] -- Up-to-date: /home/usernamerahul/agv_ws/install/multirobot_map_merge/share/multirobot_map_merge/launch/map_merge.rviz
[0.841s] -- Up-to-date: /home/usernamerahul/agv_ws/install/multirobot_map_merge/share/multirobot_map_merge/launch/map_merge.launch.py
[0.842s] -- Up-to-date: /home/usernamerahul/agv_ws/install/multirobot_map_merge/share/multirobot_map_merge/launch/tb3_simulation
[0.842s] -- Up-to-date: /home/usernamerahul/agv_ws/install/multirobot_map_merge/share/multirobot_map_merge/launch/tb3_simulation/tb3_simulation_launch.py
[0.842s] -- Up-to-date: /home/usernamerahul/agv_ws/install/multirobot_map_merge/share/multirobot_map_merge/launch/tb3_simulation/bringup_launch.py
[0.844s] -- Up-to-date: /home/usernamerahul/agv_ws/install/multirobot_map_merge/share/multirobot_map_merge/launch/tb3_simulation/config
[0.844s] -- Up-to-date: /home/usernamerahul/agv_ws/install/multirobot_map_merge/share/multirobot_map_merge/launch/tb3_simulation/config/nav2_multirobot_params_1.yaml
[0.844s] -- Up-to-date: /home/usernamerahul/agv_ws/install/multirobot_map_merge/share/multirobot_map_merge/launch/tb3_simulation/config/nav2_multirobot_params_2.yaml
[0.844s] -- Up-to-date: /home/usernamerahul/agv_ws/install/multirobot_map_merge/share/multirobot_map_merge/launch/tb3_simulation/worlds
[0.845s] -- Up-to-date: /home/usernamerahul/agv_ws/install/multirobot_map_merge/share/multirobot_map_merge/launch/tb3_simulation/worlds/world_only.model
[0.845s] -- Up-to-date: /home/usernamerahul/agv_ws/install/multirobot_map_merge/share/multirobot_map_merge/launch/tb3_simulation/multi_tb3_simulation_launch.py
[0.845s] -- Up-to-date: /home/usernamerahul/agv_ws/install/multirobot_map_merge/share/multirobot_map_merge/launch/tb3_simulation/slam_toolbox.py
[0.845s] -- Up-to-date: /home/usernamerahul/agv_ws/install/multirobot_map_merge/share/multirobot_map_merge/launch/from_map_server.launch.py
[0.845s] -- Up-to-date: /home/usernamerahul/agv_ws/install/multirobot_map_merge/share/multirobot_map_merge/config
[0.845s] -- Up-to-date: /home/usernamerahul/agv_ws/install/multirobot_map_merge/share/multirobot_map_merge/config/params.yaml
[0.846s] -- Up-to-date: /home/usernamerahul/agv_ws/install/multirobot_map_merge/lib/libcombine_grids.a
[0.846s] -- Up-to-date: /home/usernamerahul/agv_ws/install/multirobot_map_merge/lib/multirobot_map_merge/map_merge
[0.846s] -- Up-to-date: /home/usernamerahul/agv_ws/install/multirobot_map_merge/share/multirobot_map_merge/environment/library_path.sh
[0.847s] -- Up-to-date: /home/usernamerahul/agv_ws/install/multirobot_map_merge/share/multirobot_map_merge/environment/library_path.dsv
[0.847s] -- Up-to-date: /home/usernamerahul/agv_ws/install/multirobot_map_merge/share/ament_index/resource_index/package_run_dependencies/multirobot_map_merge
[0.847s] -- Up-to-date: /home/usernamerahul/agv_ws/install/multirobot_map_merge/share/ament_index/resource_index/parent_prefix_path/multirobot_map_merge
[0.847s] -- Up-to-date: /home/usernamerahul/agv_ws/install/multirobot_map_merge/share/multirobot_map_merge/environment/ament_prefix_path.sh
[0.848s] -- Up-to-date: /home/usernamerahul/agv_ws/install/multirobot_map_merge/share/multirobot_map_merge/environment/ament_prefix_path.dsv
[0.848s] -- Up-to-date: /home/usernamerahul/agv_ws/install/multirobot_map_merge/share/multirobot_map_merge/environment/path.sh
[0.848s] -- Up-to-date: /home/usernamerahul/agv_ws/install/multirobot_map_merge/share/multirobot_map_merge/environment/path.dsv
[0.848s] -- Up-to-date: /home/usernamerahul/agv_ws/install/multirobot_map_merge/share/multirobot_map_merge/local_setup.bash
[0.849s] -- Up-to-date: /home/usernamerahul/agv_ws/install/multirobot_map_merge/share/multirobot_map_merge/local_setup.sh
[0.849s] -- Up-to-date: /home/usernamerahul/agv_ws/install/multirobot_map_merge/share/multirobot_map_merge/local_setup.zsh
[0.850s] -- Up-to-date: /home/usernamerahul/agv_ws/install/multirobot_map_merge/share/multirobot_map_merge/local_setup.dsv
[0.850s] -- Installing: /home/usernamerahul/agv_ws/install/multirobot_map_merge/share/multirobot_map_merge/package.dsv
[0.851s] -- Up-to-date: /home/usernamerahul/agv_ws/install/multirobot_map_merge/share/ament_index/resource_index/packages/multirobot_map_merge
[0.852s] -- Up-to-date: /home/usernamerahul/agv_ws/install/multirobot_map_merge/share/multirobot_map_merge/cmake/ament_cmake_export_include_directories-extras.cmake
[0.852s] -- Up-to-date: /home/usernamerahul/agv_ws/install/multirobot_map_merge/share/multirobot_map_merge/cmake/ament_cmake_export_libraries-extras.cmake
[0.852s] -- Up-to-date: /home/usernamerahul/agv_ws/install/multirobot_map_merge/share/multirobot_map_merge/cmake/multirobot_map_mergeConfig.cmake
[0.853s] -- Up-to-date: /home/usernamerahul/agv_ws/install/multirobot_map_merge/share/multirobot_map_merge/cmake/multirobot_map_mergeConfig-version.cmake
[0.853s] -- Up-to-date: /home/usernamerahul/agv_ws/install/multirobot_map_merge/share/multirobot_map_merge/package.xml
[0.854s] Invoked command in '/home/usernamerahul/agv_ws/build/multirobot_map_merge' returned '0': CMAKE_PREFIX_PATH=${CMAKE_PREFIX_PATH}:/home/usernamerahul/agv_ws/install/agv_vision:/home/usernamerahul/agv_ws/install/agv_navigation:/home/usernamerahul/ros2_ws/install/my_robot_controller:/opt/ros/jazzy /usr/bin/cmake --install /home/usernamerahul/agv_ws/build/multirobot_map_merge
