[0.021s] Invoking command in '/home/usernamerahul/agv_ws/build/agv_description': CMAKE_PREFIX_PATH=${CMAKE_PREFIX_PATH}:/home/usernamerahul/ros2_ws/install/my_robot_controller:/opt/ros/jazzy /usr/bin/cmake --build /home/usernamerahul/agv_ws/build/agv_description -- -j8 -l8
[0.149s] -- Found ament_cmake: 2.5.4 (/opt/ros/jazzy/share/ament_cmake/cmake)
[0.429s] -- Found ament_lint_auto: 0.17.3 (/opt/ros/jazzy/share/ament_lint_auto/cmake)
[0.566s] -- Added test 'flake8' to check Python code syntax and style conventions
[0.567s] -- Configured 'flake8' exclude dirs and/or files: 
[0.568s] -- Added test 'lint_cmake' to check CMake code style
[0.569s] -- Added test 'pep257' to check Python code against some of the docstring style conventions in PEP 257
[0.572s] -- Added test 'xmllint' to check XML markup files
[0.574s] -- Configuring done (0.4s)
[0.587s] -- Generating done (0.0s)
[0.590s] -- Build files have been written to: /home/usernamerahul/agv_ws/build/agv_description
[0.623s] Invoked command in '/home/usernamerahul/agv_ws/build/agv_description' returned '0': CMAKE_PREFIX_PATH=${CMAKE_PREFIX_PATH}:/home/usernamerahul/ros2_ws/install/my_robot_controller:/opt/ros/jazzy /usr/bin/cmake --build /home/usernamerahul/agv_ws/build/agv_description -- -j8 -l8
[0.635s] Invoking command in '/home/usernamerahul/agv_ws/build/agv_description': CMAKE_PREFIX_PATH=${CMAKE_PREFIX_PATH}:/home/usernamerahul/ros2_ws/install/my_robot_controller:/opt/ros/jazzy /usr/bin/cmake --install /home/usernamerahul/agv_ws/build/agv_description
[0.642s] -- Install configuration: ""
[0.642s] -- Up-to-date: /home/usernamerahul/agv_ws/install/agv_description/share/agv_description/launch
[0.643s] -- Up-to-date: /home/usernamerahul/agv_ws/install/agv_description/share/agv_description/launch/__pycache__
[0.643s] -- Up-to-date: /home/usernamerahul/agv_ws/install/agv_description/share/agv_description/launch/__pycache__/master_launch.cpython-312.pyc
[0.643s] -- Installing: /home/usernamerahul/agv_ws/install/agv_description/share/agv_description/launch/__pycache__/slam_launch.cpython-312.pyc
[0.643s] -- Installing: /home/usernamerahul/agv_ws/install/agv_description/share/agv_description/launch/gazebo.launch.py
[0.644s] -- Up-to-date: /home/usernamerahul/agv_ws/install/agv_description/share/agv_description/launch/slam_launch.py
[0.644s] -- Up-to-date: /home/usernamerahul/agv_ws/install/agv_description/share/agv_description/launch/display.launch.py
[0.644s] -- Up-to-date: /home/usernamerahul/agv_ws/install/agv_description/share/agv_description/urdf
[0.644s] -- Installing: /home/usernamerahul/agv_ws/install/agv_description/share/agv_description/urdf/warehouse_agv.urdf
[0.644s] -- Up-to-date: /home/usernamerahul/agv_ws/install/agv_description/share/agv_description/worlds
[0.644s] -- Up-to-date: /home/usernamerahul/agv_ws/install/agv_description/share/agv_description/worlds/warehouse.world
[0.644s] -- Up-to-date: /home/usernamerahul/agv_ws/install/agv_description/share/agv_description/config
[0.645s] -- Installing: /home/usernamerahul/agv_ws/install/agv_description/share/agv_description/config/bridge.yaml
[0.645s] -- Installing: /home/usernamerahul/agv_ws/install/agv_description/share/agv_description/config/ekf.yaml
[0.645s] -- Up-to-date: /home/usernamerahul/agv_ws/install/agv_description/share/agv_description/config/agv.rviz
[0.645s] -- Up-to-date: /home/usernamerahul/agv_ws/install/agv_description/share/agv_description/config/mapper_params.yaml
[0.645s] -- Installing: /home/usernamerahul/agv_ws/install/agv_description/share/ament_index/resource_index/package_run_dependencies/agv_description
[0.646s] -- Installing: /home/usernamerahul/agv_ws/install/agv_description/share/ament_index/resource_index/parent_prefix_path/agv_description
[0.646s] -- Up-to-date: /home/usernamerahul/agv_ws/install/agv_description/share/agv_description/environment/ament_prefix_path.sh
[0.646s] -- Up-to-date: /home/usernamerahul/agv_ws/install/agv_description/share/agv_description/environment/ament_prefix_path.dsv
[0.646s] -- Up-to-date: /home/usernamerahul/agv_ws/install/agv_description/share/agv_description/environment/path.sh
[0.646s] -- Up-to-date: /home/usernamerahul/agv_ws/install/agv_description/share/agv_description/environment/path.dsv
[0.646s] -- Up-to-date: /home/usernamerahul/agv_ws/install/agv_description/share/agv_description/local_setup.bash
[0.647s] -- Up-to-date: /home/usernamerahul/agv_ws/install/agv_description/share/agv_description/local_setup.sh
[0.647s] -- Up-to-date: /home/usernamerahul/agv_ws/install/agv_description/share/agv_description/local_setup.zsh
[0.647s] -- Up-to-date: /home/usernamerahul/agv_ws/install/agv_description/share/agv_description/local_setup.dsv
[0.647s] -- Installing: /home/usernamerahul/agv_ws/install/agv_description/share/agv_description/package.dsv
[0.647s] -- Up-to-date: /home/usernamerahul/agv_ws/install/agv_description/share/ament_index/resource_index/packages/agv_description
[0.647s] -- Up-to-date: /home/usernamerahul/agv_ws/install/agv_description/share/agv_description/cmake/agv_descriptionConfig.cmake
[0.647s] -- Up-to-date: /home/usernamerahul/agv_ws/install/agv_description/share/agv_description/cmake/agv_descriptionConfig-version.cmake
[0.647s] -- Installing: /home/usernamerahul/agv_ws/install/agv_description/share/agv_description/package.xml
[0.650s] Invoked command in '/home/usernamerahul/agv_ws/build/agv_description' returned '0': CMAKE_PREFIX_PATH=${CMAKE_PREFIX_PATH}:/home/usernamerahul/ros2_ws/install/my_robot_controller:/opt/ros/jazzy /usr/bin/cmake --install /home/usernamerahul/agv_ws/build/agv_description
