[0.019s] Invoking command in '/home/usernamerahul/agv_ws/build/agv_description': CMAKE_PREFIX_PATH=${CMAKE_PREFIX_PATH}:/home/usernamerahul/agv_ws/install/agv_vision:/home/usernamerahul/agv_ws/install/agv_navigation:/home/usernamerahul/ros2_ws/install/my_robot_controller:/opt/ros/jazzy /usr/bin/cmake --build /home/usernamerahul/agv_ws/build/agv_description -- -j8 -l8
[0.078s] -- Found ament_cmake: 2.5.4 (/opt/ros/jazzy/share/ament_cmake/cmake)
[0.322s] -- Found ament_lint_auto: 0.17.3 (/opt/ros/jazzy/share/ament_lint_auto/cmake)
[0.432s] -- Added test 'flake8' to check Python code syntax and style conventions
[0.433s] -- Configured 'flake8' exclude dirs and/or files: 
[0.433s] -- Added test 'lint_cmake' to check CMake code style
[0.434s] -- Added test 'pep257' to check Python code against some of the docstring style conventions in PEP 257
[0.436s] -- Added test 'xmllint' to check XML markup files
[0.438s] -- Configuring done (0.4s)
[0.459s] -- Generating done (0.0s)
[0.464s] -- Build files have been written to: /home/usernamerahul/agv_ws/build/agv_description
[0.490s] Invoked command in '/home/usernamerahul/agv_ws/build/agv_description' returned '0': CMAKE_PREFIX_PATH=${CMAKE_PREFIX_PATH}:/home/usernamerahul/agv_ws/install/agv_vision:/home/usernamerahul/agv_ws/install/agv_navigation:/home/usernamerahul/ros2_ws/install/my_robot_controller:/opt/ros/jazzy /usr/bin/cmake --build /home/usernamerahul/agv_ws/build/agv_description -- -j8 -l8
[0.502s] Invoking command in '/home/usernamerahul/agv_ws/build/agv_description': CMAKE_PREFIX_PATH=${CMAKE_PREFIX_PATH}:/home/usernamerahul/agv_ws/install/agv_vision:/home/usernamerahul/agv_ws/install/agv_navigation:/home/usernamerahul/ros2_ws/install/my_robot_controller:/opt/ros/jazzy /usr/bin/cmake --install /home/usernamerahul/agv_ws/build/agv_description
[0.510s] -- Install configuration: ""
[0.510s] -- Up-to-date: /home/usernamerahul/agv_ws/install/agv_description/share/agv_description/launch
[0.510s] -- Up-to-date: /home/usernamerahul/agv_ws/install/agv_description/share/agv_description/launch/__pycache__
[0.511s] -- Up-to-date: /home/usernamerahul/agv_ws/install/agv_description/share/agv_description/launch/__pycache__/master_launch.cpython-312.pyc
[0.511s] -- Up-to-date: /home/usernamerahul/agv_ws/install/agv_description/share/agv_description/launch/__pycache__/slam_launch.cpython-312.pyc
[0.511s] -- Up-to-date: /home/usernamerahul/agv_ws/install/agv_description/share/agv_description/launch/gazebo.launch.py
[0.511s] -- Installing: /home/usernamerahul/agv_ws/install/agv_description/share/agv_description/launch/slam_launch.py
[0.511s] -- Up-to-date: /home/usernamerahul/agv_ws/install/agv_description/share/agv_description/launch/display.launch.py
[0.511s] -- Up-to-date: /home/usernamerahul/agv_ws/install/agv_description/share/agv_description/urdf
[0.512s] -- Up-to-date: /home/usernamerahul/agv_ws/install/agv_description/share/agv_description/urdf/warehouse_agv.urdf
[0.512s] -- Up-to-date: /home/usernamerahul/agv_ws/install/agv_description/share/agv_description/worlds
[0.512s] -- Up-to-date: /home/usernamerahul/agv_ws/install/agv_description/share/agv_description/worlds/warehouse.world
[0.512s] -- Up-to-date: /home/usernamerahul/agv_ws/install/agv_description/share/agv_description/config
[0.512s] -- Up-to-date: /home/usernamerahul/agv_ws/install/agv_description/share/agv_description/config/bridge.yaml
[0.512s] -- Installing: /home/usernamerahul/agv_ws/install/agv_description/share/agv_description/config/agv.rviz
[0.512s] -- Installing: /home/usernamerahul/agv_ws/install/agv_description/share/agv_description/config/mapper_params.yaml
[0.512s] -- Installing: /home/usernamerahul/agv_ws/install/agv_description/share/ament_index/resource_index/package_run_dependencies/agv_description
[0.513s] -- Installing: /home/usernamerahul/agv_ws/install/agv_description/share/ament_index/resource_index/parent_prefix_path/agv_description
[0.513s] -- Up-to-date: /home/usernamerahul/agv_ws/install/agv_description/share/agv_description/environment/ament_prefix_path.sh
[0.513s] -- Up-to-date: /home/usernamerahul/agv_ws/install/agv_description/share/agv_description/environment/ament_prefix_path.dsv
[0.513s] -- Up-to-date: /home/usernamerahul/agv_ws/install/agv_description/share/agv_description/environment/path.sh
[0.513s] -- Up-to-date: /home/usernamerahul/agv_ws/install/agv_description/share/agv_description/environment/path.dsv
[0.513s] -- Up-to-date: /home/usernamerahul/agv_ws/install/agv_description/share/agv_description/local_setup.bash
[0.514s] -- Up-to-date: /home/usernamerahul/agv_ws/install/agv_description/share/agv_description/local_setup.sh
[0.514s] -- Up-to-date: /home/usernamerahul/agv_ws/install/agv_description/share/agv_description/local_setup.zsh
[0.514s] -- Up-to-date: /home/usernamerahul/agv_ws/install/agv_description/share/agv_description/local_setup.dsv
[0.514s] -- Installing: /home/usernamerahul/agv_ws/install/agv_description/share/agv_description/package.dsv
[0.514s] -- Up-to-date: /home/usernamerahul/agv_ws/install/agv_description/share/ament_index/resource_index/packages/agv_description
[0.515s] -- Up-to-date: /home/usernamerahul/agv_ws/install/agv_description/share/agv_description/cmake/agv_descriptionConfig.cmake
[0.515s] -- Up-to-date: /home/usernamerahul/agv_ws/install/agv_description/share/agv_description/cmake/agv_descriptionConfig-version.cmake
[0.515s] -- Installing: /home/usernamerahul/agv_ws/install/agv_description/share/agv_description/package.xml
[0.517s] Invoked command in '/home/usernamerahul/agv_ws/build/agv_description' returned '0': CMAKE_PREFIX_PATH=${CMAKE_PREFIX_PATH}:/home/usernamerahul/agv_ws/install/agv_vision:/home/usernamerahul/agv_ws/install/agv_navigation:/home/usernamerahul/ros2_ws/install/my_robot_controller:/opt/ros/jazzy /usr/bin/cmake --install /home/usernamerahul/agv_ws/build/agv_description
