[0.847s] DEBUG:colcon:Command line arguments: ['/usr/bin/colcon', 'build']
[0.848s] DEBUG:colcon:Parsed command line arguments: Namespace(log_base=None, log_level=None, verb_name='build', build_base='build', install_base='install', merge_install=False, symlink_install=False, test_result_base=None, continue_on_error=False, executor='parallel', parallel_workers=8, event_handlers=None, ignore_user_meta=False, metas=['./colcon.meta'], base_paths=['.'], packages_ignore=None, packages_ignore_regex=None, paths=None, packages_up_to=None, packages_up_to_regex=None, packages_above=None, packages_above_and_dependencies=None, packages_above_depth=None, packages_select_by_dep=None, packages_skip_by_dep=None, packages_skip_up_to=None, packages_select_build_failed=False, packages_skip_build_finished=False, packages_select_test_failures=False, packages_skip_test_passed=False, packages_select=None, packages_skip=None, packages_select_regex=None, packages_skip_regex=None, packages_start=None, packages_end=None, allow_overriding=[], cmake_args=None, cmake_target=None, cmake_target_skip_unavailable=False, cmake_clean_cache=False, cmake_clean_first=False, cmake_force_configure=False, ament_cmake_args=None, catkin_cmake_args=None, catkin_skip_building_tests=False, verb_parser=<colcon_defaults.argument_parser.defaults.DefaultArgumentsDecorator object at 0x78505bc63590>, verb_extension=<colcon_core.verb.build.BuildVerb object at 0x78505bc62c60>, main=<bound method BuildVerb.main of <colcon_core.verb.build.BuildVerb object at 0x78505bc62c60>>)
[0.986s] Level 1:colcon.colcon_core.package_discovery:discover_packages(colcon_meta) check parameters
[0.986s] Level 1:colcon.colcon_core.package_discovery:discover_packages(recursive) check parameters
[0.986s] Level 1:colcon.colcon_core.package_discovery:discover_packages(ignore) check parameters
[0.986s] Level 1:colcon.colcon_core.package_discovery:discover_packages(path) check parameters
[0.986s] Level 1:colcon.colcon_core.package_discovery:discover_packages(colcon_meta) discover
[0.987s] Level 1:colcon.colcon_core.package_discovery:discover_packages(recursive) discover
[0.987s] INFO:colcon.colcon_core.package_discovery:Crawling recursively for packages in '/home/usernamerahul/agv_ws'
[0.988s] Level 1:colcon.colcon_core.package_identification:_identify(.) by extensions ['ignore', 'ignore_ament_install']
[0.988s] Level 1:colcon.colcon_core.package_identification:_identify(.) by extension 'ignore'
[0.988s] Level 1:colcon.colcon_core.package_identification:_identify(.) by extension 'ignore_ament_install'
[0.988s] Level 1:colcon.colcon_core.package_identification:_identify(.) by extensions ['colcon_pkg']
[0.989s] Level 1:colcon.colcon_core.package_identification:_identify(.) by extension 'colcon_pkg'
[0.989s] Level 1:colcon.colcon_core.package_identification:_identify(.) by extensions ['colcon_meta']
[0.989s] Level 1:colcon.colcon_core.package_identification:_identify(.) by extension 'colcon_meta'
[0.989s] Level 1:colcon.colcon_core.package_identification:_identify(.) by extensions ['ros']
[0.989s] Level 1:colcon.colcon_core.package_identification:_identify(.) by extension 'ros'
[1.077s] Level 1:colcon.colcon_core.package_identification:_identify(.) by extensions ['cmake', 'python']
[1.077s] Level 1:colcon.colcon_core.package_identification:_identify(.) by extension 'cmake'
[1.077s] Level 1:colcon.colcon_core.package_identification:_identify(.) by extension 'python'
[1.077s] Level 1:colcon.colcon_core.package_identification:_identify(.) by extensions ['python_setup_py']
[1.077s] Level 1:colcon.colcon_core.package_identification:_identify(.) by extension 'python_setup_py'
[1.077s] Level 1:colcon.colcon_core.package_identification:_identify(build) by extensions ['ignore', 'ignore_ament_install']
[1.078s] Level 1:colcon.colcon_core.package_identification:_identify(build) by extension 'ignore'
[1.078s] Level 1:colcon.colcon_core.package_identification:_identify(build) ignored
[1.078s] Level 1:colcon.colcon_core.package_identification:_identify(install) by extensions ['ignore', 'ignore_ament_install']
[1.078s] Level 1:colcon.colcon_core.package_identification:_identify(install) by extension 'ignore'
[1.078s] Level 1:colcon.colcon_core.package_identification:_identify(install) ignored
[1.078s] Level 1:colcon.colcon_core.package_identification:_identify(log) by extensions ['ignore', 'ignore_ament_install']
[1.079s] Level 1:colcon.colcon_core.package_identification:_identify(log) by extension 'ignore'
[1.079s] Level 1:colcon.colcon_core.package_identification:_identify(log) ignored
[1.079s] Level 1:colcon.colcon_core.package_identification:_identify(src) by extensions ['ignore', 'ignore_ament_install']
[1.079s] Level 1:colcon.colcon_core.package_identification:_identify(src) by extension 'ignore'
[1.079s] Level 1:colcon.colcon_core.package_identification:_identify(src) by extension 'ignore_ament_install'
[1.079s] Level 1:colcon.colcon_core.package_identification:_identify(src) by extensions ['colcon_pkg']
[1.080s] Level 1:colcon.colcon_core.package_identification:_identify(src) by extension 'colcon_pkg'
[1.080s] Level 1:colcon.colcon_core.package_identification:_identify(src) by extensions ['colcon_meta']
[1.080s] Level 1:colcon.colcon_core.package_identification:_identify(src) by extension 'colcon_meta'
[1.080s] Level 1:colcon.colcon_core.package_identification:_identify(src) by extensions ['ros']
[1.080s] Level 1:colcon.colcon_core.package_identification:_identify(src) by extension 'ros'
[1.080s] Level 1:colcon.colcon_core.package_identification:_identify(src) by extensions ['cmake', 'python']
[1.080s] Level 1:colcon.colcon_core.package_identification:_identify(src) by extension 'cmake'
[1.080s] Level 1:colcon.colcon_core.package_identification:_identify(src) by extension 'python'
[1.080s] Level 1:colcon.colcon_core.package_identification:_identify(src) by extensions ['python_setup_py']
[1.080s] Level 1:colcon.colcon_core.package_identification:_identify(src) by extension 'python_setup_py'
[1.081s] Level 1:colcon.colcon_core.package_identification:_identify(src/agv_description) by extensions ['ignore', 'ignore_ament_install']
[1.081s] Level 1:colcon.colcon_core.package_identification:_identify(src/agv_description) by extension 'ignore'
[1.081s] Level 1:colcon.colcon_core.package_identification:_identify(src/agv_description) by extension 'ignore_ament_install'
[1.081s] Level 1:colcon.colcon_core.package_identification:_identify(src/agv_description) by extensions ['colcon_pkg']
[1.081s] Level 1:colcon.colcon_core.package_identification:_identify(src/agv_description) by extension 'colcon_pkg'
[1.081s] Level 1:colcon.colcon_core.package_identification:_identify(src/agv_description) by extensions ['colcon_meta']
[1.081s] Level 1:colcon.colcon_core.package_identification:_identify(src/agv_description) by extension 'colcon_meta'
[1.081s] Level 1:colcon.colcon_core.package_identification:_identify(src/agv_description) by extensions ['ros']
[1.081s] Level 1:colcon.colcon_core.package_identification:_identify(src/agv_description) by extension 'ros'
[1.090s] DEBUG:colcon.colcon_core.package_identification:Package 'src/agv_description' with type 'ros.ament_cmake' and name 'agv_description'
[1.091s] Level 1:colcon.colcon_core.package_identification:_identify(src/agv_navigation) by extensions ['ignore', 'ignore_ament_install']
[1.091s] Level 1:colcon.colcon_core.package_identification:_identify(src/agv_navigation) by extension 'ignore'
[1.091s] Level 1:colcon.colcon_core.package_identification:_identify(src/agv_navigation) by extension 'ignore_ament_install'
[1.091s] Level 1:colcon.colcon_core.package_identification:_identify(src/agv_navigation) by extensions ['colcon_pkg']
[1.091s] Level 1:colcon.colcon_core.package_identification:_identify(src/agv_navigation) by extension 'colcon_pkg'
[1.091s] Level 1:colcon.colcon_core.package_identification:_identify(src/agv_navigation) by extensions ['colcon_meta']
[1.091s] Level 1:colcon.colcon_core.package_identification:_identify(src/agv_navigation) by extension 'colcon_meta'
[1.091s] Level 1:colcon.colcon_core.package_identification:_identify(src/agv_navigation) by extensions ['ros']
[1.092s] Level 1:colcon.colcon_core.package_identification:_identify(src/agv_navigation) by extension 'ros'
[1.093s] DEBUG:colcon.colcon_core.package_identification:Package 'src/agv_navigation' with type 'ros.ament_python' and name 'agv_navigation'
[1.093s] Level 1:colcon.colcon_core.package_identification:_identify(src/agv_vision) by extensions ['ignore', 'ignore_ament_install']
[1.094s] Level 1:colcon.colcon_core.package_identification:_identify(src/agv_vision) by extension 'ignore'
[1.094s] Level 1:colcon.colcon_core.package_identification:_identify(src/agv_vision) by extension 'ignore_ament_install'
[1.094s] Level 1:colcon.colcon_core.package_identification:_identify(src/agv_vision) by extensions ['colcon_pkg']
[1.094s] Level 1:colcon.colcon_core.package_identification:_identify(src/agv_vision) by extension 'colcon_pkg'
[1.094s] Level 1:colcon.colcon_core.package_identification:_identify(src/agv_vision) by extensions ['colcon_meta']
[1.094s] Level 1:colcon.colcon_core.package_identification:_identify(src/agv_vision) by extension 'colcon_meta'
[1.094s] Level 1:colcon.colcon_core.package_identification:_identify(src/agv_vision) by extensions ['ros']
[1.095s] Level 1:colcon.colcon_core.package_identification:_identify(src/agv_vision) by extension 'ros'
[1.096s] DEBUG:colcon.colcon_core.package_identification:Package 'src/agv_vision' with type 'ros.ament_python' and name 'agv_vision'
[1.097s] Level 1:colcon.colcon_core.package_discovery:discover_packages(recursive) using defaults
[1.097s] Level 1:colcon.colcon_core.package_discovery:discover_packages(ignore) discover
[1.097s] Level 1:colcon.colcon_core.package_discovery:discover_packages(ignore) using defaults
[1.097s] Level 1:colcon.colcon_core.package_discovery:discover_packages(path) discover
[1.097s] Level 1:colcon.colcon_core.package_discovery:discover_packages(path) using defaults
[1.152s] Level 1:colcon.colcon_core.package_discovery:discover_packages(prefix_path) check parameters
[1.152s] Level 1:colcon.colcon_core.package_discovery:discover_packages(prefix_path) discover
[1.158s] DEBUG:colcon.colcon_installed_package_information.package_discovery:Found 3 installed packages in /home/usernamerahul/agv_ws/install
[1.159s] DEBUG:colcon.colcon_installed_package_information.package_discovery:Found 1 installed packages in /home/usernamerahul/ros2_ws/install
[1.162s] DEBUG:colcon.colcon_installed_package_information.package_discovery:Found 388 installed packages in /opt/ros/jazzy
[1.165s] Level 1:colcon.colcon_core.package_discovery:discover_packages(prefix_path) using defaults
[1.265s] Level 5:colcon.colcon_core.verb:set package 'agv_description' build argument 'cmake_args' from command line to 'None'
[1.266s] Level 5:colcon.colcon_core.verb:set package 'agv_description' build argument 'cmake_target' from command line to 'None'
[1.266s] Level 5:colcon.colcon_core.verb:set package 'agv_description' build argument 'cmake_target_skip_unavailable' from command line to 'False'
[1.266s] Level 5:colcon.colcon_core.verb:set package 'agv_description' build argument 'cmake_clean_cache' from command line to 'False'
[1.266s] Level 5:colcon.colcon_core.verb:set package 'agv_description' build argument 'cmake_clean_first' from command line to 'False'
[1.266s] Level 5:colcon.colcon_core.verb:set package 'agv_description' build argument 'cmake_force_configure' from command line to 'False'
[1.266s] Level 5:colcon.colcon_core.verb:set package 'agv_description' build argument 'ament_cmake_args' from command line to 'None'
[1.266s] Level 5:colcon.colcon_core.verb:set package 'agv_description' build argument 'catkin_cmake_args' from command line to 'None'
[1.266s] Level 5:colcon.colcon_core.verb:set package 'agv_description' build argument 'catkin_skip_building_tests' from command line to 'False'
[1.266s] DEBUG:colcon.colcon_core.verb:Building package 'agv_description' with the following arguments: {'ament_cmake_args': None, 'build_base': '/home/usernamerahul/agv_ws/build/agv_description', 'catkin_cmake_args': None, 'catkin_skip_building_tests': False, 'cmake_args': None, 'cmake_clean_cache': False, 'cmake_clean_first': False, 'cmake_force_configure': False, 'cmake_target': None, 'cmake_target_skip_unavailable': False, 'install_base': '/home/usernamerahul/agv_ws/install/agv_description', 'merge_install': False, 'path': '/home/usernamerahul/agv_ws/src/agv_description', 'symlink_install': False, 'test_result_base': None}
[1.266s] Level 5:colcon.colcon_core.verb:set package 'agv_navigation' build argument 'cmake_args' from command line to 'None'
[1.267s] Level 5:colcon.colcon_core.verb:set package 'agv_navigation' build argument 'cmake_target' from command line to 'None'
[1.267s] Level 5:colcon.colcon_core.verb:set package 'agv_navigation' build argument 'cmake_target_skip_unavailable' from command line to 'False'
[1.267s] Level 5:colcon.colcon_core.verb:set package 'agv_navigation' build argument 'cmake_clean_cache' from command line to 'False'
[1.267s] Level 5:colcon.colcon_core.verb:set package 'agv_navigation' build argument 'cmake_clean_first' from command line to 'False'
[1.267s] Level 5:colcon.colcon_core.verb:set package 'agv_navigation' build argument 'cmake_force_configure' from command line to 'False'
[1.267s] Level 5:colcon.colcon_core.verb:set package 'agv_navigation' build argument 'ament_cmake_args' from command line to 'None'
[1.267s] Level 5:colcon.colcon_core.verb:set package 'agv_navigation' build argument 'catkin_cmake_args' from command line to 'None'
[1.267s] Level 5:colcon.colcon_core.verb:set package 'agv_navigation' build argument 'catkin_skip_building_tests' from command line to 'False'
[1.267s] DEBUG:colcon.colcon_core.verb:Building package 'agv_navigation' with the following arguments: {'ament_cmake_args': None, 'build_base': '/home/usernamerahul/agv_ws/build/agv_navigation', 'catkin_cmake_args': None, 'catkin_skip_building_tests': False, 'cmake_args': None, 'cmake_clean_cache': False, 'cmake_clean_first': False, 'cmake_force_configure': False, 'cmake_target': None, 'cmake_target_skip_unavailable': False, 'install_base': '/home/usernamerahul/agv_ws/install/agv_navigation', 'merge_install': False, 'path': '/home/usernamerahul/agv_ws/src/agv_navigation', 'symlink_install': False, 'test_result_base': None}
[1.267s] Level 5:colcon.colcon_core.verb:set package 'agv_vision' build argument 'cmake_args' from command line to 'None'
[1.267s] Level 5:colcon.colcon_core.verb:set package 'agv_vision' build argument 'cmake_target' from command line to 'None'
[1.267s] Level 5:colcon.colcon_core.verb:set package 'agv_vision' build argument 'cmake_target_skip_unavailable' from command line to 'False'
[1.267s] Level 5:colcon.colcon_core.verb:set package 'agv_vision' build argument 'cmake_clean_cache' from command line to 'False'
[1.267s] Level 5:colcon.colcon_core.verb:set package 'agv_vision' build argument 'cmake_clean_first' from command line to 'False'
[1.267s] Level 5:colcon.colcon_core.verb:set package 'agv_vision' build argument 'cmake_force_configure' from command line to 'False'
[1.267s] Level 5:colcon.colcon_core.verb:set package 'agv_vision' build argument 'ament_cmake_args' from command line to 'None'
[1.268s] Level 5:colcon.colcon_core.verb:set package 'agv_vision' build argument 'catkin_cmake_args' from command line to 'None'
[1.268s] Level 5:colcon.colcon_core.verb:set package 'agv_vision' build argument 'catkin_skip_building_tests' from command line to 'False'
[1.268s] DEBUG:colcon.colcon_core.verb:Building package 'agv_vision' with the following arguments: {'ament_cmake_args': None, 'build_base': '/home/usernamerahul/agv_ws/build/agv_vision', 'catkin_cmake_args': None, 'catkin_skip_building_tests': False, 'cmake_args': None, 'cmake_clean_cache': False, 'cmake_clean_first': False, 'cmake_force_configure': False, 'cmake_target': None, 'cmake_target_skip_unavailable': False, 'install_base': '/home/usernamerahul/agv_ws/install/agv_vision', 'merge_install': False, 'path': '/home/usernamerahul/agv_ws/src/agv_vision', 'symlink_install': False, 'test_result_base': None}
[1.268s] INFO:colcon.colcon_core.executor:Executing jobs using 'parallel' executor
[1.269s] DEBUG:colcon.colcon_parallel_executor.executor.parallel:run_until_complete
[1.269s] INFO:colcon.colcon_ros.task.ament_cmake.build:Building ROS package in '/home/usernamerahul/agv_ws/src/agv_description' with build type 'ament_cmake'
[1.269s] INFO:colcon.colcon_cmake.task.cmake.build:Building CMake package in '/home/usernamerahul/agv_ws/src/agv_description'
[1.275s] INFO:colcon.colcon_core.plugin_system:Skipping extension 'colcon_core.shell.bat': Not used on non-Windows systems
[1.275s] INFO:colcon.colcon_core.shell:Skip shell extension 'powershell' for command environment: Not usable outside of PowerShell
[1.276s] DEBUG:colcon.colcon_core.shell:Skip shell extension 'dsv' for command environment
[1.286s] INFO:colcon.colcon_ros.task.ament_python.build:Building ROS package in '/home/usernamerahul/agv_ws/src/agv_navigation' with build type 'ament_python'
[1.286s] Level 1:colcon.colcon_core.shell:create_environment_hook('agv_navigation', 'ament_prefix_path')
[1.287s] INFO:colcon.colcon_core.shell:Creating environment hook '/home/usernamerahul/agv_ws/install/agv_navigation/share/agv_navigation/hook/ament_prefix_path.ps1'
[1.288s] INFO:colcon.colcon_core.shell:Creating environment descriptor '/home/usernamerahul/agv_ws/install/agv_navigation/share/agv_navigation/hook/ament_prefix_path.dsv'
[1.290s] INFO:colcon.colcon_core.shell:Creating environment hook '/home/usernamerahul/agv_ws/install/agv_navigation/share/agv_navigation/hook/ament_prefix_path.sh'
[1.292s] INFO:colcon.colcon_core.shell:Skip shell extension 'powershell' for command environment: Not usable outside of PowerShell
[1.293s] DEBUG:colcon.colcon_core.shell:Skip shell extension 'dsv' for command environment
[1.307s] INFO:colcon.colcon_ros.task.ament_python.build:Building ROS package in '/home/usernamerahul/agv_ws/src/agv_vision' with build type 'ament_python'
[1.307s] Level 1:colcon.colcon_core.shell:create_environment_hook('agv_vision', 'ament_prefix_path')
[1.308s] INFO:colcon.colcon_core.shell:Creating environment hook '/home/usernamerahul/agv_ws/install/agv_vision/share/agv_vision/hook/ament_prefix_path.ps1'
[1.309s] INFO:colcon.colcon_core.shell:Creating environment descriptor '/home/usernamerahul/agv_ws/install/agv_vision/share/agv_vision/hook/ament_prefix_path.dsv'
[1.311s] INFO:colcon.colcon_core.shell:Creating environment hook '/home/usernamerahul/agv_ws/install/agv_vision/share/agv_vision/hook/ament_prefix_path.sh'
[1.312s] INFO:colcon.colcon_core.shell:Skip shell extension 'powershell' for command environment: Not usable outside of PowerShell
[1.313s] DEBUG:colcon.colcon_core.shell:Skip shell extension 'dsv' for command environment
[1.340s] DEBUG:colcon.colcon_core.event_handler.log_command:Invoking command in '/home/usernamerahul/agv_ws/build/agv_description': CMAKE_PREFIX_PATH=${CMAKE_PREFIX_PATH}:/home/usernamerahul/agv_ws/install/agv_vision:/home/usernamerahul/agv_ws/install/agv_navigation:/home/usernamerahul/ros2_ws/install/my_robot_controller:/opt/ros/jazzy /usr/bin/cmake --build /home/usernamerahul/agv_ws/build/agv_description -- -j8 -l8
[1.863s] INFO:colcon.colcon_core.task.python.build:Building Python package in '/home/usernamerahul/agv_ws/src/agv_navigation'
[1.864s] INFO:colcon.colcon_core.shell:Skip shell extension 'powershell' for command environment: Not usable outside of PowerShell
[1.864s] DEBUG:colcon.colcon_core.shell:Skip shell extension 'dsv' for command environment
[2.341s] INFO:colcon.colcon_core.task.python.build:Building Python package in '/home/usernamerahul/agv_ws/src/agv_vision'
[2.342s] INFO:colcon.colcon_core.shell:Skip shell extension 'powershell' for command environment: Not usable outside of PowerShell
[2.342s] DEBUG:colcon.colcon_core.shell:Skip shell extension 'dsv' for command environment
[2.351s] DEBUG:colcon.colcon_core.event_handler.log_command:Invoked command in '/home/usernamerahul/agv_ws/build/agv_description' returned '0': CMAKE_PREFIX_PATH=${CMAKE_PREFIX_PATH}:/home/usernamerahul/agv_ws/install/agv_vision:/home/usernamerahul/agv_ws/install/agv_navigation:/home/usernamerahul/ros2_ws/install/my_robot_controller:/opt/ros/jazzy /usr/bin/cmake --build /home/usernamerahul/agv_ws/build/agv_description -- -j8 -l8
[2.371s] DEBUG:colcon.colcon_core.event_handler.log_command:Invoking command in '/home/usernamerahul/agv_ws/build/agv_description': CMAKE_PREFIX_PATH=${CMAKE_PREFIX_PATH}:/home/usernamerahul/agv_ws/install/agv_vision:/home/usernamerahul/agv_ws/install/agv_navigation:/home/usernamerahul/ros2_ws/install/my_robot_controller:/opt/ros/jazzy /usr/bin/cmake --install /home/usernamerahul/agv_ws/build/agv_description
[2.402s] Level 1:colcon.colcon_core.environment:create_environment_scripts_only(agv_description)
[2.403s] DEBUG:colcon.colcon_core.event_handler.log_command:Invoked command in '/home/usernamerahul/agv_ws/build/agv_description' returned '0': CMAKE_PREFIX_PATH=${CMAKE_PREFIX_PATH}:/home/usernamerahul/agv_ws/install/agv_vision:/home/usernamerahul/agv_ws/install/agv_navigation:/home/usernamerahul/ros2_ws/install/my_robot_controller:/opt/ros/jazzy /usr/bin/cmake --install /home/usernamerahul/agv_ws/build/agv_description
[2.411s] Level 1:colcon.colcon_core.environment:checking '/home/usernamerahul/agv_ws/install/agv_description' for CMake module files
[2.412s] Level 1:colcon.colcon_core.environment:checking '/home/usernamerahul/agv_ws/install/agv_description' for CMake config files
[2.413s] Level 1:colcon.colcon_core.shell:create_environment_hook('agv_description', 'cmake_prefix_path')
[2.413s] INFO:colcon.colcon_core.shell:Creating environment hook '/home/usernamerahul/agv_ws/install/agv_description/share/agv_description/hook/cmake_prefix_path.ps1'
[2.415s] INFO:colcon.colcon_core.shell:Creating environment descriptor '/home/usernamerahul/agv_ws/install/agv_description/share/agv_description/hook/cmake_prefix_path.dsv'
[2.416s] INFO:colcon.colcon_core.shell:Creating environment hook '/home/usernamerahul/agv_ws/install/agv_description/share/agv_description/hook/cmake_prefix_path.sh'
[2.418s] Level 1:colcon.colcon_core.environment:checking '/home/usernamerahul/agv_ws/install/agv_description/bin'
[2.418s] Level 1:colcon.colcon_core.environment:checking '/home/usernamerahul/agv_ws/install/agv_description/lib/pkgconfig/agv_description.pc'
[2.418s] Level 1:colcon.colcon_core.environment:checking '/home/usernamerahul/agv_ws/install/agv_description/lib/python3.12/site-packages'
[2.419s] Level 1:colcon.colcon_core.environment:checking '/home/usernamerahul/agv_ws/install/agv_description/bin'
[2.420s] INFO:colcon.colcon_core.shell:Creating package script '/home/usernamerahul/agv_ws/install/agv_description/share/agv_description/package.ps1'
[2.421s] INFO:colcon.colcon_core.shell:Creating package descriptor '/home/usernamerahul/agv_ws/install/agv_description/share/agv_description/package.dsv'
[2.423s] INFO:colcon.colcon_core.shell:Creating package script '/home/usernamerahul/agv_ws/install/agv_description/share/agv_description/package.sh'
[2.425s] INFO:colcon.colcon_core.shell:Creating package script '/home/usernamerahul/agv_ws/install/agv_description/share/agv_description/package.bash'
[2.426s] INFO:colcon.colcon_core.shell:Creating package script '/home/usernamerahul/agv_ws/install/agv_description/share/agv_description/package.zsh'
[2.428s] Level 1:colcon.colcon_core.environment:create_file_with_runtime_dependencies(/home/usernamerahul/agv_ws/install/agv_description/share/colcon-core/packages/agv_description)
[2.429s] Level 1:colcon.colcon_core.environment:create_environment_scripts_only(agv_description)
[2.429s] Level 1:colcon.colcon_core.environment:checking '/home/usernamerahul/agv_ws/install/agv_description' for CMake module files
[2.430s] Level 1:colcon.colcon_core.environment:checking '/home/usernamerahul/agv_ws/install/agv_description' for CMake config files
[2.430s] Level 1:colcon.colcon_core.shell:create_environment_hook('agv_description', 'cmake_prefix_path')
[2.431s] INFO:colcon.colcon_core.shell:Creating environment hook '/home/usernamerahul/agv_ws/install/agv_description/share/agv_description/hook/cmake_prefix_path.ps1'
[2.431s] INFO:colcon.colcon_core.shell:Creating environment descriptor '/home/usernamerahul/agv_ws/install/agv_description/share/agv_description/hook/cmake_prefix_path.dsv'
[2.432s] INFO:colcon.colcon_core.shell:Creating environment hook '/home/usernamerahul/agv_ws/install/agv_description/share/agv_description/hook/cmake_prefix_path.sh'
[2.434s] Level 1:colcon.colcon_core.environment:checking '/home/usernamerahul/agv_ws/install/agv_description/bin'
[2.434s] Level 1:colcon.colcon_core.environment:checking '/home/usernamerahul/agv_ws/install/agv_description/lib/pkgconfig/agv_description.pc'
[2.434s] Level 1:colcon.colcon_core.environment:checking '/home/usernamerahul/agv_ws/install/agv_description/lib/python3.12/site-packages'
[2.435s] Level 1:colcon.colcon_core.environment:checking '/home/usernamerahul/agv_ws/install/agv_description/bin'
[2.435s] INFO:colcon.colcon_core.shell:Creating package script '/home/usernamerahul/agv_ws/install/agv_description/share/agv_description/package.ps1'
[2.439s] INFO:colcon.colcon_core.shell:Creating package descriptor '/home/usernamerahul/agv_ws/install/agv_description/share/agv_description/package.dsv'
[2.440s] INFO:colcon.colcon_core.shell:Creating package script '/home/usernamerahul/agv_ws/install/agv_description/share/agv_description/package.sh'
[2.442s] INFO:colcon.colcon_core.shell:Creating package script '/home/usernamerahul/agv_ws/install/agv_description/share/agv_description/package.bash'
[2.443s] INFO:colcon.colcon_core.shell:Creating package script '/home/usernamerahul/agv_ws/install/agv_description/share/agv_description/package.zsh'
[2.444s] Level 1:colcon.colcon_core.environment:create_file_with_runtime_dependencies(/home/usernamerahul/agv_ws/install/agv_description/share/colcon-core/packages/agv_description)
[3.916s] DEBUG:colcon.colcon_core.event_handler.log_command:Invoking command in '/home/usernamerahul/agv_ws/src/agv_vision': PYTHONPATH=/home/usernamerahul/agv_ws/build/agv_vision/prefix_override:/usr/lib/python3/dist-packages/colcon_core/task/python/colcon_distutils_commands:/home/usernamerahul/agv_ws/install/agv_vision/lib/python3.12/site-packages:${PYTHONPATH} /usr/bin/python3 -W ignore:setup.py install is deprecated -W ignore:easy_install command is deprecated setup.py egg_info --egg-base ../../build/agv_vision build --build-base /home/usernamerahul/agv_ws/build/agv_vision/build install --record /home/usernamerahul/agv_ws/build/agv_vision/install.log --single-version-externally-managed install_data
[3.926s] DEBUG:colcon.colcon_core.event_handler.log_command:Invoking command in '/home/usernamerahul/agv_ws/src/agv_navigation': PYTHONPATH=/home/usernamerahul/agv_ws/build/agv_navigation/prefix_override:/usr/lib/python3/dist-packages/colcon_core/task/python/colcon_distutils_commands:/home/usernamerahul/agv_ws/install/agv_navigation/lib/python3.12/site-packages:${PYTHONPATH} /usr/bin/python3 -W ignore:setup.py install is deprecated -W ignore:easy_install command is deprecated setup.py egg_info --egg-base ../../build/agv_navigation build --build-base /home/usernamerahul/agv_ws/build/agv_navigation/build install --record /home/usernamerahul/agv_ws/build/agv_navigation/install.log --single-version-externally-managed install_data
[5.243s] Level 1:colcon.colcon_core.environment:checking '/home/usernamerahul/agv_ws/install/agv_navigation' for CMake module files
[5.244s] DEBUG:colcon.colcon_core.event_handler.log_command:Invoked command in '/home/usernamerahul/agv_ws/src/agv_navigation' returned '0': PYTHONPATH=/home/usernamerahul/agv_ws/build/agv_navigation/prefix_override:/usr/lib/python3/dist-packages/colcon_core/task/python/colcon_distutils_commands:/home/usernamerahul/agv_ws/install/agv_navigation/lib/python3.12/site-packages:${PYTHONPATH} /usr/bin/python3 -W ignore:setup.py install is deprecated -W ignore:easy_install command is deprecated setup.py egg_info --egg-base ../../build/agv_navigation build --build-base /home/usernamerahul/agv_ws/build/agv_navigation/build install --record /home/usernamerahul/agv_ws/build/agv_navigation/install.log --single-version-externally-managed install_data
[5.245s] Level 1:colcon.colcon_core.environment:checking '/home/usernamerahul/agv_ws/install/agv_navigation' for CMake config files
[5.246s] Level 1:colcon.colcon_core.environment:checking '/home/usernamerahul/agv_ws/install/agv_navigation/lib'
[5.246s] Level 1:colcon.colcon_core.environment:checking '/home/usernamerahul/agv_ws/install/agv_navigation/bin'
[5.246s] Level 1:colcon.colcon_core.environment:checking '/home/usernamerahul/agv_ws/install/agv_navigation/lib/pkgconfig/agv_navigation.pc'
[5.247s] Level 1:colcon.colcon_core.environment:checking '/home/usernamerahul/agv_ws/install/agv_navigation/lib/python3.12/site-packages'
[5.247s] Level 1:colcon.colcon_core.shell:create_environment_hook('agv_navigation', 'pythonpath')
[5.248s] INFO:colcon.colcon_core.shell:Creating environment hook '/home/usernamerahul/agv_ws/install/agv_navigation/share/agv_navigation/hook/pythonpath.ps1'
[5.249s] INFO:colcon.colcon_core.shell:Creating environment descriptor '/home/usernamerahul/agv_ws/install/agv_navigation/share/agv_navigation/hook/pythonpath.dsv'
[5.250s] INFO:colcon.colcon_core.shell:Creating environment hook '/home/usernamerahul/agv_ws/install/agv_navigation/share/agv_navigation/hook/pythonpath.sh'
[5.251s] Level 1:colcon.colcon_core.environment:checking '/home/usernamerahul/agv_ws/install/agv_navigation/bin'
[5.252s] Level 1:colcon.colcon_core.environment:create_environment_scripts_only(agv_navigation)
[5.252s] INFO:colcon.colcon_core.shell:Creating package script '/home/usernamerahul/agv_ws/install/agv_navigation/share/agv_navigation/package.ps1'
[5.254s] INFO:colcon.colcon_core.shell:Creating package descriptor '/home/usernamerahul/agv_ws/install/agv_navigation/share/agv_navigation/package.dsv'
[5.256s] INFO:colcon.colcon_core.shell:Creating package script '/home/usernamerahul/agv_ws/install/agv_navigation/share/agv_navigation/package.sh'
[5.257s] INFO:colcon.colcon_core.shell:Creating package script '/home/usernamerahul/agv_ws/install/agv_navigation/share/agv_navigation/package.bash'
[5.258s] INFO:colcon.colcon_core.shell:Creating package script '/home/usernamerahul/agv_ws/install/agv_navigation/share/agv_navigation/package.zsh'
[5.259s] Level 1:colcon.colcon_core.environment:create_file_with_runtime_dependencies(/home/usernamerahul/agv_ws/install/agv_navigation/share/colcon-core/packages/agv_navigation)
[5.261s] Level 1:colcon.colcon_core.environment:checking '/home/usernamerahul/agv_ws/install/agv_vision' for CMake module files
[5.264s] DEBUG:colcon.colcon_core.event_handler.log_command:Invoked command in '/home/usernamerahul/agv_ws/src/agv_vision' returned '0': PYTHONPATH=/home/usernamerahul/agv_ws/build/agv_vision/prefix_override:/usr/lib/python3/dist-packages/colcon_core/task/python/colcon_distutils_commands:/home/usernamerahul/agv_ws/install/agv_vision/lib/python3.12/site-packages:${PYTHONPATH} /usr/bin/python3 -W ignore:setup.py install is deprecated -W ignore:easy_install command is deprecated setup.py egg_info --egg-base ../../build/agv_vision build --build-base /home/usernamerahul/agv_ws/build/agv_vision/build install --record /home/usernamerahul/agv_ws/build/agv_vision/install.log --single-version-externally-managed install_data
[5.265s] Level 1:colcon.colcon_core.environment:checking '/home/usernamerahul/agv_ws/install/agv_vision' for CMake config files
[5.266s] Level 1:colcon.colcon_core.environment:checking '/home/usernamerahul/agv_ws/install/agv_vision/lib'
[5.266s] Level 1:colcon.colcon_core.environment:checking '/home/usernamerahul/agv_ws/install/agv_vision/bin'
[5.266s] Level 1:colcon.colcon_core.environment:checking '/home/usernamerahul/agv_ws/install/agv_vision/lib/pkgconfig/agv_vision.pc'
[5.266s] Level 1:colcon.colcon_core.environment:checking '/home/usernamerahul/agv_ws/install/agv_vision/lib/python3.12/site-packages'
[5.267s] Level 1:colcon.colcon_core.shell:create_environment_hook('agv_vision', 'pythonpath')
[5.267s] INFO:colcon.colcon_core.shell:Creating environment hook '/home/usernamerahul/agv_ws/install/agv_vision/share/agv_vision/hook/pythonpath.ps1'
[5.268s] INFO:colcon.colcon_core.shell:Creating environment descriptor '/home/usernamerahul/agv_ws/install/agv_vision/share/agv_vision/hook/pythonpath.dsv'
[5.269s] INFO:colcon.colcon_core.shell:Creating environment hook '/home/usernamerahul/agv_ws/install/agv_vision/share/agv_vision/hook/pythonpath.sh'
[5.271s] Level 1:colcon.colcon_core.environment:checking '/home/usernamerahul/agv_ws/install/agv_vision/bin'
[5.272s] Level 1:colcon.colcon_core.environment:create_environment_scripts_only(agv_vision)
[5.272s] INFO:colcon.colcon_core.shell:Creating package script '/home/usernamerahul/agv_ws/install/agv_vision/share/agv_vision/package.ps1'
[5.274s] INFO:colcon.colcon_core.shell:Creating package descriptor '/home/usernamerahul/agv_ws/install/agv_vision/share/agv_vision/package.dsv'
[5.275s] INFO:colcon.colcon_core.shell:Creating package script '/home/usernamerahul/agv_ws/install/agv_vision/share/agv_vision/package.sh'
[5.276s] INFO:colcon.colcon_core.shell:Creating package script '/home/usernamerahul/agv_ws/install/agv_vision/share/agv_vision/package.bash'
[5.277s] INFO:colcon.colcon_core.shell:Creating package script '/home/usernamerahul/agv_ws/install/agv_vision/share/agv_vision/package.zsh'
[5.278s] Level 1:colcon.colcon_core.environment:create_file_with_runtime_dependencies(/home/usernamerahul/agv_ws/install/agv_vision/share/colcon-core/packages/agv_vision)
[5.279s] DEBUG:colcon.colcon_parallel_executor.executor.parallel:closing loop
[5.279s] DEBUG:colcon.colcon_parallel_executor.executor.parallel:loop closed
[5.279s] DEBUG:colcon.colcon_parallel_executor.executor.parallel:run_until_complete finished with '0'
[5.279s] DEBUG:colcon.colcon_core.event_reactor:joining thread
[5.436s] INFO:colcon.colcon_core.plugin_system:Skipping extension 'colcon_notification.desktop_notification.notify_send': Could not find 'notify-send'
[5.437s] INFO:colcon.colcon_core.plugin_system:Skipping extension 'colcon_notification.desktop_notification.terminal_notifier': Not used on non-Darwin systems
[5.437s] INFO:colcon.colcon_core.plugin_system:Skipping extension 'colcon_notification.desktop_notification.win32': Not used on non-Windows systems
[5.437s] INFO:colcon.colcon_notification.desktop_notification:Sending desktop notification using 'notify2'
[5.442s] DEBUG:colcon.colcon_notification.desktop_notification.notify2:Failed to initialize notify2: org.freedesktop.DBus.Error.ServiceUnknown: The name org.freedesktop.Notifications was not provided by any .service files
[5.442s] DEBUG:colcon.colcon_core.event_reactor:joined thread
[5.442s] INFO:colcon.colcon_core.shell:Creating prefix script '/home/usernamerahul/agv_ws/install/local_setup.ps1'
[5.445s] INFO:colcon.colcon_core.shell:Creating prefix util module '/home/usernamerahul/agv_ws/install/_local_setup_util_ps1.py'
[5.447s] INFO:colcon.colcon_core.shell:Creating prefix chain script '/home/usernamerahul/agv_ws/install/setup.ps1'
[5.449s] INFO:colcon.colcon_core.shell:Creating prefix script '/home/usernamerahul/agv_ws/install/local_setup.sh'
[5.451s] INFO:colcon.colcon_core.shell:Creating prefix util module '/home/usernamerahul/agv_ws/install/_local_setup_util_sh.py'
[5.452s] INFO:colcon.colcon_core.shell:Creating prefix chain script '/home/usernamerahul/agv_ws/install/setup.sh'
[5.454s] INFO:colcon.colcon_core.shell:Creating prefix script '/home/usernamerahul/agv_ws/install/local_setup.bash'
[5.455s] INFO:colcon.colcon_core.shell:Creating prefix chain script '/home/usernamerahul/agv_ws/install/setup.bash'
[5.457s] INFO:colcon.colcon_core.shell:Creating prefix script '/home/usernamerahul/agv_ws/install/local_setup.zsh'
[5.458s] INFO:colcon.colcon_core.shell:Creating prefix chain script '/home/usernamerahul/agv_ws/install/setup.zsh'
