[5.892s] Invoking command in '/home/usernamerahul/agv_ws/src/agv_vision': PYTHONPATH=/home/usernamerahul/agv_ws/build/agv_vision/prefix_override:/usr/lib/python3/dist-packages/colcon_core/task/python/colcon_distutils_commands:/home/usernamerahul/agv_ws/install/agv_vision/lib/python3.12/site-packages:${PYTHONPATH} /usr/bin/python3 -W ignore:setup.py install is deprecated -W ignore:easy_install command is deprecated setup.py egg_info --egg-base ../../build/agv_vision build --build-base /home/usernamerahul/agv_ws/build/agv_vision/build install --record /home/usernamerahul/agv_ws/build/agv_vision/install.log --single-version-externally-managed install_data
[7.278s] running egg_info
[7.338s] writing ../../build/agv_vision/agv_vision.egg-info/PKG-INFO
[7.343s] writing dependency_links to ../../build/agv_vision/agv_vision.egg-info/dependency_links.txt
[7.344s] writing entry points to ../../build/agv_vision/agv_vision.egg-info/entry_points.txt
[7.344s] writing requirements to ../../build/agv_vision/agv_vision.egg-info/requires.txt
[7.344s] writing top-level names to ../../build/agv_vision/agv_vision.egg-info/top_level.txt
[7.492s] reading manifest file '../../build/agv_vision/agv_vision.egg-info/SOURCES.txt'
[7.494s] writing manifest file '../../build/agv_vision/agv_vision.egg-info/SOURCES.txt'
[7.495s] running build
[7.496s] running build_py
[7.496s] running install
[7.520s] running install_lib
[7.602s] running install_data
[7.602s] running install_egg_info
[7.712s] removing '/home/usernamerahul/agv_ws/install/agv_vision/lib/python3.12/site-packages/agv_vision-0.0.0-py3.12.egg-info' (and everything under it)
[7.716s] Copying ../../build/agv_vision/agv_vision.egg-info to /home/usernamerahul/agv_ws/install/agv_vision/lib/python3.12/site-packages/agv_vision-0.0.0-py3.12.egg-info
[7.722s] running install_scripts
[8.445s] Installing detector script to /home/usernamerahul/agv_ws/install/agv_vision/lib/agv_vision
[8.446s] writing list of installed files to '/home/usernamerahul/agv_ws/build/agv_vision/install.log'
[8.576s] Invoked command in '/home/usernamerahul/agv_ws/src/agv_vision' returned '0': PYTHONPATH=/home/usernamerahul/agv_ws/build/agv_vision/prefix_override:/usr/lib/python3/dist-packages/colcon_core/task/python/colcon_distutils_commands:/home/usernamerahul/agv_ws/install/agv_vision/lib/python3.12/site-packages:${PYTHONPATH} /usr/bin/python3 -W ignore:setup.py install is deprecated -W ignore:easy_install command is deprecated setup.py egg_info --egg-base ../../build/agv_vision build --build-base /home/usernamerahul/agv_ws/build/agv_vision/build install --record /home/usernamerahul/agv_ws/build/agv_vision/install.log --single-version-externally-managed install_data
