[3.934s] Invoking command in '/home/usernamerahul/agv_ws/src/agv_navigation': PYTHONPATH=/home/usernamerahul/agv_ws/build/agv_navigation/prefix_override:/usr/lib/python3/dist-packages/colcon_core/task/python/colcon_distutils_commands:/home/usernamerahul/agv_ws/install/agv_navigation/lib/python3.12/site-packages:${PYTHONPATH} /usr/bin/python3 -W ignore:setup.py install is deprecated -W ignore:easy_install command is deprecated setup.py egg_info --egg-base ../../build/agv_navigation build --build-base /home/usernamerahul/agv_ws/build/agv_navigation/build install --record /home/usernamerahul/agv_ws/build/agv_navigation/install.log --single-version-externally-managed install_data
[5.145s] running egg_info
[5.203s] writing ../../build/agv_navigation/agv_navigation.egg-info/PKG-INFO
[5.205s] writing dependency_links to ../../build/agv_navigation/agv_navigation.egg-info/dependency_links.txt
[5.206s] writing entry points to ../../build/agv_navigation/agv_navigation.egg-info/entry_points.txt
[5.206s] writing requirements to ../../build/agv_navigation/agv_navigation.egg-info/requires.txt
[5.211s] writing top-level names to ../../build/agv_navigation/agv_navigation.egg-info/top_level.txt
[5.448s] reading manifest file '../../build/agv_navigation/agv_navigation.egg-info/SOURCES.txt'
[5.455s] writing manifest file '../../build/agv_navigation/agv_navigation.egg-info/SOURCES.txt'
[5.456s] running build
[5.457s] running build_py
[5.464s] running install
[5.508s] running install_lib
[5.637s] running install_data
[5.637s] running install_egg_info
[5.771s] removing '/home/usernamerahul/agv_ws/install/agv_navigation/lib/python3.12/site-packages/agv_navigation-0.0.0-py3.12.egg-info' (and everything under it)
[5.772s] Copying ../../build/agv_navigation/agv_navigation.egg-info to /home/usernamerahul/agv_ws/install/agv_navigation/lib/python3.12/site-packages/agv_navigation-0.0.0-py3.12.egg-info
[5.795s] running install_scripts
[6.406s] Installing graph_visualizer script to /home/usernamerahul/agv_ws/install/agv_navigation/lib/agv_navigation
[6.407s] Installing map_builder script to /home/usernamerahul/agv_ws/install/agv_navigation/lib/agv_navigation
[6.408s] Installing route_runner script to /home/usernamerahul/agv_ws/install/agv_navigation/lib/agv_navigation
[6.411s] Installing tracer script to /home/usernamerahul/agv_ws/install/agv_navigation/lib/agv_navigation
[6.412s] writing list of installed files to '/home/usernamerahul/agv_ws/build/agv_navigation/install.log'
[6.518s] Invoked command in '/home/usernamerahul/agv_ws/src/agv_navigation' returned '0': PYTHONPATH=/home/usernamerahul/agv_ws/build/agv_navigation/prefix_override:/usr/lib/python3/dist-packages/colcon_core/task/python/colcon_distutils_commands:/home/usernamerahul/agv_ws/install/agv_navigation/lib/python3.12/site-packages:${PYTHONPATH} /usr/bin/python3 -W ignore:setup.py install is deprecated -W ignore:easy_install command is deprecated setup.py egg_info --egg-base ../../build/agv_navigation build --build-base /home/usernamerahul/agv_ws/build/agv_navigation/build install --record /home/usernamerahul/agv_ws/build/agv_navigation/install.log --single-version-externally-managed install_data
