[0.033s] Invoking command in '/home/usernamerahul/agv_ws/build/agv_description': CMAKE_PREFIX_PATH=${CMAKE_PREFIX_PATH}:/home/usernamerahul/ros2_ws/install/my_robot_controller:/opt/ros/jazzy /usr/bin/cmake /home/usernamerahul/agv_ws/src/agv_description -DCMAKE_INSTALL_PREFIX=/home/usernamerahul/agv_ws/install/agv_description
[0.874s] -- The C compiler identification is GNU 13.3.0
[2.426s] -- The CXX compiler identification is GNU 13.3.0
[3.638s] -- Detecting C compiler ABI info
[4.244s] -- Detecting C compiler ABI info - done
[4.259s] -- Check for working C compiler: /usr/bin/cc - skipped
[4.260s] -- Detecting C compile features
[4.261s] -- Detecting C compile features - done
[5.055s] -- Detecting CXX compiler ABI info
[6.239s] -- Detecting CXX compiler ABI info - done
[6.263s] -- Check for working CXX compiler: /usr/bin/c++ - skipped
[6.266s] -- Detecting CXX compile features
[6.266s] -- Detecting CXX compile features - done
[6.326s] -- Found ament_cmake: 2.5.4 (/opt/ros/jazzy/share/ament_cmake/cmake)
[6.738s] -- Found Python3: /usr/bin/python3 (found version "3.12.3") found components: Interpreter 
[6.997s] -- Found ament_lint_auto: 0.17.3 (/opt/ros/jazzy/share/ament_lint_auto/cmake)
[7.300s] -- Added test 'lint_cmake' to check CMake code style
[7.314s] -- Added test 'xmllint' to check XML markup files
[7.325s] -- Configuring done (7.1s)
[7.340s] -- Generating done (0.0s)
[7.348s] -- Build files have been written to: /home/usernamerahul/agv_ws/build/agv_description
[7.382s] Invoked command in '/home/usernamerahul/agv_ws/build/agv_description' returned '0': CMAKE_PREFIX_PATH=${CMAKE_PREFIX_PATH}:/home/usernamerahul/ros2_ws/install/my_robot_controller:/opt/ros/jazzy /usr/bin/cmake /home/usernamerahul/agv_ws/src/agv_description -DCMAKE_INSTALL_PREFIX=/home/usernamerahul/agv_ws/install/agv_description
[7.394s] Invoking command in '/home/usernamerahul/agv_ws/build/agv_description': CMAKE_PREFIX_PATH=${CMAKE_PREFIX_PATH}:/home/usernamerahul/ros2_ws/install/my_robot_controller:/opt/ros/jazzy /usr/bin/cmake --build /home/usernamerahul/agv_ws/build/agv_description -- -j8 -l8
[7.437s] Invoked command in '/home/usernamerahul/agv_ws/build/agv_description' returned '0': CMAKE_PREFIX_PATH=${CMAKE_PREFIX_PATH}:/home/usernamerahul/ros2_ws/install/my_robot_controller:/opt/ros/jazzy /usr/bin/cmake --build /home/usernamerahul/agv_ws/build/agv_description -- -j8 -l8
[7.453s] Invoking command in '/home/usernamerahul/agv_ws/build/agv_description': CMAKE_PREFIX_PATH=${CMAKE_PREFIX_PATH}:/home/usernamerahul/ros2_ws/install/my_robot_controller:/opt/ros/jazzy /usr/bin/cmake --install /home/usernamerahul/agv_ws/build/agv_description
[7.461s] -- Install configuration: ""
[7.462s] -- Installing: /home/usernamerahul/agv_ws/install/agv_description/share/ament_index/resource_index/package_run_dependencies/agv_description
[7.463s] -- Installing: /home/usernamerahul/agv_ws/install/agv_description/share/ament_index/resource_index/parent_prefix_path/agv_description
[7.463s] -- Installing: /home/usernamerahul/agv_ws/install/agv_description/share/agv_description/environment/ament_prefix_path.sh
[7.463s] -- Installing: /home/usernamerahul/agv_ws/install/agv_description/share/agv_description/environment/ament_prefix_path.dsv
[7.464s] -- Installing: /home/usernamerahul/agv_ws/install/agv_description/share/agv_description/environment/path.sh
[7.464s] -- Installing: /home/usernamerahul/agv_ws/install/agv_description/share/agv_description/environment/path.dsv
[7.464s] -- Installing: /home/usernamerahul/agv_ws/install/agv_description/share/agv_description/local_setup.bash
[7.464s] -- Installing: /home/usernamerahul/agv_ws/install/agv_description/share/agv_description/local_setup.sh
[7.465s] -- Installing: /home/usernamerahul/agv_ws/install/agv_description/share/agv_description/local_setup.zsh
[7.465s] -- Installing: /home/usernamerahul/agv_ws/install/agv_description/share/agv_description/local_setup.dsv
[7.465s] -- Installing: /home/usernamerahul/agv_ws/install/agv_description/share/agv_description/package.dsv
[7.465s] -- Installing: /home/usernamerahul/agv_ws/install/agv_description/share/ament_index/resource_index/packages/agv_description
[7.466s] -- Installing: /home/usernamerahul/agv_ws/install/agv_description/share/agv_description/cmake/agv_descriptionConfig.cmake
[7.466s] -- Installing: /home/usernamerahul/agv_ws/install/agv_description/share/agv_description/cmake/agv_descriptionConfig-version.cmake
[7.466s] -- Installing: /home/usernamerahul/agv_ws/install/agv_description/share/agv_description/package.xml
[7.472s] Invoked command in '/home/usernamerahul/agv_ws/build/agv_description' returned '0': CMAKE_PREFIX_PATH=${CMAKE_PREFIX_PATH}:/home/usernamerahul/ros2_ws/install/my_robot_controller:/opt/ros/jazzy /usr/bin/cmake --install /home/usernamerahul/agv_ws/build/agv_description
