[5.745s] Invoking command in '/home/usernamerahul/agv_ws/src/agv_navigation': PYTHONPATH=/home/usernamerahul/agv_ws/build/agv_navigation/prefix_override:/usr/lib/python3/dist-packages/colcon_core/task/python/colcon_distutils_commands:/home/usernamerahul/agv_ws/install/agv_navigation/lib/python3.12/site-packages:${PYTHONPATH} /usr/bin/python3 -W ignore:setup.py install is deprecated -W ignore:easy_install command is deprecated setup.py egg_info --egg-base ../../build/agv_navigation build --build-base /home/usernamerahul/agv_ws/build/agv_navigation/build install --record /home/usernamerahul/agv_ws/build/agv_navigation/install.log --single-version-externally-managed install_data
[7.196s] running egg_info
[7.370s] writing ../../build/agv_navigation/agv_navigation.egg-info/PKG-INFO
[7.372s] writing dependency_links to ../../build/agv_navigation/agv_navigation.egg-info/dependency_links.txt
[7.378s] writing entry points to ../../build/agv_navigation/agv_navigation.egg-info/entry_points.txt
[7.378s] writing requirements to ../../build/agv_navigation/agv_navigation.egg-info/requires.txt
[7.379s] writing top-level names to ../../build/agv_navigation/agv_navigation.egg-info/top_level.txt
[7.630s] reading manifest file '../../build/agv_navigation/agv_navigation.egg-info/SOURCES.txt'
[7.644s] writing manifest file '../../build/agv_navigation/agv_navigation.egg-info/SOURCES.txt'
[7.644s] running build
[7.645s] running build_py
[7.645s] running install
[7.677s] running install_lib
[7.776s] running install_data
[7.777s] running install_egg_info
[7.927s] removing '/home/usernamerahul/agv_ws/install/agv_navigation/lib/python3.12/site-packages/agv_navigation-0.0.0-py3.12.egg-info' (and everything under it)
[7.932s] Copying ../../build/agv_navigation/agv_navigation.egg-info to /home/usernamerahul/agv_ws/install/agv_navigation/lib/python3.12/site-packages/agv_navigation-0.0.0-py3.12.egg-info
[7.959s] running install_scripts
[8.753s] Installing graph_visualizer script to /home/usernamerahul/agv_ws/install/agv_navigation/lib/agv_navigation
[8.770s] Installing map_builder script to /home/usernamerahul/agv_ws/install/agv_navigation/lib/agv_navigation
[8.771s] Installing route_runner script to /home/usernamerahul/agv_ws/install/agv_navigation/lib/agv_navigation
[8.783s] Installing tracer script to /home/usernamerahul/agv_ws/install/agv_navigation/lib/agv_navigation
[8.783s] writing list of installed files to '/home/usernamerahul/agv_ws/build/agv_navigation/install.log'
[8.920s] Invoked command in '/home/usernamerahul/agv_ws/src/agv_navigation' returned '0': PYTHONPATH=/home/usernamerahul/agv_ws/build/agv_navigation/prefix_override:/usr/lib/python3/dist-packages/colcon_core/task/python/colcon_distutils_commands:/home/usernamerahul/agv_ws/install/agv_navigation/lib/python3.12/site-packages:${PYTHONPATH} /usr/bin/python3 -W ignore:setup.py install is deprecated -W ignore:easy_install command is deprecated setup.py egg_info --egg-base ../../build/agv_navigation build --build-base /home/usernamerahul/agv_ws/build/agv_navigation/build install --record /home/usernamerahul/agv_ws/build/agv_navigation/install.log --single-version-externally-managed install_data
