[2.822s] Invoking command in '/home/usernamerahul/agv_ws/src/agv_navigation': PYTHONPATH=/home/usernamerahul/agv_ws/build/agv_navigation/prefix_override:/usr/lib/python3/dist-packages/colcon_core/task/python/colcon_distutils_commands:/home/usernamerahul/agv_ws/install/agv_navigation/lib/python3.12/site-packages:${PYTHONPATH} /usr/bin/python3 -W ignore:setup.py install is deprecated -W ignore:easy_install command is deprecated setup.py egg_info --egg-base ../../build/agv_navigation build --build-base /home/usernamerahul/agv_ws/build/agv_navigation/build install --record /home/usernamerahul/agv_ws/build/agv_navigation/install.log --single-version-externally-managed install_data
[3.362s] running egg_info
[3.402s] writing ../../build/agv_navigation/agv_navigation.egg-info/PKG-INFO
[3.402s] writing dependency_links to ../../build/agv_navigation/agv_navigation.egg-info/dependency_links.txt
[3.403s] writing entry points to ../../build/agv_navigation/agv_navigation.egg-info/entry_points.txt
[3.403s] writing requirements to ../../build/agv_navigation/agv_navigation.egg-info/requires.txt
[3.406s] writing top-level names to ../../build/agv_navigation/agv_navigation.egg-info/top_level.txt
[3.494s] reading manifest file '../../build/agv_navigation/agv_navigation.egg-info/SOURCES.txt'
[3.495s] writing manifest file '../../build/agv_navigation/agv_navigation.egg-info/SOURCES.txt'
[3.496s] running build
[3.496s] running build_py
[3.497s] running install
[3.512s] running install_lib
[3.552s] running install_data
[3.552s] running install_egg_info
[3.595s] removing '/home/usernamerahul/agv_ws/install/agv_navigation/lib/python3.12/site-packages/agv_navigation-0.0.0-py3.12.egg-info' (and everything under it)
[3.596s] Copying ../../build/agv_navigation/agv_navigation.egg-info to /home/usernamerahul/agv_ws/install/agv_navigation/lib/python3.12/site-packages/agv_navigation-0.0.0-py3.12.egg-info
[3.601s] running install_scripts
[3.965s] Installing graph_visualizer script to /home/usernamerahul/agv_ws/install/agv_navigation/lib/agv_navigation
[3.966s] Installing map_builder script to /home/usernamerahul/agv_ws/install/agv_navigation/lib/agv_navigation
[3.968s] Installing route_runner script to /home/usernamerahul/agv_ws/install/agv_navigation/lib/agv_navigation
[3.968s] Installing tracer script to /home/usernamerahul/agv_ws/install/agv_navigation/lib/agv_navigation
[3.970s] writing list of installed files to '/home/usernamerahul/agv_ws/build/agv_navigation/install.log'
[4.063s] Invoked command in '/home/usernamerahul/agv_ws/src/agv_navigation' returned '0': PYTHONPATH=/home/usernamerahul/agv_ws/build/agv_navigation/prefix_override:/usr/lib/python3/dist-packages/colcon_core/task/python/colcon_distutils_commands:/home/usernamerahul/agv_ws/install/agv_navigation/lib/python3.12/site-packages:${PYTHONPATH} /usr/bin/python3 -W ignore:setup.py install is deprecated -W ignore:easy_install command is deprecated setup.py egg_info --egg-base ../../build/agv_navigation build --build-base /home/usernamerahul/agv_ws/build/agv_navigation/build install --record /home/usernamerahul/agv_ws/build/agv_navigation/install.log --single-version-externally-managed install_data
