[5.706s] Invoking command in '/home/usernamerahul/agv_ws/src/agv_vision': PYTHONPATH=/home/usernamerahul/agv_ws/build/agv_vision/prefix_override:/usr/lib/python3/dist-packages/colcon_core/task/python/colcon_distutils_commands:/home/usernamerahul/agv_ws/install/agv_vision/lib/python3.12/site-packages:${PYTHONPATH} /usr/bin/python3 -W ignore:setup.py install is deprecated -W ignore:easy_install command is deprecated setup.py egg_info --egg-base ../../build/agv_vision build --build-base /home/usernamerahul/agv_ws/build/agv_vision/build install --record /home/usernamerahul/agv_ws/build/agv_vision/install.log --single-version-externally-managed install_data
[7.107s] running egg_info
[7.205s] writing ../../build/agv_vision/agv_vision.egg-info/PKG-INFO
[7.206s] writing dependency_links to ../../build/agv_vision/agv_vision.egg-info/dependency_links.txt
[7.207s] writing entry points to ../../build/agv_vision/agv_vision.egg-info/entry_points.txt
[7.208s] writing requirements to ../../build/agv_vision/agv_vision.egg-info/requires.txt
[7.210s] writing top-level names to ../../build/agv_vision/agv_vision.egg-info/top_level.txt
[7.509s] reading manifest file '../../build/agv_vision/agv_vision.egg-info/SOURCES.txt'
[7.514s] writing manifest file '../../build/agv_vision/agv_vision.egg-info/SOURCES.txt'
[7.515s] running build
[7.515s] running build_py
[7.520s] running install
[7.563s] running install_lib
[7.654s] running install_data
[7.655s] running install_egg_info
[7.746s] removing '/home/usernamerahul/agv_ws/install/agv_vision/lib/python3.12/site-packages/agv_vision-0.0.0-py3.12.egg-info' (and everything under it)
[7.776s] Copying ../../build/agv_vision/agv_vision.egg-info to /home/usernamerahul/agv_ws/install/agv_vision/lib/python3.12/site-packages/agv_vision-0.0.0-py3.12.egg-info
[7.780s] running install_scripts
[8.613s] Installing detector script to /home/usernamerahul/agv_ws/install/agv_vision/lib/agv_vision
[8.618s] writing list of installed files to '/home/usernamerahul/agv_ws/build/agv_vision/install.log'
[8.748s] Invoked command in '/home/usernamerahul/agv_ws/src/agv_vision' returned '0': PYTHONPATH=/home/usernamerahul/agv_ws/build/agv_vision/prefix_override:/usr/lib/python3/dist-packages/colcon_core/task/python/colcon_distutils_commands:/home/usernamerahul/agv_ws/install/agv_vision/lib/python3.12/site-packages:${PYTHONPATH} /usr/bin/python3 -W ignore:setup.py install is deprecated -W ignore:easy_install command is deprecated setup.py egg_info --egg-base ../../build/agv_vision build --build-base /home/usernamerahul/agv_ws/build/agv_vision/build install --record /home/usernamerahul/agv_ws/build/agv_vision/install.log --single-version-externally-managed install_data
