[4.486s] Invoking command in '/home/usernamerahul/agv_ws/src/agv_navigation': PYTHONPATH=/home/usernamerahul/agv_ws/build/agv_navigation/prefix_override:/usr/lib/python3/dist-packages/colcon_core/task/python/colcon_distutils_commands:/home/usernamerahul/agv_ws/install/agv_navigation/lib/python3.12/site-packages:${PYTHONPATH} /usr/bin/python3 -W ignore:setup.py install is deprecated -W ignore:easy_install command is deprecated setup.py egg_info --egg-base ../../build/agv_navigation build --build-base /home/usernamerahul/agv_ws/build/agv_navigation/build install --record /home/usernamerahul/agv_ws/build/agv_navigation/install.log --single-version-externally-managed install_data
[4.815s] running egg_info
[4.833s] writing ../../build/agv_navigation/agv_navigation.egg-info/PKG-INFO
[4.834s] writing dependency_links to ../../build/agv_navigation/agv_navigation.egg-info/dependency_links.txt
[4.834s] writing entry points to ../../build/agv_navigation/agv_navigation.egg-info/entry_points.txt
[4.834s] writing requirements to ../../build/agv_navigation/agv_navigation.egg-info/requires.txt
[4.834s] writing top-level names to ../../build/agv_navigation/agv_navigation.egg-info/top_level.txt
[4.871s] reading manifest file '../../build/agv_navigation/agv_navigation.egg-info/SOURCES.txt'
[4.873s] writing manifest file '../../build/agv_navigation/agv_navigation.egg-info/SOURCES.txt'
[4.873s] running build
[4.873s] running build_py
[4.873s] copying agv_navigation/route_runner.py -> /home/usernamerahul/agv_ws/build/agv_navigation/build/lib/agv_navigation
[5.185s] running install
[5.194s] running install_lib
[5.233s] copying /home/usernamerahul/agv_ws/build/agv_navigation/build/lib/agv_navigation/route_runner.py -> /home/usernamerahul/agv_ws/install/agv_navigation/lib/python3.12/site-packages/agv_navigation
[5.234s] byte-compiling /home/usernamerahul/agv_ws/install/agv_navigation/lib/python3.12/site-packages/agv_navigation/route_runner.py to route_runner.cpython-312.pyc
[5.236s] running install_data
[5.236s] running install_egg_info
[5.254s] removing '/home/usernamerahul/agv_ws/install/agv_navigation/lib/python3.12/site-packages/agv_navigation-0.0.0-py3.12.egg-info' (and everything under it)
[5.255s] Copying ../../build/agv_navigation/agv_navigation.egg-info to /home/usernamerahul/agv_ws/install/agv_navigation/lib/python3.12/site-packages/agv_navigation-0.0.0-py3.12.egg-info
[5.257s] running install_scripts
[5.389s] Installing graph_visualizer script to /home/usernamerahul/agv_ws/install/agv_navigation/lib/agv_navigation
[5.389s] Installing map_builder script to /home/usernamerahul/agv_ws/install/agv_navigation/lib/agv_navigation
[5.390s] Installing route_runner script to /home/usernamerahul/agv_ws/install/agv_navigation/lib/agv_navigation
[5.390s] Installing tracer script to /home/usernamerahul/agv_ws/install/agv_navigation/lib/agv_navigation
[5.390s] writing list of installed files to '/home/usernamerahul/agv_ws/build/agv_navigation/install.log'
[5.424s] Invoked command in '/home/usernamerahul/agv_ws/src/agv_navigation' returned '0': PYTHONPATH=/home/usernamerahul/agv_ws/build/agv_navigation/prefix_override:/usr/lib/python3/dist-packages/colcon_core/task/python/colcon_distutils_commands:/home/usernamerahul/agv_ws/install/agv_navigation/lib/python3.12/site-packages:${PYTHONPATH} /usr/bin/python3 -W ignore:setup.py install is deprecated -W ignore:easy_install command is deprecated setup.py egg_info --egg-base ../../build/agv_navigation build --build-base /home/usernamerahul/agv_ws/build/agv_navigation/build install --record /home/usernamerahul/agv_ws/build/agv_navigation/install.log --single-version-externally-managed install_data
