[3.542s] Invoking command in '/home/usernamerahul/agv_ws/src/agv_vision': PYTHONPATH=/home/usernamerahul/agv_ws/build/agv_vision/prefix_override:/usr/lib/python3/dist-packages/colcon_core/task/python/colcon_distutils_commands:/home/usernamerahul/agv_ws/install/agv_vision/lib/python3.12/site-packages:${PYTHONPATH} /usr/bin/python3 -W ignore:setup.py install is deprecated -W ignore:easy_install command is deprecated setup.py egg_info --egg-base ../../build/agv_vision build --build-base /home/usernamerahul/agv_ws/build/agv_vision/build install --record /home/usernamerahul/agv_ws/build/agv_vision/install.log --single-version-externally-managed install_data
[4.388s] running egg_info
[4.459s] writing ../../build/agv_vision/agv_vision.egg-info/PKG-INFO
[4.460s] writing dependency_links to ../../build/agv_vision/agv_vision.egg-info/dependency_links.txt
[4.460s] writing entry points to ../../build/agv_vision/agv_vision.egg-info/entry_points.txt
[4.464s] writing requirements to ../../build/agv_vision/agv_vision.egg-info/requires.txt
[4.464s] writing top-level names to ../../build/agv_vision/agv_vision.egg-info/top_level.txt
[4.557s] reading manifest file '../../build/agv_vision/agv_vision.egg-info/SOURCES.txt'
[4.565s] writing manifest file '../../build/agv_vision/agv_vision.egg-info/SOURCES.txt'
[4.566s] running build
[4.566s] running build_py
[4.566s] running install
[4.580s] running install_lib
[4.639s] running install_data
[4.642s] running install_egg_info
[4.725s] removing '/home/usernamerahul/agv_ws/install/agv_vision/lib/python3.12/site-packages/agv_vision-0.0.0-py3.12.egg-info' (and everything under it)
[4.733s] Copying ../../build/agv_vision/agv_vision.egg-info to /home/usernamerahul/agv_ws/install/agv_vision/lib/python3.12/site-packages/agv_vision-0.0.0-py3.12.egg-info
[4.739s] running install_scripts
[5.093s] Installing detector script to /home/usernamerahul/agv_ws/install/agv_vision/lib/agv_vision
[5.094s] writing list of installed files to '/home/usernamerahul/agv_ws/build/agv_vision/install.log'
[5.232s] Invoked command in '/home/usernamerahul/agv_ws/src/agv_vision' returned '0': PYTHONPATH=/home/usernamerahul/agv_ws/build/agv_vision/prefix_override:/usr/lib/python3/dist-packages/colcon_core/task/python/colcon_distutils_commands:/home/usernamerahul/agv_ws/install/agv_vision/lib/python3.12/site-packages:${PYTHONPATH} /usr/bin/python3 -W ignore:setup.py install is deprecated -W ignore:easy_install command is deprecated setup.py egg_info --egg-base ../../build/agv_vision build --build-base /home/usernamerahul/agv_ws/build/agv_vision/build install --record /home/usernamerahul/agv_ws/build/agv_vision/install.log --single-version-externally-managed install_data
