[3.374s] Invoking command in '/home/usernamerahul/agv_ws/src/agv_navigation': PYTHONPATH=/home/usernamerahul/agv_ws/build/agv_navigation/prefix_override:/usr/lib/python3/dist-packages/colcon_core/task/python/colcon_distutils_commands:/home/usernamerahul/agv_ws/install/agv_navigation/lib/python3.12/site-packages:${PYTHONPATH} /usr/bin/python3 -W ignore:setup.py install is deprecated -W ignore:easy_install command is deprecated setup.py egg_info --egg-base ../../build/agv_navigation build --build-base /home/usernamerahul/agv_ws/build/agv_navigation/build install --record /home/usernamerahul/agv_ws/build/agv_navigation/install.log --single-version-externally-managed install_data
[4.014s] running egg_info
[4.086s] writing ../../build/agv_navigation/agv_navigation.egg-info/PKG-INFO
[4.088s] writing dependency_links to ../../build/agv_navigation/agv_navigation.egg-info/dependency_links.txt
[4.089s] writing entry points to ../../build/agv_navigation/agv_navigation.egg-info/entry_points.txt
[4.090s] writing requirements to ../../build/agv_navigation/agv_navigation.egg-info/requires.txt
[4.090s] writing top-level names to ../../build/agv_navigation/agv_navigation.egg-info/top_level.txt
[4.321s] reading manifest file '../../build/agv_navigation/agv_navigation.egg-info/SOURCES.txt'
[4.324s] writing manifest file '../../build/agv_navigation/agv_navigation.egg-info/SOURCES.txt'
[4.326s] running build
[4.326s] running build_py
[4.327s] running install
[4.366s] running install_lib
[4.523s] running install_data
[4.524s] running install_egg_info
[4.648s] removing '/home/usernamerahul/agv_ws/install/agv_navigation/lib/python3.12/site-packages/agv_navigation-0.0.0-py3.12.egg-info' (and everything under it)
[4.656s] Copying ../../build/agv_navigation/agv_navigation.egg-info to /home/usernamerahul/agv_ws/install/agv_navigation/lib/python3.12/site-packages/agv_navigation-0.0.0-py3.12.egg-info
[4.694s] running install_scripts
[5.595s] Installing graph_visualizer script to /home/usernamerahul/agv_ws/install/agv_navigation/lib/agv_navigation
[5.600s] Installing map_builder script to /home/usernamerahul/agv_ws/install/agv_navigation/lib/agv_navigation
[5.622s] Installing route_runner script to /home/usernamerahul/agv_ws/install/agv_navigation/lib/agv_navigation
[5.623s] Installing tracer script to /home/usernamerahul/agv_ws/install/agv_navigation/lib/agv_navigation
[5.632s] writing list of installed files to '/home/usernamerahul/agv_ws/build/agv_navigation/install.log'
[5.804s] Invoked command in '/home/usernamerahul/agv_ws/src/agv_navigation' returned '0': PYTHONPATH=/home/usernamerahul/agv_ws/build/agv_navigation/prefix_override:/usr/lib/python3/dist-packages/colcon_core/task/python/colcon_distutils_commands:/home/usernamerahul/agv_ws/install/agv_navigation/lib/python3.12/site-packages:${PYTHONPATH} /usr/bin/python3 -W ignore:setup.py install is deprecated -W ignore:easy_install command is deprecated setup.py egg_info --egg-base ../../build/agv_navigation build --build-base /home/usernamerahul/agv_ws/build/agv_navigation/build install --record /home/usernamerahul/agv_ws/build/agv_navigation/install.log --single-version-externally-managed install_data
