[3.713s] Invoking command in '/home/usernamerahul/agv_ws/src/agv_navigation': PYTHONPATH=/home/usernamerahul/agv_ws/build/agv_navigation/prefix_override:/usr/lib/python3/dist-packages/colcon_core/task/python/colcon_distutils_commands:/home/usernamerahul/agv_ws/install/agv_navigation/lib/python3.12/site-packages:${PYTHONPATH} /usr/bin/python3 -W ignore:setup.py install is deprecated -W ignore:easy_install command is deprecated setup.py egg_info --egg-base ../../build/agv_navigation build --build-base /home/usernamerahul/agv_ws/build/agv_navigation/build install --record /home/usernamerahul/agv_ws/build/agv_navigation/install.log --single-version-externally-managed install_data
[4.625s] running egg_info
[4.678s] writing ../../build/agv_navigation/agv_navigation.egg-info/PKG-INFO
[4.678s] writing dependency_links to ../../build/agv_navigation/agv_navigation.egg-info/dependency_links.txt
[4.679s] writing entry points to ../../build/agv_navigation/agv_navigation.egg-info/entry_points.txt
[4.680s] writing requirements to ../../build/agv_navigation/agv_navigation.egg-info/requires.txt
[4.684s] writing top-level names to ../../build/agv_navigation/agv_navigation.egg-info/top_level.txt
[4.797s] reading manifest file '../../build/agv_navigation/agv_navigation.egg-info/SOURCES.txt'
[4.801s] writing manifest file '../../build/agv_navigation/agv_navigation.egg-info/SOURCES.txt'
[4.801s] running build
[4.802s] running build_py
[4.803s] running install
[4.837s] running install_lib
[4.931s] running install_data
[4.931s] running install_egg_info
[5.010s] removing '/home/usernamerahul/agv_ws/install/agv_navigation/lib/python3.12/site-packages/agv_navigation-0.0.0-py3.12.egg-info' (and everything under it)
[5.013s] Copying ../../build/agv_navigation/agv_navigation.egg-info to /home/usernamerahul/agv_ws/install/agv_navigation/lib/python3.12/site-packages/agv_navigation-0.0.0-py3.12.egg-info
[5.016s] running install_scripts
[5.432s] Installing graph_visualizer script to /home/usernamerahul/agv_ws/install/agv_navigation/lib/agv_navigation
[5.432s] Installing map_builder script to /home/usernamerahul/agv_ws/install/agv_navigation/lib/agv_navigation
[5.433s] Installing route_runner script to /home/usernamerahul/agv_ws/install/agv_navigation/lib/agv_navigation
[5.433s] Installing tracer script to /home/usernamerahul/agv_ws/install/agv_navigation/lib/agv_navigation
[5.433s] writing list of installed files to '/home/usernamerahul/agv_ws/build/agv_navigation/install.log'
[5.515s] Invoked command in '/home/usernamerahul/agv_ws/src/agv_navigation' returned '0': PYTHONPATH=/home/usernamerahul/agv_ws/build/agv_navigation/prefix_override:/usr/lib/python3/dist-packages/colcon_core/task/python/colcon_distutils_commands:/home/usernamerahul/agv_ws/install/agv_navigation/lib/python3.12/site-packages:${PYTHONPATH} /usr/bin/python3 -W ignore:setup.py install is deprecated -W ignore:easy_install command is deprecated setup.py egg_info --egg-base ../../build/agv_navigation build --build-base /home/usernamerahul/agv_ws/build/agv_navigation/build install --record /home/usernamerahul/agv_ws/build/agv_navigation/install.log --single-version-externally-managed install_data
