[6.208s] Invoking command in '/home/usernamerahul/agv_ws/src/agv_vision': PYTHONPATH=/home/usernamerahul/agv_ws/build/agv_vision/prefix_override:/usr/lib/python3/dist-packages/colcon_core/task/python/colcon_distutils_commands:/home/usernamerahul/agv_ws/install/agv_vision/lib/python3.12/site-packages:${PYTHONPATH} /usr/bin/python3 -W ignore:setup.py install is deprecated -W ignore:easy_install command is deprecated setup.py egg_info --egg-base ../../build/agv_vision build --build-base /home/usernamerahul/agv_ws/build/agv_vision/build install --record /home/usernamerahul/agv_ws/build/agv_vision/install.log --single-version-externally-managed install_data
[7.904s] running egg_info
[8.072s] writing ../../build/agv_vision/agv_vision.egg-info/PKG-INFO
[8.072s] writing dependency_links to ../../build/agv_vision/agv_vision.egg-info/dependency_links.txt
[8.072s] writing entry points to ../../build/agv_vision/agv_vision.egg-info/entry_points.txt
[8.073s] writing requirements to ../../build/agv_vision/agv_vision.egg-info/requires.txt
[8.073s] writing top-level names to ../../build/agv_vision/agv_vision.egg-info/top_level.txt
[8.370s] reading manifest file '../../build/agv_vision/agv_vision.egg-info/SOURCES.txt'
[8.372s] writing manifest file '../../build/agv_vision/agv_vision.egg-info/SOURCES.txt'
[8.385s] running build
[8.386s] running build_py
[8.386s] running install
[8.422s] running install_lib
[8.518s] running install_data
[8.519s] running install_egg_info
[8.636s] removing '/home/usernamerahul/agv_ws/install/agv_vision/lib/python3.12/site-packages/agv_vision-0.0.0-py3.12.egg-info' (and everything under it)
[8.643s] Copying ../../build/agv_vision/agv_vision.egg-info to /home/usernamerahul/agv_ws/install/agv_vision/lib/python3.12/site-packages/agv_vision-0.0.0-py3.12.egg-info
[8.654s] running install_scripts
[9.315s] Installing detector script to /home/usernamerahul/agv_ws/install/agv_vision/lib/agv_vision
[9.320s] writing list of installed files to '/home/usernamerahul/agv_ws/build/agv_vision/install.log'
[9.467s] Invoked command in '/home/usernamerahul/agv_ws/src/agv_vision' returned '0': PYTHONPATH=/home/usernamerahul/agv_ws/build/agv_vision/prefix_override:/usr/lib/python3/dist-packages/colcon_core/task/python/colcon_distutils_commands:/home/usernamerahul/agv_ws/install/agv_vision/lib/python3.12/site-packages:${PYTHONPATH} /usr/bin/python3 -W ignore:setup.py install is deprecated -W ignore:easy_install command is deprecated setup.py egg_info --egg-base ../../build/agv_vision build --build-base /home/usernamerahul/agv_ws/build/agv_vision/build install --record /home/usernamerahul/agv_ws/build/agv_vision/install.log --single-version-externally-managed install_data
